Command: /home/alejandro/.espressif/python_env/idf6.0_py3.12_env/bin/python /home/alejandro/esp/esp-idf/tools/idf_monitor.py -p /dev/ttyUSB0 -b 115200 --toolchain-prefix xtensa-esp32-elf- --target esp32 --revision 0 /home/alejandro/esp_projects/project_1/build/project_1.elf /home/alejandro/esp_projects/project_1/build/bootloader/bootloader.elf -m '/home/alejandro/.espressif/python_env/idf6.0_py3.12_env/bin/python' '/home/alejandro/esp/esp-idf/tools/idf.py'
layout: Reserved memory range 0x3ffe3f20 - 0x3ffe4350
D (297) memory_layout: Reserved memory ï¿½ets Jun  8 2016 00:22:57

rst:0x1 (POWERON_RESET),boot:0x13 (SPI_FAST_FLASH_BOOT)
configsip: 0, SPIWP:0xee
clk_drv:0x00,q_drv:0x00,d_drv:0x00,cs0_drv:0x00,hd_drv:0x00,wp_drv:0x00
mode:DIO, clock div:2
load:0x3fff0030,len:6372
load:0x40078000,len:15920
ho 0 tail 12 room 4
load:0x40080400,len:3880
entry 0x40080638
[0;32mI (29) boot: ESP-IDF v6.0-dev-1489-g4e036983a7 2nd stage bootloader[0m
[0;32mI (29) boot: compile time Aug 18 2025 21:36:34[0m
[0;32mI (29) boot: Multicore bootloader[0m
[0;32mI (32) boot: chip revision: v1.0[0m
[0;32mI (35) boot.esp32: SPI Speed      : 40MHz[0m
[0;32mI (38) boot.esp32: SPI Mode       : DIO[0m
[0;32mI (42) boot.esp32: SPI Flash Size : 2MB[0m
[0;32mI (45) boot: Enabling RNG early entropy source...[0m
[0;32mI (50) boot: Partition Table:[0m
[0;32mI (52) boot: ## Label            Usage          Type ST Offset   Length[0m
[0;32mI (59) boot:  0 nvs              WiFi data        01 02 00009000 00006000[0m
[0;32mI (65) boot:  1 phy_init         RF data          01 01 0000f000 00001000[0m
[0;32mI (72) boot:  2 factory          factory app      00 00 00010000 00100000[0m
[0;32mI (78) boot: End of partition table[0m
[0;32mI (82) esp_image: segment 0: paddr=00010020 vaddr=3f400020 size=07914h ( 30996) map[0m
[0;32mI (100) esp_image: segment 1: paddr=0001793c vaddr=3ffb0000 size=02520h (  9504) load[0m
[0;32mI (104) esp_image: segment 2: paddr=00019e64 vaddr=40080000 size=061b4h ( 25012) load[0m
[0;32mI (114) esp_image: segment 3: paddr=00020020 vaddr=400d0020 size=0bc08h ( 48136) map[0m
[0;32mI (132) esp_image: segment 4: paddr=0002bc30 vaddr=400861b4 size=06b5ch ( 27484) load[0m
[0;32mI (143) esp_image: segment 5: paddr=00032794 vaddr=50000000 size=00024h (    36) load[0m
[0;32mI (150) boot: Loaded app from partition at offset 0x10000[0m
[0;32mI (150) boot: Disabling RNG early entropy source...[0m
V (161) mmap: after coalescing, 3 regions are left
[0;32mI (161) cpu_start: Multicore app[0m
D (161) cpu_start: Pro cpu up
D (161) cpu_start: Starting app cpu, entry point is 0x400810cc
D (0) cpu_start: App cpu up
D (175) clk: RTC_SLOW_CLK calibration value: 3553946
[0;32mI (186) cpu_start: GPIO 3 and 1 are used as console UART I/O pins[0m
D (186) cpu_start: calling init function: 0x400d0d58 on core: 0
D (188) cpu_start: calling init function: 0x400d0fbc on core: 0
[0;32mI (193) cpu_start: Pro cpu start user code[0m
[0;32mI (197) cpu_start: cpu freq: 160000000 Hz[0m
D (201) cpu_start: calling init function: 0x400d0c98 on core: 0
[0;32mI (207) app_init: Application information:[0m
[0;32mI (211) app_init: Project name:     project_1[0m
[0;32mI (215) app_init: App version:      1[0m
[0;32mI (218) app_init: Compile time:     Aug 18 2025 21:36:29[0m
[0;32mI (223) app_init: ELF file SHA256:  5da363ca0...[0m
[0;32mI (227) app_init: ESP-IDF:          v6.0-dev-1489-g4e036983a7[0m
D (233) cpu_start: calling init function: 0x400d0d6c on core: 0
[0;32mI (238) efuse_init: Min chip rev:     v0.0[0m
[0;32mI (242) efuse_init: Max chip rev:     v3.99 [0m
[0;32mI (246) efuse_init: Chip rev:         v1.0[0m
D (250) cpu_start: calling init function: 0x400d2384 on core: 0
V (256) memory_layout: reserved range is 0x3f40787c - 0x3f4078c4
D (261) memory_layout: Checking 9 reserved memory ranges:
D (267) memory_layout: Reserved memory range 0x3ff82000 - 0x3ff82000
D (273) memory_layout: Reserved memory range 0x3ffae000 - 0x3ffae6e0
D (279) memory_layout: Reserved memory range 0x3ffb0000 - 0x3ffb2d80
D (285) memory_layout: Reserved memory range 0x3ffe0000 - 0x3ffe0440
D (291) memory_layout: Reserved memory range 0x3ffe3f20 - 0x3ffe4350
D (297) memory_layout: Reserved memory range 0x40070000 - 0x40078000
D (303) memory_layout: Reserved memory range 0x40078000 - 0x40080000
D (309) memory_layout: Reserved memory range 0x40080000 - 0x4008cd10
D (315) memory_layout: Reserved memory range 0x50001fe8 - 0x50002000
D (321) memory_layout: Building list of available memory regions:
V (327) memory_layout: Examining memory region 0x3ffae000 - 0x3ffb0000
V (333) memory_layout: Start of region 0x3ffae000 - 0x3ffb0000 overlaps reserved 0x3ffae000 - 0x3ffae6e0
D (343) memory_layout: Available memory region 0x3ffae6e0 - 0x3ffb0000
V (349) memory_layout: Examining memory region 0x3ffb0000 - 0x3ffb8000
V (355) memory_layout: Start of region 0x3ffb0000 - 0x3ffb8000 overlaps reserved 0x3ffb0000 - 0x3ffb2d80
D (364) memory_layout: Available memory region 0x3ffb2d80 - 0x3ffb8000
V (370) memory_layout: Examining memory region 0x3ffb8000 - 0x3ffc0000
D (377) memory_layout: Available memory region 0x3ffb8000 - 0x3ffc0000
V (383) memory_layout: Examining memory region 0x3ffc0000 - 0x3ffc2000
D (389) memory_layout: Available memory region 0x3ffc0000 - 0x3ffc2000
V (395) memory_layout: Examining memory region 0x3ffc2000 - 0x3ffc4000
D (402) memory_layout: Available memory region 0x3ffc2000 - 0x3ffc4000
V (408) memory_layout: Examining memory region 0x3ffc4000 - 0x3ffc6000
D (414) memory_layout: Available memory region 0x3ffc4000 - 0x3ffc6000
V (420) memory_layout: Examining memory region 0x3ffc6000 - 0x3ffc8000
D (427) memory_layout: Available memory region 0x3ffc6000 - 0x3ffc8000
V (433) memory_layout: Examining memory region 0x3ffc8000 - 0x3ffca000
D (439) memory_layout: Available memory region 0x3ffc8000 - 0x3ffca000
V (445) memory_layout: Examining memory region 0x3ffca000 - 0x3ffcc000
D (452) memory_layout: Available memory region 0x3ffca000 - 0x3ffcc000
V (458) memory_layout: Examining memory region 0x3ffcc000 - 0x3ffce000
D (464) memory_layout: Available memory region 0x3ffcc000 - 0x3ffce000
V (470) memory_layout: Examining memory region 0x3ffce000 - 0x3ffd0000
D (477) memory_layout: Available memory region 0x3ffce000 - 0x3ffd0000
V (483) memory_layout: Examining memory region 0x3ffd0000 - 0x3ffd2000
D (489) memory_layout: Available memory region 0x3ffd0000 - 0x3ffd2000
V (495) memory_layout: Examining memory region 0x3ffd2000 - 0x3ffd4000
D (502) memory_layout: Available memory region 0x3ffd2000 - 0x3ffd4000
V (508) memory_layout: Examining memory region 0x3ffd4000 - 0x3ffd6000
D (514) memory_layout: Available memory region 0x3ffd4000 - 0x3ffd6000
V (520) memory_layout: Examining memory region 0x3ffd6000 - 0x3ffd8000
D (527) memory_layout: Available memory region 0x3ffd6000 - 0x3ffd8000
V (533) memory_layout: Examining memory region 0x3ffd8000 - 0x3ffda000
D (539) memory_layout: Available memory region 0x3ffd8000 - 0x3ffda000
V (545) memory_layout: Examining memory region 0x3ffda000 - 0x3ffdc000
D (552) memory_layout: Available memory region 0x3ffda000 - 0x3ffdc000
V (558) memory_layout: Examining memory region 0x3ffdc000 - 0x3ffde000
D (564) memory_layout: Available memory region 0x3ffdc000 - 0x3ffde000
V (570) memory_layout: Examining memory region 0x3ffde000 - 0x3ffe0000
D (577) memory_layout: Available memory region 0x3ffde000 - 0x3ffe0000
V (583) memory_layout: Examining memory region 0x3ffe0000 - 0x3ffe4000
V (589) memory_layout: Start of region 0x3ffe0000 - 0x3ffe4000 overlaps reserved 0x3ffe0000 - 0x3ffe0440
V (598) memory_layout: End of region 0x3ffe0440 - 0x3ffe4000 overlaps reserved 0x3ffe3f20 - 0x3ffe4350
D (607) memory_layout: Available memory region 0x3ffe0440 - 0x3ffe3f20
V (614) memory_layout: Examining memory region 0x3ffe4000 - 0x3ffe8000
V (620) memory_layout: Start of region 0x3ffe4000 - 0x3ffe8000 overlaps reserved 0x3ffe3f20 - 0x3ffe4350
D (629) memory_layout: Available memory region 0x3ffe4350 - 0x3ffe8000
V (635) memory_layout: Examining memory region 0x3ffe8000 - 0x3fff0000
D (642) memory_layout: Available memory region 0x3ffe8000 - 0x3fff0000
V (648) memory_layout: Examining memory region 0x3fff0000 - 0x3fff8000
D (654) memory_layout: Available memory region 0x3fff0000 - 0x3fff8000
V (660) memory_layout: Examining memory region 0x3fff8000 - 0x3fffc000
D (667) memory_layout: Available memory region 0x3fff8000 - 0x3fffc000
V (673) memory_layout: Examining memory region 0x3fffc000 - 0x40000000
D (679) memory_layout: Available memory region 0x3fffc000 - 0x40000000
V (685) memory_layout: Examining memory region 0x40070000 - 0x40078000
V (692) memory_layout: Region 0x40070000 - 0x40078000 inside of reserved 0x40070000 - 0x40078000
V (700) memory_layout: Examining memory region 0x40078000 - 0x40080000
V (706) memory_layout: Region 0x40078000 - 0x40080000 inside of reserved 0x40078000 - 0x40080000
V (715) memory_layout: Examining memory region 0x40080000 - 0x40082000
V (721) memory_layout: Region 0x40080000 - 0x40082000 inside of reserved 0x40080000 - 0x4008cd10
V (730) memory_layout: Examining memory region 0x40082000 - 0x40084000
V (736) memory_layout: Region 0x40082000 - 0x40084000 inside of reserved 0x40080000 - 0x4008cd10
V (744) memory_layout: Examining memory region 0x40084000 - 0x40086000
V (751) memory_layout: Region 0x40084000 - 0x40086000 inside of reserved 0x40080000 - 0x4008cd10
V (759) memory_layout: Examining memory region 0x40086000 - 0x40088000
V (765) memory_layout: Region 0x40086000 - 0x40088000 inside of reserved 0x40080000 - 0x4008cd10
V (774) memory_layout: Examining memory region 0x40088000 - 0x4008a000
V (780) memory_layout: Region 0x40088000 - 0x4008a000 inside of reserved 0x40080000 - 0x4008cd10
V (789) memory_layout: Examining memory region 0x4008a000 - 0x4008c000
V (795) memory_layout: Region 0x4008a000 - 0x4008c000 inside of reserved 0x40080000 - 0x4008cd10
V (803) memory_layout: Examining memory region 0x4008c000 - 0x4008e000
V (810) memory_layout: Start of region 0x4008c000 - 0x4008e000 overlaps reserved 0x40080000 - 0x4008cd10
D (819) memory_layout: Available memory region 0x4008cd10 - 0x4008e000
V (825) memory_layout: Examining memory region 0x4008e000 - 0x40090000
D (831) memory_layout: Available memory region 0x4008e000 - 0x40090000
V (838) memory_layout: Examining memory region 0x40090000 - 0x40092000
D (844) memory_layout: Available memory region 0x40090000 - 0x40092000
V (850) memory_layout: Examining memory region 0x40092000 - 0x40094000
D (856) memory_layout: Available memory region 0x40092000 - 0x40094000
V (863) memory_layout: Examining memory region 0x40094000 - 0x40096000
D (869) memory_layout: Available memory region 0x40094000 - 0x40096000
V (875) memory_layout: Examining memory region 0x40096000 - 0x40098000
D (881) memory_layout: Available memory region 0x40096000 - 0x40098000
V (888) memory_layout: Examining memory region 0x40098000 - 0x4009a000
D (894) memory_layout: Available memory region 0x40098000 - 0x4009a000
V (900) memory_layout: Examining memory region 0x4009a000 - 0x4009c000
D (906) memory_layout: Available memory region 0x4009a000 - 0x4009c000
V (913) memory_layout: Examining memory region 0x4009c000 - 0x4009e000
D (919) memory_layout: Available memory region 0x4009c000 - 0x4009e000
V (925) memory_layout: Examining memory region 0x4009e000 - 0x400a0000
D (931) memory_layout: Available memory region 0x4009e000 - 0x400a0000
[0;32mI (938) heap_init: Initializing. RAM available for dynamic allocation:[0m
D (944) heap_init: New heap initialised at 0x3ffae6e0
[0;32mI (949) heap_init: At 3FFAE6E0 len 00001920 (6 KiB): DRAM[0m
D (954) heap_init: New heap initialised at 0x3ffb2d80
[0;32mI (959) heap_init: At 3FFB2D80 len 0002D280 (180 KiB): DRAM[0m
[0;32mI (964) heap_init: At 3FFE0440 len 00003AE0 (14 KiB): D/IRAM[0m
[0;32mI (969) heap_init: At 3FFE4350 len 0001BCB0 (111 KiB): D/IRAM[0m
D (975) heap_init: New heap initialised at 0x4008cd10
[0;32mI (980) heap_init: At 4008CD10 len 000132F0 (76 KiB): IRAM[0m
D (985) cpu_start: calling init function: 0x400d0b94 on core: 0
D (990) cpu_start: calling init function: 0x400d318c on core: 0
D (996) cpu_start: calling init function: 0x400d1000 on core: 0
V (1002) intr_alloc: esp_intr_alloc_intrstatus (cpu 0): checking args
V (1008) intr_alloc: esp_intr_alloc_intrstatus (cpu 0): Args okay. Resulting flags 0x40E
D (1016) intr_alloc: Connected src 46 to int 1 (cpu 0)
D (1021) cpu_start: calling init function: 0x400d1010 on core: 0
D (1026) cpu_start: calling init function: 0x400d3198 on core: 0
D (1032) cpu_start: calling init function: 0x400d101c on core: 0
V (1038) memspi: raw_chip_id: 16405E

V (1041) memspi: chip_id: 5E4016

V (1044) memspi: raw_chip_id: 16405E

V (1048) memspi: chip_id: 5E4016

D (1051) spi_flash: trying chip: issi
D (1054) spi_flash: trying chip: gd
D (1057) spi_flash: trying chip: mxic
D (1061) spi_flash: trying chip: winbond
D (1065) spi_flash: trying chip: generic
[0;32mI (1068) spi_flash: detected chip: generic[0m
[0;32mI (1072) spi_flash: flash io: dio[0m
[0;33mW (1075) spi_flash: Detected size(4096k) larger than the size in the binary image header(2048k). Using the size in the binary image header.[0m
D (1087) cpu_start: calling init function: 0x400d0df8 on core: 0
D (1093) cpu_start: calling init function: 0x40084cac
D (1098) cpu_start: calling init function: 0x400d1bf8
D (1103) cpu_start: calling init function: 0x400da260 on core: 0
D (1108) cpu_start: calling init function: 0x400d104c on core: 0
V (1114) intr_alloc: esp_intr_alloc_intrstatus (cpu 0): checking args
V (1120) intr_alloc: esp_intr_alloc_intrstatus (cpu 0): Args okay. Resulting flags 0x40E
D (1128) intr_alloc: Connected src 24 to int 2 (cpu 0)
D (1133) app_start: Starting scheduler on CPU0
V (1 31) 7n raal_oas e Stinte_aln c_i0
status (cpu 1): checking args
V (1137) intr_alloc: esp_intr_alloc_intrstatus (cpu 1): Args okay. Resulting flags 0x40E
D (1147) intr_alloc: Connected src 25 to int 1 (cpu 1)
D (1147) app_start: Starting scheduler on CPU1
D (1157) heap_init: New heap initialised at 0x3ffe0440
D (1157) heap_init: New heap initialised at 0x3ffe4350
V (1167) intr_alloc: esp_intr_alloc_intrstatus (cpu 0): checking args
V (1167) intr_alloc: esp_intr_alloc_intrstatus (cpu 0): Args okay. Resulting flags 0xE
D (1177) intr_alloc: Connected src 16 to int 3 (cpu 0)
[0;32mI (1187) main_task: Calling app_main()[0m
Hello World 
[1;31mE (1187) LOG: This is an error[0m
[0;33mW (1187) LOG: This is a Warning[0m
[0;32mI (1197) LOG: This is an INFO[0m
[0;32mI (1197) LOG: This is an INFO text[0m
D (1197) LOG: This is for Debug
D (1207) LOG: This is for Verbose
[0;32mI (1207) main_task: Returned from app_main()[0m
