Command: /home/alejandro/.espressif/python_env/idf6.0_py3.12_env/bin/python /home/alejandro/esp/esp-idf/tools/idf_monitor.py -p /dev/ttyUSB0 -b 115200 --toolchain-prefix xtensa-esp32-elf- --target esp32 --revision 0 /home/alejandro/esp32_projects/4_blinkey/build/4_blinkey.elf /home/alejandro/esp32_projects/4_blinkey/build/bootloader/bootloader.elf -m '/home/alejandro/.espressif/python_env/idf6.0_py3.12_env/bin/python' '/home/alejandro/esp/esp-idf/tools/idf.py'
a7
[0;32mI (199) efuse_init: Min chip rev:     v0.0[0m
[0;32mI (203) efusï¿½ets Jul 29 2019 12:21:46[0m

rst:0x1 (POWERON_RESET),boot:0x13 (SPI_FAST_FLASH_BOOT)
configsip: 0, SPIWP:0xee
clk_drv:0x00,q_drv:0x00,d_drv:0x00,cs0_drv:0x00,hd_drv:0x00,wp_drv:0x00
mode:DIO, clock div:2
load:0x3fff0030,len:6372
load:0x40078000,len:15920
ho 0 tail 12 room 4
load:0x40080400,len:3880
entry 0x40080638
[0;32mI (29) boot: ESP-IDF v6.0-dev-1489-g4e036983a7 2nd stage bootloader[0m
[0;32mI (29) boot: compile time Aug 24 2025 13:37:38[0m
[0;32mI (29) boot: Multicore bootloader[0m
[0;32mI (32) boot: chip revision: v3.1[0m
[0;32mI (35) boot.esp32: SPI Speed      : 40MHz[0m
[0;32mI (39) boot.esp32: SPI Mode       : DIO[0m
[0;32mI (42) boot.esp32: SPI Flash Size : 2MB[0m
[0;32mI (46) boot: Enabling RNG early entropy source...[0m
[0;32mI (50) boot: Partition Table:[0m
[0;32mI (53) boot: ## Label            Usage          Type ST Offset   Length[0m
[0;32mI (59) boot:  0 nvs              WiFi data        01 02 00009000 00006000[0m
[0;32mI (66) boot:  1 phy_init         RF data          01 01 0000f000 00001000[0m
[0;32mI (72) boot:  2 factory          factory app      00 00 00010000 00100000[0m
[0;32mI (79) boot: End of partition table[0m
[0;32mI (82) esp_image: segment 0: paddr=00010020 vaddr=3f400020 size=077dch ( 30684) map[0m
[0;32mI (101) esp_image: segment 1: paddr=00017804 vaddr=3ffb0000 size=02414h (  9236) load[0m
[0;32mI (104) esp_image: segment 2: paddr=00019c20 vaddr=40080000 size=063f8h ( 25592) load[0m
[0;32mI (115) esp_image: segment 3: paddr=00020020 vaddr=400d0020 size=0c160h ( 49504) map[0m
[0;32mI (133) esp_image: segment 4: paddr=0002c188 vaddr=400863f8 size=06758h ( 26456) load[0m
[0;32mI (144) esp_image: segment 5: paddr=000328e8 vaddr=50000000 size=00024h (    36) load[0m
[0;32mI (150) boot: Loaded app from partition at offset 0x10000[0m
[0;32mI (151) boot: Disabling RNG early entropy source...[0m
[0;32mI (162) cpu_start: Multicore app[0m
[0;32mI (170) cpu_start: GPIO 3 and 1 are used as console UART I/O pins[0m
[0;32mI (170) cpu_start: Pro cpu start user code[0m
[0;32mI (170) cpu_start: cpu freq: 160000000 Hz[0m
[0;32mI (172) app_init: Application information:[0m
[0;32mI (176) app_init: Project name:     4_blinkey[0m
[0;32mI (180) app_init: App version:      8bab072-dirty[0m
[0;32mI (184) app_init: Compile time:     Aug 24 2025 13:37:31[0m
[0;32mI (189) app_init: ELF file SHA256:  4f53da6a1...[0m
[0;32mI (194) app_init: ESP-IDF:          v6.0-dev-1489-g4e036983a7[0m
[0;32mI (199) efuse_init: Min chip rev:     v0.0[0m
[0;32mI (203) efuse_init: Max chip rev:     v3.99 [0m
[0;32mI (207) efuse_init: Chip rev:         v3.1[0m
[0;32mI (211) heap_init: Initializing. RAM available for dynamic allocation:[0m
[0;32mI (217) heap_init: At 3FFAE6E0 len 00001920 (6 KiB): DRAM[0m
[0;32mI (222) heap_init: At 3FFB2C80 len 0002D380 (180 KiB): DRAM[0m
[0;32mI (227) heap_init: At 3FFE0440 len 00003AE0 (14 KiB): D/IRAM[0m
[0;32mI (233) heap_init: At 3FFE4350 len 0001BCB0 (111 KiB): D/IRAM[0m
[0;32mI (238) heap_init: At 4008CB50 len 000134B0 (77 KiB): IRAM[0m
[0;32mI (245) spi_flash: detected chip: generic[0m
[0;32mI (247) spi_flash: flash io: dio[0m
[0;33mW (250) spi_flash: Detected size(4096k) larger than the size in the binary image header(2048k). Using the size in the binary image header.[0m
[0;32mI (263) main_task: Started on CPU0[0m
[0;32mI (273) main_task: Calling app_main()[0m
[0;32mI (273) example: Example configured to blink GPIO LED![0m
ets Jul 29 2019 12:21:46

rst:0x8 (TG1WDT_SYS_RESET),boot:0x13 (SPI_FAST_FLASH_BOOT)
configsip: 0, SPIWP:0xee
clk_drv:0x00,q_drv:0x00,d_drv:0x00,cs0_drv:0x00,hd_drv:0x00,wp_drv:0x00
mode:DIO, clock div:2
load:0x3fff0030,len:6372
load:0x40078000,len:15920
ho 0 tail 12 room 4
load:0x40080400,len:3880
entry 0x40080638
[0;32mI (58) boot: ESP-IDF v6.0-dev-1489-g4e036983a7 2nd stage bootloader[0m
[0;32mI (58) boot: compile time Aug 24 2025 13:37:38[0m
[0;32mI (58) boot: Multicore bootloader[0m
[0;32mI (62) boot: chip revision: v3.1[0m
[0;32mI (64) boot.esp32: SPI Speed      : 40MHz[0m
[0;32mI (68) boot.esp32: SPI Mode       : DIO[0m
[0;32mI (72) boot.esp32: SPI Flash Size : 2MB[0m
[0;33mW (75) boot.esp32: PRO CPU has been reset by WDT[0m
[0;33mW (79) boot.esp32: WDT rst info: PRO CPU PC=0x4008152e[0m
[0;33mW (84) boot.esp32: WDT rst info: APP CPU PC=0x4008152e[0m
[0;32mI (89) boot: Enabling RNG early entropy source...[0m
[0;32mI (94) boot: Partition Table:[0m
[0;32mI (96) boot: ## Label            Usage          Type ST Offset   Length[0m
[0;32mI (103) boot:  0 nvs              WiFi data        01 02 00009000 00006000[0m
[0;32mI (109) boot:  1 phy_init         RF data          01 01 0000f000 00001000[0m
[0;32mI (116) boot:  2 factory          factory app      00 00 00010000 00100000[0m
[0;32mI (122) boot: End of partition table[0m
[0;32mI (126) esp_image: segment 0: paddr=00010020 vaddr=3f400020 size=077dch ( 30684) map[0m
[0;32mI (144) esp_image: segment 1: paddr=00017804 vaddr=3ffb0000 size=02414h (  9236) load[0m
[0;32mI (148) esp_image: segment 2: paddr=00019c20 vaddr=40080000 size=063f8h ( 25592) load[0m
[0;32mI (159) esp_image: segment 3: paddr=00020020 vaddr=400d0020 size=0c160h ( 49504) map[0m
[0;32mI (176) esp_image: segment 4: paddr=0002c188 vaddr=400863f8 size=06758h ( 26456) load[0m
[0;32mI (187) esp_image: segment 5: paddr=000328e8 vaddr=50000000 size=00024h (    36) load[0m
[0;32mI (194) boot: Loaded app from partition at offset 0x10000[0m
[0;32mI (194) boot: Disabling RNG early entropy source...[0m
[0;32mI (205) cpu_start: Multicore app[0m
[0;32mI (214) cpu_start: GPIO 3 and 1 are used as console UART I/O pins[0m
[0;32mI (214) cpu_start: Pro cpu start user code[0m
[0;32mI (214) cpu_start: cpu freq: 160000000 Hz[0m
[0;32mI (216) app_init: Application information:[0m
[0;32mI (219) app_init: Project name:     4_blinkey[0m
[0;32mI (224) app_init: App version:      8bab072-dirty[0m
[0;32mI (228) app_init: Compile time:     Aug 24 2025 13:37:31[0m
[0;32mI (233) app_init: ELF file SHA256:  4f53da6a1...[0m
[0;32mI (237) app_init: ESP-IDF:          v6.0-dev-1489-g4e036983a7[0m
[0;32mI (243) efuse_init: Min chip rev:     v0.0[0m
[0;32mI (247) efuse_init: Max chip rev:     v3.99 [0m
[0;32mI (251) efuse_init: Chip rev:         v3.1[0m
[0;32mI (255) heap_init: Initializing. RAM available for dynamic allocation:[0m
[0;32mI (261) heap_init: At 3FFAE6E0 len 00001920 (6 KiB): DRAM[0m
[0;32mI (266) heap_init: At 3FFB2C80 len 0002D380 (180 KiB): DRAM[0m
[0;32mI (271) heap_init: At 3FFE0440 len 00003AE0 (14 KiB): D/IRAM[0m
[0;32mI (277) heap_init: At 3FFE4350 len 0001BCB0 (111 KiB): D/IRAM[0m
[0;32mI (282) heap_init: At 4008CB50 len 000134B0 (77 KiB): IRAM[0m
[0;32mI (288) spi_flash: detected chip: generic[0m
[0;32mI (291) spi_flash: flash io: dio[0m
[0;33mW (294) spi_flash: Detected size(4096k) larger than the size in the binary image header(2048k). Using the size in the binary image header.[0m
[0;32mI (307) main_task: Started on CPU0[0m
[0;32mI (317) main_task: Calling app_main()[0m
[0;32mI (317) example: Example configured to blink GPIO LED![0m
ets Jul 29 2019 12:21:46

rst:0x8 (TG1WDT_SYS_RESET),boot:0x13 (SPI_FAST_FLASH_BOOT)
configsip: 0, SPIWP:0xee
clk_drv:0x00,q_drv:0x00,d_drv:0x00,cs0_drv:0x00,hd_drv:0x00,wp_drv:0x00
mode:DIO, clock div:2
load:0x3fff0030,len:6372
load:0x40078000,len:15920
ho 0 tail 12 room 4
load:0x40080400,len:3880
entry 0x40080638
[0;32mI (58) boot: ESP-IDF v6.0-dev-1489-g4e036983a7 2nd stage bootloader[0m
[0;32mI (58) boot: compile time Aug 24 2025 13:37:38[0m
[0;32mI (58) boot: Multicore bootloader[0m
[0;32mI (62) boot: chip revision: v3.1[0m
[0;32mI (64) boot.esp32: SPI Speed      : 40MHz[0m
[0;32mI (68) boot.esp32: SPI Mode       : DIO[0m
[0;32mI (72) boot.esp32: SPI Flash Size : 2MB[0m
[0;33mW (75) boot.esp32: PRO CPU has been reset by WDT[0m
[0;33mW (79) boot.esp32: WDT rst info: PRO CPU PC=0x4008152e[0m
[0;33mW (84) boot.esp32: WDT rst info: APP CPU PC=0x4008152e[0m
[0;32mI (89) boot: Enabling RNG early entropy source...[0m
[0;32mI (94) boot: Partition Table:[0m
[0;32mI (96) boot: ## Label            Usage          Type ST Offset   Length[0m
[0;32mI (103) boot:  0 nvs              WiFi data        01 02 00009000 00006000[0m
[0;32mI (109) boot:  1 phy_init         RF data          01 01 0000f000 00001000[0m
[0;32mI (116) boot:  2 factory          factory app      00 00 00010000 00100000[0m
[0;32mI (122) boot: End of partition table[0m
[0;32mI (126) esp_image: segment 0: paddr=00010020 vaddr=3f400020 size=077dch ( 30684) map[0m
[0;32mI (144) esp_image: segment 1: paddr=00017804 vaddr=3ffb0000 size=02414h (  9236) load[0m
[0;32mI (148) esp_image: segment 2: paddr=00019c20 vaddr=40080000 size=063f8h ( 25592) load[0m
[0;32mI (159) esp_image: segment 3: paddr=00020020 vaddr=400d0020 size=0c160h ( 49504) map[0m
[0;32mI (176) esp_image: segment 4: paddr=0002c188 vaddr=400863f8 size=06758h ( 26456) load[0m
[0;32mI (187) esp_image: segment 5: paddr=000328e8 vaddr=50000000 size=00024h (    36) load[0m
[0;32mI (194) boot: Loaded app from partition at offset 0x10000[0m
[0;32mI (194) boot: Disabling RNG early entropy source...[0m
[0;32mI (205) cpu_start: Multicore app[0m
[0;32mI (214) cpu_start: GPIO 3 and 1 are used as console UART I/O pins[0m
[0;32mI (214) cpu_start: Pro cpu start user code[0m
[0;32mI (214) cpu_start: cpu freq: 160000000 Hz[0m
[0;32mI (216) app_init: Application information:[0m
[0;32mI (220) app_init: Project name:     4_blinkey[0m
[0;32mI (224) app_init: App version:      8bab072-dirty[0m
[0;32mI (228) app_init: Compile time:     Aug 24 2025 13:37:31[0m
[0;32mI (233) app_init: ELF file SHA256:  4f53da6a1...[0m
[0;32mI (237) app_init: ESP-IDF:          v6.0-dev-1489-g4e036983a7[0m
[0;32mI (243) efuse_init: Min chip rev:     v0.0[0m
[0;32mI (247) efuse_init: Max chip rev:     v3.99 [0m
[0;32mI (251) efuse_init: Chip rev:         v3.1[0m
[0;32mI (255) heap_init: Initializing. RAM available for dynamic allocation:[0m
[0;32mI (261) heap_init: At 3FFAE6E0 len 00001920 (6 KiB): DRAM[0m
[0;32mI (266) heap_init: At 3FFB2C80 len 0002D380 (180 KiB): DRAM[0m
[0;32mI (271) heap_init: At 3FFE0440 len 00003AE0 (14 KiB): D/IRAM[0m
[0;32mI (277) heap_init: At 3FFE4350 len 0001BCB0 (111 KiB): D/IRAM[0m
[0;32mI (282) heap_init: At 4008CB50 len 000134B0 (77 KiB): IRAM[0m
[0;32mI (288) spi_flash: detected chip: generic[0m
[0;32mI (291) spi_flash: flash io: dio[0m
[0;33mW (294) spi_flash: Detected size(4096k) larger than the size in the binary image header(2048k). Using the size in the binary image header.[0m
[0;32mI (307) main_task: Started on CPU0[0m
[0;32mI (317) main_task: Calling app_main()[0m
[0;32mI (317) example: Example configured to blink GPIO LED![0m
