Command: /home/alejandro/.espressif/python_env/idf6.0_py3.12_env/bin/python /home/alejandro/esp/esp-idf/tools/idf_monitor.py -p /dev/ttyUSB0 -b 115200 --toolchain-prefix xtensa-esp32-elf- --target esp32 --revision 0 /home/alejandro/esp32_projects/puf_test/build/puf_test.elf /home/alejandro/esp32_projects/puf_test/build/bootloader/bootloader.elf -m '/home/alejandro/.espressif/python_env/idf6.0_py3.12_env/bin/python' '/home/alejandro/esp/esp-idf/tools/idf.py'
THE INIT 
END THE INIT 

STARTING THE ENROLL 
STARTING PROVISIONING
ets Jun  8 2016 00:22:57

rst:0x1 (POWERON_RESET),boot:0x13 (SPI_FAST_FLASH_BOOT)
configsip: 0, SPIWP:0xee
clk_drv:0x00,q_drv:0x00,d_drv:0x00,cs0_drv:0x00,hd_drv:0x00,wp_drv:0x00
mode:DIO, clock div:2
load:0x3fff0030,len:6372
load:0x40078000,len:15920
ho 0 tail 12 room 4
load:0x40080400,len:3880
entry 0x40080638
[0;32mI (29) boot: ESP-IDF v6.0-dev-1489-g4e036983a7 2nd stage bootloader[0m
[0;32mI (29) boot: compile time Aug 20 2025 08:26:44[0m
[0;32mI (29) boot: Multicore bootloader[0m
[0;32mI (32) boot: chip revision: v1.0[0m
[0;32mI (35) boot.esp32: SPI Speed      : 40MHz[0m
[0;32mI (38) boot.esp32: SPI Mode       : DIO[0m
[0;32mI (42) boot.esp32: SPI Flash Size : 2MB[0m
[0;32mI (45) boot: Enabling RNG early entropy source...[0m
[0;32mI (50) boot: Partition Table:[0m
[0;32mI (52) boot: ## Label            Usage          Type ST Offset   Length[0m
[0;32mI (59) boot:  0 nvs              WiFi data        01 02 00009000 00050000[0m
[0;32mI (65) boot:  1 phy_init         RF data          01 01 00059000 00001000[0m
[0;32mI (72) boot:  2 factory          factory app      00 00 00060000 00100000[0m
[0;32mI (78) boot: End of partition table[0m
[0;32mI (82) esp_image: segment 0: paddr=00060020 vaddr=3f400020 size=0a568h ( 42344) map[0m
[0;32mI (104) esp_image: segment 1: paddr=0006a590 vaddr=3ffb0000 size=028fch ( 10492) load[0m
[0;32mI (108) esp_image: segment 2: paddr=0006ce94 vaddr=40080000 size=03184h ( 12676) load[0m
[0;32mI (114) esp_image: segment 3: paddr=00070020 vaddr=400d0020 size=14464h ( 83044) map[0m
[0;32mI (145) esp_image: segment 4: paddr=0008448c vaddr=40083184 size=0bba8h ( 48040) load[0m
[0;32mI (164) esp_image: segment 5: paddr=0009003c vaddr=400c0000 size=00038h (    56) load[0m
[0;32mI (165) esp_image: segment 6: paddr=0009007c vaddr=50000000 size=000a8h (   168) load[0m
[0;32mI (176) boot: Loaded app from partition at offset 0x60000[0m
[0;32mI (176) boot: Disabling RNG early entropy source...[0m
[0;32mI (190) cpu_start: Multicore app[0m
[0;32mI (198) cpu_start: GPIO 3 and 1 are used as console UART I/O pins[0m
[0;32mI (199) cpu_start: Pro cpu start user code[0m
[0;32mI (199) cpu_start: cpu freq: 160000000 Hz[0m
[0;32mI (201) app_init: Application information:[0m
[0;32mI (204) app_init: Project name:     puf_test[0m
[0;32mI (208) app_init: App version:      8bab072-dirty[0m
[0;32mI (213) app_init: Compile time:     Aug 20 2025 08:26:37[0m
[0;32mI (218) app_init: ELF file SHA256:  4c2e8007b...[0m
[0;32mI (222) app_init: ESP-IDF:          v6.0-dev-1489-g4e036983a7[0m
[0;32mI (228) efuse_init: Min chip rev:     v0.0[0m
[0;32mI (231) efuse_init: Max chip rev:     v3.99 [0m
[0;32mI (235) efuse_init: Chip rev:         v1.0[0m
[0;32mI (240) heap_init: Initializing. RAM available for dynamic allocation:[0m
[0;32mI (246) heap_init: At 3FFAE6E0 len 00001920 (6 KiB): DRAM[0m
[0;32mI (251) heap_init: At 3FFB4220 len 0002BDE0 (175 KiB): DRAM[0m
[0;32mI (256) heap_init: At 3FFE0440 len 00003AE0 (14 KiB): D/IRAM[0m
[0;32mI (261) heap_init: At 3FFE4350 len 0001BCB0 (111 KiB): D/IRAM[0m
[0;32mI (267) heap_init: At 4008ED2C len 000112D4 (68 KiB): IRAM[0m
[0;32mI (274) spi_flash: detected chip: generic[0m
[0;32mI (276) spi_flash: flash io: dio[0m
[0;33mW (279) spi_flash: Detected size(4096k) larger than the size in the binary image header(2048k). Using the size in the binary image header.[0m
[0;32mI (292) main_task: Started on CPU0[0m
[0;32mI (302) main_task: Calling app_main()[0m
This is a puf importing ... ... ...
STARTING THE INIT 
END THE INIT 

STARTING THE ENROLL 
STARTING PROVISIONING
ets Jun  8 2016 00:22:57

rst:0x5 (DEEPSLEEP_RESET),boot:0x13 (SPI_FAST_FLASH_BOOT)
configsip: 0, SPIWP:0xee
clk_drv:0x00,q_drv:0x00,d_drv:0x00,cs0_drv:0x00,hd_drv:0x00,wp_drv:0x00
mode:DIO, clock div:2
load:0x3fff0030,len:6372
load:0x40078000,len:15920
ho 0 tail 12 room 4
load:0x40080400,len:3880
entry 0x40080638
[0;32mI (29) boot: ESP-IDF v6.0-dev-1489-g4e036983a7 2nd stage bootloader[0m
[0;32mI (29) boot: compile time Aug 20 2025 08:26:44[0m
[0;32mI (29) boot: Multicore bootloader[0m
[0;32mI (32) boot: chip revision: v1.0[0m
[0;32mI (35) boot.esp32: SPI Speed      : 40MHz[0m
[0;32mI (39) boot.esp32: SPI Mode       : DIO[0m
[0;32mI (42) boot.esp32: SPI Flash Size : 2MB[0m
[0;32mI (46) boot: Enabling RNG early entropy source...[0m
[0;32mI (50) boot: Partition Table:[0m
[0;32mI (53) boot: ## Label            Usage          Type ST Offset   Length[0m
[0;32mI (59) boot:  0 nvs              WiFi data        01 02 00009000 00050000[0m
[0;32mI (66) boot:  1 phy_init         RF data          01 01 00059000 00001000[0m
[0;32mI (72) boot:  2 factory          factory app      00 00 00060000 00100000[0m
[0;32mI (79) boot: End of partition table[0m
[0;32mI (82) esp_image: segment 0: paddr=00060020 vaddr=3f400020 size=0a568h ( 42344) map[0m
[0;32mI (105) esp_image: segment 1: paddr=0006a590 vaddr=3ffb0000 size=028fch ( 10492) load[0m
[0;32mI (109) esp_image: segment 2: paddr=0006ce94 vaddr=40080000 size=03184h ( 12676) load[0m
[0;32mI (114) esp_image: segment 3: paddr=00070020 vaddr=400d0020 size=14464h ( 83044) map[0m
[0;32mI (146) esp_image: segment 4: paddr=0008448c vaddr=40083184 size=0bba8h ( 48040) load[0m
[0;32mI (165) esp_image: segment 5: paddr=0009003c vaddr=400c0000 size=00038h (    56) [0m
[0;32mI (165) esp_image: segment 6: paddr=0009007c vaddr=50000000 size=000a8h (   168) [0m
[0;32mI (176) boot: Loaded app from partition at offset 0x60000[0m
[0;32mI (176) boot: Disabling RNG early entropy source...[0m
[0;32mI (190) cpu_start: Multicore app[0m
[0;32mI (198) cpu_start: GPIO 3 and 1 are used as console UART I/O pins[0m
[0;32mI (199) cpu_start: Pro cpu start user code[0m
[0;32mI (199) cpu_start: cpu freq: 160000000 Hz[0m
[0;32mI (200) app_init: Application information:[0m
[0;32mI (204) app_init: Project name:     puf_test[0m
[0;32mI (208) app_init: App version:      8bab072-dirty[0m
[0;32mI (213) app_init: Compile time:     Aug 20 2025 08:26:37[0m
[0;32mI (218) app_init: ELF file SHA256:  4c2e8007b...[0m
[0;32mI (222) app_init: ESP-IDF:          v6.0-dev-1489-g4e036983a7[0m
[0;32mI (227) efuse_init: Min chip rev:     v0.0[0m
[0;32mI (231) efuse_init: Max chip rev:     v3.99 [0m
[0;32mI (235) efuse_init: Chip rev:         v1.0[0m
[0;32mI (239) heap_init: Initializing. RAM available for dynamic allocation:[0m
[0;32mI (246) heap_init: At 3FFAE6E0 len 00001920 (6 KiB): DRAM[0m
[0;32mI (251) heap_init: At 3FFB4220 len 0002BDE0 (175 KiB): DRAM[0m
[0;32mI (256) heap_init: At 3FFE0440 len 00003AE0 (14 KiB): D/IRAM[0m
[0;32mI (261) heap_init: At 3FFE4350 len 0001BCB0 (111 KiB): D/IRAM[0m
[0;32mI (267) heap_init: At 4008ED2C len 000112D4 (68 KiB): IRAM[0m
[0;32mI (273) spi_flash: detected chip: generic[0m
[0;32mI (276) spi_flash: flash io: dio[0m
[0;33mW (279) spi_flash: Detected size(4096k) larger than the size in the binary image header(2048k). Using the size in the binary image header.[0m
[0;32mI (291) main_task: Started on CPU0[0m
[0;32mI (301) main_task: Calling app_main()[0m
This is a puf importing ... ... ...
STARTING THE INIT 
ets Jun  8 2016 00:22:57

rst:0x5 (DEEPSLEEP_RESET),boot:0x13 (SPI_FAST_FLASH_BOOT)
configsip: 0, SPIWP:0xee
clk_drv:0x00,q_drv:0x00,d_drv:0x00,cs0_drv:0x00,hd_drv:0x00,wp_drv:0x00
mode:DIO, clock div:2
load:0x3fff0030,len:6372
load:0x40078000,len:15920
ho 0 tail 12 room 4
load:0x40080400,len:3880
entry 0x40080638
[0;32mI (29) boot: ESP-IDF v6.0-dev-1489-g4e036983a7 2nd stage bootloader[0m
[0;32mI (29) boot: compile time Aug 20 2025 08:26:44[0m
[0;32mI (29) boot: Multicore bootloader[0m
[0;32mI (32) boot: chip revision: v1.0[0m
[0;32mI (35) boot.esp32: SPI Speed      : 40MHz[0m
[0;32mI (39) boot.esp32: SPI Mode       : DIO[0m
[0;32mI (42) boot.esp32: SPI Flash Size : 2MB[0m
[0;32mI (46) boot: Enabling RNG early entropy source...[0m
[0;32mI (50) boot: Partition Table:[0m
[0;32mI (53) boot: ## Label            Usage          Type ST Offset   Length[0m
[0;32mI (59) boot:  0 nvs              WiFi data        01 02 00009000 00050000[0m
[0;32mI (66) boot:  1 phy_init         RF data          01 01 00059000 00001000[0m
[0;32mI (72) boot:  2 factory          factory app      00 00 00060000 00100000[0m
[0;32mI (79) boot: End of partition table[0m
[0;32mI (82) esp_image: segment 0: paddr=00060020 vaddr=3f400020 size=0a568h ( 42344) map[0m
[0;32mI (105) esp_image: segment 1: paddr=0006a590 vaddr=3ffb0000 size=028fch ( 10492) load[0m
[0;32mI (109) esp_image: segment 2: paddr=0006ce94 vaddr=40080000 size=03184h ( 12676) load[0m
[0;32mI (114) esp_image: segment 3: paddr=00070020 vaddr=400d0020 size=14464h ( 83044) map[0m
[0;32mI (146) esp_image: segment 4: paddr=0008448c vaddr=40083184 size=0bba8h ( 48040) load[0m
[0;32mI (165) esp_image: segment 5: paddr=0009003c vaddr=400c0000 size=00038h (    56) [0m
[0;32mI (165) esp_image: segment 6: paddr=0009007c vaddr=50000000 size=000a8h (   168) [0m
[0;32mI (176) boot: Loaded app from partition at offset 0x60000[0m
[0;32mI (176) boot: Disabling RNG early entropy source...[0m
[0;32mI (190) cpu_start: Multicore app[0m
[0;32mI (198) cpu_start: GPIO 3 and 1 are used as console UART I/O pins[0m
[0;32mI (199) cpu_start: Pro cpu start user code[0m
[0;32mI (199) cpu_start: cpu freq: 160000000 Hz[0m
[0;32mI (200) app_init: Application information:[0m
[0;32mI (204) app_init: Project name:     puf_test[0m
[0;32mI (208) app_init: App version:      8bab072-dirty[0m
[0;32mI (213) app_init: Compile time:     Aug 20 2025 08:26:37[0m
[0;32mI (218) app_init: ELF file SHA256:  4c2e8007b...[0m
[0;32mI (222) app_init: ESP-IDF:          v6.0-dev-1489-g4e036983a7[0m
[0;32mI (227) efuse_init: Min chip rev:     v0.0[0m
[0;32mI (231) efuse_init: Max chip rev:     v3.99 [0m
[0;32mI (235) efuse_init: Chip rev:         v1.0[0m
[0;32mI (239) heap_init: Initializing. RAM available for dynamic allocation:[0m
[0;32mI (246) heap_init: At 3FFAE6E0 len 00001920 (6 KiB): DRAM[0m
[0;32mI (251) heap_init: At 3FFB4220 len 0002BDE0 (175 KiB): DRAM[0m
[0;32mI (256) heap_init: At 3FFE0440 len 00003AE0 (14 KiB): D/IRAM[0m
[0;32mI (261) heap_init: At 3FFE4350 len 0001BCB0 (111 KiB): D/IRAM[0m
[0;32mI (267) heap_init: At 4008ED2C len 000112D4 (68 KiB): IRAM[0m
[0;32mI (273) spi_flash: detected chip: generic[0m
[0;32mI (276) spi_flash: flash io: dio[0m
[0;33mW (279) spi_flash: Detected size(4096k) larger than the size in the binary image header(2048k). Using the size in the binary image header.[0m
[0;32mI (291) main_task: Started on CPU0[0m
[0;32mI (301) main_task: Calling app_main()[0m
This is a puf importing ... ... ...
STARTING THE INIT 
ets Jun  8 2016 00:22:57

rst:0x5 (DEEPSLEEP_RESET),boot:0x13 (SPI_FAST_FLASH_BOOT)
configsip: 0, SPIWP:0xee
clk_drv:0x00,q_drv:0x00,d_drv:0x00,cs0_drv:0x00,hd_drv:0x00,wp_drv:0x00
mode:DIO, clock div:2
load:0x3fff0030,len:6372
load:0x40078000,len:15920
ho 0 tail 12 room 4
load:0x40080400,len:3880
entry 0x40080638
[0;32mI (29) boot: ESP-IDF v6.0-dev-1489-g4e036983a7 2nd stage bootloader[0m
[0;32mI (29) boot: compile time Aug 20 2025 08:26:44[0m
[0;32mI (29) boot: Multicore bootloader[0m
[0;32mI (32) boot: chip revision: v1.0[0m
[0;32mI (35) boot.esp32: SPI Speed      : 40MHz[0m
[0;32mI (39) boot.esp32: SPI Mode       : DIO[0m
[0;32mI (42) boot.esp32: SPI Flash Size : 2MB[0m
[0;32mI (46) boot: Enabling RNG early entropy source...[0m
[0;32mI (50) boot: Partition Table:[0m
[0;32mI (53) boot: ## Label            Usage          Type ST Offset   Length[0m
[0;32mI (59) boot:  0 nvs              WiFi data        01 02 00009000 00050000[0m
[0;32mI (66) boot:  1 phy_init         RF data          01 01 00059000 00001000[0m
[0;32mI (72) boot:  2 factory          factory app      00 00 00060000 00100000[0m
[0;32mI (79) boot: End of partition table[0m
[0;32mI (82) esp_image: segment 0: paddr=00060020 vaddr=3f400020 size=0a568h ( 42344) map[0m
[0;32mI (105) esp_image: segment 1: paddr=0006a590 vaddr=3ffb0000 size=028fch ( 10492) load[0m
[0;32mI (109) esp_image: segment 2: paddr=0006ce94 vaddr=40080000 size=03184h ( 12676) load[0m
[0;32mI (114) esp_image: segment 3: paddr=00070020 vaddr=400d0020 size=14464h ( 83044) map[0m
[0;32mI (146) esp_image: segment 4: paddr=0008448c vaddr=40083184 size=0bba8h ( 48040) load[0m
[0;32mI (165) esp_image: segment 5: paddr=0009003c vaddr=400c0000 size=00038h (    56) [0m
[0;32mI (165) esp_image: segment 6: paddr=0009007c vaddr=50000000 size=000a8h (   168) [0m
[0;32mI (176) boot: Loaded app from partition at offset 0x60000[0m
[0;32mI (176) boot: Disabling RNG early entropy source...[0m
[0;32mI (190) cpu_start: Multicore app[0m
[0;32mI (198) cpu_start: GPIO 3 and 1 are used as console UART I/O pins[0m
[0;32mI (199) cpu_start: Pro cpu start user code[0m
[0;32mI (199) cpu_start: cpu freq: 160000000 Hz[0m
[0;32mI (200) app_init: Application information:[0m
[0;32mI (204) app_init: Project name:     puf_test[0m
[0;32mI (208) app_init: App version:      8bab072-dirty[0m
[0;32mI (213) app_init: Compile time:     Aug 20 2025 08:26:37[0m
[0;32mI (218) app_init: ELF file SHA256:  4c2e8007b...[0m
[0;32mI (222) app_init: ESP-IDF:          v6.0-dev-1489-g4e036983a7[0m
[0;32mI (227) efuse_init: Min chip rev:     v0.0[0m
[0;32mI (231) efuse_init: Max chip rev:     v3.99 [0m
[0;32mI (235) efuse_init: Chip rev:         v1.0[0m
[0;32mI (239) heap_init: Initializing. RAM available for dynamic allocation:[0m
[0;32mI (246) heap_init: At 3FFAE6E0 len 00001920 (6 KiB): DRAM[0m
[0;32mI (251) heap_init: At 3FFB4220 len 0002BDE0 (175 KiB): DRAM[0m
[0;32mI (256) heap_init: At 3FFE0440 len 00003AE0 (14 KiB): D/IRAM[0m
[0;32mI (261) heap_init: At 3FFE4350 len 0001BCB0 (111 KiB): D/IRAM[0m
[0;32mI (267) heap_init: At 4008ED2C len 000112D4 (68 KiB): IRAM[0m
[0;32mI (273) spi_flash: detected chip: generic[0m
[0;32mI (276) spi_flash: flash io: dio[0m
[0;33mW (279) spi_flash: Detected size(4096k) larger than the size in the binary image header(2048k). Using the size in the binary image header.[0m
[0;32mI (291) main_task: Started on CPU0[0m
[0;32mI (301) main_task: Calling app_main()[0m
This is a puf importing ... ... ...
STARTING THE INIT 
ets Jun  8 2016 00:22:57

rst:0x5 (DEEPSLEEP_RESET),boot:0x13 (SPI_FAST_FLASH_BOOT)
configsip: 0, SPIWP:0xee
clk_drv:0x00,q_drv:0x00,d_drv:0x00,cs0_drv:0x00,hd_drv:0x00,wp_drv:0x00
mode:DIO, clock div:2
load:0x3fff0030,len:6372
load:0x40078000,len:15920
ho 0 tail 12 room 4
load:0x40080400,len:3880
entry 0x40080638
[0;32mI (29) boot: ESP-IDF v6.0-dev-1489-g4e036983a7 2nd stage bootloader[0m
[0;32mI (29) boot: compile time Aug 20 2025 08:26:44[0m
[0;32mI (29) boot: Multicore bootloader[0m
[0;32mI (32) boot: chip revision: v1.0[0m
[0;32mI (35) boot.esp32: SPI Speed      : 40MHz[0m
[0;32mI (39) boot.esp32: SPI Mode       : DIO[0m
[0;32mI (42) boot.esp32: SPI Flash Size : 2MB[0m
[0;32mI (46) boot: Enabling RNG early entropy source...[0m
[0;32mI (50) boot: Partition Table:[0m
[0;32mI (53) boot: ## Label            Usage          Type ST Offset   Length[0m
[0;32mI (59) boot:  0 nvs              WiFi data        01 02 00009000 00050000[0m
[0;32mI (66) boot:  1 phy_init         RF data          01 01 00059000 00001000[0m
[0;32mI (72) boot:  2 factory          factory app      00 00 00060000 00100000[0m
[0;32mI (79) boot: End of partition table[0m
[0;32mI (82) esp_image: segment 0: paddr=00060020 vaddr=3f400020 size=0a568h ( 42344) map[0m
[0;32mI (105) esp_image: segment 1: paddr=0006a590 vaddr=3ffb0000 size=028fch ( 10492) load[0m
[0;32mI (109) esp_image: segment 2: paddr=0006ce94 vaddr=40080000 size=03184h ( 12676) load[0m
[0;32mI (114) esp_image: segment 3: paddr=00070020 vaddr=400d0020 size=14464h ( 83044) map[0m
[0;32mI (146) esp_image: segment 4: paddr=0008448c vaddr=40083184 size=0bba8h ( 48040) load[0m
[0;32mI (165) esp_image: segment 5: paddr=0009003c vaddr=400c0000 size=00038h (    56) [0m
[0;32mI (165) esp_image: segment 6: paddr=0009007c vaddr=50000000 size=000a8h (   168) [0m
[0;32mI (176) boot: Loaded app from partition at offset 0x60000[0m
[0;32mI (176) boot: Disabling RNG early entropy source...[0m
[0;32mI (190) cpu_start: Multicore app[0m
[0;32mI (198) cpu_start: GPIO 3 and 1 are used as console UART I/O pins[0m
[0;32mI (199) cpu_start: Pro cpu start user code[0m
[0;32mI (199) cpu_start: cpu freq: 160000000 Hz[0m
[0;32mI (200) app_init: Application information:[0m
[0;32mI (204) app_init: Project name:     puf_test[0m
[0;32mI (208) app_init: App version:      8bab072-dirty[0m
[0;32mI (213) app_init: Compile time:     Aug 20 2025 08:26:37[0m
[0;32mI (218) app_init: ELF file SHA256:  4c2e8007b...[0m
[0;32mI (222) app_init: ESP-IDF:          v6.0-dev-1489-g4e036983a7[0m
[0;32mI (228) efuse_init: Min chip rev:     v0.0[0m
[0;32mI (231) efuse_init: Max chip rev:     v3.99 [0m
[0;32mI (235) efuse_init: Chip rev:         v1.0[0m
[0;32mI (239) heap_init: Initializing. RAM available for dynamic allocation:[0m
[0;32mI (246) heap_init: At 3FFAE6E0 len 00001920 (6 KiB): DRAM[0m
[0;32mI (251) heap_init: At 3FFB4220 len 0002BDE0 (175 KiB): DRAM[0m
[0;32mI (256) heap_init: At 3FFE0440 len 00003AE0 (14 KiB): D/IRAM[0m
[0;32mI (261) heap_init: At 3FFE4350 len 0001BCB0 (111 KiB): D/IRAM[0m
[0;32mI (267) heap_init: At 4008ED2C len 000112D4 (68 KiB): IRAM[0m
[0;32mI (273) spi_flash: detected chip: generic[0m
[0;32mI (276) spi_flash: flash io: dio[0m
[0;33mW (279) spi_flash: Detected size(4096k) larger than the size in the binary image header(2048k). Using the size in the binary image header.[0m
[0;32mI (291) main_task: Started on CPU0[0m
[0;32mI (301) main_task: Calling app_main()[0m
This is a puf importing ... ... ...
STARTING THE INIT 
ets Jun  8 2016 00:22:57

rst:0x5 (DEEPSLEEP_RESET),boot:0x13 (SPI_FAST_FLASH_BOOT)
configsip: 0, SPIWP:0xee
clk_drv:0x00,q_drv:0x00,d_drv:0x00,cs0_drv:0x00,hd_drv:0x00,wp_drv:0x00
mode:DIO, clock div:2
load:0x3fff0030,len:6372
load:0x40078000,len:15920
ho 0 tail 12 room 4
load:0x40080400,len:3880
entry 0x40080638
[0;32mI (29) boot: ESP-IDF v6.0-dev-1489-g4e036983a7 2nd stage bootloader[0m
[0;32mI (29) boot: compile time Aug 20 2025 08:26:44[0m
[0;32mI (29) boot: Multicore bootloader[0m
[0;32mI (32) boot: chip revision: v1.0[0m
[0;32mI (35) boot.esp32: SPI Speed      : 40MHz[0m
[0;32mI (39) boot.esp32: SPI Mode       : DIO[0m
[0;32mI (42) boot.esp32: SPI Flash Size : 2MB[0m
[0;32mI (46) boot: Enabling RNG early entropy source...[0m
[0;32mI (50) boot: Partition Table:[0m
[0;32mI (53) boot: ## Label            Usage          Type ST Offset   Length[0m
[0;32mI (59) boot:  0 nvs              WiFi data        01 02 00009000 00050000[0m
[0;32mI (66) boot:  1 phy_init         RF data          01 01 00059000 00001000[0m
[0;32mI (72) boot:  2 factory          factory app      00 00 00060000 00100000[0m
[0;32mI (79) boot: End of partition table[0m
[0;32mI (82) esp_image: segment 0: paddr=00060020 vaddr=3f400020 size=0a568h ( 42344) map[0m
[0;32mI (105) esp_image: segment 1: paddr=0006a590 vaddr=3ffb0000 size=028fch ( 10492) load[0m
[0;32mI (109) esp_image: segment 2: paddr=0006ce94 vaddr=40080000 size=03184h ( 12676) load[0m
[0;32mI (114) esp_image: segment 3: paddr=00070020 vaddr=400d0020 size=14464h ( 83044) map[0m
[0;32mI (146) esp_image: segment 4: paddr=0008448c vaddr=40083184 size=0bba8h ( 48040) load[0m
[0;32mI (165) esp_image: segment 5: paddr=0009003c vaddr=400c0000 size=00038h (    56) [0m
[0;32mI (165) esp_image: segment 6: paddr=0009007c vaddr=50000000 size=000a8h (   168) [0m
[0;32mI (176) boot: Loaded app from partition at offset 0x60000[0m
[0;32mI (176) boot: Disabling RNG early entropy source...[0m
[0;32mI (190) cpu_start: Multicore app[0m
[0;32mI (198) cpu_start: GPIO 3 and 1 are used as console UART I/O pins[0m
[0;32mI (199) cpu_start: Pro cpu start user code[0m
[0;32mI (199) cpu_start: cpu freq: 160000000 Hz[0m
[0;32mI (200) app_init: Application information:[0m
[0;32mI (204) app_init: Project name:     puf_test[0m
[0;32mI (208) app_init: App version:      8bab072-dirty[0m
[0;32mI (213) app_init: Compile time:     Aug 20 2025 08:26:37[0m
[0;32mI (218) app_init: ELF file SHA256:  4c2e8007b...[0m
[0;32mI (222) app_init: ESP-IDF:          v6.0-dev-1489-g4e036983a7[0m
[0;32mI (227) efuse_init: Min chip rev:     v0.0[0m
[0;32mI (231) efuse_init: Max chip rev:     v3.99 [0m
[0;32mI (235) efuse_init: Chip rev:         v1.0[0m
[0;32mI (239) heap_init: Initializing. RAM available for dynamic allocation:[0m
[0;32mI (246) heap_init: At 3FFAE6E0 len 00001920 (6 KiB): DRAM[0m
[0;32mI (251) heap_init: At 3FFB4220 len 0002BDE0 (175 KiB): DRAM[0m
[0;32mI (256) heap_init: At 3FFE0440 len 00003AE0 (14 KiB): D/IRAM[0m
[0;32mI (261) heap_init: At 3FFE4350 len 0001BCB0 (111 KiB): D/IRAM[0m
[0;32mI (267) heap_init: At 4008ED2C len 000112D4 (68 KiB): IRAM[0m
[0;32mI (273) spi_flash: detected chip: generic[0m
[0;32mI (276) spi_flash: flash io: dio[0m
[0;33mW (279) spi_flash: Detected size(4096k) larger than the size in the binary image header(2048k). Using the size in the binary image header.[0m
[0;32mI (291) main_task: Started on CPU0[0m
[0;32mI (301) main_task: Calling app_main()[0m
This is a puf importing ... ... ...
STARTING THE INIT 
ets Jun  8 2016 00:22:57

rst:0x5 (DEEPSLEEP_RESET),boot:0x13 (SPI_FAST_FLASH_BOOT)
configsip: 0, SPIWP:0xee
clk_drv:0x00,q_drv:0x00,d_drv:0x00,cs0_drv:0x00,hd_drv:0x00,wp_drv:0x00
mode:DIO, clock div:2
load:0x3fff0030,len:6372
load:0x40078000,len:15920
ho 0 tail 12 room 4
load:0x40080400,len:3880
entry 0x40080638
[0;32mI (29) boot: ESP-IDF v6.0-dev-1489-g4e036983a7 2nd stage bootloader[0m
[0;32mI (29) boot: compile time Aug 20 2025 08:26:44[0m
[0;32mI (29) boot: Multicore bootloader[0m
[0;32mI (32) boot: chip revision: v1.0[0m
[0;32mI (35) boot.esp32: SPI Speed      : 40MHz[0m
[0;32mI (39) boot.esp32: SPI Mode       : DIO[0m
[0;32mI (42) boot.esp32: SPI Flash Size : 2MB[0m
[0;32mI (46) boot: Enabling RNG early entropy source...[0m
[0;32mI (50) boot: Partition Table:[0m
[0;32mI (53) boot: ## Label            Usage          Type ST Offset   Length[0m
[0;32mI (59) boot:  0 nvs              WiFi data        01 02 00009000 00050000[0m
[0;32mI (66) boot:  1 phy_init         RF data          01 01 00059000 00001000[0m
[0;32mI (72) boot:  2 factory          factory app      00 00 00060000 00100000[0m
[0;32mI (79) boot: End of partition table[0m
[0;32mI (82) esp_image: segment 0: paddr=00060020 vaddr=3f400020 size=0a568h ( 42344) map[0m
[0;32mI (105) esp_image: segment 1: paddr=0006a590 vaddr=3ffb0000 size=028fch ( 10492) load[0m
[0;32mI (109) esp_image: segment 2: paddr=0006ce94 vaddr=40080000 size=03184h ( 12676) load[0m
[0;32mI (114) esp_image: segment 3: paddr=00070020 vaddr=400d0020 size=14464h ( 83044) map[0m
[0;32mI (146) esp_image: segment 4: paddr=0008448c vaddr=40083184 size=0bba8h ( 48040) load[0m
[0;32mI (165) esp_image: segment 5: paddr=0009003c vaddr=400c0000 size=00038h (    56) [0m
[0;32mI (165) esp_image: segment 6: paddr=0009007c vaddr=50000000 size=000a8h (   168) [0m
[0;32mI (176) boot: Loaded app from partition at offset 0x60000[0m
[0;32mI (176) boot: Disabling RNG early entropy source...[0m
[0;32mI (190) cpu_start: Multicore app[0m
[0;32mI (198) cpu_start: GPIO 3 and 1 are used as console UART I/O pins[0m
[0;32mI (199) cpu_start: Pro cpu start user code[0m
[0;32mI (199) cpu_start: cpu freq: 160000000 Hz[0m
[0;32mI (200) app_init: Application information:[0m
[0;32mI (204) app_init: Project name:     puf_test[0m
[0;32mI (208) app_init: App version:      8bab072-dirty[0m
[0;32mI (213) app_init: Compile time:     Aug 20 2025 08:26:37[0m
[0;32mI (218) app_init: ELF file SHA256:  4c2e8007b...[0m
[0;32mI (222) app_init: ESP-IDF:          v6.0-dev-1489-g4e036983a7[0m
[0;32mI (228) efuse_init: Min chip rev:     v0.0[0m
[0;32mI (231) efuse_init: Max chip rev:     v3.99 [0m
[0;32mI (235) efuse_init: Chip rev:         v1.0[0m
[0;32mI (239) heap_init: Initializing. RAM available for dynamic allocation:[0m
[0;32mI (246) heap_init: At 3FFAE6E0 len 00001920 (6 KiB): DRAM[0m
[0;32mI (251) heap_init: At 3FFB4220 len 0002BDE0 (175 KiB): DRAM[0m
[0;32mI (256) heap_init: At 3FFE0440 len 00003AE0 (14 KiB): D/IRAM[0m
[0;32mI (261) heap_init: At 3FFE4350 len 0001BCB0 (111 KiB): D/IRAM[0m
[0;32mI (267) heap_init: At 4008ED2C len 000112D4 (68 KiB): IRAM[0m
[0;32mI (273) spi_flash: detected chip: generic[0m
[0;32mI (276) spi_flash: flash io: dio[0m
[0;33mW (279) spi_flash: Detected size(4096k) larger than the size in the binary image header(2048k). Using the size in the binary image header.[0m
[0;32mI (291) main_task: Started on CPU0[0m
[0;32mI (301) main_task: Calling app_main()[0m
This is a puf importing ... ... ...
STARTING THE INIT 
ets Jun  8 2016 00:22:57

rst:0x5 (DEEPSLEEP_RESET),boot:0x13 (SPI_FAST_FLASH_BOOT)
configsip: 0, SPIWP:0xee
clk_drv:0x00,q_drv:0x00,d_drv:0x00,cs0_drv:0x00,hd_drv:0x00,wp_drv:0x00
mode:DIO, clock div:2
load:0x3fff0030,len:6372
load:0x40078000,len:15920
ho 0 tail 12 room 4
load:0x40080400,len:3880
entry 0x40080638
[0;32mI (29) boot: ESP-IDF v6.0-dev-1489-g4e036983a7 2nd stage bootloader[0m
[0;32mI (29) boot: compile time Aug 20 2025 08:26:44[0m
[0;32mI (29) boot: Multicore bootloader[0m
[0;32mI (32) boot: chip revision: v1.0[0m
[0;32mI (35) boot.esp32: SPI Speed      : 40MHz[0m
[0;32mI (39) boot.esp32: SPI Mode       : DIO[0m
[0;32mI (42) boot.esp32: SPI Flash Size : 2MB[0m
[0;32mI (46) boot: Enabling RNG early entropy source...[0m
[0;32mI (50) boot: Partition Table:[0m
[0;32mI (53) boot: ## Label            Usage          Type ST Offset   Length[0m
[0;32mI (59) boot:  0 nvs              WiFi data        01 02 00009000 00050000[0m
[0;32mI (66) boot:  1 phy_init         RF data          01 01 00059000 00001000[0m
[0;32mI (72) boot:  2 factory          factory app      00 00 00060000 00100000[0m
[0;32mI (79) boot: End of partition table[0m
[0;32mI (82) esp_image: segment 0: paddr=00060020 vaddr=3f400020 size=0a568h ( 42344) map[0m
[0;32mI (105) esp_image: segment 1: paddr=0006a590 vaddr=3ffb0000 size=028fch ( 10492) load[0m
[0;32mI (109) esp_image: segment 2: paddr=0006ce94 vaddr=40080000 size=03184h ( 12676) load[0m
[0;32mI (114) esp_image: segment 3: paddr=00070020 vaddr=400d0020 size=14464h ( 83044) map[0m
[0;32mI (146) esp_image: segment 4: paddr=0008448c vaddr=40083184 size=0bba8h ( 48040) load[0m
[0;32mI (165) esp_image: segment 5: paddr=0009003c vaddr=400c0000 size=00038h (    56) [0m
[0;32mI (165) esp_image: segment 6: paddr=0009007c vaddr=50000000 size=000a8h (   168) [0m
[0;32mI (176) boot: Loaded app from partition at offset 0x60000[0m
[0;32mI (176) boot: Disabling RNG early entropy source...[0m
[0;32mI (190) cpu_start: Multicore app[0m
[0;32mI (198) cpu_start: GPIO 3 and 1 are used as console UART I/O pins[0m
[0;32mI (199) cpu_start: Pro cpu start user code[0m
[0;32mI (199) cpu_start: cpu freq: 160000000 Hz[0m
[0;32mI (200) app_init: Application information:[0m
[0;32mI (204) app_init: Project name:     puf_test[0m
[0;32mI (208) app_init: App version:      8bab072-dirty[0m
[0;32mI (213) app_init: Compile time:     Aug 20 2025 08:26:37[0m
[0;32mI (218) app_init: ELF file SHA256:  4c2e8007b...[0m
[0;32mI (222) app_init: ESP-IDF:          v6.0-dev-1489-g4e036983a7[0m
[0;32mI (227) efuse_init: Min chip rev:     v0.0[0m
[0;32mI (231) efuse_init: Max chip rev:     v3.99 [0m
[0;32mI (235) efuse_init: Chip rev:         v1.0[0m
[0;32mI (239) heap_init: Initializing. RAM available for dynamic allocation:[0m
[0;32mI (246) heap_init: At 3FFAE6E0 len 00001920 (6 KiB): DRAM[0m
[0;32mI (251) heap_init: At 3FFB4220 len 0002BDE0 (175 KiB): DRAM[0m
[0;32mI (256) heap_init: At 3FFE0440 len 00003AE0 (14 KiB): D/IRAM[0m
[0;32mI (261) heap_init: At 3FFE4350 len 0001BCB0 (111 KiB): D/IRAM[0m
[0;32mI (267) heap_init: At 4008ED2C len 000112D4 (68 KiB): IRAM[0m
[0;32mI (273) spi_flash: detected chip: generic[0m
[0;32mI (276) spi_flash: flash io: dio[0m
[0;33mW (279) spi_flash: Detected size(4096k) larger than the size in the binary image header(2048k). Using the size in the binary image header.[0m
[0;32mI (291) main_task: Started on CPU0[0m
[0;32mI (301) main_task: Calling app_main()[0m
This is a puf importing ... ... ...
STARTING THE INIT 
ets Jun  8 2016 00:22:57

rst:0x5 (DEEPSLEEP_RESET),boot:0x13 (SPI_FAST_FLASH_BOOT)
configsip: 0, SPIWP:0xee
clk_drv:0x00,q_drv:0x00,d_drv:0x00,cs0_drv:0x00,hd_drv:0x00,wp_drv:0x00
mode:DIO, clock div:2
load:0x3fff0030,len:6372
load:0x40078000,len:15920
ho 0 tail 12 room 4
load:0x40080400,len:3880
entry 0x40080638
[0;32mI (29) boot: ESP-IDF v6.0-dev-1489-g4e036983a7 2nd stage bootloader[0m
[0;32mI (29) boot: compile time Aug 20 2025 08:26:44[0m
[0;32mI (29) boot: Multicore bootloader[0m
[0;32mI (32) boot: chip revision: v1.0[0m
[0;32mI (35) boot.esp32: SPI Speed      : 40MHz[0m
[0;32mI (39) boot.esp32: SPI Mode       : DIO[0m
[0;32mI (42) boot.esp32: SPI Flash Size : 2MB[0m
[0;32mI (46) boot: Enabling RNG early entropy source...[0m
[0;32mI (50) boot: Partition Table:[0m
[0;32mI (53) boot: ## Label            Usage          Type ST Offset   Length[0m
[0;32mI (59) boot:  0 nvs              WiFi data        01 02 00009000 00050000[0m
[0;32mI (66) boot:  1 phy_init         RF data          01 01 00059000 00001000[0m
[0;32mI (72) boot:  2 factory          factory app      00 00 00060000 00100000[0m
[0;32mI (79) boot: End of partition table[0m
[0;32mI (82) esp_image: segment 0: paddr=00060020 vaddr=3f400020 size=0a568h ( 42344) map[0m
[0;32mI (105) esp_image: segment 1: paddr=0006a590 vaddr=3ffb0000 size=028fch ( 10492) load[0m
[0;32mI (109) esp_image: segment 2: paddr=0006ce94 vaddr=40080000 size=03184h ( 12676) load[0m
[0;32mI (114) esp_image: segment 3: paddr=00070020 vaddr=400d0020 size=14464h ( 83044) map[0m
[0;32mI (146) esp_image: segment 4: paddr=0008448c vaddr=40083184 size=0bba8h ( 48040) load[0m
[0;32mI (165) esp_image: segment 5: paddr=0009003c vaddr=400c0000 size=00038h (    56) [0m
[0;32mI (165) esp_image: segment 6: paddr=0009007c vaddr=50000000 size=000a8h (   168) [0m
[0;32mI (176) boot: Loaded app from partition at offset 0x60000[0m
[0;32mI (176) boot: Disabling RNG early entropy source...[0m
[0;32mI (190) cpu_start: Multicore app[0m
[0;32mI (198) cpu_start: GPIO 3 and 1 are used as console UART I/O pins[0m
[0;32mI (199) cpu_start: Pro cpu start user code[0m
[0;32mI (199) cpu_start: cpu freq: 160000000 Hz[0m
[0;32mI (200) app_init: Application information:[0m
[0;32mI (204) app_init: Project name:     puf_test[0m
[0;32mI (208) app_init: App version:      8bab072-dirty[0m
[0;32mI (213) app_init: Compile time:     Aug 20 2025 08:26:37[0m
[0;32mI (218) app_init: ELF file SHA256:  4c2e8007b...[0m
[0;32mI (222) app_init: ESP-IDF:          v6.0-dev-1489-g4e036983a7[0m
[0;32mI (227) efuse_init: Min chip rev:     v0.0[0m
[0;32mI (231) efuse_init: Max chip rev:     v3.99 [0m
[0;32mI (235) efuse_init: Chip rev:         v1.0[0m
[0;32mI (239) heap_init: Initializing. RAM available for dynamic allocation:[0m
[0;32mI (246) heap_init: At 3FFAE6E0 len 00001920 (6 KiB): DRAM[0m
[0;32mI (251) heap_init: At 3FFB4220 len 0002BDE0 (175 KiB): DRAM[0m
[0;32mI (256) heap_init: At 3FFE0440 len 00003AE0 (14 KiB): D/IRAM[0m
[0;32mI (261) heap_init: At 3FFE4350 len 0001BCB0 (111 KiB): D/IRAM[0m
[0;32mI (267) heap_init: At 4008ED2C len 000112D4 (68 KiB): IRAM[0m
[0;32mI (273) spi_flash: detected chip: generic[0m
[0;32mI (276) spi_flash: flash io: dio[0m
[0;33mW (279) spi_flash: Detected size(4096k) larger than the size in the binary image header(2048k). Using the size in the binary image header.[0m
[0;32mI (291) main_task: Started on CPU0[0m
[0;32mI (301) main_task: Calling app_main()[0m
This is a puf importing ... ... ...
STARTING THE INIT 
ets Jun  8 2016 00:22:57

rst:0x5 (DEEPSLEEP_RESET),boot:0x13 (SPI_FAST_FLASH_BOOT)
configsip: 0, SPIWP:0xee
clk_drv:0x00,q_drv:0x00,d_drv:0x00,cs0_drv:0x00,hd_drv:0x00,wp_drv:0x00
mode:DIO, clock div:2
load:0x3fff0030,len:6372
load:0x40078000,len:15920
ho 0 tail 12 room 4
load:0x40080400,len:3880
entry 0x40080638
[0;32mI (29) boot: ESP-IDF v6.0-dev-1489-g4e036983a7 2nd stage bootloader[0m
[0;32mI (29) boot: compile time Aug 20 2025 08:26:44[0m
[0;32mI (29) boot: Multicore bootloader[0m
[0;32mI (32) boot: chip revision: v1.0[0m
[0;32mI (35) boot.esp32: SPI Speed      : 40MHz[0m
[0;32mI (39) boot.esp32: SPI Mode       : DIO[0m
[0;32mI (42) boot.esp32: SPI Flash Size : 2MB[0m
[0;32mI (46) boot: Enabling RNG early entropy source...[0m
[0;32mI (50) boot: Partition Table:[0m
[0;32mI (53) boot: ## Label            Usage          Type ST Offset   Length[0m
[0;32mI (59) boot:  0 nvs              WiFi data        01 02 00009000 00050000[0m
[0;32mI (66) boot:  1 phy_init         RF data          01 01 00059000 00001000[0m
[0;32mI (72) boot:  2 factory          factory app      00 00 00060000 00100000[0m
[0;32mI (79) boot: End of partition table[0m
[0;32mI (82) esp_image: segment 0: paddr=00060020 vaddr=3f400020 size=0a568h ( 42344) map[0m
[0;32mI (105) esp_image: segment 1: paddr=0006a590 vaddr=3ffb0000 size=028fch ( 10492) load[0m
[0;32mI (109) esp_image: segment 2: paddr=0006ce94 vaddr=40080000 size=03184h ( 12676) load[0m
[0;32mI (114) esp_image: segment 3: paddr=00070020 vaddr=400d0020 size=14464h ( 83044) map[0m
[0;32mI (146) esp_image: segment 4: paddr=0008448c vaddr=40083184 size=0bba8h ( 48040) load[0m
[0;32mI (165) esp_image: segment 5: paddr=0009003c vaddr=400c0000 size=00038h (    56) [0m
[0;32mI (165) esp_image: segment 6: paddr=0009007c vaddr=50000000 size=000a8h (   168) [0m
[0;32mI (176) boot: Loaded app from partition at offset 0x60000[0m
[0;32mI (176) boot: Disabling RNG early entropy source...[0m
[0;32mI (190) cpu_start: Multicore app[0m
[0;32mI (198) cpu_start: GPIO 3 and 1 are used as console UART I/O pins[0m
[0;32mI (199) cpu_start: Pro cpu start user code[0m
[0;32mI (199) cpu_start: cpu freq: 160000000 Hz[0m
[0;32mI (200) app_init: Application information:[0m
[0;32mI (204) app_init: Project name:     puf_test[0m
[0;32mI (208) app_init: App version:      8bab072-dirty[0m
[0;32mI (213) app_init: Compile time:     Aug 20 2025 08:26:37[0m
[0;32mI (218) app_init: ELF file SHA256:  4c2e8007b...[0m
[0;32mI (222) app_init: ESP-IDF:          v6.0-dev-1489-g4e036983a7[0m
[0;32mI (227) efuse_init: Min chip rev:     v0.0[0m
[0;32mI (231) efuse_init: Max chip rev:     v3.99 [0m
[0;32mI (235) efuse_init: Chip rev:         v1.0[0m
[0;32mI (239) heap_init: Initializing. RAM available for dynamic allocation:[0m
[0;32mI (246) heap_init: At 3FFAE6E0 len 00001920 (6 KiB): DRAM[0m
[0;32mI (251) heap_init: At 3FFB4220 len 0002BDE0 (175 KiB): DRAM[0m
[0;32mI (256) heap_init: At 3FFE0440 len 00003AE0 (14 KiB): D/IRAM[0m
[0;32mI (261) heap_init: At 3FFE4350 len 0001BCB0 (111 KiB): D/IRAM[0m
[0;32mI (267) heap_init: At 4008ED2C len 000112D4 (68 KiB): IRAM[0m
[0;32mI (273) spi_flash: detected chip: generic[0m
[0;32mI (276) spi_flash: flash io: dio[0m
[0;33mW (279) spi_flash: Detected size(4096k) larger than the size in the binary image header(2048k). Using the size in the binary image header.[0m
[0;32mI (291) main_task: Started on CPU0[0m
[0;32mI (301) main_task: Calling app_main()[0m
This is a puf importing ... ... ...
STARTING THE INIT 
ets Jun  8 2016 00:22:57

rst:0x5 (DEEPSLEEP_RESET),boot:0x13 (SPI_FAST_FLASH_BOOT)
configsip: 0, SPIWP:0xee
clk_drv:0x00,q_drv:0x00,d_drv:0x00,cs0_drv:0x00,hd_drv:0x00,wp_drv:0x00
mode:DIO, clock div:2
load:0x3fff0030,len:6372
load:0x40078000,len:15920
ho 0 tail 12 room 4
load:0x40080400,len:3880
entry 0x40080638
[0;32mI (29) boot: ESP-IDF v6.0-dev-1489-g4e036983a7 2nd stage bootloader[0m
[0;32mI (29) boot: compile time Aug 20 2025 08:26:44[0m
[0;32mI (29) boot: Multicore bootloader[0m
[0;32mI (32) boot: chip revision: v1.0[0m
[0;32mI (35) boot.esp32: SPI Speed      : 40MHz[0m
[0;32mI (39) boot.esp32: SPI Mode       : DIO[0m
[0;32mI (42) boot.esp32: SPI Flash Size : 2MB[0m
[0;32mI (46) boot: Enabling RNG early entropy source...[0m
[0;32mI (50) boot: Partition Table:[0m
[0;32mI (53) boot: ## Label            Usage          Type ST Offset   Length[0m
[0;32mI (59) boot:  0 nvs              WiFi data        01 02 00009000 00050000[0m
[0;32mI (66) boot:  1 phy_init         RF data          01 01 00059000 00001000[0m
[0;32mI (72) boot:  2 factory          factory app      00 00 00060000 00100000[0m
[0;32mI (79) boot: End of partition table[0m
[0;32mI (82) esp_image: segment 0: paddr=00060020 vaddr=3f400020 size=0a568h ( 42344) map[0m
[0;32mI (105) esp_image: segment 1: paddr=0006a590 vaddr=3ffb0000 size=028fch ( 10492) load[0m
[0;32mI (109) esp_image: segment 2: paddr=0006ce94 vaddr=40080000 size=03184h ( 12676) load[0m
[0;32mI (114) esp_image: segment 3: paddr=00070020 vaddr=400d0020 size=14464h ( 83044) map[0m
[0;32mI (146) esp_image: segment 4: paddr=0008448c vaddr=40083184 size=0bba8h ( 48040) load[0m
[0;32mI (165) esp_image: segment 5: paddr=0009003c vaddr=400c0000 size=00038h (    56) [0m
[0;32mI (165) esp_image: segment 6: paddr=0009007c vaddr=50000000 size=000a8h (   168) [0m
[0;32mI (176) boot: Loaded app from partition at offset 0x60000[0m
[0;32mI (176) boot: Disabling RNG early entropy source...[0m
[0;32mI (190) cpu_start: Multicore app[0m
[0;32mI (198) cpu_start: GPIO 3 and 1 are used as console UART I/O pins[0m
[0;32mI (199) cpu_start: Pro cpu start user code[0m
[0;32mI (199) cpu_start: cpu freq: 160000000 Hz[0m
[0;32mI (200) app_init: Application information:[0m
[0;32mI (204) app_init: Project name:     puf_test[0m
[0;32mI (208) app_init: App version:      8bab072-dirty[0m
[0;32mI (213) app_init: Compile time:     Aug 20 2025 08:26:37[0m
[0;32mI (218) app_init: ELF file SHA256:  4c2e8007b...[0m
[0;32mI (222) app_init: ESP-IDF:          v6.0-dev-1489-g4e036983a7[0m
[0;32mI (228) efuse_init: Min chip rev:     v0.0[0m
[0;32mI (231) efuse_init: Max chip rev:     v3.99 [0m
[0;32mI (235) efuse_init: Chip rev:         v1.0[0m
[0;32mI (239) heap_init: Initializing. RAM available for dynamic allocation:[0m
[0;32mI (246) heap_init: At 3FFAE6E0 len 00001920 (6 KiB): DRAM[0m
[0;32mI (251) heap_init: At 3FFB4220 len 0002BDE0 (175 KiB): DRAM[0m
[0;32mI (256) heap_init: At 3FFE0440 len 00003AE0 (14 KiB): D/IRAM[0m
[0;32mI (261) heap_init: At 3FFE4350 len 0001BCB0 (111 KiB): D/IRAM[0m
[0;32mI (267) heap_init: At 4008ED2C len 000112D4 (68 KiB): IRAM[0m
[0;32mI (273) spi_flash: detected chip: generic[0m
[0;32mI (276) spi_flash: flash io: dio[0m
[0;33mW (279) spi_flash: Detected size(4096k) larger than the size in the binary image header(2048k). Using the size in the binary image header.[0m
[0;32mI (291) main_task: Started on CPU0[0m
[0;32mI (301) main_task: Calling app_main()[0m
This is a puf importing ... ... ...
STARTING THE INIT 
PUF bytes: 433
END THE INIT 

STARTING THE ENROLL 
PROVISIONING DONE
The enroll end 
The puf is not ready 

PUF RESET 
ets Jun  8 2016 00:22:57

rst:0x5 (DEEPSLEEP_RESET),boot:0x13 (SPI_FAST_FLASH_BOOT)
configsip: 0, SPIWP:0xee
clk_drv:0x00,q_drv:0x00,d_drv:0x00,cs0_drv:0x00,hd_drv:0x00,wp_drv:0x00
mode:DIO, clock div:2
load:0x3fff0030,len:6372
load:0x40078000,len:15920
ho 0 tail 12 room 4
load:0x40080400,len:3880
entry 0x40080638
[0;32mI (29) boot: ESP-IDF v6.0-dev-1489-g4e036983a7 2nd stage bootloader[0m
[0;32mI (29) boot: compile time Aug 20 2025 08:26:44[0m
[0;32mI (29) boot: Multicore bootloader[0m
[0;32mI (32) boot: chip revision: v1.0[0m
[0;32mI (35) boot.esp32: SPI Speed      : 40MHz[0m
[0;32mI (39) boot.esp32: SPI Mode       : DIO[0m
[0;32mI (42) boot.esp32: SPI Flash Size : 2MB[0m
[0;32mI (46) boot: Enabling RNG early entropy source...[0m
[0;32mI (50) boot: Partition Table:[0m
[0;32mI (53) boot: ## Label            Usage          Type ST Offset   Length[0m
[0;32mI (59) boot:  0 nvs              WiFi data        01 02 00009000 00050000[0m
[0;32mI (66) boot:  1 phy_init         RF data          01 01 00059000 00001000[0m
[0;32mI (72) boot:  2 factory          factory app      00 00 00060000 00100000[0m
[0;32mI (79) boot: End of partition table[0m
[0;32mI (82) esp_image: segment 0: paddr=00060020 vaddr=3f400020 size=0a568h ( 42344) map[0m
[0;32mI (105) esp_image: segment 1: paddr=0006a590 vaddr=3ffb0000 size=028fch ( 10492) load[0m
[0;32mI (109) esp_image: segment 2: paddr=0006ce94 vaddr=40080000 size=03184h ( 12676) load[0m
[0;32mI (114) esp_image: segment 3: paddr=00070020 vaddr=400d0020 size=14464h ( 83044) map[0m
[0;32mI (146) esp_image: segment 4: paddr=0008448c vaddr=40083184 size=0bba8h ( 48040) load[0m
[0;32mI (165) esp_image: segment 5: paddr=0009003c vaddr=400c0000 size=00038h (    56) [0m
[0;32mI (165) esp_image: segment 6: paddr=0009007c vaddr=50000000 size=000a8h (   168) [0m
[0;32mI (176) boot: Loaded app from partition at offset 0x60000[0m
[0;32mI (176) boot: Disabling RNG early entropy source...[0m
[0;32mI (190) cpu_start: Multicore app[0m
[0;32mI (198) cpu_start: GPIO 3 and 1 are used as console UART I/O pins[0m
[0;32mI (199) cpu_start: Pro cpu start user code[0m
[0;32mI (199) cpu_start: cpu freq: 160000000 Hz[0m
[0;32mI (200) app_init: Application information:[0m
[0;32mI (204) app_init: Project name:     puf_test[0m
[0;32mI (208) app_init: App version:      8bab072-dirty[0m
[0;32mI (213) app_init: Compile time:     Aug 20 2025 08:26:37[0m
[0;32mI (218) app_init: ELF file SHA256:  4c2e8007b...[0m
[0;32mI (222) app_init: ESP-IDF:          v6.0-dev-1489-g4e036983a7[0m
[0;32mI (227) efuse_init: Min chip rev:     v0.0[0m
[0;32mI (231) efuse_init: Max chip rev:     v3.99 [0m
[0;32mI (235) efuse_init: Chip rev:         v1.0[0m
[0;32mI (239) heap_init: Initializing. RAM available for dynamic allocation:[0m
[0;32mI (246) heap_init: At 3FFAE6E0 len 00001920 (6 KiB): DRAM[0m
[0;32mI (251) heap_init: At 3FFB4220 len 0002BDE0 (175 KiB): DRAM[0m
[0;32mI (256) heap_init: At 3FFE0440 len 00003AE0 (14 KiB): D/IRAM[0m
[0;32mI (261) heap_init: At 3FFE4350 len 0001BCB0 (111 KiB): D/IRAM[0m
[0;32mI (267) heap_init: At 4008ED2C len 000112D4 (68 KiB): IRAM[0m
[0;32mI (273) spi_flash: detected chip: generic[0m
[0;32mI (276) spi_flash: flash io: dio[0m
[0;33mW (279) spi_flash: Detected size(4096k) larger than the size in the binary image header(2048k). Using the size in the binary image header.[0m
[0;32mI (291) main_task: Started on CPU0[0m
[0;32mI (301) main_task: Calling app_main()[0m
This is a puf importing ... ... ...
STARTING THE INIT 
END THE INIT 
30 E4 BA 77 24 F5 D1 A5 9D 39 18 0B E4 EF 98 38 BC 44 B5 58 84 FB B5 EA BA 12 31 63 27 1A 25 66 75 B1 0B B2 A3 1E 0E D1 FB 35 13 86 37 31 7B DF 28 E6 54 12 EB C5 D1 D6 8B B1 11 10 C0 9A BE DA 96 30 78 0C D2 38 23 95 69 E6 B8 17 39 D5 38 59 0F 5B 9F F5 7D C4 D8 97 21 B1 C4 F6 23 3F DE B6 69 8D 11 8D 74 29 73 DB 9B B6 41 73 76 0B 26 24 51 19 9D 53 93 FB 1B FF 73 D8 35 9F 36 1A A7 30 E3 F3 85 69 09 C6 3D 6D DB 69 84 0C B2 29 21 44 59 93 78 C1 22 D9 7E F6 D6 8E 56 43 55 DF C6 1D 67 52 3A 98 AE 4B CC 82 65 7E 8E 95 06 36 CD 6F CD BC 25 D7 A6 0D BF 25 5B 37 6B 9B 3C B7 B3 C8 0F 8A 0B E6 30 CD F1 23 13 69 AA 22 A0 17 84 C6 43 DD AF B9 AB DB 46 66 B1 F1 99 D9 57 96 FD 20 5B 81 55 1F DD 5B 09 0A DA C8 09 67 10 10 88 1E 33 87 4B F1 47 FD 9E DD E1 F9 15 77 8B E7 6B 0C 9C 6E B7 09 62 F7 D5 01 85 0A D5 DF 87 21 E7 59 FC CD 21 A5 D1 8B 09 7E 4B 19 8B 99 98 40 C3 36 7C 5C 54 65 97 0E 97 A1 F4 67 E5 CD 74 88 04 A4 BF D7 C7 45 0D 61 9F 7E DB AA 2D EF 8D FF F0 BA CA D3 A3 BA 8A 30 AE 51 C9 93 EB 2B 06 B5 E3 05 BF 69 DA BF 31 6B 71 27 C0 B1 62 F1 10 91 B6 B9 1C 2E 69 48 4A 7C 64 51 42 9D BE 52 FD E6 92 E9 0A 09 FA 18 B5 4D 96 0B EB FB 35 3A 9C 2D 5D 74 2D 1D 93 72 98 DA 32 C0 63 3F 79 43 5E F8 BD 4A F0 8E CD 10 B6 68 E9 94 35 20 9C 04 D5 38 02 44 1A 25 41 79 67 4F 55 D2 3B 94 61 BE E8 37 6A 60 64 
STARTING THE ENROLL 
STARTING PROVISIONING
ets Jun  8 2016 00:22:57

rst:0x5 (DEEPSLEEP_RESET),boot:0x13 (SPI_FAST_FLASH_BOOT)
configsip: 0, SPIWP:0xee
clk_drv:0x00,q_drv:0x00,d_drv:0x00,cs0_drv:0x00,hd_drv:0x00,wp_drv:0x00
mode:DIO, clock div:2
load:0x3fff0030,len:6372
load:0x40078000,len:15920
ho 0 tail 12 room 4
load:0x40080400,len:3880
entry 0x40080638
[0;32mI (29) boot: ESP-IDF v6.0-dev-1489-g4e036983a7 2nd stage bootloader[0m
[0;32mI (29) boot: compile time Aug 20 2025 08:26:44[0m
[0;32mI (29) boot: Multicore bootloader[0m
[0;32mI (32) boot: chip revision: v1.0[0m
[0;32mI (35) boot.esp32: SPI Speed      : 40MHz[0m
[0;32mI (39) boot.esp32: SPI Mode       : DIO[0m
[0;32mI (42) boot.esp32: SPI Flash Size : 2MB[0m
[0;32mI (46) boot: Enabling RNG early entropy source...[0m
[0;32mI (50) boot: Partition Table:[0m
[0;32mI (53) boot: ## Label            Usage          Type ST Offset   Length[0m
[0;32mI (59) boot:  0 nvs              WiFi data        01 02 00009000 00050000[0m
[0;32mI (66) boot:  1 phy_init         RF data          01 01 00059000 00001000[0m
[0;32mI (72) boot:  2 factory          factory app      00 00 00060000 00100000[0m
[0;32mI (79) boot: End of partition table[0m
[0;32mI (82) esp_image: segment 0: paddr=00060020 vaddr=3f400020 size=0a568h ( 42344) map[0m
[0;32mI (105) esp_image: segment 1: paddr=0006a590 vaddr=3ffb0000 size=028fch ( 10492) load[0m
[0;32mI (109) esp_image: segment 2: paddr=0006ce94 vaddr=40080000 size=03184h ( 12676) load[0m
[0;32mI (114) esp_image: segment 3: paddr=00070020 vaddr=400d0020 size=14464h ( 83044) map[0m
[0;32mI (146) esp_image: segment 4: paddr=0008448c vaddr=40083184 size=0bba8h ( 48040) load[0m
[0;32mI (165) esp_image: segment 5: paddr=0009003c vaddr=400c0000 size=00038h (    56) [0m
[0;32mI (165) esp_image: segment 6: paddr=0009007c vaddr=50000000 size=000a8h (   168) [0m
[0;32mI (176) boot: Loaded app from partition at offset 0x60000[0m
[0;32mI (176) boot: Disabling RNG early entropy source...[0m
[0;32mI (190) cpu_start: Multicore app[0m
[0;32mI (198) cpu_start: GPIO 3 and 1 are used as console UART I/O pins[0m
[0;32mI (199) cpu_start: Pro cpu start user code[0m
[0;32mI (199) cpu_start: cpu freq: 160000000 Hz[0m
[0;32mI (200) app_init: Application information:[0m
[0;32mI (204) app_init: Project name:     puf_test[0m
[0;32mI (208) app_init: App version:      8bab072-dirty[0m
[0;32mI (213) app_init: Compile time:     Aug 20 2025 08:26:37[0m
[0;32mI (218) app_init: ELF file SHA256:  4c2e8007b...[0m
[0;32mI (222) app_init: ESP-IDF:          v6.0-dev-1489-g4e036983a7[0m
[0;32mI (228) efuse_init: Min chip rev:     v0.0[0m
[0;32mI (231) efuse_init: Max chip rev:     v3.99 [0m
[0;32mI (235) efuse_init: Chip rev:         v1.0[0m
[0;32mI (239) heap_init: Initializing. RAM available for dynamic allocation:[0m
[0;32mI (246) heap_init: At 3FFAE6E0 len 00001920 (6 KiB): DRAM[0m
[0;32mI (251) heap_init: At 3FFB4220 len 0002BDE0 (175 KiB): DRAM[0m
[0;32mI (256) heap_init: At 3FFE0440 len 00003AE0 (14 KiB): D/IRAM[0m
[0;32mI (261) heap_init: At 3FFE4350 len 0001BCB0 (111 KiB): D/IRAM[0m
[0;32mI (267) heap_init: At 4008ED2C len 000112D4 (68 KiB): IRAM[0m
[0;32mI (273) spi_flash: detected chip: generic[0m
[0;32mI (276) spi_flash: flash io: dio[0m
[0;33mW (279) spi_flash: Detected size(4096k) larger than the size in the binary image header(2048k). Using the size in the binary image header.[0m
[0;32mI (291) main_task: Started on CPU0[0m
[0;32mI (301) main_task: Calling app_main()[0m
This is a puf importing ... ... ...
STARTING THE INIT 
ets Jun  8 2016 00:22:57

rst:0x5 (DEEPSLEEP_RESET),boot:0x13 (SPI_FAST_FLASH_BOOT)
configsip: 0, SPIWP:0xee
clk_drv:0x00,q_drv:0x00,d_drv:0x00,cs0_drv:0x00,hd_drv:0x00,wp_drv:0x00
mode:DIO, clock div:2
load:0x3fff0030,len:6372
load:0x40078000,len:15920
ho 0 tail 12 room 4
load:0x40080400,len:3880
entry 0x40080638
[0;32mI (29) boot: ESP-IDF v6.0-dev-1489-g4e036983a7 2nd stage bootloader[0m
[0;32mI (29) boot: compile time Aug 20 2025 08:26:44[0m
[0;32mI (29) boot: Multicore bootloader[0m
[0;32mI (32) boot: chip revision: v1.0[0m
[0;32mI (35) boot.esp32: SPI Speed      : 40MHz[0m
[0;32mI (39) boot.esp32: SPI Mode       : DIO[0m
[0;32mI (42) boot.esp32: SPI Flash Size : 2MB[0m
[0;32mI (46) boot: Enabling RNG early entropy source...[0m
[0;32mI (50) boot: Partition Table:[0m
[0;32mI (53) boot: ## Label            Usage          Type ST Offset   Length[0m
[0;32mI (59) boot:  0 nvs              WiFi data        01 02 00009000 00050000[0m
[0;32mI (66) boot:  1 phy_init         RF data          01 01 00059000 00001000[0m
[0;32mI (72) boot:  2 factory          factory app      00 00 00060000 00100000[0m
[0;32mI (79) boot: End of partition table[0m
[0;32mI (82) esp_image: segment 0: paddr=00060020 vaddr=3f400020 size=0a568h ( 42344) map[0m
[0;32mI (105) esp_image: segment 1: paddr=0006a590 vaddr=3ffb0000 size=028fch ( 10492) load[0m
[0;32mI (109) esp_image: segment 2: paddr=0006ce94 vaddr=40080000 size=03184h ( 12676) load[0m
[0;32mI (114) esp_image: segment 3: paddr=00070020 vaddr=400d0020 size=14464h ( 83044) map[0m
[0;32mI (146) esp_image: segment 4: paddr=0008448c vaddr=40083184 size=0bba8h ( 48040) load[0m
[0;32mI (165) esp_image: segment 5: paddr=0009003c vaddr=400c0000 size=00038h (    56) [0m
[0;32mI (165) esp_image: segment 6: paddr=0009007c vaddr=50000000 size=000a8h (   168) [0m
[0;32mI (176) boot: Loaded app from partition at offset 0x60000[0m
[0;32mI (176) boot: Disabling RNG early entropy source...[0m
[0;32mI (190) cpu_start: Multicore app[0m
[0;32mI (198) cpu_start: GPIO 3 and 1 are used as console UART I/O pins[0m
[0;32mI (199) cpu_start: Pro cpu start user code[0m
[0;32mI (199) cpu_start: cpu freq: 160000000 Hz[0m
[0;32mI (200) app_init: Application information:[0m
[0;32mI (204) app_init: Project name:     puf_test[0m
[0;32mI (208) app_init: App version:      8bab072-dirty[0m
[0;32mI (213) app_init: Compile time:     Aug 20 2025 08:26:37[0m
[0;32mI (218) app_init: ELF file SHA256:  4c2e8007b...[0m
[0;32mI (222) app_init: ESP-IDF:          v6.0-dev-1489-g4e036983a7[0m
[0;32mI (227) efuse_init: Min chip rev:     v0.0[0m
[0;32mI (231) efuse_init: Max chip rev:     v3.99 [0m
[0;32mI (235) efuse_init: Chip rev:         v1.0[0m
[0;32mI (239) heap_init: Initializing. RAM available for dynamic allocation:[0m
[0;32mI (246) heap_init: At 3FFAE6E0 len 00001920 (6 KiB): DRAM[0m
[0;32mI (251) heap_init: At 3FFB4220 len 0002BDE0 (175 KiB): DRAM[0m
[0;32mI (256) heap_init: At 3FFE0440 len 00003AE0 (14 KiB): D/IRAM[0m
[0;32mI (261) heap_init: At 3FFE4350 len 0001BCB0 (111 KiB): D/IRAM[0m
[0;32mI (267) heap_init: At 4008ED2C len 000112D4 (68 KiB): IRAM[0m
[0;32mI (273) spi_flash: detected chip: generic[0m
[0;32mI (276) spi_flash: flash io: dio[0m
[0;33mW (279) spi_flash: Detected size(4096k) larger than the size in the binary image header(2048k). Using the size in the binary image header.[0m
[0;32mI (291) main_task: Started on CPU0[0m
[0;32mI (301) main_task: Calling app_main()[0m
This is a puf importing ... ... ...
STARTING THE INIT 
ets Jun  8 2016 00:22:57

rst:0x5 (DEEPSLEEP_RESET),boot:0x13 (SPI_FAST_FLASH_BOOT)
configsip: 0, SPIWP:0xee
clk_drv:0x00,q_drv:0x00,d_drv:0x00,cs0_drv:0x00,hd_drv:0x00,wp_drv:0x00
mode:DIO, clock div:2
load:0x3fff0030,len:6372
load:0x40078000,len:15920
ho 0 tail 12 room 4
load:0x40080400,len:3880
entry 0x40080638
[0;32mI (29) boot: ESP-IDF v6.0-dev-1489-g4e036983a7 2nd stage bootloader[0m
[0;32mI (29) boot: compile time Aug 20 2025 08:26:44[0m
[0;32mI (29) boot: Multicore bootloader[0m
[0;32mI (32) boot: chip revision: v1.0[0m
[0;32mI (35) boot.esp32: SPI Speed      : 40MHz[0m
[0;32mI (39) boot.esp32: SPI Mode       : DIO[0m
[0;32mI (42) boot.esp32: SPI Flash Size : 2MB[0m
[0;32mI (46) boot: Enabling RNG early entropy source...[0m
[0;32mI (50) boot: Partition Table:[0m
[0;32mI (53) boot: ## Label            Usage          Type ST Offset   Length[0m
[0;32mI (59) boot:  0 nvs              WiFi data        01 02 00009000 00050000[0m
[0;32mI (66) boot:  1 phy_init         RF data          01 01 00059000 00001000[0m
[0;32mI (72) boot:  2 factory          factory app      00 00 00060000 00100000[0m
[0;32mI (79) boot: End of partition table[0m
[0;32mI (82) esp_image: segment 0: paddr=00060020 vaddr=3f400020 size=0a568h ( 42344) map[0m
[0;32mI (105) esp_image: segment 1: paddr=0006a590 vaddr=3ffb0000 size=028fch ( 10492) load[0m
[0;32mI (109) esp_image: segment 2: paddr=0006ce94 vaddr=40080000 size=03184h ( 12676) load[0m
[0;32mI (114) esp_image: segment 3: paddr=00070020 vaddr=400d0020 size=14464h ( 83044) map[0m
[0;32mI (146) esp_image: segment 4: paddr=0008448c vaddr=40083184 size=0bba8h ( 48040) load[0m
[0;32mI (165) esp_image: segment 5: paddr=0009003c vaddr=400c0000 size=00038h (    56) [0m
[0;32mI (165) esp_image: segment 6: paddr=0009007c vaddr=50000000 size=000a8h (   168) [0m
[0;32mI (176) boot: Loaded app from partition at offset 0x60000[0m
[0;32mI (176) boot: Disabling RNG early entropy source...[0m
[0;32mI (190) cpu_start: Multicore app[0m
[0;32mI (198) cpu_start: GPIO 3 and 1 are used as console UART I/O pins[0m
[0;32mI (199) cpu_start: Pro cpu start user code[0m
[0;32mI (199) cpu_start: cpu freq: 160000000 Hz[0m
[0;32mI (200) app_init: Application information:[0m
[0;32mI (204) app_init: Project name:     puf_test[0m
[0;32mI (208) app_init: App version:      8bab072-dirty[0m
[0;32mI (213) app_init: Compile time:     Aug 20 2025 08:26:37[0m
[0;32mI (218) app_init: ELF file SHA256:  4c2e8007b...[0m
[0;32mI (222) app_init: ESP-IDF:          v6.0-dev-1489-g4e036983a7[0m
[0;32mI (227) efuse_init: Min chip rev:     v0.0[0m
[0;32mI (231) efuse_init: Max chip rev:     v3.99 [0m
[0;32mI (235) efuse_init: Chip rev:         v1.0[0m
[0;32mI (239) heap_init: Initializing. RAM available for dynamic allocation:[0m
[0;32mI (246) heap_init: At 3FFAE6E0 len 00001920 (6 KiB): DRAM[0m
[0;32mI (251) heap_init: At 3FFB4220 len 0002BDE0 (175 KiB): DRAM[0m
[0;32mI (256) heap_init: At 3FFE0440 len 00003AE0 (14 KiB): D/IRAM[0m
[0;32mI (261) heap_init: At 3FFE4350 len 0001BCB0 (111 KiB): D/IRAM[0m
[0;32mI (267) heap_init: At 4008ED2C len 000112D4 (68 KiB): IRAM[0m
[0;32mI (273) spi_flash: detected chip: generic[0m
[0;32mI (276) spi_flash: flash io: dio[0m
[0;33mW (279) spi_flash: Detected size(4096k) larger than the size in the binary image header(2048k). Using the size in the binary image header.[0m
[0;32mI (291) main_task: Started on CPU0[0m
[0;32mI (301) main_task: Calling app_main()[0m
This is a puf importing ... ... ...
STARTING THE INIT 
ets Jun  8 2016 00:22:57

rst:0x5 (DEEPSLEEP_RESET),boot:0x13 (SPI_FAST_FLASH_BOOT)
configsip: 0, SPIWP:0xee
clk_drv:0x00,q_drv:0x00,d_drv:0x00,cs0_drv:0x00,hd_drv:0x00,wp_drv:0x00
mode:DIO, clock div:2
load:0x3fff0030,len:6372
load:0x40078000,len:15920
ho 0 tail 12 room 4
load:0x40080400,len:3880
entry 0x40080638
[0;32mI (29) boot: ESP-IDF v6.0-dev-1489-g4e036983a7 2nd stage bootloader[0m
[0;32mI (29) boot: compile time Aug 20 2025 08:26:44[0m
[0;32mI (29) boot: Multicore bootloader[0m
[0;32mI (32) boot: chip revision: v1.0[0m
[0;32mI (35) boot.esp32: SPI Speed      : 40MHz[0m
[0;32mI (39) boot.esp32: SPI Mode       : DIO[0m
[0;32mI (42) boot.esp32: SPI Flash Size : 2MB[0m
[0;32mI (46) boot: Enabling RNG early entropy source...[0m
[0;32mI (50) boot: Partition Table:[0m
[0;32mI (53) boot: ## Label            Usage          Type ST Offset   Length[0m
[0;32mI (59) boot:  0 nvs              WiFi data        01 02 00009000 00050000[0m
[0;32mI (66) boot:  1 phy_init         RF data          01 01 00059000 00001000[0m
[0;32mI (72) boot:  2 factory          factory app      00 00 00060000 00100000[0m
[0;32mI (79) boot: End of partition table[0m
[0;32mI (82) esp_image: segment 0: paddr=00060020 vaddr=3f400020 size=0a568h ( 42344) map[0m
[0;32mI (105) esp_image: segment 1: paddr=0006a590 vaddr=3ffb0000 size=028fch ( 10492) load[0m
[0;32mI (109) esp_image: segment 2: paddr=0006ce94 vaddr=40080000 size=03184h ( 12676) load[0m
[0;32mI (114) esp_image: segment 3: paddr=00070020 vaddr=400d0020 size=14464h ( 83044) map[0m
[0;32mI (146) esp_image: segment 4: paddr=0008448c vaddr=40083184 size=0bba8h ( 48040) load[0m
[0;32mI (165) esp_image: segment 5: paddr=0009003c vaddr=400c0000 size=00038h (    56) [0m
[0;32mI (165) esp_image: segment 6: paddr=0009007c vaddr=50000000 size=000a8h (   168) [0m
[0;32mI (176) boot: Loaded app from partition at offset 0x60000[0m
[0;32mI (176) boot: Disabling RNG early entropy source...[0m
[0;32mI (190) cpu_start: Multicore app[0m
[0;32mI (198) cpu_start: GPIO 3 and 1 are used as console UART I/O pins[0m
[0;32mI (199) cpu_start: Pro cpu start user code[0m
[0;32mI (199) cpu_start: cpu freq: 160000000 Hz[0m
[0;32mI (200) app_init: Application information:[0m
[0;32mI (204) app_init: Project name:     puf_test[0m
[0;32mI (208) app_init: App version:      8bab072-dirty[0m
[0;32mI (213) app_init: Compile time:     Aug 20 2025 08:26:37[0m
[0;32mI (218) app_init: ELF file SHA256:  4c2e8007b...[0m
[0;32mI (222) app_init: ESP-IDF:          v6.0-dev-1489-g4e036983a7[0m
[0;32mI (228) efuse_init: Min chip rev:     v0.0[0m
[0;32mI (231) efuse_init: Max chip rev:     v3.99 [0m
[0;32mI (235) efuse_init: Chip rev:         v1.0[0m
[0;32mI (239) heap_init: Initializing. RAM available for dynamic allocation:[0m
[0;32mI (246) heap_init: At 3FFAE6E0 len 00001920 (6 KiB): DRAM[0m
[0;32mI (251) heap_init: At 3FFB4220 len 0002BDE0 (175 KiB): DRAM[0m
[0;32mI (256) heap_init: At 3FFE0440 len 00003AE0 (14 KiB): D/IRAM[0m
[0;32mI (261) heap_init: At 3FFE4350 len 0001BCB0 (111 KiB): D/IRAM[0m
[0;32mI (267) heap_init: At 4008ED2C len 000112D4 (68 KiB): IRAM[0m
[0;32mI (273) spi_flash: detected chip: generic[0m
[0;32mI (276) spi_flash: flash io: dio[0m
[0;33mW (279) spi_flash: Detected size(4096k) larger than the size in the binary image header(2048k). Using the size in the binary image header.[0m
[0;32mI (291) main_task: Started on CPU0[0m
[0;32mI (301) main_task: Calling app_main()[0m
This is a puf importing ... ... ...
STARTING THE INIT 
ets Jun  8 2016 00:22:57

rst:0x5 (DEEPSLEEP_RESET),boot:0x13 (SPI_FAST_FLASH_BOOT)
configsip: 0, SPIWP:0xee
clk_drv:0x00,q_drv:0x00,d_drv:0x00,cs0_drv:0x00,hd_drv:0x00,wp_drv:0x00
mode:DIO, clock div:2
load:0x3fff0030,len:6372
load:0x40078000,len:15920
ho 0 tail 12 room 4
load:0x40080400,len:3880
entry 0x40080638
[0;32mI (29) boot: ESP-IDF v6.0-dev-1489-g4e036983a7 2nd stage bootloader[0m
[0;32mI (29) boot: compile time Aug 20 2025 08:26:44[0m
[0;32mI (29) boot: Multicore bootloader[0m
[0;32mI (32) boot: chip revision: v1.0[0m
[0;32mI (35) boot.esp32: SPI Speed      : 40MHz[0m
[0;32mI (39) boot.esp32: SPI Mode       : DIO[0m
[0;32mI (42) boot.esp32: SPI Flash Size : 2MB[0m
[0;32mI (46) boot: Enabling RNG early entropy source...[0m
[0;32mI (50) boot: Partition Table:[0m
[0;32mI (53) boot: ## Label            Usage          Type ST Offset   Length[0m
[0;32mI (59) boot:  0 nvs              WiFi data        01 02 00009000 00050000[0m
[0;32mI (66) boot:  1 phy_init         RF data          01 01 00059000 00001000[0m
[0;32mI (72) boot:  2 factory          factory app      00 00 00060000 00100000[0m
[0;32mI (79) boot: End of partition table[0m
[0;32mI (82) esp_image: segment 0: paddr=00060020 vaddr=3f400020 size=0a568h ( 42344) map[0m
[0;32mI (105) esp_image: segment 1: paddr=0006a590 vaddr=3ffb0000 size=028fch ( 10492) load[0m
[0;32mI (109) esp_image: segment 2: paddr=0006ce94 vaddr=40080000 size=03184h ( 12676) load[0m
[0;32mI (114) esp_image: segment 3: paddr=00070020 vaddr=400d0020 size=14464h ( 83044) map[0m
[0;32mI (146) esp_image: segment 4: paddr=0008448c vaddr=40083184 size=0bba8h ( 48040) load[0m
[0;32mI (165) esp_image: segment 5: paddr=0009003c vaddr=400c0000 size=00038h (    56) [0m
[0;32mI (165) esp_image: segment 6: paddr=0009007c vaddr=50000000 size=000a8h (   168) [0m
[0;32mI (176) boot: Loaded app from partition at offset 0x60000[0m
[0;32mI (176) boot: Disabling RNG early entropy source...[0m
[0;32mI (190) cpu_start: Multicore app[0m
[0;32mI (198) cpu_start: GPIO 3 and 1 are used as console UART I/O pins[0m
[0;32mI (199) cpu_start: Pro cpu start user code[0m
[0;32mI (199) cpu_start: cpu freq: 160000000 Hz[0m
[0;32mI (200) app_init: Application information:[0m
[0;32mI (204) app_init: Project name:     puf_test[0m
[0;32mI (208) app_init: App version:      8bab072-dirty[0m
[0;32mI (213) app_init: Compile time:     Aug 20 2025 08:26:37[0m
[0;32mI (218) app_init: ELF file SHA256:  4c2e8007b...[0m
[0;32mI (222) app_init: ESP-IDF:          v6.0-dev-1489-g4e036983a7[0m
[0;32mI (227) efuse_init: Min chip rev:     v0.0[0m
[0;32mI (231) efuse_init: Max chip rev:     v3.99 [0m
[0;32mI (235) efuse_init: Chip rev:         v1.0[0m
[0;32mI (239) heap_init: Initializing. RAM available for dynamic allocation:[0m
[0;32mI (246) heap_init: At 3FFAE6E0 len 00001920 (6 KiB): DRAM[0m
[0;32mI (251) heap_init: At 3FFB4220 len 0002BDE0 (175 KiB): DRAM[0m
[0;32mI (256) heap_init: At 3FFE0440 len 00003AE0 (14 KiB): D/IRAM[0m
[0;32mI (261) heap_init: At 3FFE4350 len 0001BCB0 (111 KiB): D/IRAM[0m
[0;32mI (267) heap_init: At 4008ED2C len 000112D4 (68 KiB): IRAM[0m
[0;32mI (273) spi_flash: detected chip: generic[0m
[0;32mI (276) spi_flash: flash io: dio[0m
[0;33mW (279) spi_flash: Detected size(4096k) larger than the size in the binary image header(2048k). Using the size in the binary image header.[0m
[0;32mI (291) main_task: Started on CPU0[0m
[0;32mI (301) main_task: Calling app_main()[0m
This is a puf importing ... ... ...
STARTING THE INIT 
ets Jun  8 2016 00:22:57

rst:0x5 (DEEPSLEEP_RESET),boot:0x13 (SPI_FAST_FLASH_BOOT)
configsip: 0, SPIWP:0xee
clk_drv:0x00,q_drv:0x00,d_drv:0x00,cs0_drv:0x00,hd_drv:0x00,wp_drv:0x00
mode:DIO, clock div:2
load:0x3fff0030,len:6372
load:0x40078000,len:15920
ho 0 tail 12 room 4
load:0x40080400,len:3880
entry 0x40080638
[0;32mI (29) boot: ESP-IDF v6.0-dev-1489-g4e036983a7 2nd stage bootloader[0m
[0;32mI (29) boot: compile time Aug 20 2025 08:26:44[0m
[0;32mI (29) boot: Multicore bootloader[0m
[0;32mI (32) boot: chip revision: v1.0[0m
[0;32mI (35) boot.esp32: SPI Speed      : 40MHz[0m
[0;32mI (39) boot.esp32: SPI Mode       : DIO[0m
[0;32mI (42) boot.esp32: SPI Flash Size : 2MB[0m
[0;32mI (46) boot: Enabling RNG early entropy source...[0m
[0;32mI (50) boot: Partition Table:[0m
[0;32mI (53) boot: ## Label            Usage          Type ST Offset   Length[0m
[0;32mI (59) boot:  0 nvs              WiFi data        01 02 00009000 00050000[0m
[0;32mI (66) boot:  1 phy_init         RF data          01 01 00059000 00001000[0m
[0;32mI (72) boot:  2 factory          factory app      00 00 00060000 00100000[0m
[0;32mI (79) boot: End of partition table[0m
[0;32mI (82) esp_image: segment 0: paddr=00060020 vaddr=3f400020 size=0a568h ( 42344) map[0m
[0;32mI (105) esp_image: segment 1: paddr=0006a590 vaddr=3ffb0000 size=028fch ( 10492) load[0m
[0;32mI (109) esp_image: segment 2: paddr=0006ce94 vaddr=40080000 size=03184h ( 12676) load[0m
[0;32mI (114) esp_image: segment 3: paddr=00070020 vaddr=400d0020 size=14464h ( 83044) map[0m
[0;32mI (146) esp_image: segment 4: paddr=0008448c vaddr=40083184 size=0bba8h ( 48040) load[0m
[0;32mI (165) esp_image: segment 5: paddr=0009003c vaddr=400c0000 size=00038h (    56) [0m
[0;32mI (165) esp_image: segment 6: paddr=0009007c vaddr=50000000 size=000a8h (   168) [0m
[0;32mI (176) boot: Loaded app from partition at offset 0x60000[0m
[0;32mI (176) boot: Disabling RNG early entropy source...[0m
[0;32mI (190) cpu_start: Multicore app[0m
[0;32mI (198) cpu_start: GPIO 3 and 1 are used as console UART I/O pins[0m
[0;32mI (199) cpu_start: Pro cpu start user code[0m
[0;32mI (199) cpu_start: cpu freq: 160000000 Hz[0m
[0;32mI (200) app_init: Application information:[0m
[0;32mI (204) app_init: Project name:     puf_test[0m
[0;32mI (208) app_init: App version:      8bab072-dirty[0m
[0;32mI (213) app_init: Compile time:     Aug 20 2025 08:26:37[0m
[0;32mI (218) app_init: ELF file SHA256:  4c2e8007b...[0m
[0;32mI (222) app_init: ESP-IDF:          v6.0-dev-1489-g4e036983a7[0m
[0;32mI (228) efuse_init: Min chip rev:     v0.0[0m
[0;32mI (231) efuse_init: Max chip rev:     v3.99 [0m
[0;32mI (235) efuse_init: Chip rev:         v1.0[0m
[0;32mI (239) heap_init: Initializing. RAM available for dynamic allocation:[0m
[0;32mI (246) heap_init: At 3FFAE6E0 len 00001920 (6 KiB): DRAM[0m
[0;32mI (251) heap_init: At 3FFB4220 len 0002BDE0 (175 KiB): DRAM[0m
[0;32mI (256) heap_init: At 3FFE0440 len 00003AE0 (14 KiB): D/IRAM[0m
[0;32mI (261) heap_init: At 3FFE4350 len 0001BCB0 (111 KiB): D/IRAM[0m
[0;32mI (267) heap_init: At 4008ED2C len 000112D4 (68 KiB): IRAM[0m
[0;32mI (273) spi_flash: detected chip: generic[0m
[0;32mI (276) spi_flash: flash io: dio[0m
[0;33mW (279) spi_flash: Detected size(4096k) larger than the size in the binary image header(2048k). Using the size in the binary image header.[0m
[0;32mI (291) main_task: Started on CPU0[0m
[0;32mI (301) main_task: Calling app_main()[0m
This is a puf importing ... ... ...
STARTING THE INIT 
ets Jun  8 2016 00:22:57

rst:0x5 (DEEPSLEEP_RESET),boot:0x13 (SPI_FAST_FLASH_BOOT)
configsip: 0, SPIWP:0xee
clk_drv:0x00,q_drv:0x00,d_drv:0x00,cs0_drv:0x00,hd_drv:0x00,wp_drv:0x00
mode:DIO, clock div:2
load:0x3fff0030,len:6372
load:0x40078000,len:15920
ho 0 tail 12 room 4
load:0x40080400,len:3880
entry 0x40080638
[0;32mI (29) boot: ESP-IDF v6.0-dev-1489-g4e036983a7 2nd stage bootloader[0m
[0;32mI (29) boot: compile time Aug 20 2025 08:26:44[0m
[0;32mI (29) boot: Multicore bootloader[0m
[0;32mI (32) boot: chip revision: v1.0[0m
[0;32mI (35) boot.esp32: SPI Speed      : 40MHz[0m
[0;32mI (39) boot.esp32: SPI Mode       : DIO[0m
[0;32mI (42) boot.esp32: SPI Flash Size : 2MB[0m
[0;32mI (46) boot: Enabling RNG early entropy source...[0m
[0;32mI (50) boot: Partition Table:[0m
[0;32mI (53) boot: ## Label            Usage          Type ST Offset   Length[0m
[0;32mI (59) boot:  0 nvs              WiFi data        01 02 00009000 00050000[0m
[0;32mI (66) boot:  1 phy_init         RF data          01 01 00059000 00001000[0m
[0;32mI (72) boot:  2 factory          factory app      00 00 00060000 00100000[0m
[0;32mI (79) boot: End of partition table[0m
[0;32mI (82) esp_image: segment 0: paddr=00060020 vaddr=3f400020 size=0a568h ( 42344) map[0m
[0;32mI (105) esp_image: segment 1: paddr=0006a590 vaddr=3ffb0000 size=028fch ( 10492) load[0m
[0;32mI (109) esp_image: segment 2: paddr=0006ce94 vaddr=40080000 size=03184h ( 12676) load[0m
[0;32mI (114) esp_image: segment 3: paddr=00070020 vaddr=400d0020 size=14464h ( 83044) map[0m
[0;32mI (146) esp_image: segment 4: paddr=0008448c vaddr=40083184 size=0bba8h ( 48040) load[0m
[0;32mI (165) esp_image: segment 5: paddr=0009003c vaddr=400c0000 size=00038h (    56) [0m
[0;32mI (165) esp_image: segment 6: paddr=0009007c vaddr=50000000 size=000a8h (   168) [0m
[0;32mI (176) boot: Loaded app from partition at offset 0x60000[0m
[0;32mI (176) boot: Disabling RNG early entropy source...[0m
[0;32mI (190) cpu_start: Multicore app[0m
[0;32mI (198) cpu_start: GPIO 3 and 1 are used as console UART I/O pins[0m
[0;32mI (199) cpu_start: Pro cpu start user code[0m
[0;32mI (199) cpu_start: cpu freq: 160000000 Hz[0m
[0;32mI (200) app_init: Application information:[0m
[0;32mI (204) app_init: Project name:     puf_test[0m
[0;32mI (208) app_init: App version:      8bab072-dirty[0m
[0;32mI (213) app_init: Compile time:     Aug 20 2025 08:26:37[0m
[0;32mI (218) app_init: ELF file SHA256:  4c2e8007b...[0m
[0;32mI (222) app_init: ESP-IDF:          v6.0-dev-1489-g4e036983a7[0m
[0;32mI (227) efuse_init: Min chip rev:     v0.0[0m
[0;32mI (231) efuse_init: Max chip rev:     v3.99 [0m
[0;32mI (235) efuse_init: Chip rev:         v1.0[0m
[0;32mI (239) heap_init: Initializing. RAM available for dynamic allocation:[0m
[0;32mI (246) heap_init: At 3FFAE6E0 len 00001920 (6 KiB): DRAM[0m
[0;32mI (251) heap_init: At 3FFB4220 len 0002BDE0 (175 KiB): DRAM[0m
[0;32mI (256) heap_init: At 3FFE0440 len 00003AE0 (14 KiB): D/IRAM[0m
[0;32mI (261) heap_init: At 3FFE4350 len 0001BCB0 (111 KiB): D/IRAM[0m
[0;32mI (267) heap_init: At 4008ED2C len 000112D4 (68 KiB): IRAM[0m
[0;32mI (273) spi_flash: detected chip: generic[0m
[0;32mI (276) spi_flash: flash io: dio[0m
[0;33mW (279) spi_flash: Detected size(4096k) larger than the size in the binary image header(2048k). Using the size in the binary image header.[0m
[0;32mI (291) main_task: Started on CPU0[0m
[0;32mI (301) main_task: Calling app_main()[0m
This is a puf importing ... ... ...
STARTING THE INIT 
ets Jun  8 2016 00:22:57

rst:0x5 (DEEPSLEEP_RESET),boot:0x13 (SPI_FAST_FLASH_BOOT)
configsip: 0, SPIWP:0xee
clk_drv:0x00,q_drv:0x00,d_drv:0x00,cs0_drv:0x00,hd_drv:0x00,wp_drv:0x00
mode:DIO, clock div:2
load:0x3fff0030,len:6372
load:0x40078000,len:15920
ho 0 tail 12 room 4
load:0x40080400,len:3880
entry 0x40080638
[0;32mI (29) boot: ESP-IDF v6.0-dev-1489-g4e036983a7 2nd stage bootloader[0m
[0;32mI (29) boot: compile time Aug 20 2025 08:26:44[0m
[0;32mI (29) boot: Multicore bootloader[0m
[0;32mI (32) boot: chip revision: v1.0[0m
[0;32mI (35) boot.esp32: SPI Speed      : 40MHz[0m
[0;32mI (39) boot.esp32: SPI Mode       : DIO[0m
[0;32mI (42) boot.esp32: SPI Flash Size : 2MB[0m
[0;32mI (46) boot: Enabling RNG early entropy source...[0m
[0;32mI (50) boot: Partition Table:[0m
[0;32mI (53) boot: ## Label            Usage          Type ST Offset   Length[0m
[0;32mI (59) boot:  0 nvs              WiFi data        01 02 00009000 00050000[0m
[0;32mI (66) boot:  1 phy_init         RF data          01 01 00059000 00001000[0m
[0;32mI (72) boot:  2 factory          factory app      00 00 00060000 00100000[0m
[0;32mI (79) boot: End of partition table[0m
[0;32mI (82) esp_image: segment 0: paddr=00060020 vaddr=3f400020 size=0a568h ( 42344) map[0m
[0;32mI (105) esp_image: segment 1: paddr=0006a590 vaddr=3ffb0000 size=028fch ( 10492) load[0m
[0;32mI (109) esp_image: segment 2: paddr=0006ce94 vaddr=40080000 size=03184h ( 12676) load[0m
[0;32mI (114) esp_image: segment 3: paddr=00070020 vaddr=400d0020 size=14464h ( 83044) map[0m
[0;32mI (146) esp_image: segment 4: paddr=0008448c vaddr=40083184 size=0bba8h ( 48040) load[0m
[0;32mI (165) esp_image: segment 5: paddr=0009003c vaddr=400c0000 size=00038h (    56) [0m
[0;32mI (165) esp_image: segment 6: paddr=0009007c vaddr=50000000 size=000a8h (   168) [0m
[0;32mI (176) boot: Loaded app from partition at offset 0x60000[0m
[0;32mI (176) boot: Disabling RNG early entropy source...[0m
[0;32mI (190) cpu_start: Multicore app[0m
[0;32mI (198) cpu_start: GPIO 3 and 1 are used as console UART I/O pins[0m
[0;32mI (199) cpu_start: Pro cpu start user code[0m
[0;32mI (199) cpu_start: cpu freq: 160000000 Hz[0m
[0;32mI (200) app_init: Application information:[0m
[0;32mI (204) app_init: Project name:     puf_test[0m
[0;32mI (208) app_init: App version:      8bab072-dirty[0m
[0;32mI (213) app_init: Compile time:     Aug 20 2025 08:26:37[0m
[0;32mI (218) app_init: ELF file SHA256:  4c2e8007b...[0m
[0;32mI (222) app_init: ESP-IDF:          v6.0-dev-1489-g4e036983a7[0m
[0;32mI (228) efuse_init: Min chip rev:     v0.0[0m
[0;32mI (231) efuse_init: Max chip rev:     v3.99 [0m
[0;32mI (235) efuse_init: Chip rev:         v1.0[0m
[0;32mI (239) heap_init: Initializing. RAM available for dynamic allocation:[0m
[0;32mI (246) heap_init: At 3FFAE6E0 len 00001920 (6 KiB): DRAM[0m
[0;32mI (251) heap_init: At 3FFB4220 len 0002BDE0 (175 KiB): DRAM[0m
[0;32mI (256) heap_init: At 3FFE0440 len 00003AE0 (14 KiB): D/IRAM[0m
[0;32mI (261) heap_init: At 3FFE4350 len 0001BCB0 (111 KiB): D/IRAM[0m
[0;32mI (267) heap_init: At 4008ED2C len 000112D4 (68 KiB): IRAM[0m
[0;32mI (273) spi_flash: detected chip: generic[0m
[0;32mI (276) spi_flash: flash io: dio[0m
[0;33mW (279) spi_flash: Detected size(4096k) larger than the size in the binary image header(2048k). Using the size in the binary image header.[0m
[0;32mI (291) main_task: Started on CPU0[0m
[0;32mI (301) main_task: Calling app_main()[0m
This is a puf importing ... ... ...
STARTING THE INIT 
ets Jun  8 2016 00:22:57

rst:0x5 (DEEPSLEEP_RESET),boot:0x13 (SPI_FAST_FLASH_BOOT)
configsip: 0, SPIWP:0xee
clk_drv:0x00,q_drv:0x00,d_drv:0x00,cs0_drv:0x00,hd_drv:0x00,wp_drv:0x00
mode:DIO, clock div:2
load:0x3fff0030,len:6372
load:0x40078000,len:15920
ho 0 tail 12 room 4
load:0x40080400,len:3880
entry 0x40080638
[0;32mI (29) boot: ESP-IDF v6.0-dev-1489-g4e036983a7 2nd stage bootloader[0m
[0;32mI (29) boot: compile time Aug 20 2025 08:26:44[0m
[0;32mI (29) boot: Multicore bootloader[0m
[0;32mI (32) boot: chip revision: v1.0[0m
[0;32mI (35) boot.esp32: SPI Speed      : 40MHz[0m
[0;32mI (39) boot.esp32: SPI Mode       : DIO[0m
[0;32mI (42) boot.esp32: SPI Flash Size : 2MB[0m
[0;32mI (46) boot: Enabling RNG early entropy source...[0m
[0;32mI (50) boot: Partition Table:[0m
[0;32mI (53) boot: ## Label            Usage          Type ST Offset   Length[0m
[0;32mI (59) boot:  0 nvs              WiFi data        01 02 00009000 00050000[0m
[0;32mI (66) boot:  1 phy_init         RF data          01 01 00059000 00001000[0m
[0;32mI (72) boot:  2 factory          factory app      00 00 00060000 00100000[0m
[0;32mI (79) boot: End of partition table[0m
[0;32mI (82) esp_image: segment 0: paddr=00060020 vaddr=3f400020 size=0a568h ( 42344) map[0m
[0;32mI (105) esp_image: segment 1: paddr=0006a590 vaddr=3ffb0000 size=028fch ( 10492) load[0m
[0;32mI (109) esp_image: segment 2: paddr=0006ce94 vaddr=40080000 size=03184h ( 12676) load[0m
[0;32mI (114) esp_image: segment 3: paddr=00070020 vaddr=400d0020 size=14464h ( 83044) map[0m
[0;32mI (146) esp_image: segment 4: paddr=0008448c vaddr=40083184 size=0bba8h ( 48040) load[0m
[0;32mI (165) esp_image: segment 5: paddr=0009003c vaddr=400c0000 size=00038h (    56) [0m
[0;32mI (165) esp_image: segment 6: paddr=0009007c vaddr=50000000 size=000a8h (   168) [0m
[0;32mI (176) boot: Loaded app from partition at offset 0x60000[0m
[0;32mI (176) boot: Disabling RNG early entropy source...[0m
[0;32mI (190) cpu_start: Multicore app[0m
[0;32mI (198) cpu_start: GPIO 3 and 1 are used as console UART I/O pins[0m
[0;32mI (199) cpu_start: Pro cpu start user code[0m
[0;32mI (199) cpu_start: cpu freq: 160000000 Hz[0m
[0;32mI (200) app_init: Application information:[0m
[0;32mI (204) app_init: Project name:     puf_test[0m
[0;32mI (208) app_init: App version:      8bab072-dirty[0m
[0;32mI (213) app_init: Compile time:     Aug 20 2025 08:26:37[0m
[0;32mI (218) app_init: ELF file SHA256:  4c2e8007b...[0m
[0;32mI (222) app_init: ESP-IDF:          v6.0-dev-1489-g4e036983a7[0m
[0;32mI (228) efuse_init: Min chip rev:     v0.0[0m
[0;32mI (231) efuse_init: Max chip rev:     v3.99 [0m
[0;32mI (235) efuse_init: Chip rev:         v1.0[0m
[0;32mI (239) heap_init: Initializing. RAM available for dynamic allocation:[0m
[0;32mI (246) heap_init: At 3FFAE6E0 len 00001920 (6 KiB): DRAM[0m
[0;32mI (251) heap_init: At 3FFB4220 len 0002BDE0 (175 KiB): DRAM[0m
[0;32mI (256) heap_init: At 3FFE0440 len 00003AE0 (14 KiB): D/IRAM[0m
[0;32mI (261) heap_init: At 3FFE4350 len 0001BCB0 (111 KiB): D/IRAM[0m
[0;32mI (267) heap_init: At 4008ED2C len 000112D4 (68 KiB): IRAM[0m
[0;32mI (273) spi_flash: detected chip: generic[0m
[0;32mI (276) spi_flash: flash io: dio[0m
[0;33mW (279) spi_flash: Detected size(4096k) larger than the size in the binary image header(2048k). Using the size in the binary image header.[0m
[0;32mI (291) main_task: Started on CPU0[0m
[0;32mI (301) main_task: Calling app_main()[0m
This is a puf importing ... ... ...
STARTING THE INIT 
