Command: /home/alejandro/.espressif/python_env/idf6.0_py3.12_env/bin/python /home/alejandro/esp/esp-idf/tools/idf_monitor.py -p /dev/ttyUSB0 -b 115200 --toolchain-prefix xtensa-esp32-elf- --target esp32 --revision 0 /home/alejandro/esp32_projects/puf_test/build/puf_test.elf /home/alejandro/esp32_projects/puf_test/build/bootloader/bootloader.elf -m '/home/alejandro/.espressif/python_env/idf6.0_py3.12_env/bin/python' '/home/alejandro/esp/esp-idf/tools/idf.py'
init: At 3FFE0440 len 00003AE0 (14 KiB): D/IRAM
[0;32mI (261) heap_init: At 3FFE4350 len 0001BCB0 (ï¿½ets Jun  8 2016 00:22:57[0m

rst:0x1 (POWERON_RESET),boot:0x13 (SPI_FAST_FLASH_BOOT)
configsip: 0, SPIWP:0xee
clk_drv:0x00,q_drv:0x00,d_drv:0x00,cs0_drv:0x00,hd_drv:0x00,wp_drv:0x00
mode:DIO, clock div:2
load:0x3fff0030,len:6372
load:0x40078000,len:15920
ho 0 tail 12 room 4
load:0x40080400,len:3880
entry 0x40080638
[0;32mI (29) boot: ESP-IDF v6.0-dev-1489-g4e036983a7 2nd stage bootloader[0m
[0;32mI (29) boot: compile time Aug 20 2025 08:26:44[0m
[0;32mI (29) boot: Multicore bootloader[0m
[0;32mI (32) boot: chip revision: v1.0[0m
[0;32mI (35) boot.esp32: SPI Speed      : 40MHz[0m
[0;32mI (38) boot.esp32: SPI Mode       : DIO[0m
[0;32mI (42) boot.esp32: SPI Flash Size : 2MB[0m
[0;32mI (45) boot: Enabling RNG early entropy source...[0m
[0;32mI (50) boot: Partition Table:[0m
[0;32mI (52) boot: ## Label            Usage          Type ST Offset   Length[0m
[0;32mI (59) boot:  0 nvs              WiFi data        01 02 00009000 00050000[0m
[0;32mI (65) boot:  1 phy_init         RF data          01 01 00059000 00001000[0m
[0;32mI (72) boot:  2 factory          factory app      00 00 00060000 00100000[0m
[0;32mI (78) boot: End of partition table[0m
[0;32mI (82) esp_image: segment 0: paddr=00060020 vaddr=3f400020 size=0a568h ( 42344) map[0m
[0;32mI (104) esp_image: segment 1: paddr=0006a590 vaddr=3ffb0000 size=028fch ( 10492) load[0m
[0;32mI (108) esp_image: segment 2: paddr=0006ce94 vaddr=40080000 size=03184h ( 12676) load[0m
[0;32mI (114) esp_image: segment 3: paddr=00070020 vaddr=400d0020 size=14464h ( 83044) map[0m
[0;32mI (145) esp_image: segment 4: paddr=0008448c vaddr=40083184 size=0bba8h ( 48040) load[0m
[0;32mI (164) esp_image: segment 5: paddr=0009003c vaddr=400c0000 size=00038h (    56) load[0m
[0;32mI (165) esp_image: segment 6: paddr=0009007c vaddr=50000000 size=000a8h (   168) load[0m
[0;32mI (176) boot: Loaded app from partition at offset 0x60000[0m
[0;32mI (176) boot: Disabling RNG early entropy source...[0m
[0;32mI (190) cpu_start: Multicore app[0m
[0;32mI (198) cpu_start: GPIO 3 and 1 are used as console UART I/O pins[0m
[0;32mI (199) cpu_start: Pro cpu start user code[0m
[0;32mI (199) cpu_start: cpu freq: 160000000 Hz[0m
[0;32mI (201) app_init: Application information:[0m
[0;32mI (204) app_init: Project name:     puf_test[0m
[0;32mI (208) app_init: App version:      8bab072-dirty[0m
[0;32mI (213) app_init: Compile time:     Aug 20 2025 08:26:37[0m
[0;32mI (218) app_init: ELF file SHA256:  4c2e8007b...[0m
[0;32mI (222) app_init: ESP-IDF:          v6.0-dev-1489-g4e036983a7[0m
[0;32mI (228) efuse_init: Min chip rev:     v0.0[0m
[0;32mI (231) efuse_init: Max chip rev:     v3.99 [0m
[0;32mI (235) efuse_init: Chip rev:         v1.0[0m
[0;32mI (240) heap_init: Initializing. RAM available for dynamic allocation:[0m
[0;32mI (246) heap_init: At 3FFAE6E0 len 00001920 (6 KiB): DRAM[0m
[0;32mI (251) heap_init: At 3FFB4220 len 0002BDE0 (175 KiB): DRAM[0m
[0;32mI (256) heap_init: At 3FFE0440 len 00003AE0 (14 KiB): D/IRAM[0m
[0;32mI (261) heap_init: At 3FFE4350 len 0001BCB0 (111 KiB): D/IRAM[0m
[0;32mI (267) heap_init: At 4008ED2C len 000112D4 (68 KiB): IRAM[0m
[0;32mI (274) spi_flash: detected chip: generic[0m
[0;32mI (276) spi_flash: flash io: dio[0m
[0;33mW (279) spi_flash: Detected size(4096k) larger than the size in the binary image header(2048k). Using the size in the binary image header.[0m
[0;32mI (292) main_task: Started on CPU0[0m
[0;32mI (302) main_task: Calling app_main()[0m
This is a puf importing ... ... ...
STARTING THE INIT 
END THE INIT 

STARTING THE ENROLL 
STARTING PROVISIONING
ets Jun  8 2016 00:22:57

rst:0x5 (DEEPSLEEP_RESET),boot:0x13 (SPI_FAST_FLASH_BOOT)
configsip: 0, SPIWP:0xee
clk_drv:0x00,q_drv:0x00,d_drv:0x00,cs0_drv:0x00,hd_drv:0x00,wp_drv:0x00
mode:DIO, clock div:2
load:0x3fff0030,len:6372
load:0x40078000,len:15920
ho 0 tail 12 room 4
load:0x40080400,len:3880
entry 0x40080638
[0;32mI (29) boot: ESP-IDF v6.0-dev-1489-g4e036983a7 2nd stage bootloader[0m
[0;32mI (29) boot: compile time Aug 20 2025 08:26:44[0m
[0;32mI (29) boot: Multicore bootloader[0m
[0;32mI (32) boot: chip revision: v1.0[0m
[0;32mI (35) boot.esp32: SPI Speed      : 40MHz[0m
[0;32mI (39) boot.esp32: SPI Mode       : DIO[0m
[0;32mI (42) boot.esp32: SPI Flash Size : 2MB[0m
[0;32mI (46) boot: Enabling RNG early entropy source...[0m
[0;32mI (50) boot: Partition Table:[0m
[0;32mI (53) boot: ## Label            Usage          Type ST Offset   Length[0m
[0;32mI (59) boot:  0 nvs              WiFi data        01 02 00009000 00050000[0m
[0;32mI (66) boot:  1 phy_init         RF data          01 01 00059000 00001000[0m
[0;32mI (72) boot:  2 factory          factory app      00 00 00060000 00100000[0m
[0;32mI (79) boot: End of partition table[0m
[0;32mI (82) esp_image: segment 0: paddr=00060020 vaddr=3f400020 size=0a568h ( 42344) map[0m
[0;32mI (105) esp_image: segment 1: paddr=0006a590 vaddr=3ffb0000 size=028fch ( 10492) load[0m
[0;32mI (109) esp_image: segment 2: paddr=0006ce94 vaddr=40080000 size=03184h ( 12676) load[0m
[0;32mI (114) esp_image: segment 3: paddr=00070020 vaddr=400d0020 size=14464h ( 83044) map[0m
[0;32mI (146) esp_image: segment 4: paddr=0008448c vaddr=40083184 size=0bba8h ( 48040) load[0m
[0;32mI (165) esp_image: segment 5: paddr=0009003c vaddr=400c0000 size=00038h (    56) [0m
[0;32mI (165) esp_image: segment 6: paddr=0009007c vaddr=50000000 size=000a8h (   168) [0m
[0;32mI (176) boot: Loaded app from partition at offset 0x60000[0m
[0;32mI (176) boot: Disabling RNG early entropy source...[0m
[0;32mI (190) cpu_start: Multicore app[0m
[0;32mI (198) cpu_start: GPIO 3 and 1 are used as console UART I/O pins[0m
[0;32mI (199) cpu_start: Pro cpu start user code[0m
[0;32mI (199) cpu_start: cpu freq: 160000000 Hz[0m
[0;32mI (200) app_init: Application information:[0m
[0;32mI (204) app_init: Project name:     puf_test[0m
[0;32mI (208) app_init: App version:      8bab072-dirty[0m
[0;32mI (213) app_init: Compile time:     Aug 20 2025 08:26:37[0m
[0;32mI (218) app_init: ELF file SHA256:  4c2e8007b...[0m
[0;32mI (222) app_init: ESP-IDF:          v6.0-dev-1489-g4e036983a7[0m
[0;32mI (228) efuse_init: Min chip rev:     v0.0[0m
[0;32mI (231) efuse_init: Max chip rev:     v3.99 [0m
[0;32mI (235) efuse_init: Chip rev:         v1.0[0m
[0;32mI (239) heap_init: Initializing. RAM available for dynamic allocation:[0m
[0;32mI (246) heap_init: At 3FFAE6E0 len 00001920 (6 KiB): DRAM[0m
[0;32mI (251) heap_init: At 3FFB4220 len 0002BDE0 (175 KiB): DRAM[0m
[0;32mI (256) heap_init: At 3FFE0440 len 00003AE0 (14 KiB): D/IRAM[0m
[0;32mI (261) heap_init: At 3FFE4350 len 0001BCB0 (111 KiB): D/IRAM[0m
[0;32mI (267) heap_init: At 4008ED2C len 000112D4 (68 KiB): IRAM[0m
[0;32mI (273) spi_flash: detected chip: generic[0m
[0;32mI (276) spi_flash: flash io: dio[0m
[0;33mW (279) spi_flash: Detected size(4096k) larger than the size in the binary image header(2048k). Using the size in the binary image header.[0m
[0;32mI (291) main_task: Started on CPU0[0m
[0;32mI (301) main_task: Calling app_main()[0m
This is a puf importing ... ... ...
STARTING THE INIT 
ets Jun  8 2016 00:22:57

rst:0x5 (DEEPSLEEP_RESET),boot:0x13 (SPI_FAST_FLASH_BOOT)
configsip: 0, SPIWP:0xee
clk_drv:0x00,q_drv:0x00,d_drv:0x00,cs0_drv:0x00,hd_drv:0x00,wp_drv:0x00
mode:DIO, clock div:2
load:0x3fff0030,len:6372
load:0x40078000,len:15920
ho 0 tail 12 room 4
load:0x40080400,len:3880
entry 0x40080638
[0;32mI (29) boot: ESP-IDF v6.0-dev-1489-g4e036983a7 2nd stage bootloader[0m
[0;32mI (29) boot: compile time Aug 20 2025 08:26:44[0m
[0;32mI (29) boot: Multicore bootloader[0m
[0;32mI (32) boot: chip revision: v1.0[0m
[0;32mI (35) boot.esp32: SPI Speed      : 40MHz[0m
[0;32mI (39) boot.esp32: SPI Mode       : DIO[0m
[0;32mI (42) boot.esp32: SPI Flash Size : 2MB[0m
[0;32mI (46) boot: Enabling RNG early entropy source...[0m
[0;32mI (50) boot: Partition Table:[0m
[0;32mI (53) boot: ## Label            Usage          Type ST Offset   Length[0m
[0;32mI (59) boot:  0 nvs              WiFi data        01 02 00009000 00050000[0m
[0;32mI (66) boot:  1 phy_init         RF data          01 01 00059000 00001000[0m
[0;32mI (72) boot:  2 factory          factory app      00 00 00060000 00100000[0m
[0;32mI (79) boot: End of partition table[0m
[0;32mI (82) esp_image: segment 0: paddr=00060020 vaddr=3f400020 size=0a568h ( 42344) map[0m
[0;32mI (105) esp_image: segment 1: paddr=0006a590 vaddr=3ffb0000 size=028fch ( 10492) load[0m
[0;32mI (109) esp_image: segment 2: paddr=0006ce94 vaddr=40080000 size=03184h ( 12676) load[0m
[0;32mI (114) esp_image: segment 3: paddr=00070020 vaddr=400d0020 size=14464h ( 83044) map[0m
[0;32mI (146) esp_image: segment 4: paddr=0008448c vaddr=40083184 size=0bba8h ( 48040) load[0m
[0;32mI (165) esp_image: segment 5: paddr=0009003c vaddr=400c0000 size=00038h (    56) [0m
[0;32mI (165) esp_image: segment 6: paddr=0009007c vaddr=50000000 size=000a8h (   168) [0m
[0;32mI (176) boot: Loaded app from partition at offset 0x60000[0m
[0;32mI (176) boot: Disabling RNG early entropy source...[0m
[0;32mI (190) cpu_start: Multicore app[0m
[0;32mI (198) cpu_start: GPIO 3 and 1 are used as console UART I/O pins[0m
[0;32mI (199) cpu_start: Pro cpu start user code[0m
[0;32mI (199) cpu_start: cpu freq: 160000000 Hz[0m
[0;32mI (200) app_init: Application information:[0m
[0;32mI (204) app_init: Project name:     puf_test[0m
[0;32mI (208) app_init: App version:      8bab072-dirty[0m
[0;32mI (213) app_init: Compile time:     Aug 20 2025 08:26:37[0m
[0;32mI (218) app_init: ELF file SHA256:  4c2e8007b...[0m
[0;32mI (222) app_init: ESP-IDF:          v6.0-dev-1489-g4e036983a7[0m
[0;32mI (227) efuse_init: Min chip rev:     v0.0[0m
[0;32mI (231) efuse_init: Max chip rev:     v3.99 [0m
[0;32mI (235) efuse_init: Chip rev:         v1.0[0m
[0;32mI (239) heap_init: Initializing. RAM available for dynamic allocation:[0m
[0;32mI (246) heap_init: At 3FFAE6E0 len 00001920 (6 KiB): DRAM[0m
[0;32mI (251) heap_init: At 3FFB4220 len 0002BDE0 (175 KiB): DRAM[0m
[0;32mI (256) heap_init: At 3FFE0440 len 00003AE0 (14 KiB): D/IRAM[0m
[0;32mI (261) heap_init: At 3FFE4350 len 0001BCB0 (111 KiB): D/IRAM[0m
[0;32mI (267) heap_init: At 4008ED2C len 000112D4 (68 KiB): IRAM[0m
[0;32mI (273) spi_flash: detected chip: generic[0m
[0;32mI (276) spi_flash: flash io: dio[0m
[0;33mW (279) spi_flash: Detected size(4096k) larger than the size in the binary image header(2048k). Using the size in the binary image header.[0m
[0;32mI (291) main_task: Started on CPU0[0m
[0;32mI (301) main_task: Calling app_main()[0m
This is a puf importing ... ... ...
STARTING THE INIT 
ets Jun  8 2016 00:22:57

rst:0x5 (DEEPSLEEP_RESET),boot:0x13 (SPI_FAST_FLASH_BOOT)
configsip: 0, SPIWP:0xee
clk_drv:0x00,q_drv:0x00,d_drv:0x00,cs0_drv:0x00,hd_drv:0x00,wp_drv:0x00
mode:DIO, clock div:2
load:0x3fff0030,len:6372
load:0x40078000,len:15920
ho 0 tail 12 room 4
load:0x40080400,len:3880
entry 0x40080638
[0;32mI (29) boot: ESP-IDF v6.0-dev-1489-g4e036983a7 2nd stage bootloader[0m
[0;32mI (29) boot: compile time Aug 20 2025 08:26:44[0m
[0;32mI (29) boot: Multicore bootloader[0m
[0;32mI (32) boot: chip revision: v1.0[0m
[0;32mI (35) boot.esp32: SPI Speed      : 40MHz[0m
[0;32mI (39) boot.esp32: SPI Mode       : DIO[0m
[0;32mI (42) boot.esp32: SPI Flash Size : 2MB[0m
[0;32mI (46) boot: Enabling RNG early entropy source...[0m
[0;32mI (50) boot: Partition Table:[0m
[0;32mI (53) boot: ## Label            Usage          Type ST Offset   Length[0m
[0;32mI (59) boot:  0 nvs              WiFi data        01 02 00009000 00050000[0m
[0;32mI (66) boot:  1 phy_init         RF data          01 01 00059000 00001000[0m
[0;32mI (72) boot:  2 factory          factory app      00 00 00060000 00100000[0m
[0;32mI (79) boot: End of partition table[0m
[0;32mI (82) esp_image: segment 0: paddr=00060020 vaddr=3f400020 size=0a568h ( 42344) map[0m
[0;32mI (105) esp_image: segment 1: paddr=0006a590 vaddr=3ffb0000 size=028fch ( 10492) load[0m
[0;32mI (109) esp_image: segment 2: paddr=0006ce94 vaddr=40080000 size=03184h ( 12676) load[0m
[0;32mI (114) esp_image: segment 3: paddr=00070020 vaddr=400d0020 size=14464h ( 83044) map[0m
[0;32mI (146) esp_image: segment 4: paddr=0008448c vaddr=40083184 size=0bba8h ( 48040) load[0m
[0;32mI (165) esp_image: segment 5: paddr=0009003c vaddr=400c0000 size=00038h (    56) [0m
[0;32mI (165) esp_image: segment 6: paddr=0009007c vaddr=50000000 size=000a8h (   168) [0m
[0;32mI (176) boot: Loaded app from partition at offset 0x60000[0m
[0;32mI (176) boot: Disabling RNG early entropy source...[0m
[0;32mI (190) cpu_start: Multicore app[0m
[0;32mI (198) cpu_start: GPIO 3 and 1 are used as console UART I/O pins[0m
[0;32mI (199) cpu_start: Pro cpu start user code[0m
[0;32mI (199) cpu_start: cpu freq: 160000000 Hz[0m
[0;32mI (200) app_init: Application information:[0m
[0;32mI (204) app_init: Project name:     puf_test[0m
[0;32mI (208) app_init: App version:      8bab072-dirty[0m
[0;32mI (213) app_init: Compile time:     Aug 20 2025 08:26:37[0m
[0;32mI (218) app_init: ELF file SHA256:  4c2e8007b...[0m
[0;32mI (222) app_init: ESP-IDF:          v6.0-dev-1489-g4e036983a7[0m
[0;32mI (228) efuse_init: Min chip rev:     v0.0[0m
[0;32mI (231) efuse_init: Max chip rev:     v3.99 [0m
[0;32mI (235) efuse_init: Chip rev:         v1.0[0m
[0;32mI (239) heap_init: Initializing. RAM available for dynamic allocation:[0m
[0;32mI (246) heap_init: At 3FFAE6E0 len 00001920 (6 KiB): DRAM[0m
[0;32mI (251) heap_init: At 3FFB4220 len 0002BDE0 (175 KiB): DRAM[0m
[0;32mI (256) heap_init: At 3FFE0440 len 00003AE0 (14 KiB): D/IRAM[0m
[0;32mI (261) heap_init: At 3FFE4350 len 0001BCB0 (111 KiB): D/IRAM[0m
[0;32mI (267) heap_init: At 4008ED2C len 000112D4 (68 KiB): IRAM[0m
[0;32mI (273) spi_flash: detected chip: generic[0m
[0;32mI (276) spi_flash: flash io: dio[0m
[0;33mW (279) spi_flash: Detected size(4096k) larger than the size in the binary image header(2048k). Using the size in the binary image header.[0m
[0;32mI (291) main_task: Started on CPU0[0m
[0;32mI (301) main_task: Calling app_main()[0m
This is a puf importing ... ... ...
STARTING THE INIT 
ets Jun  8 2016 00:22:57

rst:0x5 (DEEPSLEEP_RESET),boot:0x13 (SPI_FAST_FLASH_BOOT)
configsip: 0, SPIWP:0xee
clk_drv:0x00,q_drv:0x00,d_drv:0x00,cs0_drv:0x00,hd_drv:0x00,wp_drv:0x00
mode:DIO, clock div:2
load:0x3fff0030,len:6372
load:0x40078000,len:15920
ho 0 tail 12 room 4
load:0x40080400,len:3880
entry 0x40080638
[0;32mI (29) boot: ESP-IDF v6.0-dev-1489-g4e036983a7 2nd stage bootloader[0m
[0;32mI (29) boot: compile time Aug 20 2025 08:26:44[0m
[0;32mI (29) boot: Multicore bootloader[0m
[0;32mI (32) boot: chip revision: v1.0[0m
[0;32mI (35) boot.esp32: SPI Speed      : 40MHz[0m
[0;32mI (39) boot.esp32: SPI Mode       : DIO[0m
[0;32mI (42) boot.esp32: SPI Flash Size : 2MB[0m
[0;32mI (46) boot: Enabling RNG early entropy source...[0m
[0;32mI (50) boot: Partition Table:[0m
[0;32mI (53) boot: ## Label            Usage          Type ST Offset   Length[0m
[0;32mI (59) boot:  0 nvs              WiFi data        01 02 00009000 00050000[0m
[0;32mI (66) boot:  1 phy_init         RF data          01 01 00059000 00001000[0m
[0;32mI (72) boot:  2 factory          factory app      00 00 00060000 00100000[0m
[0;32mI (79) boot: End of partition table[0m
[0;32mI (82) esp_image: segment 0: paddr=00060020 vaddr=3f400020 size=0a568h ( 42344) map[0m
[0;32mI (105) esp_image: segment 1: paddr=0006a590 vaddr=3ffb0000 size=028fch ( 10492) load[0m
[0;32mI (109) esp_image: segment 2: paddr=0006ce94 vaddr=40080000 size=03184h ( 12676) load[0m
[0;32mI (114) esp_image: segment 3: paddr=00070020 vaddr=400d0020 size=14464h ( 83044) map[0m
[0;32mI (146) esp_image: segment 4: paddr=0008448c vaddr=40083184 size=0bba8h ( 48040) load[0m
[0;32mI (165) esp_image: segment 5: paddr=0009003c vaddr=400c0000 size=00038h (    56) [0m
[0;32mI (165) esp_image: segment 6: paddr=0009007c vaddr=50000000 size=000a8h (   168) [0m
[0;32mI (176) boot: Loaded app from partition at offset 0x60000[0m
[0;32mI (176) boot: Disabling RNG early entropy source...[0m
[0;32mI (190) cpu_start: Multicore app[0m
[0;32mI (198) cpu_start: GPIO 3 and 1 are used as console UART I/O pins[0m
[0;32mI (199) cpu_start: Pro cpu start user code[0m
[0;32mI (199) cpu_start: cpu freq: 160000000 Hz[0m
[0;32mI (200) app_init: Application information:[0m
[0;32mI (204) app_init: Project name:     puf_test[0m
[0;32mI (208) app_init: App version:      8bab072-dirty[0m
[0;32mI (213) app_init: Compile time:     Aug 20 2025 08:26:37[0m
[0;32mI (218) app_init: ELF file SHA256:  4c2e8007b...[0m
[0;32mI (222) app_init: ESP-IDF:          v6.0-dev-1489-g4e036983a7[0m
[0;32mI (228) efuse_init: Min chip rev:     v0.0[0m
[0;32mI (231) efuse_init: Max chip rev:     v3.99 [0m
[0;32mI (235) efuse_init: Chip rev:         v1.0[0m
[0;32mI (239) heap_init: Initializing. RAM available for dynamic allocation:[0m
[0;32mI (246) heap_init: At 3FFAE6E0 len 00001920 (6 KiB): DRAM[0m
[0;32mI (251) heap_init: At 3FFB4220 len 0002BDE0 (175 KiB): DRAM[0m
[0;32mI (256) heap_init: At 3FFE0440 len 00003AE0 (14 KiB): D/IRAM[0m
[0;32mI (261) heap_init: At 3FFE4350 len 0001BCB0 (111 KiB): D/IRAM[0m
[0;32mI (267) heap_init: At 4008ED2C len 000112D4 (68 KiB): IRAM[0m
[0;32mI (273) spi_flash: detected chip: generic[0m
[0;32mI (276) spi_flash: flash io: dio[0m
[0;33mW (279) spi_flash: Detected size(4096k) larger than the size in the binary image header(2048k). Using the size in the binary image header.[0m
[0;32mI (291) main_task: Started on CPU0[0m
[0;32mI (301) main_task: Calling app_main()[0m
This is a puf importing ... ... ...
STARTING THE INIT 
ets Jun  8 2016 00:22:57

rst:0x5 (DEEPSLEEP_RESET),boot:0x13 (SPI_FAST_FLASH_BOOT)
configsip: 0, SPIWP:0xee
clk_drv:0x00,q_drv:0x00,d_drv:0x00,cs0_drv:0x00,hd_drv:0x00,wp_drv:0x00
mode:DIO, clock div:2
load:0x3fff0030,len:6372
load:0x40078000,len:15920
ho 0 tail 12 room 4
load:0x40080400,len:3880
entry 0x40080638
[0;32mI (29) boot: ESP-IDF v6.0-dev-1489-g4e036983a7 2nd stage bootloader[0m
[0;32mI (29) boot: compile time Aug 20 2025 08:26:44[0m
[0;32mI (29) boot: Multicore bootloader[0m
[0;32mI (32) boot: chip revision: v1.0[0m
[0;32mI (35) boot.esp32: SPI Speed      : 40MHz[0m
[0;32mI (39) boot.esp32: SPI Mode       : DIO[0m
[0;32mI (42) boot.esp32: SPI Flash Size : 2MB[0m
[0;32mI (46) boot: Enabling RNG early entropy source...[0m
[0;32mI (50) boot: Partition Table:[0m
[0;32mI (53) boot: ## Label            Usage          Type ST Offset   Length[0m
[0;32mI (59) boot:  0 nvs              WiFi data        01 02 00009000 00050000[0m
[0;32mI (66) boot:  1 phy_init         RF data          01 01 00059000 00001000[0m
[0;32mI (72) boot:  2 factory          factory app      00 00 00060000 00100000[0m
[0;32mI (79) boot: End of partition table[0m
[0;32mI (82) esp_image: segment 0: paddr=00060020 vaddr=3f400020 size=0a568h ( 42344) map[0m
[0;32mI (105) esp_image: segment 1: paddr=0006a590 vaddr=3ffb0000 size=028fch ( 10492) load[0m
[0;32mI (109) esp_image: segment 2: paddr=0006ce94 vaddr=40080000 size=03184h ( 12676) load[0m
[0;32mI (114) esp_image: segment 3: paddr=00070020 vaddr=400d0020 size=14464h ( 83044) map[0m
[0;32mI (146) esp_image: segment 4: paddr=0008448c vaddr=40083184 size=0bba8h ( 48040) load[0m
[0;32mI (165) esp_image: segment 5: paddr=0009003c vaddr=400c0000 size=00038h (    56) [0m
[0;32mI (165) esp_image: segment 6: paddr=0009007c vaddr=50000000 size=000a8h (   168) [0m
[0;32mI (176) boot: Loaded app from partition at offset 0x60000[0m
[0;32mI (176) boot: Disabling RNG early entropy source...[0m
[0;32mI (190) cpu_start: Multicore app[0m
[0;32mI (198) cpu_start: GPIO 3 and 1 are used as console UART I/O pins[0m
[0;32mI (199) cpu_start: Pro cpu start user code[0m
[0;32mI (199) cpu_start: cpu freq: 160000000 Hz[0m
[0;32mI (200) app_init: Application information:[0m
[0;32mI (204) app_init: Project name:     puf_test[0m
[0;32mI (208) app_init: App version:      8bab072-dirty[0m
[0;32mI (213) app_init: Compile time:     Aug 20 2025 08:26:37[0m
[0;32mI (218) app_init: ELF file SHA256:  4c2e8007b...[0m
[0;32mI (222) app_init: ESP-IDF:          v6.0-dev-1489-g4e036983a7[0m
[0;32mI (227) efuse_init: Min chip rev:     v0.0[0m
[0;32mI (231) efuse_init: Max chip rev:     v3.99 [0m
[0;32mI (235) efuse_init: Chip rev:         v1.0[0m
[0;32mI (239) heap_init: Initializing. RAM available for dynamic allocation:[0m
[0;32mI (246) heap_init: At 3FFAE6E0 len 00001920 (6 KiB): DRAM[0m
[0;32mI (251) heap_init: At 3FFB4220 len 0002BDE0 (175 KiB): DRAM[0m
[0;32mI (256) heap_init: At 3FFE0440 len 00003AE0 (14 KiB): D/IRAM[0m
[0;32mI (261) heap_init: At 3FFE4350 len 0001BCB0 (111 KiB): D/IRAM[0m
[0;32mI (267) heap_init: At 4008ED2C len 000112D4 (68 KiB): IRAM[0m
[0;32mI (273) spi_flash: detected chip: generic[0m
[0;32mI (276) spi_flash: flash io: dio[0m
[0;33mW (279) spi_flash: Detected size(4096k) larger than the size in the binary image header(2048k). Using the size in the binary image header.[0m
[0;32mI (291) main_task: Started on CPU0[0m
[0;32mI (301) main_task: Calling app_main()[0m
This is a puf importing ... ... ...
STARTING THE INIT 
ets Jun  8 2016 00:22:57

rst:0x5 (DEEPSLEEP_RESET),boot:0x13 (SPI_FAST_FLASH_BOOT)
configsip: 0, SPIWP:0xee
clk_drv:0x00,q_drv:0x00,d_drv:0x00,cs0_drv:0x00,hd_drv:0x00,wp_drv:0x00
mode:DIO, clock div:2
load:0x3fff0030,len:6372
load:0x40078000,len:15920
ho 0 tail 12 room 4
load:0x40080400,len:3880
entry 0x40080638
[0;32mI (29) boot: ESP-IDF v6.0-dev-1489-g4e036983a7 2nd stage bootloader[0m
[0;32mI (29) boot: compile time Aug 20 2025 08:26:44[0m
[0;32mI (29) boot: Multicore bootloader[0m
[0;32mI (32) boot: chip revision: v1.0[0m
[0;32mI (35) boot.esp32: SPI Speed      : 40MHz[0m
[0;32mI (39) boot.esp32: SPI Mode       : DIO[0m
[0;32mI (42) boot.esp32: SPI Flash Size : 2MB[0m
[0;32mI (46) boot: Enabling RNG early entropy source...[0m
[0;32mI (50) boot: Partition Table:[0m
[0;32mI (53) boot: ## Label            Usage          Type ST Offset   Length[0m
[0;32mI (59) boot:  0 nvs              WiFi data        01 02 00009000 00050000[0m
[0;32mI (66) boot:  1 phy_init         RF data          01 01 00059000 00001000[0m
[0;32mI (72) boot:  2 factory          factory app      00 00 00060000 00100000[0m
[0;32mI (79) boot: End of partition table[0m
[0;32mI (82) esp_image: segment 0: paddr=00060020 vaddr=3f400020 size=0a568h ( 42344) map[0m
[0;32mI (105) esp_image: segment 1: paddr=0006a590 vaddr=3ffb0000 size=028fch ( 10492) load[0m
[0;32mI (109) esp_image: segment 2: paddr=0006ce94 vaddr=40080000 size=03184h ( 12676) load[0m
[0;32mI (114) esp_image: segment 3: paddr=00070020 vaddr=400d0020 size=14464h ( 83044) map[0m
[0;32mI (146) esp_image: segment 4: paddr=0008448c vaddr=40083184 size=0bba8h ( 48040) load[0m
[0;32mI (165) esp_image: segment 5: paddr=0009003c vaddr=400c0000 size=00038h (    56) [0m
[0;32mI (165) esp_image: segment 6: paddr=0009007c vaddr=50000000 size=000a8h (   168) [0m
[0;32mI (176) boot: Loaded app from partition at offset 0x60000[0m
[0;32mI (176) boot: Disabling RNG early entropy source...[0m
[0;32mI (190) cpu_start: Multicore app[0m
[0;32mI (198) cpu_start: GPIO 3 and 1 are used as console UART I/O pins[0m
[0;32mI (199) cpu_start: Pro cpu start user code[0m
[0;32mI (199) cpu_start: cpu freq: 160000000 Hz[0m
[0;32mI (200) app_init: Application information:[0m
[0;32mI (204) app_init: Project name:     puf_test[0m
[0;32mI (208) app_init: App version:      8bab072-dirty[0m
[0;32mI (213) app_init: Compile time:     Aug 20 2025 08:26:37[0m
[0;32mI (218) app_init: ELF file SHA256:  4c2e8007b...[0m
[0;32mI (222) app_init: ESP-IDF:          v6.0-dev-1489-g4e036983a7[0m
[0;32mI (228) efuse_init: Min chip rev:     v0.0[0m
[0;32mI (231) efuse_init: Max chip rev:     v3.99 [0m
[0;32mI (235) efuse_init: Chip rev:         v1.0[0m
[0;32mI (239) heap_init: Initializing. RAM available for dynamic allocation:[0m
[0;32mI (246) heap_init: At 3FFAE6E0 len 00001920 (6 KiB): DRAM[0m
[0;32mI (251) heap_init: At 3FFB4220 len 0002BDE0 (175 KiB): DRAM[0m
[0;32mI (256) heap_init: At 3FFE0440 len 00003AE0 (14 KiB): D/IRAM[0m
[0;32mI (261) heap_init: At 3FFE4350 len 0001BCB0 (111 KiB): D/IRAM[0m
[0;32mI (267) heap_init: At 4008ED2C len 000112D4 (68 KiB): IRAM[0m
[0;32mI (273) spi_flash: detected chip: generic[0m
[0;32mI (276) spi_flash: flash io: dio[0m
[0;33mW (279) spi_flash: Detected size(4096k) larger than the size in the binary image header(2048k). Using the size in the binary image header.[0m
[0;32mI (291) main_task: Started on CPU0[0m
[0;32mI (301) main_task: Calling app_main()[0m
This is a puf importing ... ... ...
STARTING THE INIT 
ets Jun  8 2016 00:22:57

rst:0x5 (DEEPSLEEP_RESET),boot:0x13 (SPI_FAST_FLASH_BOOT)
configsip: 0, SPIWP:0xee
clk_drv:0x00,q_drv:0x00,d_drv:0x00,cs0_drv:0x00,hd_drv:0x00,wp_drv:0x00
mode:DIO, clock div:2
load:0x3fff0030,len:6372
load:0x40078000,len:15920
ho 0 tail 12 room 4
load:0x40080400,len:3880
entry 0x40080638
[0;32mI (29) boot: ESP-IDF v6.0-dev-1489-g4e036983a7 2nd stage bootloader[0m
[0;32mI (29) boot: compile time Aug 20 2025 08:26:44[0m
[0;32mI (29) boot: Multicore bootloader[0m
[0;32mI (32) boot: chip revision: v1.0[0m
[0;32mI (35) boot.esp32: SPI Speed      : 40MHz[0m
[0;32mI (39) boot.esp32: SPI Mode       : DIO[0m
[0;32mI (42) boot.esp32: SPI Flash Size : 2MB[0m
[0;32mI (46) boot: Enabling RNG early entropy source...[0m
[0;32mI (50) boot: Partition Table:[0m
[0;32mI (53) boot: ## Label            Usage          Type ST Offset   Length[0m
[0;32mI (59) boot:  0 nvs              WiFi data        01 02 00009000 00050000[0m
[0;32mI (66) boot:  1 phy_init         RF data          01 01 00059000 00001000[0m
[0;32mI (72) boot:  2 factory          factory app      00 00 00060000 00100000[0m
[0;32mI (79) boot: End of partition table[0m
[0;32mI (82) esp_image: segment 0: paddr=00060020 vaddr=3f400020 size=0a568h ( 42344) map[0m
[0;32mI (105) esp_image: segment 1: paddr=0006a590 vaddr=3ffb0000 size=028fch ( 10492) load[0m
[0;32mI (109) esp_image: segment 2: paddr=0006ce94 vaddr=40080000 size=03184h ( 12676) load[0m
[0;32mI (114) esp_image: segment 3: paddr=00070020 vaddr=400d0020 size=14464h ( 83044) map[0m
[0;32mI (146) esp_image: segment 4: paddr=0008448c vaddr=40083184 size=0bba8h ( 48040) load[0m
[0;32mI (165) esp_image: segment 5: paddr=0009003c vaddr=400c0000 size=00038h (    56) [0m
[0;32mI (165) esp_image: segment 6: paddr=0009007c vaddr=50000000 size=000a8h (   168) [0m
[0;32mI (176) boot: Loaded app from partition at offset 0x60000[0m
[0;32mI (176) boot: Disabling RNG early entropy source...[0m
[0;32mI (190) cpu_start: Multicore app[0m
[0;32mI (198) cpu_start: GPIO 3 and 1 are used as console UART I/O pins[0m
[0;32mI (199) cpu_start: Pro cpu start user code[0m
[0;32mI (199) cpu_start: cpu freq: 160000000 Hz[0m
[0;32mI (200) app_init: Application information:[0m
[0;32mI (204) app_init: Project name:     puf_test[0m
[0;32mI (208) app_init: App version:      8bab072-dirty[0m
[0;32mI (213) app_init: Compile time:     Aug 20 2025 08:26:37[0m
[0;32mI (218) app_init: ELF file SHA256:  4c2e8007b...[0m
[0;32mI (222) app_init: ESP-IDF:          v6.0-dev-1489-g4e036983a7[0m
[0;32mI (228) efuse_init: Min chip rev:     v0.0[0m
[0;32mI (231) efuse_init: Max chip rev:     v3.99 [0m
[0;32mI (235) efuse_init: Chip rev:         v1.0[0m
[0;32mI (239) heap_init: Initializing. RAM available for dynamic allocation:[0m
[0;32mI (246) heap_init: At 3FFAE6E0 len 00001920 (6 KiB): DRAM[0m
[0;32mI (251) heap_init: At 3FFB4220 len 0002BDE0 (175 KiB): DRAM[0m
[0;32mI (256) heap_init: At 3FFE0440 len 00003AE0 (14 KiB): D/IRAM[0m
[0;32mI (261) heap_init: At 3FFE4350 len 0001BCB0 (111 KiB): D/IRAM[0m
[0;32mI (267) heap_init: At 4008ED2C len 000112D4 (68 KiB): IRAM[0m
[0;32mI (273) spi_flash: detected chip: generic[0m
[0;32mI (276) spi_flash: flash io: dio[0m
[0;33mW (279) spi_flash: Detected size(4096k) larger than the size in the binary image header(2048k). Using the size in the binary image header.[0m
[0;32mI (291) main_task: Started on CPU0[0m
[0;32mI (301) main_task: Calling app_main()[0m
This is a puf importing ... ... ...
STARTING THE INIT 
ets Jun  8 2016 00:22:57

rst:0x5 (DEEPSLEEP_RESET),boot:0x13 (SPI_FAST_FLASH_BOOT)
configsip: 0, SPIWP:0xee
clk_drv:0x00,q_drv:0x00,d_drv:0x00,cs0_drv:0x00,hd_drv:0x00,wp_drv:0x00
mode:DIO, clock div:2
load:0x3fff0030,len:6372
load:0x40078000,len:15920
ho 0 tail 12 room 4
load:0x40080400,len:3880
entry 0x40080638
[0;32mI (29) boot: ESP-IDF v6.0-dev-1489-g4e036983a7 2nd stage bootloader[0m
[0;32mI (29) boot: compile time Aug 20 2025 08:26:44[0m
[0;32mI (29) boot: Multicore bootloader[0m
[0;32mI (32) boot: chip revision: v1.0[0m
[0;32mI (35) boot.esp32: SPI Speed      : 40MHz[0m
[0;32mI (39) boot.esp32: SPI Mode       : DIO[0m
[0;32mI (42) boot.esp32: SPI Flash Size : 2MB[0m
[0;32mI (46) boot: Enabling RNG early entropy source...[0m
[0;32mI (50) boot: Partition Table:[0m
[0;32mI (53) boot: ## Label            Usage          Type ST Offset   Length[0m
[0;32mI (59) boot:  0 nvs              WiFi data        01 02 00009000 00050000[0m
[0;32mI (66) boot:  1 phy_init         RF data          01 01 00059000 00001000[0m
[0;32mI (72) boot:  2 factory          factory app      00 00 00060000 00100000[0m
[0;32mI (79) boot: End of partition table[0m
[0;32mI (82) esp_image: segment 0: paddr=00060020 vaddr=3f400020 size=0a568h ( 42344) map[0m
[0;32mI (105) esp_image: segment 1: paddr=0006a590 vaddr=3ffb0000 size=028fch ( 10492) load[0m
[0;32mI (109) esp_image: segment 2: paddr=0006ce94 vaddr=40080000 size=03184h ( 12676) load[0m
[0;32mI (114) esp_image: segment 3: paddr=00070020 vaddr=400d0020 size=14464h ( 83044) map[0m
[0;32mI (146) esp_image: segment 4: paddr=0008448c vaddr=40083184 size=0bba8h ( 48040) load[0m
[0;32mI (165) esp_image: segment 5: paddr=0009003c vaddr=400c0000 size=00038h (    56) [0m
[0;32mI (165) esp_image: segment 6: paddr=0009007c vaddr=50000000 size=000a8h (   168) [0m
[0;32mI (176) boot: Loaded app from partition at offset 0x60000[0m
[0;32mI (176) boot: Disabling RNG early entropy source...[0m
[0;32mI (190) cpu_start: Multicore app[0m
[0;32mI (198) cpu_start: GPIO 3 and 1 are used as console UART I/O pins[0m
[0;32mI (199) cpu_start: Pro cpu start user code[0m
[0;32mI (199) cpu_start: cpu freq: 160000000 Hz[0m
[0;32mI (200) app_init: Application information:[0m
[0;32mI (204) app_init: Project name:     puf_test[0m
[0;32mI (208) app_init: App version:      8bab072-dirty[0m
[0;32mI (213) app_init: Compile time:     Aug 20 2025 08:26:37[0m
[0;32mI (218) app_init: ELF file SHA256:  4c2e8007b...[0m
[0;32mI (222) app_init: ESP-IDF:          v6.0-dev-1489-g4e036983a7[0m
[0;32mI (228) efuse_init: Min chip rev:     v0.0[0m
[0;32mI (231) efuse_init: Max chip rev:     v3.99 [0m
[0;32mI (235) efuse_init: Chip rev:         v1.0[0m
[0;32mI (239) heap_init: Initializing. RAM available for dynamic allocation:[0m
[0;32mI (246) heap_init: At 3FFAE6E0 len 00001920 (6 KiB): DRAM[0m
[0;32mI (251) heap_init: At 3FFB4220 len 0002BDE0 (175 KiB): DRAM[0m
[0;32mI (256) heap_init: At 3FFE0440 len 00003AE0 (14 KiB): D/IRAM[0m
[0;32mI (261) heap_init: At 3FFE4350 len 0001BCB0 (111 KiB): D/IRAM[0m
[0;32mI (267) heap_init: At 4008ED2C len 000112D4 (68 KiB): IRAM[0m
[0;32mI (273) spi_flash: detected chip: generic[0m
[0;32mI (276) spi_flash: flash io: dio[0m
[0;33mW (279) spi_flash: Detected size(4096k) larger than the size in the binary image header(2048k). Using the size in the binary image header.[0m
[0;32mI (291) main_task: Started on CPU0[0m
[0;32mI (301) main_task: Calling app_main()[0m
This is a puf importing ... ... ...
STARTING THE INIT 
ets Jun  8 2016 00:22:57

rst:0x5 (DEEPSLEEP_RESET),boot:0x13 (SPI_FAST_FLASH_BOOT)
configsip: 0, SPIWP:0xee
clk_drv:0x00,q_drv:0x00,d_drv:0x00,cs0_drv:0x00,hd_drv:0x00,wp_drv:0x00
mode:DIO, clock div:2
load:0x3fff0030,len:6372
load:0x40078000,len:15920
ho 0 tail 12 room 4
load:0x40080400,len:3880
entry 0x40080638
[0;32mI (29) boot: ESP-IDF v6.0-dev-1489-g4e036983a7 2nd stage bootloader[0m
[0;32mI (29) boot: compile time Aug 20 2025 08:26:44[0m
[0;32mI (29) boot: Multicore bootloader[0m
[0;32mI (32) boot: chip revision: v1.0[0m
[0;32mI (35) boot.esp32: SPI Speed      : 40MHz[0m
[0;32mI (39) boot.esp32: SPI Mode       : DIO[0m
[0;32mI (42) boot.esp32: SPI Flash Size : 2MB[0m
[0;32mI (46) boot: Enabling RNG early entropy source...[0m
[0;32mI (50) boot: Partition Table:[0m
[0;32mI (53) boot: ## Label            Usage          Type ST Offset   Length[0m
[0;32mI (59) boot:  0 nvs              WiFi data        01 02 00009000 00050000[0m
[0;32mI (66) boot:  1 phy_init         RF data          01 01 00059000 00001000[0m
[0;32mI (72) boot:  2 factory          factory app      00 00 00060000 00100000[0m
[0;32mI (79) boot: End of partition table[0m
[0;32mI (82) esp_image: segment 0: paddr=00060020 vaddr=3f400020 size=0a568h ( 42344) map[0m
[0;32mI (105) esp_image: segment 1: paddr=0006a590 vaddr=3ffb0000 size=028fch ( 10492) load[0m
[0;32mI (109) esp_image: segment 2: paddr=0006ce94 vaddr=40080000 size=03184h ( 12676) load[0m
[0;32mI (114) esp_image: segment 3: paddr=00070020 vaddr=400d0020 size=14464h ( 83044) map[0m
[0;32mI (146) esp_image: segment 4: paddr=0008448c vaddr=40083184 size=0bba8h ( 48040) load[0m
[0;32mI (165) esp_image: segment 5: paddr=0009003c vaddr=400c0000 size=00038h (    56) [0m
[0;32mI (165) esp_image: segment 6: paddr=0009007c vaddr=50000000 size=000a8h (   168) [0m
[0;32mI (176) boot: Loaded app from partition at offset 0x60000[0m
[0;32mI (176) boot: Disabling RNG early entropy source...[0m
[0;32mI (190) cpu_start: Multicore app[0m
[0;32mI (198) cpu_start: GPIO 3 and 1 are used as console UART I/O pins[0m
[0;32mI (199) cpu_start: Pro cpu start user code[0m
[0;32mI (199) cpu_start: cpu freq: 160000000 Hz[0m
[0;32mI (200) app_init: Application information:[0m
[0;32mI (204) app_init: Project name:     puf_test[0m
[0;32mI (208) app_init: App version:      8bab072-dirty[0m
[0;32mI (213) app_init: Compile time:     Aug 20 2025 08:26:37[0m
[0;32mI (218) app_init: ELF file SHA256:  4c2e8007b...[0m
[0;32mI (222) app_init: ESP-IDF:          v6.0-dev-1489-g4e036983a7[0m
[0;32mI (228) efuse_init: Min chip rev:     v0.0[0m
[0;32mI (231) efuse_init: Max chip rev:     v3.99 [0m
[0;32mI (235) efuse_init: Chip rev:         v1.0[0m
[0;32mI (239) heap_init: Initializing. RAM available for dynamic allocation:[0m
[0;32mI (246) heap_init: At 3FFAE6E0 len 00001920 (6 KiB): DRAM[0m
[0;32mI (251) heap_init: At 3FFB4220 len 0002BDE0 (175 KiB): DRAM[0m
[0;32mI (256) heap_init: At 3FFE0440 len 00003AE0 (14 KiB): D/IRAM[0m
[0;32mI (261) heap_init: At 3FFE4350 len 0001BCB0 (111 KiB): D/IRAM[0m
[0;32mI (267) heap_init: At 4008ED2C len 000112D4 (68 KiB): IRAM[0m
[0;32mI (273) spi_flash: detected chip: generic[0m
[0;32mI (276) spi_flash: flash io: dio[0m
[0;33mW (279) spi_flash: Detected size(4096k) larger than the size in the binary image header(2048k). Using the size in the binary image header.[0m
[0;32mI (291) main_task: Started on CPU0[0m
[0;32mI (301) main_task: Calling app_main()[0m
This is a puf importing ... ... ...
STARTING THE INIT 
ets Jun  8 2016 00:22:57

rst:0x5 (DEEPSLEEP_RESET),boot:0x13 (SPI_FAST_FLASH_BOOT)
configsip: 0, SPIWP:0xee
clk_drv:0x00,q_drv:0x00,d_drv:0x00,cs0_drv:0x00,hd_drv:0x00,wp_drv:0x00
mode:DIO, clock div:2
load:0x3fff0030,len:6372
load:0x40078000,len:15920
ho 0 tail 12 room 4
load:0x40080400,len:3880
entry 0x40080638
[0;32mI (29) boot: ESP-IDF v6.0-dev-1489-g4e036983a7 2nd stage bootloader[0m
[0;32mI (29) boot: compile time Aug 20 2025 08:26:44[0m
[0;32mI (29) boot: Multicore bootloader[0m
[0;32mI (32) boot: chip revision: v1.0[0m
[0;32mI (35) boot.esp32: SPI Speed      : 40MHz[0m
[0;32mI (39) boot.esp32: SPI Mode       : DIO[0m
[0;32mI (42) boot.esp32: SPI Flash Size : 2MB[0m
[0;32mI (46) boot: Enabling RNG early entropy source...[0m
[0;32mI (50) boot: Partition Table:[0m
[0;32mI (53) boot: ## Label            Usage          Type ST Offset   Length[0m
[0;32mI (59) boot:  0 nvs              WiFi data        01 02 00009000 00050000[0m
[0;32mI (66) boot:  1 phy_init         RF data          01 01 00059000 00001000[0m
[0;32mI (72) boot:  2 factory          factory app      00 00 00060000 00100000[0m
[0;32mI (79) boot: End of partition table[0m
[0;32mI (82) esp_image: segment 0: paddr=00060020 vaddr=3f400020 size=0a568h ( 42344) map[0m
[0;32mI (105) esp_image: segment 1: paddr=0006a590 vaddr=3ffb0000 size=028fch ( 10492) load[0m
[0;32mI (109) esp_image: segment 2: paddr=0006ce94 vaddr=40080000 size=03184h ( 12676) load[0m
[0;32mI (114) esp_image: segment 3: paddr=00070020 vaddr=400d0020 size=14464h ( 83044) map[0m
[0;32mI (146) esp_image: segment 4: paddr=0008448c vaddr=40083184 size=0bba8h ( 48040) load[0m
[0;32mI (165) esp_image: segment 5: paddr=0009003c vaddr=400c0000 size=00038h (    56) [0m
[0;32mI (165) esp_image: segment 6: paddr=0009007c vaddr=50000000 size=000a8h (   168) [0m
[0;32mI (176) boot: Loaded app from partition at offset 0x60000[0m
[0;32mI (176) boot: Disabling RNG early entropy source...[0m
[0;32mI (190) cpu_start: Multicore app[0m
[0;32mI (198) cpu_start: GPIO 3 and 1 are used as console UART I/O pins[0m
[0;32mI (199) cpu_start: Pro cpu start user code[0m
[0;32mI (199) cpu_start: cpu freq: 160000000 Hz[0m
[0;32mI (200) app_init: Application information:[0m
[0;32mI (204) app_init: Project name:     puf_test[0m
[0;32mI (208) app_init: App version:      8bab072-dirty[0m
[0;32mI (213) app_init: Compile time:     Aug 20 2025 08:26:37[0m
[0;32mI (218) app_init: ELF file SHA256:  4c2e8007b...[0m
[0;32mI (222) app_init: ESP-IDF:          v6.0-dev-1489-g4e036983a7[0m
[0;32mI (228) efuse_init: Min chip rev:     v0.0[0m
[0;32mI (231) efuse_init: Max chip rev:     v3.99 [0m
[0;32mI (235) efuse_init: Chip rev:         v1.0[0m
[0;32mI (239) heap_init: Initializing. RAM available for dynamic allocation:[0m
[0;32mI (246) heap_init: At 3FFAE6E0 len 00001920 (6 KiB): DRAM[0m
[0;32mI (251) heap_init: At 3FFB4220 len 0002BDE0 (175 KiB): DRAM[0m
[0;32mI (256) heap_init: At 3FFE0440 len 00003AE0 (14 KiB): D/IRAM[0m
[0;32mI (261) heap_init: At 3FFE4350 len 0001BCB0 (111 KiB): D/IRAM[0m
[0;32mI (267) heap_init: At 4008ED2C len 000112D4 (68 KiB): IRAM[0m
[0;32mI (273) spi_flash: detected chip: generic[0m
[0;32mI (276) spi_flash: flash io: dio[0m
[0;33mW (279) spi_flash: Detected size(4096k) larger than the size in the binary image header(2048k). Using the size in the binary image header.[0m
[0;32mI (291) main_task: Started on CPU0[0m
[0;32mI (301) main_task: Calling app_main()[0m
This is a puf importing ... ... ...
STARTING THE INIT 
PUF bytes: 431
END THE INIT 

STARTING THE ENROLL 
PROVISIONING DONE
The enroll end 
The puf is not ready 

PUF RESET 
ets Jun  8 2016 00:22:57

rst:0x5 (DEEPSLEEP_RESET),boot:0x13 (SPI_FAST_FLASH_BOOT)
configsip: 0, SPIWP:0xee
clk_drv:0x00,q_drv:0x00,d_drv:0x00,cs0_drv:0x00,hd_drv:0x00,wp_drv:0x00
mode:DIO, clock div:2
load:0x3fff0030,len:6372
load:0x40078000,len:15920
ho 0 tail 12 room 4
load:0x40080400,len:3880
entry 0x40080638
[0;32mI (29) boot: ESP-IDF v6.0-dev-1489-g4e036983a7 2nd stage bootloader[0m
[0;32mI (29) boot: compile time Aug 20 2025 08:26:44[0m
[0;32mI (29) boot: Multicore bootloader[0m
[0;32mI (32) boot: chip revision: v1.0[0m
[0;32mI (35) boot.esp32: SPI Speed      : 40MHz[0m
[0;32mI (39) boot.esp32: SPI Mode       : DIO[0m
[0;32mI (42) boot.esp32: SPI Flash Size : 2MB[0m
[0;32mI (46) boot: Enabling RNG early entropy source...[0m
[0;32mI (50) boot: Partition Table:[0m
[0;32mI (53) boot: ## Label            Usage          Type ST Offset   Length[0m
[0;32mI (59) boot:  0 nvs              WiFi data        01 02 00009000 00050000[0m
[0;32mI (66) boot:  1 phy_init         RF data          01 01 00059000 00001000[0m
[0;32mI (72) boot:  2 factory          factory app      00 00 00060000 00100000[0m
[0;32mI (79) boot: End of partition table[0m
[0;32mI (82) esp_image: segment 0: paddr=00060020 vaddr=3f400020 size=0a568h ( 42344) map[0m
[0;32mI (105) esp_image: segment 1: paddr=0006a590 vaddr=3ffb0000 size=028fch ( 10492) load[0m
[0;32mI (109) esp_image: segment 2: paddr=0006ce94 vaddr=40080000 size=03184h ( 12676) load[0m
[0;32mI (114) esp_image: segment 3: paddr=00070020 vaddr=400d0020 size=14464h ( 83044) map[0m
[0;32mI (146) esp_image: segment 4: paddr=0008448c vaddr=40083184 size=0bba8h ( 48040) load[0m
[0;32mI (165) esp_image: segment 5: paddr=0009003c vaddr=400c0000 size=00038h (    56) [0m
[0;32mI (165) esp_image: segment 6: paddr=0009007c vaddr=50000000 size=000a8h (   168) [0m
[0;32mI (176) boot: Loaded app from partition at offset 0x60000[0m
[0;32mI (176) boot: Disabling RNG early entropy source...[0m
[0;32mI (190) cpu_start: Multicore app[0m
[0;32mI (198) cpu_start: GPIO 3 and 1 are used as console UART I/O pins[0m
[0;32mI (199) cpu_start: Pro cpu start user code[0m
[0;32mI (199) cpu_start: cpu freq: 160000000 Hz[0m
[0;32mI (200) app_init: Application information:[0m
[0;32mI (204) app_init: Project name:     puf_test[0m
[0;32mI (208) app_init: App version:      8bab072-dirty[0m
[0;32mI (213) app_init: Compile time:     Aug 20 2025 08:26:37[0m
[0;32mI (218) app_init: ELF file SHA256:  4c2e8007b...[0m
[0;32mI (222) app_init: ESP-IDF:          v6.0-dev-1489-g4e036983a7[0m
[0;32mI (228) efuse_init: Min chip rev:     v0.0[0m
[0;32mI (231) efuse_init: Max chip rev:     v3.99 [0m
[0;32mI (235) efuse_init: Chip rev:         v1.0[0m
[0;32mI (239) heap_init: Initializing. RAM available for dynamic allocation:[0m
[0;32mI (246) heap_init: At 3FFAE6E0 len 00001920 (6 KiB): DRAM[0m
[0;32mI (251) heap_init: At 3FFB4220 len 0002BDE0 (175 KiB): DRAM[0m
[0;32mI (256) heap_init: At 3FFE0440 len 00003AE0 (14 KiB): D/IRAM[0m
[0;32mI (261) heap_init: At 3FFE4350 len 0001BCB0 (111 KiB): D/IRAM[0m
[0;32mI (267) heap_init: At 4008ED2C len 000112D4 (68 KiB): IRAM[0m
[0;32mI (273) spi_flash: detected chip: generic[0m
[0;32mI (276) spi_flash: flash io: dio[0m
[0;33mW (279) spi_flash: Detected size(4096k) larger than the size in the binary image header(2048k). Using the size in the binary image header.[0m
[0;32mI (291) main_task: Started on CPU0[0m
[0;32mI (301) main_task: Calling app_main()[0m
This is a puf importing ... ... ...
STARTING THE INIT 
END THE INIT 
00 D4 7F F7 9E D1 EC DC 17 89 E0 33 05 68 91 48 06 C5 9F 88 8B FF 98 B8 BF 36 5C 97 55 29 E5 E6 90 3A 87 E0 51 F9 9C D7 15 98 82 D0 37 F9 EB FE 88 A0 64 F1 60 C4 D1 D0 D0 8C 6C 09 9A DF BA 6B 15 DE 53 AD E3 09 09 43 73 06 AC B8 4B AF 28 97 9E CD A9 04 DF 8A E3 A5 01 2F E2 65 9F 06 0C 65 42 76 3E E3 1F 5A 96 D1 36 7B 91 73 A0 3D 6A 9E A4 7E C8 32 35 30 37 15 E7 59 9B 29 3B 70 38 68 AD 08 00 AB 1A 6F 9B 2F 09 1D 58 46 77 3D A2 A5 A5 40 56 01 60 A7 BE 00 25 1B BD 7C B5 E8 25 C7 91 80 D2 7C C8 21 26 D5 91 1F FE 6F 7F FC FE F2 BB 18 B1 0E 3A B0 BB B0 9F 5D 0C D6 0C E1 24 76 C2 22 28 2C 1E 2D 35 F0 CC 7E 61 7E 64 C3 71 D1 5F AD CE 27 40 1C 8D 28 84 D0 3B E8 E5 D4 75 61 07 94 FA D1 39 A6 D8 82 F2 5D 50 A6 87 DA 74 39 CE 63 93 CE F9 03 0F 15 D6 EC 58 42 80 5F 33 E6 65 B8 8A 51 06 72 0D F0 D2 68 58 F3 F1 54 EA 3D EF E3 5D 22 BF 7F 98 55 7A DD 21 39 C4 6C 10 45 F5 AB 26 20 61 9D CC 1C DD 15 A0 9F 21 C0 50 B5 6B 66 74 2D DC 58 36 33 4E 6A F9 94 34 87 C8 DA CE 07 EA 2A 3A 66 BA 12 37 26 96 63 70 3B 84 6D 73 B9 3D 03 1E A5 38 42 7D DE AC 91 68 5F 64 E0 95 24 D2 3F E4 7E 60 28 99 51 A8 9A CF 39 35 82 63 DF 0C 79 9B C9 86 75 0D 55 0A BB 87 B4 58 D0 C6 D4 36 F5 51 08 50 F4 6C 3E 67 5B 6C 8B C7 36 83 BB DD 00 8D D3 B7 66 10 A1 0A 6C 24 AD 52 0D 47 BC 79 31 4D 22 39 58 B9 66 8D 2A 69 F1 1D 
STARTING THE ENROLL 
STARTING PROVISIONING
ets Jun  8 2016 00:22:57

rst:0x5 (DEEPSLEEP_RESET),boot:0x13 (SPI_FAST_FLASH_BOOT)
configsip: 0, SPIWP:0xee
clk_drv:0x00,q_drv:0x00,d_drv:0x00,cs0_drv:0x00,hd_drv:0x00,wp_drv:0x00
mode:DIO, clock div:2
load:0x3fff0030,len:6372
load:0x40078000,len:15920
ho 0 tail 12 room 4
load:0x40080400,len:3880
entry 0x40080638
[0;32mI (29) boot: ESP-IDF v6.0-dev-1489-g4e036983a7 2nd stage bootloader[0m
[0;32mI (29) boot: compile time Aug 20 2025 08:26:44[0m
[0;32mI (29) boot: Multicore bootloader[0m
[0;32mI (32) boot: chip revision: v1.0[0m
[0;32mI (35) boot.esp32: SPI Speed      : 40MHz[0m
[0;32mI (39) boot.esp32: SPI Mode       : DIO[0m
[0;32mI (42) boot.esp32: SPI Flash Size : 2MB[0m
[0;32mI (46) boot: Enabling RNG early entropy source...[0m
[0;32mI (50) boot: Partition Table:[0m
[0;32mI (53) boot: ## Label            Usage          Type ST Offset   Length[0m
[0;32mI (59) boot:  0 nvs              WiFi data        01 02 00009000 00050000[0m
[0;32mI (66) boot:  1 phy_init         RF data          01 01 00059000 00001000[0m
[0;32mI (72) boot:  2 factory          factory app      00 00 00060000 00100000[0m
[0;32mI (79) boot: End of partition table[0m
[0;32mI (82) esp_image: segment 0: paddr=00060020 vaddr=3f400020 size=0a568h ( 42344) map[0m
[0;32mI (105) esp_image: segment 1: paddr=0006a590 vaddr=3ffb0000 size=028fch ( 10492) load[0m
[0;32mI (109) esp_image: segment 2: paddr=0006ce94 vaddr=40080000 size=03184h ( 12676) load[0m
[0;32mI (114) esp_image: segment 3: paddr=00070020 vaddr=400d0020 size=14464h ( 83044) map[0m
[0;32mI (146) esp_image: segment 4: paddr=0008448c vaddr=40083184 size=0bba8h ( 48040) load[0m
[0;32mI (165) esp_image: segment 5: paddr=0009003c vaddr=400c0000 size=00038h (    56) [0m
[0;32mI (165) esp_image: segment 6: paddr=0009007c vaddr=50000000 size=000a8h (   168) [0m
[0;32mI (176) boot: Loaded app from partition at offset 0x60000[0m
[0;32mI (176) boot: Disabling RNG early entropy source...[0m
[0;32mI (190) cpu_start: Multicore app[0m
[0;32mI (198) cpu_start: GPIO 3 and 1 are used as console UART I/O pins[0m
[0;32mI (199) cpu_start: Pro cpu start user code[0m
[0;32mI (199) cpu_start: cpu freq: 160000000 Hz[0m
[0;32mI (200) app_init: Application information:[0m
[0;32mI (204) app_init: Project name:     puf_test[0m
[0;32mI (208) app_init: App version:      8bab072-dirty[0m
[0;32mI (213) app_init: Compile time:     Aug 20 2025 08:26:37[0m
[0;32mI (218) app_init: ELF file SHA256:  4c2e8007b...[0m
[0;32mI (222) app_init: ESP-IDF:          v6.0-dev-1489-g4e036983a7[0m
[0;32mI (228) efuse_init: Min chip rev:     v0.0[0m
[0;32mI (231) efuse_init: Max chip rev:     v3.99 [0m
[0;32mI (235) efuse_init: Chip rev:         v1.0[0m
[0;32mI (239) heap_init: Initializing. RAM available for dynamic allocation:[0m
[0;32mI (246) heap_init: At 3FFAE6E0 len 00001920 (6 KiB): DRAM[0m
[0;32mI (251) heap_init: At 3FFB4220 len 0002BDE0 (175 KiB): DRAM[0m
[0;32mI (256) heap_init: At 3FFE0440 len 00003AE0 (14 KiB): D/IRAM[0m
[0;32mI (261) heap_init: At 3FFE4350 len 0001BCB0 (111 KiB): D/IRAM[0m
[0;32mI (267) heap_init: At 4008ED2C len 000112D4 (68 KiB): IRAM[0m
[0;32mI (273) spi_flash: detected chip: generic[0m
[0;32mI (276) spi_flash: flash io: dio[0m
[0;33mW (279) spi_flash: Detected size(4096k) larger than the size in the binary image header(2048k). Using the size in the binary image header.[0m
[0;32mI (291) main_task: Started on CPU0[0m
[0;32mI (301) main_task: Calling app_main()[0m
This is a puf importing ... ... ...
STARTING THE INIT 
ets Jun  8 2016 00:22:57

rst:0x5 (DEEPSLEEP_RESET),boot:0x13 (SPI_FAST_FLASH_BOOT)
configsip: 0, SPIWP:0xee
clk_drv:0x00,q_drv:0x00,d_drv:0x00,cs0_drv:0x00,hd_drv:0x00,wp_drv:0x00
mode:DIO, clock div:2
load:0x3fff0030,len:6372
load:0x40078000,len:15920
ho 0 tail 12 room 4
load:0x40080400,len:3880
entry 0x40080638
[0;32mI (29) boot: ESP-IDF v6.0-dev-1489-g4e036983a7 2nd stage bootloader[0m
[0;32mI (29) boot: compile time Aug 20 2025 08:26:44[0m
[0;32mI (29) boot: Multicore bootloader[0m
[0;32mI (32) boot: chip revision: v1.0[0m
[0;32mI (35) boot.esp32: SPI Speed      : 40MHz[0m
[0;32mI (39) boot.esp32: SPI Mode       : DIO[0m
[0;32mI (42) boot.esp32: SPI Flash Size : 2MB[0m
[0;32mI (46) boot: Enabling RNG early entropy source...[0m
[0;32mI (50) boot: Partition Table:[0m
[0;32mI (53) boot: ## Label            Usage          Type ST Offset   Length[0m
[0;32mI (59) boot:  0 nvs              WiFi data        01 02 00009000 00050000[0m
[0;32mI (66) boot:  1 phy_init         RF data          01 01 00059000 00001000[0m
[0;32mI (72) boot:  2 factory          factory app      00 00 00060000 00100000[0m
[0;32mI (79) boot: End of partition table[0m
[0;32mI (82) esp_image: segment 0: paddr=00060020 vaddr=3f400020 size=0a568h ( 42344) map[0m
[0;32mI (105) esp_image: segment 1: paddr=0006a590 vaddr=3ffb0000 size=028fch ( 10492) load[0m
[0;32mI (109) esp_image: segment 2: paddr=0006ce94 vaddr=40080000 size=03184h ( 12676) load[0m
[0;32mI (114) esp_image: segment 3: paddr=00070020 vaddr=400d0020 size=14464h ( 83044) map[0m
[0;32mI (146) esp_image: segment 4: paddr=0008448c vaddr=40083184 size=0bba8h ( 48040) load[0m
[0;32mI (165) esp_image: segment 5: paddr=0009003c vaddr=400c0000 size=00038h (    56) [0m
[0;32mI (165) esp_image: segment 6: paddr=0009007c vaddr=50000000 size=000a8h (   168) [0m
[0;32mI (176) boot: Loaded app from partition at offset 0x60000[0m
[0;32mI (176) boot: Disabling RNG early entropy source...[0m
[0;32mI (190) cpu_start: Multicore app[0m
[0;32mI (198) cpu_start: GPIO 3 and 1 are used as console UART I/O pins[0m
[0;32mI (199) cpu_start: Pro cpu start user code[0m
[0;32mI (199) cpu_start: cpu freq: 160000000 Hz[0m
[0;32mI (200) app_init: Application information:[0m
[0;32mI (204) app_init: Project name:     puf_test[0m
[0;32mI (208) app_init: App version:      8bab072-dirty[0m
[0;32mI (213) app_init: Compile time:     Aug 20 2025 08:26:37[0m
[0;32mI (218) app_init: ELF file SHA256:  4c2e8007b...[0m
[0;32mI (222) app_init: ESP-IDF:          v6.0-dev-1489-g4e036983a7[0m
[0;32mI (228) efuse_init: Min chip rev:     v0.0[0m
[0;32mI (231) efuse_init: Max chip rev:     v3.99 [0m
[0;32mI (235) efuse_init: Chip rev:         v1.0[0m
[0;32mI (239) heap_init: Initializing. RAM available for dynamic allocation:[0m
[0;32mI (246) heap_init: At 3FFAE6E0 len 00001920 (6 KiB): DRAM[0m
[0;32mI (251) heap_init: At 3FFB4220 len 0002BDE0 (175 KiB): DRAM[0m
[0;32mI (256) heap_init: At 3FFE0440 len 00003AE0 (14 KiB): D/IRAM[0m
[0;32mI (261) heap_init: At 3FFE4350 len 0001BCB0 (111 KiB): D/IRAM[0m
[0;32mI (267) heap_init: At 4008ED2C len 000112D4 (68 KiB): IRAM[0m
[0;32mI (273) spi_flash: detected chip: generic[0m
[0;32mI (276) spi_flash: flash io: dio[0m
[0;33mW (279) spi_flash: Detected size(4096k) larger than the size in the binary image header(2048k). Using the size in the binary image header.[0m
[0;32mI (291) main_task: Started on CPU0[0m
[0;32mI (301) main_task: Calling app_main()[0m
This is a puf importing ... ... ...
STARTING THE INIT 
ets Jun  8 2016 00:22:57

rst:0x5 (DEEPSLEEP_RESET),boot:0x13 (SPI_FAST_FLASH_BOOT)
configsip: 0, SPIWP:0xee
clk_drv:0x00,q_drv:0x00,d_drv:0x00,cs0_drv:0x00,hd_drv:0x00,wp_drv:0x00
mode:DIO, clock div:2
load:0x3fff0030,len:6372
load:0x40078000,len:15920
ho 0 tail 12 room 4
load:0x40080400,len:3880
entry 0x40080638
[0;32mI (29) boot: ESP-IDF v6.0-dev-1489-g4e036983a7 2nd stage bootloader[0m
[0;32mI (29) boot: compile time Aug 20 2025 08:26:44[0m
[0;32mI (29) boot: Multicore bootloader[0m
[0;32mI (32) boot: chip revision: v1.0[0m
[0;32mI (35) boot.esp32: SPI Speed      : 40MHz[0m
[0;32mI (39) boot.esp32: SPI Mode       : DIO[0m
[0;32mI (42) boot.esp32: SPI Flash Size : 2MB[0m
[0;32mI (46) boot: Enabling RNG early entropy source...[0m
[0;32mI (50) boot: Partition Table:[0m
[0;32mI (53) boot: ## Label            Usage          Type ST Offset   Length[0m
[0;32mI (59) boot:  0 nvs              WiFi data        01 02 00009000 00050000[0m
[0;32mI (66) boot:  1 phy_init         RF data          01 01 00059000 00001000[0m
[0;32mI (72) boot:  2 factory          factory app      00 00 00060000 00100000[0m
[0;32mI (79) boot: End of partition table[0m
[0;32mI (82) esp_image: segment 0: paddr=00060020 vaddr=3f400020 size=0a568h ( 42344) map[0m
[0;32mI (105) esp_image: segment 1: paddr=0006a590 vaddr=3ffb0000 size=028fch ( 10492) load[0m
[0;32mI (109) esp_image: segment 2: paddr=0006ce94 vaddr=40080000 size=03184h ( 12676) load[0m
[0;32mI (114) esp_image: segment 3: paddr=00070020 vaddr=400d0020 size=14464h ( 83044) map[0m
[0;32mI (146) esp_image: segment 4: paddr=0008448c vaddr=40083184 size=0bba8h ( 48040) load[0m
[0;32mI (165) esp_image: segment 5: paddr=0009003c vaddr=400c0000 size=00038h (    56) [0m
[0;32mI (165) esp_image: segment 6: paddr=0009007c vaddr=50000000 size=000a8h (   168) [0m
[0;32mI (176) boot: Loaded app from partition at offset 0x60000[0m
[0;32mI (176) boot: Disabling RNG early entropy source...[0m
[0;32mI (190) cpu_start: Multicore app[0m
[0;32mI (198) cpu_start: GPIO 3 and 1 are used as console UART I/O pins[0m
[0;32mI (199) cpu_start: Pro cpu start user code[0m
[0;32mI (199) cpu_start: cpu freq: 160000000 Hz[0m
[0;32mI (200) app_init: Application information:[0m
[0;32mI (204) app_init: Project name:     puf_test[0m
[0;32mI (208) app_init: App version:      8bab072-dirty[0m
[0;32mI (213) app_init: Compile time:     Aug 20 2025 08:26:37[0m
[0;32mI (218) app_init: ELF file SHA256:  4c2e8007b...[0m
[0;32mI (222) app_init: ESP-IDF:          v6.0-dev-1489-g4e036983a7[0m
[0;32mI (228) efuse_init: Min chip rev:     v0.0[0m
[0;32mI (231) efuse_init: Max chip rev:     v3.99 [0m
[0;32mI (235) efuse_init: Chip rev:         v1.0[0m
[0;32mI (239) heap_init: Initializing. RAM available for dynamic allocation:[0m
[0;32mI (246) heap_init: At 3FFAE6E0 len 00001920 (6 KiB): DRAM[0m
[0;32mI (251) heap_init: At 3FFB4220 len 0002BDE0 (175 KiB): DRAM[0m
[0;32mI (256) heap_init: At 3FFE0440 len 00003AE0 (14 KiB): D/IRAM[0m
[0;32mI (261) heap_init: At 3FFE4350 len 0001BCB0 (111 KiB): D/IRAM[0m
[0;32mI (267) heap_init: At 4008ED2C len 000112D4 (68 KiB): IRAM[0m
[0;32mI (273) spi_flash: detected chip: generic[0m
[0;32mI (276) spi_flash: flash io: dio[0m
[0;33mW (279) spi_flash: Detected size(4096k) larger than the size in the binary image header(2048k). Using the size in the binary image header.[0m
[0;32mI (291) main_task: Started on CPU0[0m
[0;32mI (301) main_task: Calling app_main()[0m
This is a puf importing ... ... ...
STARTING THE INIT 
ets Jun  8 2016 00:22:57

rst:0x5 (DEEPSLEEP_RESET),boot:0x13 (SPI_FAST_FLASH_BOOT)
configsip: 0, SPIWP:0xee
clk_drv:0x00,q_drv:0x00,d_drv:0x00,cs0_drv:0x00,hd_drv:0x00,wp_drv:0x00
mode:DIO, clock div:2
load:0x3fff0030,len:6372
load:0x40078000,len:15920
ho 0 tail 12 room 4
load:0x40080400,len:3880
entry 0x40080638
[0;32mI (29) boot: ESP-IDF v6.0-dev-1489-g4e036983a7 2nd stage bootloader[0m
[0;32mI (29) boot: compile time Aug 20 2025 08:26:44[0m
[0;32mI (29) boot: Multicore bootloader[0m
[0;32mI (32) boot: chip revision: v1.0[0m
[0;32mI (35) boot.esp32: SPI Speed      : 40MHz[0m
[0;32mI (39) boot.esp32: SPI Mode       : DIO[0m
[0;32mI (42) boot.esp32: SPI Flash Size : 2MB[0m
[0;32mI (46) boot: Enabling RNG early entropy source...[0m
[0;32mI (50) boot: Partition Table:[0m
[0;32mI (53) boot: ## Label            Usage          Type ST Offset   Length[0m
[0;32mI (59) boot:  0 nvs              WiFi data        01 02 00009000 00050000[0m
[0;32mI (66) boot:  1 phy_init         RF data          01 01 00059000 00001000[0m
[0;32mI (72) boot:  2 factory          factory app      00 00 00060000 00100000[0m
[0;32mI (79) boot: End of partition table[0m
[0;32mI (82) esp_image: segment 0: paddr=00060020 vaddr=3f400020 size=0a568h ( 42344) map[0m
[0;32mI (105) esp_image: segment 1: paddr=0006a590 vaddr=3ffb0000 size=028fch ( 10492) load[0m
[0;32mI (109) esp_image: segment 2: paddr=0006ce94 vaddr=40080000 size=03184h ( 12676) load[0m
[0;32mI (114) esp_image: segment 3: paddr=00070020 vaddr=400d0020 size=14464h ( 83044) map[0m
[0;32mI (146) esp_image: segment 4: paddr=0008448c vaddr=40083184 size=0bba8h ( 48040) load[0m
[0;32mI (165) esp_image: segment 5: paddr=0009003c vaddr=400c0000 size=00038h (    56) [0m
[0;32mI (165) esp_image: segment 6: paddr=0009007c vaddr=50000000 size=000a8h (   168) [0m
[0;32mI (176) boot: Loaded app from partition at offset 0x60000[0m
[0;32mI (176) boot: Disabling RNG early entropy source...[0m
[0;32mI (190) cpu_start: Multicore app[0m
[0;32mI (198) cpu_start: GPIO 3 and 1 are used as console UART I/O pins[0m
[0;32mI (199) cpu_start: Pro cpu start user code[0m
[0;32mI (199) cpu_start: cpu freq: 160000000 Hz[0m
[0;32mI (200) app_init: Application information:[0m
[0;32mI (204) app_init: Project name:     puf_test[0m
[0;32mI (208) app_init: App version:      8bab072-dirty[0m
[0;32mI (213) app_init: Compile time:     Aug 20 2025 08:26:37[0m
[0;32mI (218) app_init: ELF file SHA256:  4c2e8007b...[0m
[0;32mI (222) app_init: ESP-IDF:          v6.0-dev-1489-g4e036983a7[0m
[0;32mI (228) efuse_init: Min chip rev:     v0.0[0m
[0;32mI (231) efuse_init: Max chip rev:     v3.99 [0m
[0;32mI (235) efuse_init: Chip rev:         v1.0[0m
[0;32mI (239) heap_init: Initializing. RAM available for dynamic allocation:[0m
[0;32mI (246) heap_init: At 3FFAE6E0 len 00001920 (6 KiB): DRAM[0m
[0;32mI (251) heap_init: At 3FFB4220 len 0002BDE0 (175 KiB): DRAM[0m
[0;32mI (256) heap_init: At 3FFE0440 len 00003AE0 (14 KiB): D/IRAM[0m
[0;32mI (261) heap_init: At 3FFE4350 len 0001BCB0 (111 KiB): D/IRAM[0m
[0;32mI (267) heap_init: At 4008ED2C len 000112D4 (68 KiB): IRAM[0m
[0;32mI (273) spi_flash: detected chip: generic[0m
[0;32mI (276) spi_flash: flash io: dio[0m
[0;33mW (279) spi_flash: Detected size(4096k) larger than the size in the binary image header(2048k). Using the size in the binary image header.[0m
[0;32mI (291) main_task: Started on CPU0[0m
[0;32mI (301) main_task: Calling app_main()[0m
This is a puf importing ... ... ...
STARTING THE INIT 
ets Jun  8 2016 00:22:57

rst:0x5 (DEEPSLEEP_RESET),boot:0x13 (SPI_FAST_FLASH_BOOT)
configsip: 0, SPIWP:0xee
clk_drv:0x00,q_drv:0x00,d_drv:0x00,cs0_drv:0x00,hd_drv:0x00,wp_drv:0x00
mode:DIO, clock div:2
load:0x3fff0030,len:6372
load:0x40078000,len:15920
ho 0 tail 12 room 4
load:0x40080400,len:3880
entry 0x40080638
[0;32mI (29) boot: ESP-IDF v6.0-dev-1489-g4e036983a7 2nd stage bootloader[0m
[0;32mI (29) boot: compile time Aug 20 2025 08:26:44[0m
[0;32mI (29) boot: Multicore bootloader[0m
[0;32mI (32) boot: chip revision: v1.0[0m
[0;32mI (35) boot.esp32: SPI Speed      : 40MHz[0m
[0;32mI (39) boot.esp32: SPI Mode       : DIO[0m
[0;32mI (42) boot.esp32: SPI Flash Size : 2MB[0m
[0;32mI (46) boot: Enabling RNG early entropy source...[0m
[0;32mI (50) boot: Partition Table:[0m
[0;32mI (53) boot: ## Label            Usage          Type ST Offset   Length[0m
[0;32mI (59) boot:  0 nvs              WiFi data        01 02 00009000 00050000[0m
[0;32mI (66) boot:  1 phy_init         RF data          01 01 00059000 00001000[0m
[0;32mI (72) boot:  2 factory          factory app      00 00 00060000 00100000[0m
[0;32mI (79) boot: End of partition table[0m
[0;32mI (82) esp_image: segment 0: paddr=00060020 vaddr=3f400020 size=0a568h ( 42344) map[0m
[0;32mI (105) esp_image: segment 1: paddr=0006a590 vaddr=3ffb0000 size=028fch ( 10492) load[0m
[0;32mI (109) esp_image: segment 2: paddr=0006ce94 vaddr=40080000 size=03184h ( 12676) load[0m
[0;32mI (114) esp_image: segment 3: paddr=00070020 vaddr=400d0020 size=14464h ( 83044) map[0m
[0;32mI (146) esp_image: segment 4: paddr=0008448c vaddr=40083184 size=0bba8h ( 48040) load[0m
[0;32mI (165) esp_image: segment 5: paddr=0009003c vaddr=400c0000 size=00038h (    56) [0m
[0;32mI (165) esp_image: segment 6: paddr=0009007c vaddr=50000000 size=000a8h (   168) [0m
[0;32mI (176) boot: Loaded app from partition at offset 0x60000[0m
[0;32mI (176) boot: Disabling RNG early entropy source...[0m
[0;32mI (190) cpu_start: Multicore app[0m
[0;32mI (198) cpu_start: GPIO 3 and 1 are used as console UART I/O pins[0m
[0;32mI (199) cpu_start: Pro cpu start user code[0m
[0;32mI (199) cpu_start: cpu freq: 160000000 Hz[0m
[0;32mI (200) app_init: Application information:[0m
[0;32mI (204) app_init: Project name:     puf_test[0m
[0;32mI (208) app_init: App version:      8bab072-dirty[0m
[0;32mI (213) app_init: Compile time:     Aug 20 2025 08:26:37[0m
[0;32mI (218) app_init: ELF file SHA256:  4c2e8007b...[0m
[0;32mI (222) app_init: ESP-IDF:          v6.0-dev-1489-g4e036983a7[0m
[0;32mI (228) efuse_init: Min chip rev:     v0.0[0m
[0;32mI (231) efuse_init: Max chip rev:     v3.99 [0m
[0;32mI (235) efuse_init: Chip rev:         v1.0[0m
[0;32mI (239) heap_init: Initializing. RAM available for dynamic allocation:[0m
[0;32mI (246) heap_init: At 3FFAE6E0 len 00001920 (6 KiB): DRAM[0m
[0;32mI (251) heap_init: At 3FFB4220 len 0002BDE0 (175 KiB): DRAM[0m
[0;32mI (256) heap_init: At 3FFE0440 len 00003AE0 (14 KiB): D/IRAM[0m
[0;32mI (261) heap_init: At 3FFE4350 len 0001BCB0 (111 KiB): D/IRAM[0m
[0;32mI (267) heap_init: At 4008ED2C len 000112D4 (68 KiB): IRAM[0m
[0;32mI (273) spi_flash: detected chip: generic[0m
[0;32mI (276) spi_flash: flash io: dio[0m
[0;33mW (279) spi_flash: Detected size(4096k) larger than the size in the binary image header(2048k). Using the size in the binary image header.[0m
[0;32mI (291) main_task: Started on CPU0[0m
[0;32mI (301) main_task: Calling app_main()[0m
This is a puf importing ... ... ...
STARTING THE INIT 
ets Jun  8 2016 00:22:57

rst:0x5 (DEEPSLEEP_RESET),boot:0x13 (SPI_FAST_FLASH_BOOT)
configsip: 0, SPIWP:0xee
clk_drv:0x00,q_drv:0x00,d_drv:0x00,cs0_drv:0x00,hd_drv:0x00,wp_drv:0x00
mode:DIO, clock div:2
load:0x3fff0030,len:6372
load:0x40078000,len:15920
ho 0 tail 12 room 4
load:0x40080400,len:3880
entry 0x40080638
[0;32mI (29) boot: ESP-IDF v6.0-dev-1489-g4e036983a7 2nd stage bootloader[0m
[0;32mI (29) boot: compile time Aug 20 2025 08:26:44[0m
[0;32mI (29) boot: Multicore bootloader[0m
[0;32mI (32) boot: chip revision: v1.0[0m
[0;32mI (35) boot.esp32: SPI Speed      : 40MHz[0m
[0;32mI (39) boot.esp32: SPI Mode       : DIO[0m
[0;32mI (42) boot.esp32: SPI Flash Size : 2MB[0m
[0;32mI (46) boot: Enabling RNG early entropy source...[0m
[0;32mI (50) boot: Partition Table:[0m
[0;32mI (53) boot: ## Label            Usage          Type ST Offset   Length[0m
[0;32mI (59) boot:  0 nvs              WiFi data        01 02 00009000 00050000[0m
[0;32mI (66) boot:  1 phy_init         RF data          01 01 00059000 00001000[0m
[0;32mI (72) boot:  2 factory          factory app      00 00 00060000 00100000[0m
[0;32mI (79) boot: End of partition table[0m
[0;32mI (82) esp_image: segment 0: paddr=00060020 vaddr=3f400020 size=0a568h ( 42344) map[0m
[0;32mI (105) esp_image: segment 1: paddr=0006a590 vaddr=3ffb0000 size=028fch ( 10492) load[0m
[0;32mI (109) esp_image: segment 2: paddr=0006ce94 vaddr=40080000 size=03184h ( 12676) load[0m
[0;32mI (114) esp_image: segment 3: paddr=00070020 vaddr=400d0020 size=14464h ( 83044) map[0m
[0;32mI (146) esp_image: segment 4: paddr=0008448c vaddr=40083184 size=0bba8h ( 48040) load[0m
[0;32mI (165) esp_image: segment 5: paddr=0009003c vaddr=400c0000 size=00038h (    56) [0m
[0;32mI (165) esp_image: segment 6: paddr=0009007c vaddr=50000000 size=000a8h (   168) [0m
[0;32mI (176) boot: Loaded app from partition at offset 0x60000[0m
[0;32mI (176) boot: Disabling RNG early entropy source...[0m
[0;32mI (190) cpu_start: Multicore app[0m
[0;32mI (198) cpu_start: GPIO 3 and 1 are used as console UART I/O pins[0m
[0;32mI (199) cpu_start: Pro cpu start user code[0m
[0;32mI (199) cpu_start: cpu freq: 160000000 Hz[0m
[0;32mI (200) app_init: Application information:[0m
[0;32mI (204) app_init: Project name:     puf_test[0m
[0;32mI (208) app_init: App version:      8bab072-dirty[0m
[0;32mI (213) app_init: Compile time:     Aug 20 2025 08:26:37[0m
[0;32mI (218) app_init: ELF file SHA256:  4c2e8007b...[0m
[0;32mI (222) app_init: ESP-IDF:          v6.0-dev-1489-g4e036983a7[0m
[0;32mI (228) efuse_init: Min chip rev:     v0.0[0m
[0;32mI (231) efuse_init: Max chip rev:     v3.99 [0m
[0;32mI (235) efuse_init: Chip rev:         v1.0[0m
[0;32mI (239) heap_init: Initializing. RAM available for dynamic allocation:[0m
[0;32mI (246) heap_init: At 3FFAE6E0 len 00001920 (6 KiB): DRAM[0m
[0;32mI (251) heap_init: At 3FFB4220 len 0002BDE0 (175 KiB): DRAM[0m
[0;32mI (256) heap_init: At 3FFE0440 len 00003AE0 (14 KiB): D/IRAM[0m
[0;32mI (261) heap_init: At 3FFE4350 len 0001BCB0 (111 KiB): D/IRAM[0m
[0;32mI (267) heap_init: At 4008ED2C len 000112D4 (68 KiB): IRAM[0m
[0;32mI (273) spi_flash: detected chip: generic[0m
[0;32mI (276) spi_flash: flash io: dio[0m
[0;33mW (279) spi_flash: Detected size(4096k) larger than the size in the binary image header(2048k). Using the size in the binary image header.[0m
[0;32mI (291) main_task: Started on CPU0[0m
[0;32mI (301) main_task: Calling app_main()[0m
This is a puf importing ... ... ...
STARTING THE INIT 
ets Jun  8 2016 00:22:57

rst:0x5 (DEEPSLEEP_RESET),boot:0x13 (SPI_FAST_FLASH_BOOT)
configsip: 0, SPIWP:0xee
clk_drv:0x00,q_drv:0x00,d_drv:0x00,cs0_drv:0x00,hd_drv:0x00,wp_drv:0x00
mode:DIO, clock div:2
load:0x3fff0030,len:6372
load:0x40078000,len:15920
ho 0 tail 12 room 4
load:0x40080400,len:3880
entry 0x40080638
[0;32mI (29) boot: ESP-IDF v6.0-dev-1489-g4e036983a7 2nd stage bootloader[0m
[0;32mI (29) boot: compile time Aug 20 2025 08:26:44[0m
[0;32mI (29) boot: Multicore bootloader[0m
[0;32mI (32) boot: chip revision: v1.0[0m
[0;32mI (35) boot.esp32: SPI Speed      : 40MHz[0m
[0;32mI (39) boot.esp32: SPI Mode       : DIO[0m
[0;32mI (42) boot.esp32: SPI Flash Size : 2MB[0m
[0;32mI (46) boot: Enabling RNG early entropy source...[0m
[0;32mI (50) boot: Partition Table:[0m
[0;32mI (53) boot: ## Label            Usage          Type ST Offset   Length[0m
[0;32mI (59) boot:  0 nvs              WiFi data        01 02 00009000 00050000[0m
[0;32mI (66) boot:  1 phy_init         RF data          01 01 00059000 00001000[0m
[0;32mI (72) boot:  2 factory          factory app      00 00 00060000 00100000[0m
[0;32mI (79) boot: End of partition table[0m
[0;32mI (82) esp_image: segment 0: paddr=00060020 vaddr=3f400020 size=0a568h ( 42344) map[0m
[0;32mI (105) esp_image: segment 1: paddr=0006a590 vaddr=3ffb0000 size=028fch ( 10492) load[0m
[0;32mI (109) esp_image: segment 2: paddr=0006ce94 vaddr=40080000 size=03184h ( 12676) load[0m
[0;32mI (114) esp_image: segment 3: paddr=00070020 vaddr=400d0020 size=14464h ( 83044) map[0m
[0;32mI (146) esp_image: segment 4: paddr=0008448c vaddr=40083184 size=0bba8h ( 48040) load[0m
[0;32mI (165) esp_image: segment 5: paddr=0009003c vaddr=400c0000 size=00038h (    56) [0m
[0;32mI (165) esp_image: segment 6: paddr=0009007c vaddr=50000000 size=000a8h (   168) [0m
[0;32mI (176) boot: Loaded app from partition at offset 0x60000[0m
[0;32mI (176) boot: Disabling RNG early entropy source...[0m
[0;32mI (190) cpu_start: Multicore app[0m
[0;32mI (198) cpu_start: GPIO 3 and 1 are used as console UART I/O pins[0m
[0;32mI (199) cpu_start: Pro cpu start user code[0m
[0;32mI (199) cpu_start: cpu freq: 160000000 Hz[0m
[0;32mI (200) app_init: Application information:[0m
[0;32mI (204) app_init: Project name:     puf_test[0m
[0;32mI (208) app_init: App version:      8bab072-dirty[0m
[0;32mI (213) app_init: Compile time:     Aug 20 2025 08:26:37[0m
[0;32mI (218) app_init: ELF file SHA256:  4c2e8007b...[0m
[0;32mI (222) app_init: ESP-IDF:          v6.0-dev-1489-g4e036983a7[0m
[0;32mI (228) efuse_init: Min chip rev:     v0.0[0m
[0;32mI (231) efuse_init: Max chip rev:     v3.99 [0m
[0;32mI (235) efuse_init: Chip rev:         v1.0[0m
[0;32mI (239) heap_init: Initializing. RAM available for dynamic allocation:[0m
[0;32mI (246) heap_init: At 3FFAE6E0 len 00001920 (6 KiB): DRAM[0m
[0;32mI (251) heap_init: At 3FFB4220 len 0002BDE0 (175 KiB): DRAM[0m
[0;32mI (256) heap_init: At 3FFE0440 len 00003AE0 (14 KiB): D/IRAM[0m
[0;32mI (261) heap_init: At 3FFE4350 len 0001BCB0 (111 KiB): D/IRAM[0m
[0;32mI (267) heap_init: At 4008ED2C len 000112D4 (68 KiB): IRAM[0m
[0;32mI (273) spi_flash: detected chip: generic[0m
[0;32mI (276) spi_flash: flash io: dio[0m
[0;33mW (279) spi_flash: Detected size(4096k) larger than the size in the binary image header(2048k). Using the size in the binary image header.[0m
[0;32mI (291) main_task: Started on CPU0[0m
[0;32mI (301) main_task: Calling app_main()[0m
This is a puf importing ... ... ...
STARTING THE INIT 
ets Jun  8 2016 00:22:57

rst:0x5 (DEEPSLEEP_RESET),boot:0x13 (SPI_FAST_FLASH_BOOT)
configsip: 0, SPIWP:0xee
clk_drv:0x00,q_drv:0x00,d_drv:0x00,cs0_drv:0x00,hd_drv:0x00,wp_drv:0x00
mode:DIO, clock div:2
load:0x3fff0030,len:6372
load:0x40078000,len:15920
ho 0 tail 12 room 4
load:0x40080400,len:3880
entry 0x40080638
[0;32mI (29) boot: ESP-IDF v6.0-dev-1489-g4e036983a7 2nd stage bootloader[0m
[0;32mI (29) boot: compile time Aug 20 2025 08:26:44[0m
[0;32mI (29) boot: Multicore bootloader[0m
[0;32mI (32) boot: chip revision: v1.0[0m
[0;32mI (35) boot.esp32: SPI Speed      : 40MHz[0m
[0;32mI (39) boot.esp32: SPI Mode       : DIO[0m
[0;32mI (42) boot.esp32: SPI Flash Size : 2MB[0m
[0;32mI (46) boot: Enabling RNG early entropy source...[0m
[0;32mI (50) boot: Partition Table:[0m
[0;32mI (53) boot: ## Label            Usage          Type ST Offset   Length[0m
[0;32mI (59) boot:  0 nvs              WiFi data        01 02 00009000 00050000[0m
[0;32mI (66) boot:  1 phy_init         RF data          01 01 00059000 00001000[0m
[0;32mI (72) boot:  2 factory          factory app      00 00 00060000 00100000[0m
[0;32mI (79) boot: End of partition table[0m
[0;32mI (82) esp_image: segment 0: paddr=00060020 vaddr=3f400020 size=0a568h ( 42344) map[0m
[0;32mI (105) esp_image: segment 1: paddr=0006a590 vaddr=3ffb0000 size=028fch ( 10492) load[0m
[0;32mI (109) esp_image: segment 2: paddr=0006ce94 vaddr=40080000 size=03184h ( 12676) load[0m
[0;32mI (114) esp_image: segment 3: paddr=00070020 vaddr=400d0020 size=14464h ( 83044) map[0m
[0;32mI (146) esp_image: segment 4: paddr=0008448c vaddr=40083184 size=0bba8h ( 48040) load[0m
[0;32mI (165) esp_image: segment 5: paddr=0009003c vaddr=400c0000 size=00038h (    56) [0m
[0;32mI (165) esp_image: segment 6: paddr=0009007c vaddr=50000000 size=000a8h (   168) [0m
[0;32mI (176) boot: Loaded app from partition at offset 0x60000[0m
[0;32mI (176) boot: Disabling RNG early entropy source...[0m
[0;32mI (190) cpu_start: Multicore app[0m
[0;32mI (198) cpu_start: GPIO 3 and 1 are used as console UART I/O pins[0m
[0;32mI (199) cpu_start: Pro cpu start user code[0m
[0;32mI (199) cpu_start: cpu freq: 160000000 Hz[0m
[0;32mI (200) app_init: Application information:[0m
[0;32mI (204) app_init: Project name:     puf_test[0m
[0;32mI (208) app_init: App version:      8bab072-dirty[0m
[0;32mI (213) app_init: Compile time:     Aug 20 2025 08:26:37[0m
[0;32mI (218) app_init: ELF file SHA256:  4c2e8007b...[0m
[0;32mI (222) app_init: ESP-IDF:          v6.0-dev-1489-g4e036983a7[0m
[0;32mI (228) efuse_init: Min chip rev:     v0.0[0m
[0;32mI (231) efuse_init: Max chip rev:     v3.99 [0m
[0;32mI (235) efuse_init: Chip rev:         v1.0[0m
[0;32mI (239) heap_init: Initializing. RAM available for dynamic allocation:[0m
[0;32mI (246) heap_init: At 3FFAE6E0 len 00001920 (6 KiB): DRAM[0m
[0;32mI (251) heap_init: At 3FFB4220 len 0002BDE0 (175 KiB): DRAM[0m
[0;32mI (256) heap_init: At 3FFE0440 len 00003AE0 (14 KiB): D/IRAM[0m
[0;32mI (261) heap_init: At 3FFE4350 len 0001BCB0 (111 KiB): D/IRAM[0m
[0;32mI (267) heap_init: At 4008ED2C len 000112D4 (68 KiB): IRAM[0m
[0;32mI (273) spi_flash: detected chip: generic[0m
[0;32mI (276) spi_flash: flash io: dio[0m
[0;33mW (279) spi_flash: Detected size(4096k) larger than the size in the binary image header(2048k). Using the size in the binary image header.[0m
[0;32mI (291) main_task: Started on CPU0[0m
[0;32mI (301) main_task: Calling app_main()[0m
This is a puf importing ... ... ...
STARTING THE INIT 
ets Jun  8 2016 00:22:57

rst:0x5 (DEEPSLEEP_RESET),boot:0x13 (SPI_FAST_FLASH_BOOT)
configsip: 0, SPIWP:0xee
clk_drv:0x00,q_drv:0x00,d_drv:0x00,cs0_drv:0x00,hd_drv:0x00,wp_drv:0x00
mode:DIO, clock div:2
load:0x3fff0030,len:6372
load:0x40078000,len:15920
ho 0 tail 12 room 4
load:0x40080400,len:3880
entry 0x40080638
[0;32mI (29) boot: ESP-IDF v6.0-dev-1489-g4e036983a7 2nd stage bootloader[0m
[0;32mI (29) boot: compile time Aug 20 2025 08:26:44[0m
[0;32mI (29) boot: Multicore bootloader[0m
[0;32mI (32) boot: chip revision: v1.0[0m
[0;32mI (35) boot.esp32: SPI Speed      : 40MHz[0m
[0;32mI (39) boot.esp32: SPI Mode       : DIO[0m
[0;32mI (42) boot.esp32: SPI Flash Size : 2MB[0m
[0;32mI (46) boot: Enabling RNG early entropy source...[0m
[0;32mI (50) boot: Partition Table:[0m
[0;32mI (53) boot: ## Label            Usage          Type ST Offset   Length[0m
[0;32mI (59) boot:  0 nvs              WiFi data        01 02 00009000 00050000[0m
[0;32mI (66) boot:  1 phy_init         RF data          01 01 00059000 00001000[0m
[0;32mI (72) boot:  2 factory          factory app      00 00 00060000 00100000[0m
[0;32mI (79) boot: End of partition table[0m
[0;32mI (82) esp_image: segment 0: paddr=00060020 vaddr=3f400020 size=0a568h ( 42344) map[0m
[0;32mI (105) esp_image: segment 1: paddr=0006a590 vaddr=3ffb0000 size=028fch ( 10492) load[0m
[0;32mI (109) esp_image: segment 2: paddr=0006ce94 vaddr=40080000 size=03184h ( 12676) load[0m
[0;32mI (114) esp_image: segment 3: paddr=00070020 vaddr=400d0020 size=14464h ( 83044) map[0m
[0;32mI (146) esp_image: segment 4: paddr=0008448c vaddr=40083184 size=0bba8h ( 48040) load[0m
[0;32mI (165) esp_image: segment 5: paddr=0009003c vaddr=400c0000 size=00038h (    56) [0m
[0;32mI (165) esp_image: segment 6: paddr=0009007c vaddr=50000000 size=000a8h (   168) [0m
[0;32mI (176) boot: Loaded app from partition at offset 0x60000[0m
[0;32mI (176) boot: Disabling RNG early entropy source...[0m
[0;32mI (190) cpu_start: Multicore app[0m
[0;32mI (198) cpu_start: GPIO 3 and 1 are used as console UART I/O pins[0m
[0;32mI (199) cpu_start: Pro cpu start user code[0m
[0;32mI (199) cpu_start: cpu freq: 160000000 Hz[0m
[0;32mI (200) app_init: Application information:[0m
[0;32mI (204) app_init: Project name:     puf_test[0m
[0;32mI (208) app_init: App version:      8bab072-dirty[0m
[0;32mI (213) app_init: Compile time:     Aug 20 2025 08:26:37[0m
[0;32mI (218) app_init: ELF file SHA256:  4c2e8007b...[0m
[0;32mI (222) app_init: ESP-IDF:          v6.0-dev-1489-g4e036983a7[0m
[0;32mI (228) efuse_init: Min chip rev:     v0.0[0m
[0;32mI (231) efuse_init: Max chip rev:     v3.99 [0m
[0;32mI (235) efuse_init: Chip rev:         v1.0[0m
[0;32mI (239) heap_init: Initializing. RAM available for dynamic allocation:[0m
[0;32mI (246) heap_init: At 3FFAE6E0 len 00001920 (6 KiB): DRAM[0m
[0;32mI (251) heap_init: At 3FFB4220 len 0002BDE0 (175 KiB): DRAM[0m
[0;32mI (256) heap_init: At 3FFE0440 len 00003AE0 (14 KiB): D/IRAM[0m
[0;32mI (261) heap_init: At 3FFE4350 len 0001BCB0 (111 KiB): D/IRAM[0m
[0;32mI (267) heap_init: At 4008ED2C len 000112D4 (68 KiB): IRAM[0m
[0;32mI (273) spi_flash: detected chip: generic[0m
[0;32mI (276) spi_flash: flash io: dio[0m
[0;33mW (279) spi_flash: Detected size(4096k) larger than the size in the binary image header(2048k). Using the size in the binary image header.[0m
[0;32mI (291) main_task: Started on CPU0[0m
[0;32mI (301) main_task: Calling app_main()[0m
This is a puf importing ... ... ...
STARTING THE INIT 
ets Jun  8 2016 00:22:57

rst:0x5 (DEEPSLEEP_RESET),boot:0x13 (SPI_FAST_FLASH_BOOT)
configsip: 0, SPIWP:0xee
clk_drv:0x00,q_drv:0x00,d_drv:0x00,cs0_drv:0x00,hd_drv:0x00,wp_drv:0x00
mode:DIO, clock div:2
load:0x3fff0030,len:6372
load:0x40078000,len:15920
ho 0 tail 12 room 4
load:0x40080400,len:3880
entry 0x40080638
[0;32mI (29) boot: ESP-IDF v6.0-dev-1489-g4e036983a7 2nd stage bootloader[0m
[0;32mI (29) boot: compile time Aug 20 2025 08:26:44[0m
[0;32mI (29) boot: Multicore bootloader[0m
[0;32mI (32) boot: chip revision: v1.0[0m
[0;32mI (35) boot.esp32: SPI Speed      : 40MHz[0m
[0;32mI (39) boot.esp32: SPI Mode       : DIO[0m
[0;32mI (42) boot.esp32: SPI Flash Size : 2MB[0m
[0;32mI (46) boot: Enabling RNG early entropy source...[0m
[0;32mI (50) boot: Partition Table:[0m
[0;32mI (53) boot: ## Label            Usage          Type ST Offset   Length[0m
[0;32mI (59) boot:  0 nvs              WiFi data        01 02 00009000 00050000[0m
[0;32mI (66) boot:  1 phy_init         RF data          01 01 00059000 00001000[0m
[0;32mI (72) boot:  2 factory          factory app      00 00 00060000 00100000[0m
[0;32mI (79) boot: End of partition table[0m
[0;32mI (82) esp_image: segment 0: paddr=00060020 vaddr=3f400020 size=0a568h ( 42344) map[0m
[0;32mI (105) esp_image: segment 1: paddr=0006a590 vaddr=3ffb0000 size=028fch ( 10492) load[0m
[0;32mI (109) esp_image: segment 2: paddr=0006ce94 vaddr=40080000 size=03184h ( 12676) load[0m
[0;32mI (114) esp_image: segment 3: paddr=00070020 vaddr=400d0020 size=14464h ( 83044) map[0m
[0;32mI (146) esp_image: segment 4: paddr=0008448c vaddr=40083184 size=0bba8h ( 48040) load[0m
[0;32mI (165) esp_image: segment 5: paddr=0009003c vaddr=400c0000 size=00038h (    56) [0m
[0;32mI (165) esp_image: segment 6: paddr=0009007c vaddr=50000000 size=000a8h (   168) [0m
[0;32mI (176) boot: Loaded app from partition at offset 0x60000[0m
[0;32mI (176) boot: Disabling RNG early entropy source...[0m
[0;32mI (190) cpu_start: Multicore app[0m
[0;32mI (198) cpu_start: GPIO 3 and 1 are used as console UART I/O pins[0m
[0;32mI (199) cpu_start: Pro cpu start user code[0m
[0;32mI (199) cpu_start: cpu freq: 160000000 Hz[0m
[0;32mI (200) app_init: Application information:[0m
[0;32mI (204) app_init: Project name:     puf_test[0m
[0;32mI (208) app_init: App version:      8bab072-dirty[0m
[0;32mI (213) app_init: Compile time:     Aug 20 2025 08:26:37[0m
[0;32mI (218) app_init: ELF file SHA256:  4c2e8007b...[0m
[0;32mI (222) app_init: ESP-IDF:          v6.0-dev-1489-g4e036983a7[0m
[0;32mI (228) efuse_init: Min chip rev:     v0.0[0m
[0;32mI (231) efuse_init: Max chip rev:     v3.99 [0m
[0;32mI (235) efuse_init: Chip rev:         v1.0[0m
[0;32mI (239) heap_init: Initializing. RAM available for dynamic allocation:[0m
[0;32mI (246) heap_init: At 3FFAE6E0 len 00001920 (6 KiB): DRAM[0m
[0;32mI (251) heap_init: At 3FFB4220 len 0002BDE0 (175 KiB): DRAM[0m
[0;32mI (256) heap_init: At 3FFE0440 len 00003AE0 (14 KiB): D/IRAM[0m
[0;32mI (261) heap_init: At 3FFE4350 len 0001BCB0 (111 KiB): D/IRAM[0m
[0;32mI (267) heap_init: At 4008ED2C len 000112D4 (68 KiB): IRAM[0m
[0;32mI (273) spi_flash: detected chip: generic[0m
[0;32mI (276) spi_flash: flash io: dio[0m
[0;33mW (279) spi_flash: Detected size(4096k) larger than the size in the binary image header(2048k). Using the size in the binary image header.[0m
[0;32mI (291) main_task: Started on CPU0[0m
[0;32mI (301) main_task: Calling app_main()[0m
This is a puf importing ... ... ...
STARTING THE INIT 
PUF bytes: 431
END THE INIT 

STARTING THE ENROLL 
PROVISIONING DONE
The enroll end 
The puf response is ready
STARTING THE CLEAN RESPONSE 
END puf importing ... ... ...
[0;32mI (2471) main_task: Returned from app_main()[0m
