Command: /home/alejandro/.espressif/python_env/idf6.0_py3.12_env/bin/python /home/alejandro/esp/esp-idf/tools/idf_monitor.py -p /dev/ttyUSB0 -b 115200 --toolchain-prefix xtensa-esp32-elf- --target esp32 --revision 0 /home/alejandro/esp32_projects/puf_test/build/puf_test.elf /home/alejandro/esp32_projects/puf_test/build/bootloader/bootloader.elf -m '/home/alejandro/.espressif/python_env/idf6.0_py3.12_env/bin/python' '/home/alejandro/esp/esp-idf/tools/idf.py'
ets Jun  8 2016 00:22:57

rst:0x1 (POWERON_RESET),boot:0x13 (SPI_FAST_FLASH_BOOT)
configsip: 0, SPIWP:0xee
clk_drv:0x00,q_drv:0x00,d_drv:0x00,cs0_drv:0x00,hd_drv:0x00,wp_drv:0x00
mode:DIO, clock div:2
load:0x3fff0030,len:6372
load:0x40078000,len:15920
ho 0 tail 12 room 4
load:0x40080400,len:3880
entry 0x40080638
[0;32mI (29) boot: ESP-IDF v6.0-dev-1489-g4e036983a7 2nd stage bootloader[0m
[0;32mI (29) boot: compile time Aug 20 2025 08:26:44[0m
[0;32mI (29) boot: Multicore bootloader[0m
[0;32mI (32) boot: chip revision: v1.0[0m
[0;32mI (35) boot.esp32: SPI Speed      : 40MHz[0m
[0;32mI (38) boot.esp32: SPI Mode       : DIO[0m
[0;32mI (42) boot.esp32: SPI Flash Size : 2MB[0m
[0;32mI (45) boot: Enabling RNG early entropy source...[0m
[0;32mI (50) boot: Partition Table:[0m
[0;32mI (52) boot: ## Label            Usage          Type ST Offset   Length[0m
[0;32mI (59) boot:  0 nvs              WiFi data        01 02 00009000 00050000[0m
[0;32mI (65) boot:  1 phy_init         RF data          01 01 00059000 00001000[0m
[0;32mI (72) boot:  2 factory          factory app      00 00 00060000 00100000[0m
[0;32mI (78) boot: End of partition table[0m
[0;32mI (82) esp_image: segment 0: paddr=00060020 vaddr=3f400020 size=0a4b8h ( 42168) map[0m
[0;32mI (104) esp_image: segment 1: paddr=0006a4e0 vaddr=3ffb0000 size=028fch ( 10492) load[0m
[0;32mI (108) esp_image: segment 2: paddr=0006cde4 vaddr=40080000 size=03234h ( 12852) load[0m
[0;32mI (114) esp_image: segment 3: paddr=00070020 vaddr=400d0020 size=143ech ( 82924) map[0m
[0;32mI (145) esp_image: segment 4: paddr=00084414 vaddr=40083234 size=0baf8h ( 47864) load[0m
[0;32mI (164) esp_image: segment 5: paddr=0008ff14 vaddr=400c0000 size=00038h (    56) load[0m
[0;32mI (165) esp_image: segment 6: paddr=0008ff54 vaddr=50000000 size=000a8h (   168) load[0m
[0;32mI (176) boot: Loaded app from partition at offset 0x60000[0m
[0;32mI (176) boot: Disabling RNG early entropy source...[0m
[0;32mI (190) cpu_start: Multicore app[0m
[0;32mI (198) cpu_start: GPIO 3 and 1 are used as console UART I/O pins[0m
[0;32mI (198) cpu_start: Pro cpu start user code[0m
[0;32mI (199) cpu_start: cpu freq: 160000000 Hz[0m
[0;32mI (200) app_init: Application information:[0m
[0;32mI (204) app_init: Project name:     puf_test[0m
[0;32mI (208) app_init: App version:      8bab072-dirty[0m
[0;32mI (213) app_init: Compile time:     Aug 20 2025 08:26:37[0m
[0;32mI (218) app_init: ELF file SHA256:  7191a05b0...[0m
[0;32mI (222) app_init: ESP-IDF:          v6.0-dev-1489-g4e036983a7[0m
[0;32mI (227) efuse_init: Min chip rev:     v0.0[0m
[0;32mI (231) efuse_init: Max chip rev:     v3.99 [0m
[0;32mI (235) efuse_init: Chip rev:         v1.0[0m
[0;32mI (239) heap_init: Initializing. RAM available for dynamic allocation:[0m
[0;32mI (246) heap_init: At 3FFAE6E0 len 00001920 (6 KiB): DRAM[0m
[0;32mI (250) heap_init: At 3FFB4220 len 0002BDE0 (175 KiB): DRAM[0m
[0;32mI (256) heap_init: At 3FFE0440 len 00003AE0 (14 KiB): D/IRAM[0m
[0;32mI (261) heap_init: At 3FFE4350 len 0001BCB0 (111 KiB): D/IRAM[0m
[0;32mI (267) heap_init: At 4008ED2C len 000112D4 (68 KiB): IRAM[0m
[0;32mI (273) spi_flash: detected chip: generic[0m
[0;32mI (276) spi_flash: flash io: dio[0m
[0;33mW (278) spi_flash: Detected size(4096k) larger than the size in the binary image header(2048k). Using the size in the binary image header.[0m
[0;32mI (291) main_task: Started on CPU0[0m
[0;32mI (301) main_task: Calling app_main()[0m
This is a puf importing ... ... ...

STARTING PROVISIONING
ets Jun  8 2016 00:22:57

rst:0x5 (DEEPSLEEP_RESET),boot:0x13 (SPI_FAST_FLASH_BOOT)
configsip: 0, SPIWP:0xee
clk_drv:0x00,q_drv:0x00,d_drv:0x00,cs0_drv:0x00,hd_drv:0x00,wp_drv:0x00
mode:DIO, clock div:2
load:0x3fff0030,len:6372
load:0x40078000,len:15920
ho 0 tail 12 room 4
load:0x40080400,len:3880
entry 0x40080638
[0;32mI (29) boot: ESP-IDF v6.0-dev-1489-g4e036983a7 2nd stage bootloader[0m
[0;32mI (29) boot: compile time Aug 20 2025 08:26:44[0m
[0;32mI (29) boot: Multicore bootloader[0m
[0;32mI (32) boot: chip revision: v1.0[0m
[0;32mI (35) boot.esp32: SPI Speed      : 40MHz[0m
[0;32mI (39) boot.esp32: SPI Mode       : DIO[0m
[0;32mI (42) boot.esp32: SPI Flash Size : 2MB[0m
[0;32mI (46) boot: Enabling RNG early entropy source...[0m
[0;32mI (50) boot: Partition Table:[0m
[0;32mI (53) boot: ## Label            Usage          Type ST Offset   Length[0m
[0;32mI (59) boot:  0 nvs              WiFi data        01 02 00009000 00050000[0m
[0;32mI (66) boot:  1 phy_init         RF data          01 01 00059000 00001000[0m
[0;32mI (72) boot:  2 factory          factory app      00 00 00060000 00100000[0m
[0;32mI (79) boot: End of partition table[0m
[0;32mI (82) esp_image: segment 0: paddr=00060020 vaddr=3f400020 size=0a4b8h ( 42168) map[0m
[0;32mI (105) esp_image: segment 1: paddr=0006a4e0 vaddr=3ffb0000 size=028fch ( 10492) load[0m
[0;32mI (109) esp_image: segment 2: paddr=0006cde4 vaddr=40080000 size=03234h ( 12852) load[0m
[0;32mI (114) esp_image: segment 3: paddr=00070020 vaddr=400d0020 size=143ech ( 82924) map[0m
[0;32mI (145) esp_image: segment 4: paddr=00084414 vaddr=40083234 size=0baf8h ( 47864) load[0m
[0;32mI (165) esp_image: segment 5: paddr=0008ff14 vaddr=400c0000 size=00038h (    56) [0m
[0;32mI (165) esp_image: segment 6: paddr=0008ff54 vaddr=50000000 size=000a8h (   168) [0m
[0;32mI (176) boot: Loaded app from partition at offset 0x60000[0m
[0;32mI (176) boot: Disabling RNG early entropy source...[0m
[0;32mI (190) cpu_start: Multicore app[0m
[0;32mI (198) cpu_start: GPIO 3 and 1 are used as console UART I/O pins[0m
[0;32mI (198) cpu_start: Pro cpu start user code[0m
[0;32mI (198) cpu_start: cpu freq: 160000000 Hz[0m
[0;32mI (200) app_init: Application information:[0m
[0;32mI (204) app_init: Project name:     puf_test[0m
[0;32mI (208) app_init: App version:      8bab072-dirty[0m
[0;32mI (212) app_init: Compile time:     Aug 20 2025 08:26:37[0m
[0;32mI (218) app_init: ELF file SHA256:  7191a05b0...[0m
[0;32mI (222) app_init: ESP-IDF:          v6.0-dev-1489-g4e036983a7[0m
[0;32mI (227) efuse_init: Min chip rev:     v0.0[0m
[0;32mI (231) efuse_init: Max chip rev:     v3.99 [0m
[0;32mI (235) efuse_init: Chip rev:         v1.0[0m
[0;32mI (239) heap_init: Initializing. RAM available for dynamic allocation:[0m
[0;32mI (245) heap_init: At 3FFAE6E0 len 00001920 (6 KiB): DRAM[0m
[0;32mI (250) heap_init: At 3FFB4220 len 0002BDE0 (175 KiB): DRAM[0m
[0;32mI (256) heap_init: At 3FFE0440 len 00003AE0 (14 KiB): D/IRAM[0m
[0;32mI (261) heap_init: At 3FFE4350 len 0001BCB0 (111 KiB): D/IRAM[0m
[0;32mI (267) heap_init: At 4008ED2C len 000112D4 (68 KiB): IRAM[0m
[0;32mI (273) spi_flash: detected chip: generic[0m
[0;32mI (275) spi_flash: flash io: dio[0m
[0;33mW (278) spi_flash: Detected size(4096k) larger than the size in the binary image header(2048k). Using the size in the binary image header.[0m
[0;32mI (291) main_task: Started on CPU0[0m
[0;32mI (301) main_task: Calling app_main()[0m
This is a puf importing ... ... ...
ets Jun  8 2016 00:22:57

rst:0x5 (DEEPSLEEP_RESET),boot:0x13 (SPI_FAST_FLASH_BOOT)
configsip: 0, SPIWP:0xee
clk_drv:0x00,q_drv:0x00,d_drv:0x00,cs0_drv:0x00,hd_drv:0x00,wp_drv:0x00
mode:DIO, clock div:2
load:0x3fff0030,len:6372
load:0x40078000,len:15920
ho 0 tail 12 room 4
load:0x40080400,len:3880
entry 0x40080638
[0;32mI (29) boot: ESP-IDF v6.0-dev-1489-g4e036983a7 2nd stage bootloader[0m
[0;32mI (29) boot: compile time Aug 20 2025 08:26:44[0m
[0;32mI (29) boot: Multicore bootloader[0m
[0;32mI (32) boot: chip revision: v1.0[0m
[0;32mI (35) boot.esp32: SPI Speed      : 40MHz[0m
[0;32mI (39) boot.esp32: SPI Mode       : DIO[0m
[0;32mI (42) boot.esp32: SPI Flash Size : 2MB[0m
[0;32mI (46) boot: Enabling RNG early entropy source...[0m
[0;32mI (50) boot: Partition Table:[0m
[0;32mI (53) boot: ## Label            Usage          Type ST Offset   Length[0m
[0;32mI (59) boot:  0 nvs              WiFi data        01 02 00009000 00050000[0m
[0;32mI (66) boot:  1 phy_init         RF data          01 01 00059000 00001000[0m
[0;32mI (72) boot:  2 factory          factory app      00 00 00060000 00100000[0m
[0;32mI (79) boot: End of partition table[0m
[0;32mI (82) esp_image: segment 0: paddr=00060020 vaddr=3f400020 size=0a4b8h ( 42168) map[0m
[0;32mI (105) esp_image: segment 1: paddr=0006a4e0 vaddr=3ffb0000 size=028fch ( 10492) load[0m
[0;32mI (109) esp_image: segment 2: paddr=0006cde4 vaddr=40080000 size=03234h ( 12852) load[0m
[0;32mI (114) esp_image: segment 3: paddr=00070020 vaddr=400d0020 size=143ech ( 82924) map[0m
[0;32mI (145) esp_image: segment 4: paddr=00084414 vaddr=40083234 size=0baf8h ( 47864) load[0m
[0;32mI (165) esp_image: segment 5: paddr=0008ff14 vaddr=400c0000 size=00038h (    56) [0m
[0;32mI (165) esp_image: segment 6: paddr=0008ff54 vaddr=50000000 size=000a8h (   168) [0m
[0;32mI (176) boot: Loaded app from partition at offset 0x60000[0m
[0;32mI (176) boot: Disabling RNG early entropy source...[0m
[0;32mI (190) cpu_start: Multicore app[0m
[0;32mI (198) cpu_start: GPIO 3 and 1 are used as console UART I/O pins[0m
[0;32mI (198) cpu_start: Pro cpu start user code[0m
[0;32mI (198) cpu_start: cpu freq: 160000000 Hz[0m
[0;32mI (200) app_init: Application information:[0m
[0;32mI (204) app_init: Project name:     puf_test[0m
[0;32mI (208) app_init: App version:      8bab072-dirty[0m
[0;32mI (212) app_init: Compile time:     Aug 20 2025 08:26:37[0m
[0;32mI (218) app_init: ELF file SHA256:  7191a05b0...[0m
[0;32mI (222) app_init: ESP-IDF:          v6.0-dev-1489-g4e036983a7[0m
[0;32mI (227) efuse_init: Min chip rev:     v0.0[0m
[0;32mI (231) efuse_init: Max chip rev:     v3.99 [0m
[0;32mI (235) efuse_init: Chip rev:         v1.0[0m
[0;32mI (239) heap_init: Initializing. RAM available for dynamic allocation:[0m
[0;32mI (245) heap_init: At 3FFAE6E0 len 00001920 (6 KiB): DRAM[0m
[0;32mI (250) heap_init: At 3FFB4220 len 0002BDE0 (175 KiB): DRAM[0m
[0;32mI (256) heap_init: At 3FFE0440 len 00003AE0 (14 KiB): D/IRAM[0m
[0;32mI (261) heap_init: At 3FFE4350 len 0001BCB0 (111 KiB): D/IRAM[0m
[0;32mI (267) heap_init: At 4008ED2C len 000112D4 (68 KiB): IRAM[0m
[0;32mI (273) spi_flash: detected chip: generic[0m
[0;32mI (275) spi_flash: flash io: dio[0m
[0;33mW (278) spi_flash: Detected size(4096k) larger than the size in the binary image header(2048k). Using the size in the binary image header.[0m
[0;32mI (291) main_task: Started on CPU0[0m
[0;32mI (301) main_task: Calling app_main()[0m
This is a puf importing ... ... ...
ets Jun  8 2016 00:22:57

rst:0x5 (DEEPSLEEP_RESET),boot:0x13 (SPI_FAST_FLASH_BOOT)
configsip: 0, SPIWP:0xee
clk_drv:0x00,q_drv:0x00,d_drv:0x00,cs0_drv:0x00,hd_drv:0x00,wp_drv:0x00
mode:DIO, clock div:2
load:0x3fff0030,len:6372
load:0x40078000,len:15920
ho 0 tail 12 room 4
load:0x40080400,len:3880
entry 0x40080638
[0;32mI (29) boot: ESP-IDF v6.0-dev-1489-g4e036983a7 2nd stage bootloader[0m
[0;32mI (29) boot: compile time Aug 20 2025 08:26:44[0m
[0;32mI (29) boot: Multicore bootloader[0m
[0;32mI (32) boot: chip revision: v1.0[0m
[0;32mI (35) boot.esp32: SPI Speed      : 40MHz[0m
[0;32mI (39) boot.esp32: SPI Mode       : DIO[0m
[0;32mI (42) boot.esp32: SPI Flash Size : 2MB[0m
[0;32mI (46) boot: Enabling RNG early entropy source...[0m
[0;32mI (50) boot: Partition Table:[0m
[0;32mI (53) boot: ## Label            Usage          Type ST Offset   Length[0m
[0;32mI (59) boot:  0 nvs              WiFi data        01 02 00009000 00050000[0m
[0;32mI (66) boot:  1 phy_init         RF data          01 01 00059000 00001000[0m
[0;32mI (72) boot:  2 factory          factory app      00 00 00060000 00100000[0m
[0;32mI (79) boot: End of partition table[0m
[0;32mI (82) esp_image: segment 0: paddr=00060020 vaddr=3f400020 size=0a4b8h ( 42168) map[0m
[0;32mI (105) esp_image: segment 1: paddr=0006a4e0 vaddr=3ffb0000 size=028fch ( 10492) load[0m
[0;32mI (109) esp_image: segment 2: paddr=0006cde4 vaddr=40080000 size=03234h ( 12852) load[0m
[0;32mI (114) esp_image: segment 3: paddr=00070020 vaddr=400d0020 size=143ech ( 82924) map[0m
[0;32mI (145) esp_image: segment 4: paddr=00084414 vaddr=40083234 size=0baf8h ( 47864) load[0m
[0;32mI (165) esp_image: segment 5: paddr=0008ff14 vaddr=400c0000 size=00038h (    56) [0m
[0;32mI (165) esp_image: segment 6: paddr=0008ff54 vaddr=50000000 size=000a8h (   168) [0m
[0;32mI (176) boot: Loaded app from partition at offset 0x60000[0m
[0;32mI (176) boot: Disabling RNG early entropy source...[0m
[0;32mI (190) cpu_start: Multicore app[0m
[0;32mI (198) cpu_start: GPIO 3 and 1 are used as console UART I/O pins[0m
[0;32mI (198) cpu_start: Pro cpu start user code[0m
[0;32mI (198) cpu_start: cpu freq: 160000000 Hz[0m
[0;32mI (200) app_init: Application information:[0m
[0;32mI (204) app_init: Project name:     puf_test[0m
[0;32mI (208) app_init: App version:      8bab072-dirty[0m
[0;32mI (212) app_init: Compile time:     Aug 20 2025 08:26:37[0m
[0;32mI (218) app_init: ELF file SHA256:  7191a05b0...[0m
[0;32mI (222) app_init: ESP-IDF:          v6.0-dev-1489-g4e036983a7[0m
[0;32mI (227) efuse_init: Min chip rev:     v0.0[0m
[0;32mI (231) efuse_init: Max chip rev:     v3.99 [0m
[0;32mI (235) efuse_init: Chip rev:         v1.0[0m
[0;32mI (239) heap_init: Initializing. RAM available for dynamic allocation:[0m
[0;32mI (245) heap_init: At 3FFAE6E0 len 00001920 (6 KiB): DRAM[0m
[0;32mI (250) heap_init: At 3FFB4220 len 0002BDE0 (175 KiB): DRAM[0m
[0;32mI (256) heap_init: At 3FFE0440 len 00003AE0 (14 KiB): D/IRAM[0m
[0;32mI (261) heap_init: At 3FFE4350 len 0001BCB0 (111 KiB): D/IRAM[0m
[0;32mI (267) heap_init: At 4008ED2C len 000112D4 (68 KiB): IRAM[0m
[0;32mI (273) spi_flash: detected chip: generic[0m
[0;32mI (275) spi_flash: flash io: dio[0m
[0;33mW (278) spi_flash: Detected size(4096k) larger than the size in the binary image header(2048k). Using the size in the binary image header.[0m
[0;32mI (291) main_task: Started on CPU0[0m
[0;32mI (301) main_task: Calling app_main()[0m
This is a puf importing ... ... ...
ets Jun  8 2016 00:22:57

rst:0x5 (DEEPSLEEP_RESET),boot:0x13 (SPI_FAST_FLASH_BOOT)
configsip: 0, SPIWP:0xee
clk_drv:0x00,q_drv:0x00,d_drv:0x00,cs0_drv:0x00,hd_drv:0x00,wp_drv:0x00
mode:DIO, clock div:2
load:0x3fff0030,len:6372
load:0x40078000,len:15920
ho 0 tail 12 room 4
load:0x40080400,len:3880
entry 0x40080638
[0;32mI (29) boot: ESP-IDF v6.0-dev-1489-g4e036983a7 2nd stage bootloader[0m
[0;32mI (29) boot: compile time Aug 20 2025 08:26:44[0m
[0;32mI (29) boot: Multicore bootloader[0m
[0;32mI (32) boot: chip revision: v1.0[0m
[0;32mI (35) boot.esp32: SPI Speed      : 40MHz[0m
[0;32mI (39) boot.esp32: SPI Mode       : DIO[0m
[0;32mI (42) boot.esp32: SPI Flash Size : 2MB[0m
[0;32mI (46) boot: Enabling RNG early entropy source...[0m
[0;32mI (50) boot: Partition Table:[0m
[0;32mI (53) boot: ## Label            Usage          Type ST Offset   Length[0m
[0;32mI (59) boot:  0 nvs              WiFi data        01 02 00009000 00050000[0m
[0;32mI (66) boot:  1 phy_init         RF data          01 01 00059000 00001000[0m
[0;32mI (72) boot:  2 factory          factory app      00 00 00060000 00100000[0m
[0;32mI (79) boot: End of partition table[0m
[0;32mI (82) esp_image: segment 0: paddr=00060020 vaddr=3f400020 size=0a4b8h ( 42168) map[0m
[0;32mI (105) esp_image: segment 1: paddr=0006a4e0 vaddr=3ffb0000 size=028fch ( 10492) load[0m
[0;32mI (109) esp_image: segment 2: paddr=0006cde4 vaddr=40080000 size=03234h ( 12852) load[0m
[0;32mI (114) esp_image: segment 3: paddr=00070020 vaddr=400d0020 size=143ech ( 82924) map[0m
[0;32mI (145) esp_image: segment 4: paddr=00084414 vaddr=40083234 size=0baf8h ( 47864) load[0m
[0;32mI (165) esp_image: segment 5: paddr=0008ff14 vaddr=400c0000 size=00038h (    56) [0m
[0;32mI (165) esp_image: segment 6: paddr=0008ff54 vaddr=50000000 size=000a8h (   168) [0m
[0;32mI (176) boot: Loaded app from partition at offset 0x60000[0m
[0;32mI (176) boot: Disabling RNG early entropy source...[0m
[0;32mI (190) cpu_start: Multicore app[0m
[0;32mI (198) cpu_start: GPIO 3 and 1 are used as console UART I/O pins[0m
[0;32mI (198) cpu_start: Pro cpu start user code[0m
[0;32mI (198) cpu_start: cpu freq: 160000000 Hz[0m
[0;32mI (200) app_init: Application information:[0m
[0;32mI (204) app_init: Project name:     puf_test[0m
[0;32mI (208) app_init: App version:      8bab072-dirty[0m
[0;32mI (212) app_init: Compile time:     Aug 20 2025 08:26:37[0m
[0;32mI (218) app_init: ELF file SHA256:  7191a05b0...[0m
[0;32mI (222) app_init: ESP-IDF:          v6.0-dev-1489-g4e036983a7[0m
[0;32mI (227) efuse_init: Min chip rev:     v0.0[0m
[0;32mI (231) efuse_init: Max chip rev:     v3.99 [0m
[0;32mI (235) efuse_init: Chip rev:         v1.0[0m
[0;32mI (239) heap_init: Initializing. RAM available for dynamic allocation:[0m
[0;32mI (245) heap_init: At 3FFAE6E0 len 00001920 (6 KiB): DRAM[0m
[0;32mI (250) heap_init: At 3FFB4220 len 0002BDE0 (175 KiB): DRAM[0m
[0;32mI (256) heap_init: At 3FFE0440 len 00003AE0 (14 KiB): D/IRAM[0m
[0;32mI (261) heap_init: At 3FFE4350 len 0001BCB0 (111 KiB): D/IRAM[0m
[0;32mI (267) heap_init: At 4008ED2C len 000112D4 (68 KiB): IRAM[0m
[0;32mI (273) spi_flash: detected chip: generic[0m
[0;32mI (275) spi_flash: flash io: dio[0m
[0;33mW (278) spi_flash: Detected size(4096k) larger than the size in the binary image header(2048k). Using the size in the binary image header.[0m
[0;32mI (291) main_task: Started on CPU0[0m
[0;32mI (301) main_task: Calling app_main()[0m
This is a puf importing ... ... ...
ets Jun  8 2016 00:22:57

rst:0x5 (DEEPSLEEP_RESET),boot:0x13 (SPI_FAST_FLASH_BOOT)
configsip: 0, SPIWP:0xee
clk_drv:0x00,q_drv:0x00,d_drv:0x00,cs0_drv:0x00,hd_drv:0x00,wp_drv:0x00
mode:DIO, clock div:2
load:0x3fff0030,len:6372
load:0x40078000,len:15920
ho 0 tail 12 room 4
load:0x40080400,len:3880
entry 0x40080638
[0;32mI (29) boot: ESP-IDF v6.0-dev-1489-g4e036983a7 2nd stage bootloader[0m
[0;32mI (29) boot: compile time Aug 20 2025 08:26:44[0m
[0;32mI (29) boot: Multicore bootloader[0m
[0;32mI (32) boot: chip revision: v1.0[0m
[0;32mI (35) boot.esp32: SPI Speed      : 40MHz[0m
[0;32mI (39) boot.esp32: SPI Mode       : DIO[0m
[0;32mI (42) boot.esp32: SPI Flash Size : 2MB[0m
[0;32mI (46) boot: Enabling RNG early entropy source...[0m
[0;32mI (50) boot: Partition Table:[0m
[0;32mI (53) boot: ## Label            Usage          Type ST Offset   Length[0m
[0;32mI (59) boot:  0 nvs              WiFi data        01 02 00009000 00050000[0m
[0;32mI (66) boot:  1 phy_init         RF data          01 01 00059000 00001000[0m
[0;32mI (72) boot:  2 factory          factory app      00 00 00060000 00100000[0m
[0;32mI (79) boot: End of partition table[0m
[0;32mI (82) esp_image: segment 0: paddr=00060020 vaddr=3f400020 size=0a4b8h ( 42168) map[0m
[0;32mI (105) esp_image: segment 1: paddr=0006a4e0 vaddr=3ffb0000 size=028fch ( 10492) load[0m
[0;32mI (109) esp_image: segment 2: paddr=0006cde4 vaddr=40080000 size=03234h ( 12852) load[0m
[0;32mI (114) esp_image: segment 3: paddr=00070020 vaddr=400d0020 size=143ech ( 82924) map[0m
[0;32mI (145) esp_image: segment 4: paddr=00084414 vaddr=40083234 size=0baf8h ( 47864) load[0m
[0;32mI (165) esp_image: segment 5: paddr=0008ff14 vaddr=400c0000 size=00038h (    56) [0m
[0;32mI (165) esp_image: segment 6: paddr=0008ff54 vaddr=50000000 size=000a8h (   168) [0m
[0;32mI (176) boot: Loaded app from partition at offset 0x60000[0m
[0;32mI (176) boot: Disabling RNG early entropy source...[0m
[0;32mI (190) cpu_start: Multicore app[0m
[0;32mI (198) cpu_start: GPIO 3 and 1 are used as console UART I/O pins[0m
[0;32mI (198) cpu_start: Pro cpu start user code[0m
[0;32mI (198) cpu_start: cpu freq: 160000000 Hz[0m
[0;32mI (200) app_init: Application information:[0m
[0;32mI (204) app_init: Project name:     puf_test[0m
[0;32mI (208) app_init: App version:      8bab072-dirty[0m
[0;32mI (212) app_init: Compile time:     Aug 20 2025 08:26:37[0m
[0;32mI (218) app_init: ELF file SHA256:  7191a05b0...[0m
[0;32mI (222) app_init: ESP-IDF:          v6.0-dev-1489-g4e036983a7[0m
[0;32mI (227) efuse_init: Min chip rev:     v0.0[0m
[0;32mI (231) efuse_init: Max chip rev:     v3.99 [0m
[0;32mI (235) efuse_init: Chip rev:         v1.0[0m
[0;32mI (239) heap_init: Initializing. RAM available for dynamic allocation:[0m
[0;32mI (245) heap_init: At 3FFAE6E0 len 00001920 (6 KiB): DRAM[0m
[0;32mI (250) heap_init: At 3FFB4220 len 0002BDE0 (175 KiB): DRAM[0m
[0;32mI (256) heap_init: At 3FFE0440 len 00003AE0 (14 KiB): D/IRAM[0m
[0;32mI (261) heap_init: At 3FFE4350 len 0001BCB0 (111 KiB): D/IRAM[0m
[0;32mI (267) heap_init: At 4008ED2C len 000112D4 (68 KiB): IRAM[0m
[0;32mI (273) spi_flash: detected chip: generic[0m
[0;32mI (275) spi_flash: flash io: dio[0m
[0;33mW (278) spi_flash: Detected size(4096k) larger than the size in the binary image header(2048k). Using the size in the binary image header.[0m
[0;32mI (291) main_task: Started on CPU0[0m
[0;32mI (301) main_task: Calling app_main()[0m
This is a puf importing ... ... ...
ets Jun  8 2016 00:22:57

rst:0x5 (DEEPSLEEP_RESET),boot:0x13 (SPI_FAST_FLASH_BOOT)
configsip: 0, SPIWP:0xee
clk_drv:0x00,q_drv:0x00,d_drv:0x00,cs0_drv:0x00,hd_drv:0x00,wp_drv:0x00
mode:DIO, clock div:2
load:0x3fff0030,len:6372
load:0x40078000,len:15920
ho 0 tail 12 room 4
load:0x40080400,len:3880
entry 0x40080638
[0;32mI (29) boot: ESP-IDF v6.0-dev-1489-g4e036983a7 2nd stage bootloader[0m
[0;32mI (29) boot: compile time Aug 20 2025 08:26:44[0m
[0;32mI (29) boot: Multicore bootloader[0m
[0;32mI (32) boot: chip revision: v1.0[0m
[0;32mI (35) boot.esp32: SPI Speed      : 40MHz[0m
[0;32mI (39) boot.esp32: SPI Mode       : DIO[0m
[0;32mI (42) boot.esp32: SPI Flash Size : 2MB[0m
[0;32mI (46) boot: Enabling RNG early entropy source...[0m
[0;32mI (50) boot: Partition Table:[0m
[0;32mI (53) boot: ## Label            Usage          Type ST Offset   Length[0m
[0;32mI (59) boot:  0 nvs              WiFi data        01 02 00009000 00050000[0m
[0;32mI (66) boot:  1 phy_init         RF data          01 01 00059000 00001000[0m
[0;32mI (72) boot:  2 factory          factory app      00 00 00060000 00100000[0m
[0;32mI (79) boot: End of partition table[0m
[0;32mI (82) esp_image: segment 0: paddr=00060020 vaddr=3f400020 size=0a4b8h ( 42168) map[0m
[0;32mI (105) esp_image: segment 1: paddr=0006a4e0 vaddr=3ffb0000 size=028fch ( 10492) load[0m
[0;32mI (109) esp_image: segment 2: paddr=0006cde4 vaddr=40080000 size=03234h ( 12852) load[0m
[0;32mI (114) esp_image: segment 3: paddr=00070020 vaddr=400d0020 size=143ech ( 82924) map[0m
[0;32mI (145) esp_image: segment 4: paddr=00084414 vaddr=40083234 size=0baf8h ( 47864) load[0m
[0;32mI (165) esp_image: segment 5: paddr=0008ff14 vaddr=400c0000 size=00038h (    56) [0m
[0;32mI (165) esp_image: segment 6: paddr=0008ff54 vaddr=50000000 size=000a8h (   168) [0m
[0;32mI (176) boot: Loaded app from partition at offset 0x60000[0m
[0;32mI (176) boot: Disabling RNG early entropy source...[0m
[0;32mI (190) cpu_start: Multicore app[0m
[0;32mI (198) cpu_start: GPIO 3 and 1 are used as console UART I/O pins[0m
[0;32mI (198) cpu_start: Pro cpu start user code[0m
[0;32mI (198) cpu_start: cpu freq: 160000000 Hz[0m
[0;32mI (200) app_init: Application information:[0m
[0;32mI (204) app_init: Project name:     puf_test[0m
[0;32mI (208) app_init: App version:      8bab072-dirty[0m
[0;32mI (212) app_init: Compile time:     Aug 20 2025 08:26:37[0m
[0;32mI (218) app_init: ELF file SHA256:  7191a05b0...[0m
[0;32mI (222) app_init: ESP-IDF:          v6.0-dev-1489-g4e036983a7[0m
[0;32mI (227) efuse_init: Min chip rev:     v0.0[0m
[0;32mI (231) efuse_init: Max chip rev:     v3.99 [0m
[0;32mI (235) efuse_init: Chip rev:         v1.0[0m
[0;32mI (239) heap_init: Initializing. RAM available for dynamic allocation:[0m
[0;32mI (245) heap_init: At 3FFAE6E0 len 00001920 (6 KiB): DRAM[0m
[0;32mI (250) heap_init: At 3FFB4220 len 0002BDE0 (175 KiB): DRAM[0m
[0;32mI (256) heap_init: At 3FFE0440 len 00003AE0 (14 KiB): D/IRAM[0m
[0;32mI (261) heap_init: At 3FFE4350 len 0001BCB0 (111 KiB): D/IRAM[0m
[0;32mI (267) heap_init: At 4008ED2C len 000112D4 (68 KiB): IRAM[0m
[0;32mI (273) spi_flash: detected chip: generic[0m
[0;32mI (275) spi_flash: flash io: dio[0m
[0;33mW (278) spi_flash: Detected size(4096k) larger than the size in the binary image header(2048k). Using the size in the binary image header.[0m
[0;32mI (291) main_task: Started on CPU0[0m
[0;32mI (301) main_task: Calling app_main()[0m
This is a puf importing ... ... ...
ets Jun  8 2016 00:22:57

rst:0x5 (DEEPSLEEP_RESET),boot:0x13 (SPI_FAST_FLASH_BOOT)
configsip: 0, SPIWP:0xee
clk_drv:0x00,q_drv:0x00,d_drv:0x00,cs0_drv:0x00,hd_drv:0x00,wp_drv:0x00
mode:DIO, clock div:2
load:0x3fff0030,len:6372
load:0x40078000,len:15920
ho 0 tail 12 room 4
load:0x40080400,len:3880
entry 0x40080638
[0;32mI (29) boot: ESP-IDF v6.0-dev-1489-g4e036983a7 2nd stage bootloader[0m
[0;32mI (29) boot: compile time Aug 20 2025 08:26:44[0m
[0;32mI (29) boot: Multicore bootloader[0m
[0;32mI (32) boot: chip revision: v1.0[0m
[0;32mI (35) boot.esp32: SPI Speed      : 40MHz[0m
[0;32mI (39) boot.esp32: SPI Mode       : DIO[0m
[0;32mI (42) boot.esp32: SPI Flash Size : 2MB[0m
[0;32mI (46) boot: Enabling RNG early entropy source...[0m
[0;32mI (50) boot: Partition Table:[0m
[0;32mI (53) boot: ## Label            Usage          Type ST Offset   Length[0m
[0;32mI (59) boot:  0 nvs              WiFi data        01 02 00009000 00050000[0m
[0;32mI (66) boot:  1 phy_init         RF data          01 01 00059000 00001000[0m
[0;32mI (72) boot:  2 factory          factory app      00 00 00060000 00100000[0m
[0;32mI (79) boot: End of partition table[0m
[0;32mI (82) esp_image: segment 0: paddr=00060020 vaddr=3f400020 size=0a4b8h ( 42168) map[0m
[0;32mI (105) esp_image: segment 1: paddr=0006a4e0 vaddr=3ffb0000 size=028fch ( 10492) load[0m
[0;32mI (109) esp_image: segment 2: paddr=0006cde4 vaddr=40080000 size=03234h ( 12852) load[0m
[0;32mI (114) esp_image: segment 3: paddr=00070020 vaddr=400d0020 size=143ech ( 82924) map[0m
[0;32mI (145) esp_image: segment 4: paddr=00084414 vaddr=40083234 size=0baf8h ( 47864) load[0m
[0;32mI (165) esp_image: segment 5: paddr=0008ff14 vaddr=400c0000 size=00038h (    56) [0m
[0;32mI (165) esp_image: segment 6: paddr=0008ff54 vaddr=50000000 size=000a8h (   168) [0m
[0;32mI (176) boot: Loaded app from partition at offset 0x60000[0m
[0;32mI (176) boot: Disabling RNG early entropy source...[0m
[0;32mI (190) cpu_start: Multicore app[0m
[0;32mI (198) cpu_start: GPIO 3 and 1 are used as console UART I/O pins[0m
[0;32mI (198) cpu_start: Pro cpu start user code[0m
[0;32mI (198) cpu_start: cpu freq: 160000000 Hz[0m
[0;32mI (200) app_init: Application information:[0m
[0;32mI (204) app_init: Project name:     puf_test[0m
[0;32mI (208) app_init: App version:      8bab072-dirty[0m
[0;32mI (212) app_init: Compile time:     Aug 20 2025 08:26:37[0m
[0;32mI (218) app_init: ELF file SHA256:  7191a05b0...[0m
[0;32mI (222) app_init: ESP-IDF:          v6.0-dev-1489-g4e036983a7[0m
[0;32mI (227) efuse_init: Min chip rev:     v0.0[0m
[0;32mI (231) efuse_init: Max chip rev:     v3.99 [0m
[0;32mI (235) efuse_init: Chip rev:         v1.0[0m
[0;32mI (239) heap_init: Initializing. RAM available for dynamic allocation:[0m
[0;32mI (245) heap_init: At 3FFAE6E0 len 00001920 (6 KiB): DRAM[0m
[0;32mI (250) heap_init: At 3FFB4220 len 0002BDE0 (175 KiB): DRAM[0m
[0;32mI (256) heap_init: At 3FFE0440 len 00003AE0 (14 KiB): D/IRAM[0m
[0;32mI (261) heap_init: At 3FFE4350 len 0001BCB0 (111 KiB): D/IRAM[0m
[0;32mI (267) heap_init: At 4008ED2C len 000112D4 (68 KiB): IRAM[0m
[0;32mI (273) spi_flash: detected chip: generic[0m
[0;32mI (275) spi_flash: flash io: dio[0m
[0;33mW (278) spi_flash: Detected size(4096k) larger than the size in the binary image header(2048k). Using the size in the binary image header.[0m
[0;32mI (291) main_task: Started on CPU0[0m
[0;32mI (301) main_task: Calling app_main()[0m
This is a puf importing ... ... ...
ets Jun  8 2016 00:22:57

rst:0x5 (DEEPSLEEP_RESET),boot:0x13 (SPI_FAST_FLASH_BOOT)
configsip: 0, SPIWP:0xee
clk_drv:0x00,q_drv:0x00,d_drv:0x00,cs0_drv:0x00,hd_drv:0x00,wp_drv:0x00
mode:DIO, clock div:2
load:0x3fff0030,len:6372
load:0x40078000,len:15920
ho 0 tail 12 room 4
load:0x40080400,len:3880
entry 0x40080638
[0;32mI (29) boot: ESP-IDF v6.0-dev-1489-g4e036983a7 2nd stage bootloader[0m
[0;32mI (29) boot: compile time Aug 20 2025 08:26:44[0m
[0;32mI (29) boot: Multicore bootloader[0m
[0;32mI (32) boot: chip revision: v1.0[0m
[0;32mI (35) boot.esp32: SPI Speed      : 40MHz[0m
[0;32mI (39) boot.esp32: SPI Mode       : DIO[0m
[0;32mI (42) boot.esp32: SPI Flash Size : 2MB[0m
[0;32mI (46) boot: Enabling RNG early entropy source...[0m
[0;32mI (50) boot: Partition Table:[0m
[0;32mI (53) boot: ## Label            Usage          Type ST Offset   Length[0m
[0;32mI (59) boot:  0 nvs              WiFi data        01 02 00009000 00050000[0m
[0;32mI (66) boot:  1 phy_init         RF data          01 01 00059000 00001000[0m
[0;32mI (72) boot:  2 factory          factory app      00 00 00060000 00100000[0m
[0;32mI (79) boot: End of partition table[0m
[0;32mI (82) esp_image: segment 0: paddr=00060020 vaddr=3f400020 size=0a4b8h ( 42168) map[0m
[0;32mI (105) esp_image: segment 1: paddr=0006a4e0 vaddr=3ffb0000 size=028fch ( 10492) load[0m
[0;32mI (109) esp_image: segment 2: paddr=0006cde4 vaddr=40080000 size=03234h ( 12852) load[0m
[0;32mI (114) esp_image: segment 3: paddr=00070020 vaddr=400d0020 size=143ech ( 82924) map[0m
[0;32mI (145) esp_image: segment 4: paddr=00084414 vaddr=40083234 size=0baf8h ( 47864) load[0m
[0;32mI (165) esp_image: segment 5: paddr=0008ff14 vaddr=400c0000 size=00038h (    56) [0m
[0;32mI (165) esp_image: segment 6: paddr=0008ff54 vaddr=50000000 size=000a8h (   168) [0m
[0;32mI (176) boot: Loaded app from partition at offset 0x60000[0m
[0;32mI (176) boot: Disabling RNG early entropy source...[0m
[0;32mI (190) cpu_start: Multicore app[0m
[0;32mI (198) cpu_start: GPIO 3 and 1 are used as console UART I/O pins[0m
[0;32mI (198) cpu_start: Pro cpu start user code[0m
[0;32mI (198) cpu_start: cpu freq: 160000000 Hz[0m
[0;32mI (200) app_init: Application information:[0m
[0;32mI (204) app_init: Project name:     puf_test[0m
[0;32mI (208) app_init: App version:      8bab072-dirty[0m
[0;32mI (212) app_init: Compile time:     Aug 20 2025 08:26:37[0m
[0;32mI (218) app_init: ELF file SHA256:  7191a05b0...[0m
[0;32mI (222) app_init: ESP-IDF:          v6.0-dev-1489-g4e036983a7[0m
[0;32mI (227) efuse_init: Min chip rev:     v0.0[0m
[0;32mI (231) efuse_init: Max chip rev:     v3.99 [0m
[0;32mI (235) efuse_init: Chip rev:         v1.0[0m
[0;32mI (239) heap_init: Initializing. RAM available for dynamic allocation:[0m
[0;32mI (245) heap_init: At 3FFAE6E0 len 00001920 (6 KiB): DRAM[0m
[0;32mI (250) heap_init: At 3FFB4220 len 0002BDE0 (175 KiB): DRAM[0m
[0;32mI (256) heap_init: At 3FFE0440 len 00003AE0 (14 KiB): D/IRAM[0m
[0;32mI (261) heap_init: At 3FFE4350 len 0001BCB0 (111 KiB): D/IRAM[0m
[0;32mI (267) heap_init: At 4008ED2C len 000112D4 (68 KiB): IRAM[0m
[0;32mI (273) spi_flash: detected chip: generic[0m
[0;32mI (275) spi_flash: flash io: dio[0m
[0;33mW (278) spi_flash: Detected size(4096k) larger than the size in the binary image header(2048k). Using the size in the binary image header.[0m
[0;32mI (291) main_task: Started on CPU0[0m
[0;32mI (301) main_task: Calling app_main()[0m
This is a puf importing ... ... ...
ets Jun  8 2016 00:22:57

rst:0x5 (DEEPSLEEP_RESET),boot:0x13 (SPI_FAST_FLASH_BOOT)
configsip: 0, SPIWP:0xee
clk_drv:0x00,q_drv:0x00,d_drv:0x00,cs0_drv:0x00,hd_drv:0x00,wp_drv:0x00
mode:DIO, clock div:2
load:0x3fff0030,len:6372
load:0x40078000,len:15920
ho 0 tail 12 room 4
load:0x40080400,len:3880
entry 0x40080638
[0;32mI (29) boot: ESP-IDF v6.0-dev-1489-g4e036983a7 2nd stage bootloader[0m
[0;32mI (29) boot: compile time Aug 20 2025 08:26:44[0m
[0;32mI (29) boot: Multicore bootloader[0m
[0;32mI (32) boot: chip revision: v1.0[0m
[0;32mI (35) boot.esp32: SPI Speed      : 40MHz[0m
[0;32mI (39) boot.esp32: SPI Mode       : DIO[0m
[0;32mI (42) boot.esp32: SPI Flash Size : 2MB[0m
[0;32mI (46) boot: Enabling RNG early entropy source...[0m
[0;32mI (50) boot: Partition Table:[0m
[0;32mI (53) boot: ## Label            Usage          Type ST Offset   Length[0m
[0;32mI (59) boot:  0 nvs              WiFi data        01 02 00009000 00050000[0m
[0;32mI (66) boot:  1 phy_init         RF data          01 01 00059000 00001000[0m
[0;32mI (72) boot:  2 factory          factory app      00 00 00060000 00100000[0m
[0;32mI (79) boot: End of partition table[0m
[0;32mI (82) esp_image: segment 0: paddr=00060020 vaddr=3f400020 size=0a4b8h ( 42168) map[0m
[0;32mI (105) esp_image: segment 1: paddr=0006a4e0 vaddr=3ffb0000 size=028fch ( 10492) load[0m
[0;32mI (109) esp_image: segment 2: paddr=0006cde4 vaddr=40080000 size=03234h ( 12852) load[0m
[0;32mI (114) esp_image: segment 3: paddr=00070020 vaddr=400d0020 size=143ech ( 82924) map[0m
[0;32mI (145) esp_image: segment 4: paddr=00084414 vaddr=40083234 size=0baf8h ( 47864) load[0m
[0;32mI (165) esp_image: segment 5: paddr=0008ff14 vaddr=400c0000 size=00038h (    56) [0m
[0;32mI (165) esp_image: segment 6: paddr=0008ff54 vaddr=50000000 size=000a8h (   168) [0m
[0;32mI (176) boot: Loaded app from partition at offset 0x60000[0m
[0;32mI (176) boot: Disabling RNG early entropy source...[0m
[0;32mI (190) cpu_start: Multicore app[0m
[0;32mI (198) cpu_start: GPIO 3 and 1 are used as console UART I/O pins[0m
[0;32mI (198) cpu_start: Pro cpu start user code[0m
[0;32mI (198) cpu_start: cpu freq: 160000000 Hz[0m
[0;32mI (200) app_init: Application information:[0m
[0;32mI (204) app_init: Project name:     puf_test[0m
[0;32mI (208) app_init: App version:      8bab072-dirty[0m
[0;32mI (212) app_init: Compile time:     Aug 20 2025 08:26:37[0m
[0;32mI (218) app_init: ELF file SHA256:  7191a05b0...[0m
[0;32mI (222) app_init: ESP-IDF:          v6.0-dev-1489-g4e036983a7[0m
[0;32mI (227) efuse_init: Min chip rev:     v0.0[0m
[0;32mI (231) efuse_init: Max chip rev:     v3.99 [0m
[0;32mI (235) efuse_init: Chip rev:         v1.0[0m
[0;32mI (239) heap_init: Initializing. RAM available for dynamic allocation:[0m
[0;32mI (245) heap_init: At 3FFAE6E0 len 00001920 (6 KiB): DRAM[0m
[0;32mI (250) heap_init: At 3FFB4220 len 0002BDE0 (175 KiB): DRAM[0m
[0;32mI (256) heap_init: At 3FFE0440 len 00003AE0 (14 KiB): D/IRAM[0m
[0;32mI (261) heap_init: At 3FFE4350 len 0001BCB0 (111 KiB): D/IRAM[0m
[0;32mI (267) heap_init: At 4008ED2C len 000112D4 (68 KiB): IRAM[0m
[0;32mI (273) spi_flash: detected chip: generic[0m
[0;32mI (275) spi_flash: flash io: dio[0m
[0;33mW (278) spi_flash: Detected size(4096k) larger than the size in the binary image header(2048k). Using the size in the binary image header.[0m
[0;32mI (291) main_task: Started on CPU0[0m
[0;32mI (301) main_task: Calling app_main()[0m
This is a puf importing ... ... ...
ets Jun  8 2016 00:22:57

rst:0x5 (DEEPSLEEP_RESET),boot:0x13 (SPI_FAST_FLASH_BOOT)
configsip: 0, SPIWP:0xee
clk_drv:0x00,q_drv:0x00,d_drv:0x00,cs0_drv:0x00,hd_drv:0x00,wp_drv:0x00
mode:DIO, clock div:2
load:0x3fff0030,len:6372
load:0x40078000,len:15920
ho 0 tail 12 room 4
load:0x40080400,len:3880
entry 0x40080638
[0;32mI (29) boot: ESP-IDF v6.0-dev-1489-g4e036983a7 2nd stage bootloader[0m
[0;32mI (29) boot: compile time Aug 20 2025 08:26:44[0m
[0;32mI (29) boot: Multicore bootloader[0m
[0;32mI (32) boot: chip revision: v1.0[0m
[0;32mI (35) boot.esp32: SPI Speed      : 40MHz[0m
[0;32mI (39) boot.esp32: SPI Mode       : DIO[0m
[0;32mI (42) boot.esp32: SPI Flash Size : 2MB[0m
[0;32mI (46) boot: Enabling RNG early entropy source...[0m
[0;32mI (50) boot: Partition Table:[0m
[0;32mI (53) boot: ## Label            Usage          Type ST Offset   Length[0m
[0;32mI (59) boot:  0 nvs              WiFi data        01 02 00009000 00050000[0m
[0;32mI (66) boot:  1 phy_init         RF data          01 01 00059000 00001000[0m
[0;32mI (72) boot:  2 factory          factory app      00 00 00060000 00100000[0m
[0;32mI (79) boot: End of partition table[0m
[0;32mI (82) esp_image: segment 0: paddr=00060020 vaddr=3f400020 size=0a4b8h ( 42168) map[0m
[0;32mI (105) esp_image: segment 1: paddr=0006a4e0 vaddr=3ffb0000 size=028fch ( 10492) load[0m
[0;32mI (109) esp_image: segment 2: paddr=0006cde4 vaddr=40080000 size=03234h ( 12852) load[0m
[0;32mI (114) esp_image: segment 3: paddr=00070020 vaddr=400d0020 size=143ech ( 82924) map[0m
[0;32mI (145) esp_image: segment 4: paddr=00084414 vaddr=40083234 size=0baf8h ( 47864) load[0m
[0;32mI (165) esp_image: segment 5: paddr=0008ff14 vaddr=400c0000 size=00038h (    56) [0m
[0;32mI (165) esp_image: segment 6: paddr=0008ff54 vaddr=50000000 size=000a8h (   168) [0m
[0;32mI (176) boot: Loaded app from partition at offset 0x60000[0m
[0;32mI (176) boot: Disabling RNG early entropy source...[0m
[0;32mI (190) cpu_start: Multicore app[0m
[0;32mI (198) cpu_start: GPIO 3 and 1 are used as console UART I/O pins[0m
[0;32mI (198) cpu_start: Pro cpu start user code[0m
[0;32mI (198) cpu_start: cpu freq: 160000000 Hz[0m
[0;32mI (200) app_init: Application information:[0m
[0;32mI (204) app_init: Project name:     puf_test[0m
[0;32mI (208) app_init: App version:      8bab072-dirty[0m
[0;32mI (212) app_init: Compile time:     Aug 20 2025 08:26:37[0m
[0;32mI (218) app_init: ELF file SHA256:  7191a05b0...[0m
[0;32mI (222) app_init: ESP-IDF:          v6.0-dev-1489-g4e036983a7[0m
[0;32mI (227) efuse_init: Min chip rev:     v0.0[0m
[0;32mI (231) efuse_init: Max chip rev:     v3.99 [0m
[0;32mI (235) efuse_init: Chip rev:         v1.0[0m
[0;32mI (239) heap_init: Initializing. RAM available for dynamic allocation:[0m
[0;32mI (245) heap_init: At 3FFAE6E0 len 00001920 (6 KiB): DRAM[0m
[0;32mI (250) heap_init: At 3FFB4220 len 0002BDE0 (175 KiB): DRAM[0m
[0;32mI (256) heap_init: At 3FFE0440 len 00003AE0 (14 KiB): D/IRAM[0m
[0;32mI (261) heap_init: At 3FFE4350 len 0001BCB0 (111 KiB): D/IRAM[0m
[0;32mI (267) heap_init: At 4008ED2C len 000112D4 (68 KiB): IRAM[0m
[0;32mI (273) spi_flash: detected chip: generic[0m
[0;32mI (275) spi_flash: flash io: dio[0m
[0;33mW (278) spi_flash: Detected size(4096k) larger than the size in the binary image header(2048k). Using the size in the binary image header.[0m
[0;32mI (291) main_task: Started on CPU0[0m
[0;32mI (301) main_task: Calling app_main()[0m
This is a puf importing ... ... ...
PUF bytes: 432

PROVISIONING DONE

ets Jun  8 2016 00:22:57

rst:0x5 (DEEPSLEEP_RESET),boot:0x13 (SPI_FAST_FLASH_BOOT)
configsip: 0, SPIWP:0xee
clk_drv:0x00,q_drv:0x00,d_drv:0x00,cs0_drv:0x00,hd_drv:0x00,wp_drv:0x00
mode:DIO, clock div:2
load:0x3fff0030,len:6372
load:0x40078000,len:15920
ho 0 tail 12 room 4
load:0x40080400,len:3880
entry 0x40080638
[0;32mI (29) boot: ESP-IDF v6.0-dev-1489-g4e036983a7 2nd stage bootloader[0m
[0;32mI (29) boot: compile time Aug 20 2025 08:26:44[0m
[0;32mI (29) boot: Multicore bootloader[0m
[0;32mI (32) boot: chip revision: v1.0[0m
[0;32mI (35) boot.esp32: SPI Speed      : 40MHz[0m
[0;32mI (39) boot.esp32: SPI Mode       : DIO[0m
[0;32mI (42) boot.esp32: SPI Flash Size : 2MB[0m
[0;32mI (46) boot: Enabling RNG early entropy source...[0m
[0;32mI (50) boot: Partition Table:[0m
[0;32mI (53) boot: ## Label            Usage          Type ST Offset   Length[0m
[0;32mI (59) boot:  0 nvs              WiFi data        01 02 00009000 00050000[0m
[0;32mI (66) boot:  1 phy_init         RF data          01 01 00059000 00001000[0m
[0;32mI (72) boot:  2 factory          factory app      00 00 00060000 00100000[0m
[0;32mI (79) boot: End of partition table[0m
[0;32mI (82) esp_image: segment 0: paddr=00060020 vaddr=3f400020 size=0a4b8h ( 42168) map[0m
[0;32mI (105) esp_image: segment 1: paddr=0006a4e0 vaddr=3ffb0000 size=028fch ( 10492) load[0m
[0;32mI (109) esp_image: segment 2: paddr=0006cde4 vaddr=40080000 size=03234h ( 12852) load[0m
[0;32mI (114) esp_image: segment 3: paddr=00070020 vaddr=400d0020 size=143ech ( 82924) map[0m
[0;32mI (145) esp_image: segment 4: paddr=00084414 vaddr=40083234 size=0baf8h ( 47864) load[0m
[0;32mI (165) esp_image: segment 5: paddr=0008ff14 vaddr=400c0000 size=00038h (    56) [0m
[0;32mI (165) esp_image: segment 6: paddr=0008ff54 vaddr=50000000 size=000a8h (   168) [0m
[0;32mI (176) boot: Loaded app from partition at offset 0x60000[0m
[0;32mI (176) boot: Disabling RNG early entropy source...[0m
[0;32mI (190) cpu_start: Multicore app[0m
[0;32mI (198) cpu_start: GPIO 3 and 1 are used as console UART I/O pins[0m
[0;32mI (198) cpu_start: Pro cpu start user code[0m
[0;32mI (198) cpu_start: cpu freq: 160000000 Hz[0m
[0;32mI (200) app_init: Application information:[0m
[0;32mI (204) app_init: Project name:     puf_test[0m
[0;32mI (208) app_init: App version:      8bab072-dirty[0m
[0;32mI (212) app_init: Compile time:     Aug 20 2025 08:26:37[0m
[0;32mI (218) app_init: ELF file SHA256:  7191a05b0...[0m
[0;32mI (222) app_init: ESP-IDF:          v6.0-dev-1489-g4e036983a7[0m
[0;32mI (227) efuse_init: Min chip rev:     v0.0[0m
[0;32mI (231) efuse_init: Max chip rev:     v3.99 [0m
[0;32mI (235) efuse_init: Chip rev:         v1.0[0m
[0;32mI (239) heap_init: Initializing. RAM available for dynamic allocation:[0m
[0;32mI (245) heap_init: At 3FFAE6E0 len 00001920 (6 KiB): DRAM[0m
[0;32mI (250) heap_init: At 3FFB4220 len 0002BDE0 (175 KiB): DRAM[0m
[0;32mI (256) heap_init: At 3FFE0440 len 00003AE0 (14 KiB): D/IRAM[0m
[0;32mI (261) heap_init: At 3FFE4350 len 0001BCB0 (111 KiB): D/IRAM[0m
[0;32mI (267) heap_init: At 4008ED2C len 000112D4 (68 KiB): IRAM[0m
[0;32mI (273) spi_flash: detected chip: generic[0m
[0;32mI (275) spi_flash: flash io: dio[0m
[0;33mW (278) spi_flash: Detected size(4096k) larger than the size in the binary image header(2048k). Using the size in the binary image header.[0m
[0;32mI (291) main_task: Started on CPU0[0m
[0;32mI (301) main_task: Calling app_main()[0m
This is a puf importing ... ... ...
3F D4 73 43 8F 55 81 2D 4F 30 96 72 7C E0 47 71 BF 9A FA 28 47 ED 63 A5 BB 3F C1 8D 3C 0D 67 58 95 30 7F D6 0D 81 71 B8 A4 7E 09 C2 03 13 E4 E0 45 31 02 F3 A1 6F 5E 95 1C 46 92 C8 E2 85 F0 0D 38 D1 80 09 31 5C A9 DD 11 49 33 7F F4 37 B9 B2 FD EE 63 F6 FE 25 D1 C5 73 59 C4 14 68 39 B1 B4 08 48 A5 8B 52 6C 91 D5 85 90 26 EA 2B 08 70 3C 29 1D B3 2F 26 72 C1 17 7B DA B7 4B 04 E5 14 E4 F4 A8 46 86 4C 37 E6 76 83 34 4A 1D 3E 4A 00 1A 62 13 48 8B 37 BF F8 A8 E7 50 5C E9 4B DA BA AF DE 53 8A CC 54 08 3A 13 E1 D3 66 50 97 AD 46 F5 D8 27 F6 6C A1 63 73 73 48 08 5B 7B 61 1E 47 9F 12 14 C1 4C 6F 6B F9 9F 3F E3 F1 61 A2 0B C7 56 6F BF 5A 26 5D 62 D8 AA 2F 02 78 B3 57 92 BA 2C AC 9E D1 12 DE 07 41 ED BE 6B 46 47 EC 8C A2 DE 74 C8 CB 65 83 FE E5 D7 E1 0B 15 4A 28 F2 3A 92 D6 BF 53 E6 78 86 EB EC F0 21 20 EA FE BC C4 03 FB 73 83 5E A5 3D 76 FC 16 62 16 33 8D CE B4 9A D0 B0 24 95 89 9D 1C 6F 1F 19 C5 E7 CB E5 08 04 A8 5F 53 B8 25 B4 03 99 39 2D FC 5A 01 D6 E1 55 36 D3 93 68 8E 10 26 6D CC B2 32 35 CB AE D1 8C AE F5 DB 3C D7 D7 83 30 6C C3 5C 0A 61 BC C3 2B 70 83 FA 93 6D 7E 6A 9D 44 AC A8 98 D9 F6 80 5C 77 98 3F 46 7F 43 78 C3 EA FA 9D 1A 30 E7 5C C7 F2 3C 82 4E FF D6 32 1F C8 4D 7C 3B E5 2F 0F 79 BB F9 8B 58 A0 71 FA 04 C1 73 1A 84 81 B3 45 6A 91 36 EC F5 55 F7 25 1C 5A E9 24 91 72 6B FC A4 
STARTING PROVISIONING
ets Jun  8 2016 00:22:57

rst:0x5 (DEEPSLEEP_RESET),boot:0x13 (SPI_FAST_FLASH_BOOT)
configsip: 0, SPIWP:0xee
clk_drv:0x00,q_drv:0x00,d_drv:0x00,cs0_drv:0x00,hd_drv:0x00,wp_drv:0x00
mode:DIO, clock div:2
load:0x3fff0030,len:6372
load:0x40078000,len:15920
ho 0 tail 12 room 4
load:0x40080400,len:3880
entry 0x40080638
[0;32mI (29) boot: ESP-IDF v6.0-dev-1489-g4e036983a7 2nd stage bootloader[0m
[0;32mI (29) boot: compile time Aug 20 2025 08:26:44[0m
[0;32mI (29) boot: Multicore bootloader[0m
[0;32mI (32) boot: chip revision: v1.0[0m
[0;32mI (35) boot.esp32: SPI Speed      : 40MHz[0m
[0;32mI (39) boot.esp32: SPI Mode       : DIO[0m
[0;32mI (42) boot.esp32: SPI Flash Size : 2MB[0m
[0;32mI (46) boot: Enabling RNG early entropy source...[0m
[0;32mI (50) boot: Partition Table:[0m
[0;32mI (53) boot: ## Label            Usage          Type ST Offset   Length[0m
[0;32mI (59) boot:  0 nvs              WiFi data        01 02 00009000 00050000[0m
[0;32mI (66) boot:  1 phy_init         RF data          01 01 00059000 00001000[0m
[0;32mI (72) boot:  2 factory          factory app      00 00 00060000 00100000[0m
[0;32mI (79) boot: End of partition table[0m
[0;32mI (82) esp_image: segment 0: paddr=00060020 vaddr=3f400020 size=0a4b8h ( 42168) map[0m
[0;32mI (105) esp_image: segment 1: paddr=0006a4e0 vaddr=3ffb0000 size=028fch ( 10492) load[0m
[0;32mI (109) esp_image: segment 2: paddr=0006cde4 vaddr=40080000 size=03234h ( 12852) load[0m
[0;32mI (114) esp_image: segment 3: paddr=00070020 vaddr=400d0020 size=143ech ( 82924) map[0m
[0;32mI (145) esp_image: segment 4: paddr=00084414 vaddr=40083234 size=0baf8h ( 47864) load[0m
[0;32mI (165) esp_image: segment 5: paddr=0008ff14 vaddr=400c0000 size=00038h (    56) [0m
[0;32mI (165) esp_image: segment 6: paddr=0008ff54 vaddr=50000000 size=000a8h (   168) [0m
[0;32mI (176) boot: Loaded app from partition at offset 0x60000[0m
[0;32mI (176) boot: Disabling RNG early entropy source...[0m
[0;32mI (190) cpu_start: Multicore app[0m
[0;32mI (198) cpu_start: GPIO 3 and 1 are used as console UART I/O pins[0m
[0;32mI (198) cpu_start: Pro cpu start user code[0m
[0;32mI (198) cpu_start: cpu freq: 160000000 Hz[0m
[0;32mI (200) app_init: Application information:[0m
[0;32mI (204) app_init: Project name:     puf_test[0m
[0;32mI (208) app_init: App version:      8bab072-dirty[0m
[0;32mI (212) app_init: Compile time:     Aug 20 2025 08:26:37[0m
[0;32mI (218) app_init: ELF file SHA256:  7191a05b0...[0m
[0;32mI (222) app_init: ESP-IDF:          v6.0-dev-1489-g4e036983a7[0m
[0;32mI (227) efuse_init: Min chip rev:     v0.0[0m
[0;32mI (231) efuse_init: Max chip rev:     v3.99 [0m
[0;32mI (235) efuse_init: Chip rev:         v1.0[0m
[0;32mI (239) heap_init: Initializing. RAM available for dynamic allocation:[0m
[0;32mI (245) heap_init: At 3FFAE6E0 len 00001920 (6 KiB): DRAM[0m
[0;32mI (250) heap_init: At 3FFB4220 len 0002BDE0 (175 KiB): DRAM[0m
[0;32mI (256) heap_init: At 3FFE0440 len 00003AE0 (14 KiB): D/IRAM[0m
[0;32mI (261) heap_init: At 3FFE4350 len 0001BCB0 (111 KiB): D/IRAM[0m
[0;32mI (267) heap_init: At 4008ED2C len 000112D4 (68 KiB): IRAM[0m
[0;32mI (273) spi_flash: detected chip: generic[0m
[0;32mI (275) spi_flash: flash io: dio[0m
[0;33mW (278) spi_flash: Detected size(4096k) larger than the size in the binary image header(2048k). Using the size in the binary image header.[0m
[0;32mI (291) main_task: Started on CPU0[0m
[0;32mI (301) main_task: Calling app_main()[0m
This is a puf importing ... ... ...
ets Jun  8 2016 00:22:57

rst:0x5 (DEEPSLEEP_RESET),boot:0x13 (SPI_FAST_FLASH_BOOT)
configsip: 0, SPIWP:0xee
clk_drv:0x00,q_drv:0x00,d_drv:0x00,cs0_drv:0x00,hd_drv:0x00,wp_drv:0x00
mode:DIO, clock div:2
load:0x3fff0030,len:6372
load:0x40078000,len:15920
ho 0 tail 12 room 4
load:0x40080400,len:3880
entry 0x40080638
[0;32mI (29) boot: ESP-IDF v6.0-dev-1489-g4e036983a7 2nd stage bootloader[0m
[0;32mI (29) boot: compile time Aug 20 2025 08:26:44[0m
[0;32mI (29) boot: Multicore bootloader[0m
[0;32mI (32) boot: chip revision: v1.0[0m
[0;32mI (35) boot.esp32: SPI Speed      : 40MHz[0m
[0;32mI (39) boot.esp32: SPI Mode       : DIO[0m
[0;32mI (42) boot.esp32: SPI Flash Size : 2MB[0m
[0;32mI (46) boot: Enabling RNG early entropy source...[0m
[0;32mI (50) boot: Partition Table:[0m
[0;32mI (53) boot: ## Label            Usage          Type ST Offset   Length[0m
[0;32mI (59) boot:  0 nvs              WiFi data        01 02 00009000 00050000[0m
[0;32mI (66) boot:  1 phy_init         RF data          01 01 00059000 00001000[0m
[0;32mI (72) boot:  2 factory          factory app      00 00 00060000 00100000[0m
[0;32mI (79) boot: End of partition table[0m
[0;32mI (82) esp_image: segment 0: paddr=00060020 vaddr=3f400020 size=0a4b8h ( 42168) map[0m
[0;32mI (105) esp_image: segment 1: paddr=0006a4e0 vaddr=3ffb0000 size=028fch ( 10492) load[0m
[0;32mI (109) esp_image: segment 2: paddr=0006cde4 vaddr=40080000 size=03234h ( 12852) load[0m
[0;32mI (114) esp_image: segment 3: paddr=00070020 vaddr=400d0020 size=143ech ( 82924) map[0m
[0;32mI (145) esp_image: segment 4: paddr=00084414 vaddr=40083234 size=0baf8h ( 47864) load[0m
[0;32mI (165) esp_image: segment 5: paddr=0008ff14 vaddr=400c0000 size=00038h (    56) [0m
[0;32mI (165) esp_image: segment 6: paddr=0008ff54 vaddr=50000000 size=000a8h (   168) [0m
[0;32mI (176) boot: Loaded app from partition at offset 0x60000[0m
[0;32mI (176) boot: Disabling RNG early entropy source...[0m
[0;32mI (190) cpu_start: Multicore app[0m
[0;32mI (198) cpu_start: GPIO 3 and 1 are used as console UART I/O pins[0m
[0;32mI (198) cpu_start: Pro cpu start user code[0m
[0;32mI (198) cpu_start: cpu freq: 160000000 Hz[0m
[0;32mI (200) app_init: Application information:[0m
[0;32mI (204) app_init: Project name:     puf_test[0m
[0;32mI (208) app_init: App version:      8bab072-dirty[0m
[0;32mI (212) app_init: Compile time:     Aug 20 2025 08:26:37[0m
[0;32mI (218) app_init: ELF file SHA256:  7191a05b0...[0m
[0;32mI (222) app_init: ESP-IDF:          v6.0-dev-1489-g4e036983a7[0m
[0;32mI (227) efuse_init: Min chip rev:     v0.0[0m
[0;32mI (231) efuse_init: Max chip rev:     v3.99 [0m
[0;32mI (235) efuse_init: Chip rev:         v1.0[0m
[0;32mI (239) heap_init: Initializing. RAM available for dynamic allocation:[0m
[0;32mI (245) heap_init: At 3FFAE6E0 len 00001920 (6 KiB): DRAM[0m
[0;32mI (250) heap_init: At 3FFB4220 len 0002BDE0 (175 KiB): DRAM[0m
[0;32mI (256) heap_init: At 3FFE0440 len 00003AE0 (14 KiB): D/IRAM[0m
[0;32mI (261) heap_init: At 3FFE4350 len 0001BCB0 (111 KiB): D/IRAM[0m
[0;32mI (267) heap_init: At 4008ED2C len 000112D4 (68 KiB): IRAM[0m
[0;32mI (273) spi_flash: detected chip: generic[0m
[0;32mI (275) spi_flash: flash io: dio[0m
[0;33mW (278) spi_flash: Detected size(4096k) larger than the size in the binary image header(2048k). Using the size in the binary image header.[0m
[0;32mI (291) main_task: Started on CPU0[0m
[0;32mI (301) main_task: Calling app_main()[0m
This is a puf importing ... ... ...
ets Jun  8 2016 00:22:57

rst:0x5 (DEEPSLEEP_RESET),boot:0x13 (SPI_FAST_FLASH_BOOT)
configsip: 0, SPIWP:0xee
clk_drv:0x00,q_drv:0x00,d_drv:0x00,cs0_drv:0x00,hd_drv:0x00,wp_drv:0x00
mode:DIO, clock div:2
load:0x3fff0030,len:6372
load:0x40078000,len:15920
ho 0 tail 12 room 4
load:0x40080400,len:3880
entry 0x40080638
[0;32mI (29) boot: ESP-IDF v6.0-dev-1489-g4e036983a7 2nd stage bootloader[0m
[0;32mI (29) boot: compile time Aug 20 2025 08:26:44[0m
[0;32mI (29) boot: Multicore bootloader[0m
[0;32mI (32) boot: chip revision: v1.0[0m
[0;32mI (35) boot.esp32: SPI Speed      : 40MHz[0m
[0;32mI (39) boot.esp32: SPI Mode       : DIO[0m
[0;32mI (42) boot.esp32: SPI Flash Size : 2MB[0m
[0;32mI (46) boot: Enabling RNG early entropy source...[0m
[0;32mI (50) boot: Partition Table:[0m
[0;32mI (53) boot: ## Label            Usage          Type ST Offset   Length[0m
[0;32mI (59) boot:  0 nvs              WiFi data        01 02 00009000 00050000[0m
[0;32mI (66) boot:  1 phy_init         RF data          01 01 00059000 00001000[0m
[0;32mI (72) boot:  2 factory          factory app      00 00 00060000 00100000[0m
[0;32mI (79) boot: End of partition table[0m
[0;32mI (82) esp_image: segment 0: paddr=00060020 vaddr=3f400020 size=0a4b8h ( 42168) map[0m
[0;32mI (105) esp_image: segment 1: paddr=0006a4e0 vaddr=3ffb0000 size=028fch ( 10492) load[0m
[0;32mI (109) esp_image: segment 2: paddr=0006cde4 vaddr=40080000 size=03234h ( 12852) load[0m
[0;32mI (114) esp_image: segment 3: paddr=00070020 vaddr=400d0020 size=143ech ( 82924) map[0m
[0;32mI (145) esp_image: segment 4: paddr=00084414 vaddr=40083234 size=0baf8h ( 47864) load[0m
[0;32mI (165) esp_image: segment 5: paddr=0008ff14 vaddr=400c0000 size=00038h (    56) [0m
[0;32mI (165) esp_image: segment 6: paddr=0008ff54 vaddr=50000000 size=000a8h (   168) [0m
[0;32mI (176) boot: Loaded app from partition at offset 0x60000[0m
[0;32mI (176) boot: Disabling RNG early entropy source...[0m
[0;32mI (190) cpu_start: Multicore app[0m
[0;32mI (198) cpu_start: GPIO 3 and 1 are used as console UART I/O pins[0m
[0;32mI (198) cpu_start: Pro cpu start user code[0m
[0;32mI (198) cpu_start: cpu freq: 160000000 Hz[0m
[0;32mI (200) app_init: Application information:[0m
[0;32mI (204) app_init: Project name:     puf_test[0m
[0;32mI (208) app_init: App version:      8bab072-dirty[0m
[0;32mI (212) app_init: Compile time:     Aug 20 2025 08:26:37[0m
[0;32mI (218) app_init: ELF file SHA256:  7191a05b0...[0m
[0;32mI (222) app_init: ESP-IDF:          v6.0-dev-1489-g4e036983a7[0m
[0;32mI (227) efuse_init: Min chip rev:     v0.0[0m
[0;32mI (231) efuse_init: Max chip rev:     v3.99 [0m
[0;32mI (235) efuse_init: Chip rev:         v1.0[0m
[0;32mI (239) heap_init: Initializing. RAM available for dynamic allocation:[0m
[0;32mI (245) heap_init: At 3FFAE6E0 len 00001920 (6 KiB): DRAM[0m
[0;32mI (250) heap_init: At 3FFB4220 len 0002BDE0 (175 KiB): DRAM[0m
[0;32mI (256) heap_init: At 3FFE0440 len 00003AE0 (14 KiB): D/IRAM[0m
[0;32mI (261) heap_init: At 3FFE4350 len 0001BCB0 (111 KiB): D/IRAM[0m
[0;32mI (267) heap_init: At 4008ED2C len 000112D4 (68 KiB): IRAM[0m
[0;32mI (273) spi_flash: detected chip: generic[0m
[0;32mI (275) spi_flash: flash io: dio[0m
[0;33mW (278) spi_flash: Detected size(4096k) larger than the size in the binary image header(2048k). Using the size in the binary image header.[0m
[0;32mI (291) main_task: Started on CPU0[0m
[0;32mI (301) main_task: Calling app_main()[0m
This is a puf importing ... ... ...
ets Jun  8 2016 00:22:57

rst:0x5 (DEEPSLEEP_RESET),boot:0x13 (SPI_FAST_FLASH_BOOT)
configsip: 0, SPIWP:0xee
clk_drv:0x00,q_drv:0x00,d_drv:0x00,cs0_drv:0x00,hd_drv:0x00,wp_drv:0x00
mode:DIO, clock div:2
load:0x3fff0030,len:6372
load:0x40078000,len:15920
ho 0 tail 12 room 4
load:0x40080400,len:3880
entry 0x40080638
[0;32mI (29) boot: ESP-IDF v6.0-dev-1489-g4e036983a7 2nd stage bootloader[0m
[0;32mI (29) boot: compile time Aug 20 2025 08:26:44[0m
[0;32mI (29) boot: Multicore bootloader[0m
[0;32mI (32) boot: chip revision: v1.0[0m
[0;32mI (35) boot.esp32: SPI Speed      : 40MHz[0m
[0;32mI (39) boot.esp32: SPI Mode       : DIO[0m
[0;32mI (42) boot.esp32: SPI Flash Size : 2MB[0m
[0;32mI (46) boot: Enabling RNG early entropy source...[0m
[0;32mI (50) boot: Partition Table:[0m
[0;32mI (53) boot: ## Label            Usage          Type ST Offset   Length[0m
[0;32mI (59) boot:  0 nvs              WiFi data        01 02 00009000 00050000[0m
[0;32mI (66) boot:  1 phy_init         RF data          01 01 00059000 00001000[0m
[0;32mI (72) boot:  2 factory          factory app      00 00 00060000 00100000[0m
[0;32mI (79) boot: End of partition table[0m
[0;32mI (82) esp_image: segment 0: paddr=00060020 vaddr=3f400020 size=0a4b8h ( 42168) map[0m
[0;32mI (105) esp_image: segment 1: paddr=0006a4e0 vaddr=3ffb0000 size=028fch ( 10492) load[0m
[0;32mI (109) esp_image: segment 2: paddr=0006cde4 vaddr=40080000 size=03234h ( 12852) load[0m
[0;32mI (114) esp_image: segment 3: paddr=00070020 vaddr=400d0020 size=143ech ( 82924) map[0m
[0;32mI (145) esp_image: segment 4: paddr=00084414 vaddr=40083234 size=0baf8h ( 47864) load[0m
[0;32mI (165) esp_image: segment 5: paddr=0008ff14 vaddr=400c0000 size=00038h (    56) [0m
[0;32mI (165) esp_image: segment 6: paddr=0008ff54 vaddr=50000000 size=000a8h (   168) [0m
[0;32mI (176) boot: Loaded app from partition at offset 0x60000[0m
[0;32mI (176) boot: Disabling RNG early entropy source...[0m
[0;32mI (190) cpu_start: Multicore app[0m
[0;32mI (198) cpu_start: GPIO 3 and 1 are used as console UART I/O pins[0m
[0;32mI (198) cpu_start: Pro cpu start user code[0m
[0;32mI (198) cpu_start: cpu freq: 160000000 Hz[0m
[0;32mI (200) app_init: Application information:[0m
[0;32mI (204) app_init: Project name:     puf_test[0m
[0;32mI (208) app_init: App version:      8bab072-dirty[0m
[0;32mI (212) app_init: Compile time:     Aug 20 2025 08:26:37[0m
[0;32mI (218) app_init: ELF file SHA256:  7191a05b0...[0m
[0;32mI (222) app_init: ESP-IDF:          v6.0-dev-1489-g4e036983a7[0m
[0;32mI (227) efuse_init: Min chip rev:     v0.0[0m
[0;32mI (231) efuse_init: Max chip rev:     v3.99 [0m
[0;32mI (235) efuse_init: Chip rev:         v1.0[0m
[0;32mI (239) heap_init: Initializing. RAM available for dynamic allocation:[0m
[0;32mI (245) heap_init: At 3FFAE6E0 len 00001920 (6 KiB): DRAM[0m
[0;32mI (250) heap_init: At 3FFB4220 len 0002BDE0 (175 KiB): DRAM[0m
[0;32mI (256) heap_init: At 3FFE0440 len 00003AE0 (14 KiB): D/IRAM[0m
[0;32mI (261) heap_init: At 3FFE4350 len 0001BCB0 (111 KiB): D/IRAM[0m
[0;32mI (267) heap_init: At 4008ED2C len 000112D4 (68 KiB): IRAM[0m
[0;32mI (273) spi_flash: detected chip: generic[0m
[0;32mI (275) spi_flash: flash io: dio[0m
[0;33mW (278) spi_flash: Detected size(4096k) larger than the size in the binary image header(2048k). Using the size in the binary image header.[0m
[0;32mI (291) main_task: Started on CPU0[0m
[0;32mI (301) main_task: Calling app_main()[0m
This is a puf importing ... ... ...
ets Jun  8 2016 00:22:57

rst:0x5 (DEEPSLEEP_RESET),boot:0x13 (SPI_FAST_FLASH_BOOT)
configsip: 0, SPIWP:0xee
clk_drv:0x00,q_drv:0x00,d_drv:0x00,cs0_drv:0x00,hd_drv:0x00,wp_drv:0x00
mode:DIO, clock div:2
load:0x3fff0030,len:6372
load:0x40078000,len:15920
ho 0 tail 12 room 4
load:0x40080400,len:3880
entry 0x40080638
[0;32mI (29) boot: ESP-IDF v6.0-dev-1489-g4e036983a7 2nd stage bootloader[0m
[0;32mI (29) boot: compile time Aug 20 2025 08:26:44[0m
[0;32mI (29) boot: Multicore bootloader[0m
[0;32mI (32) boot: chip revision: v1.0[0m
[0;32mI (35) boot.esp32: SPI Speed      : 40MHz[0m
[0;32mI (39) boot.esp32: SPI Mode       : DIO[0m
[0;32mI (42) boot.esp32: SPI Flash Size : 2MB[0m
[0;32mI (46) boot: Enabling RNG early entropy source...[0m
[0;32mI (50) boot: Partition Table:[0m
[0;32mI (53) boot: ## Label            Usage          Type ST Offset   Length[0m
[0;32mI (59) boot:  0 nvs              WiFi data        01 02 00009000 00050000[0m
[0;32mI (66) boot:  1 phy_init         RF data          01 01 00059000 00001000[0m
[0;32mI (72) boot:  2 factory          factory app      00 00 00060000 00100000[0m
[0;32mI (79) boot: End of partition table[0m
[0;32mI (82) esp_image: segment 0: paddr=00060020 vaddr=3f400020 size=0a4b8h ( 42168) map[0m
[0;32mI (105) esp_image: segment 1: paddr=0006a4e0 vaddr=3ffb0000 size=028fch ( 10492) load[0m
[0;32mI (109) esp_image: segment 2: paddr=0006cde4 vaddr=40080000 size=03234h ( 12852) load[0m
[0;32mI (114) esp_image: segment 3: paddr=00070020 vaddr=400d0020 size=143ech ( 82924) map[0m
[0;32mI (145) esp_image: segment 4: paddr=00084414 vaddr=40083234 size=0baf8h ( 47864) load[0m
[0;32mI (165) esp_image: segment 5: paddr=0008ff14 vaddr=400c0000 size=00038h (    56) [0m
[0;32mI (165) esp_image: segment 6: paddr=0008ff54 vaddr=50000000 size=000a8h (   168) [0m
[0;32mI (176) boot: Loaded app from partition at offset 0x60000[0m
[0;32mI (176) boot: Disabling RNG early entropy source...[0m
[0;32mI (190) cpu_start: Multicore app[0m
[0;32mI (198) cpu_start: GPIO 3 and 1 are used as console UART I/O pins[0m
[0;32mI (198) cpu_start: Pro cpu start user code[0m
[0;32mI (198) cpu_start: cpu freq: 160000000 Hz[0m
[0;32mI (200) app_init: Application information:[0m
[0;32mI (204) app_init: Project name:     puf_test[0m
[0;32mI (208) app_init: App version:      8bab072-dirty[0m
[0;32mI (212) app_init: Compile time:     Aug 20 2025 08:26:37[0m
[0;32mI (218) app_init: ELF file SHA256:  7191a05b0...[0m
[0;32mI (222) app_init: ESP-IDF:          v6.0-dev-1489-g4e036983a7[0m
[0;32mI (227) efuse_init: Min chip rev:     v0.0[0m
[0;32mI (231) efuse_init: Max chip rev:     v3.99 [0m
[0;32mI (235) efuse_init: Chip rev:         v1.0[0m
[0;32mI (239) heap_init: Initializing. RAM available for dynamic allocation:[0m
[0;32mI (245) heap_init: At 3FFAE6E0 len 00001920 (6 KiB): DRAM[0m
[0;32mI (250) heap_init: At 3FFB4220 len 0002BDE0 (175 KiB): DRAM[0m
[0;32mI (256) heap_init: At 3FFE0440 len 00003AE0 (14 KiB): D/IRAM[0m
[0;32mI (261) heap_init: At 3FFE4350 len 0001BCB0 (111 KiB): D/IRAM[0m
[0;32mI (267) heap_init: At 4008ED2C len 000112D4 (68 KiB): IRAM[0m
[0;32mI (273) spi_flash: detected chip: generic[0m
[0;32mI (275) spi_flash: flash io: dio[0m
[0;33mW (278) spi_flash: Detected size(4096k) larger than the size in the binary image header(2048k). Using the size in the binary image header.[0m
[0;32mI (291) main_task: Started on CPU0[0m
[0;32mI (301) main_task: Calling app_main()[0m
This is a puf importing ... ... ...
ets Jun  8 2016 00:22:57

rst:0x5 (DEEPSLEEP_RESET),boot:0x13 (SPI_FAST_FLASH_BOOT)
configsip: 0, SPIWP:0xee
clk_drv:0x00,q_drv:0x00,d_drv:0x00,cs0_drv:0x00,hd_drv:0x00,wp_drv:0x00
mode:DIO, clock div:2
load:0x3fff0030,len:6372
load:0x40078000,len:15920
ho 0 tail 12 room 4
load:0x40080400,len:3880
entry 0x40080638
[0;32mI (29) boot: ESP-IDF v6.0-dev-1489-g4e036983a7 2nd stage bootloader[0m
[0;32mI (29) boot: compile time Aug 20 2025 08:26:44[0m
[0;32mI (29) boot: Multicore bootloader[0m
[0;32mI (32) boot: chip revision: v1.0[0m
[0;32mI (35) boot.esp32: SPI Speed      : 40MHz[0m
[0;32mI (39) boot.esp32: SPI Mode       : DIO[0m
[0;32mI (42) boot.esp32: SPI Flash Size : 2MB[0m
[0;32mI (46) boot: Enabling RNG early entropy source...[0m
[0;32mI (50) boot: Partition Table:[0m
[0;32mI (53) boot: ## Label            Usage          Type ST Offset   Length[0m
[0;32mI (59) boot:  0 nvs              WiFi data        01 02 00009000 00050000[0m
[0;32mI (66) boot:  1 phy_init         RF data          01 01 00059000 00001000[0m
[0;32mI (72) boot:  2 factory          factory app      00 00 00060000 00100000[0m
[0;32mI (79) boot: End of partition table[0m
[0;32mI (82) esp_image: segment 0: paddr=00060020 vaddr=3f400020 size=0a4b8h ( 42168) map[0m
[0;32mI (105) esp_image: segment 1: paddr=0006a4e0 vaddr=3ffb0000 size=028fch ( 10492) load[0m
[0;32mI (109) esp_image: segment 2: paddr=0006cde4 vaddr=40080000 size=03234h ( 12852) load[0m
[0;32mI (114) esp_image: segment 3: paddr=00070020 vaddr=400d0020 size=143ech ( 82924) map[0m
[0;32mI (145) esp_image: segment 4: paddr=00084414 vaddr=40083234 size=0baf8h ( 47864) load[0m
[0;32mI (165) esp_image: segment 5: paddr=0008ff14 vaddr=400c0000 size=00038h (    56) [0m
[0;32mI (165) esp_image: segment 6: paddr=0008ff54 vaddr=50000000 size=000a8h (   168) [0m
[0;32mI (176) boot: Loaded app from partition at offset 0x60000[0m
[0;32mI (176) boot: Disabling RNG early entropy source...[0m
[0;32mI (190) cpu_start: Multicore app[0m
[0;32mI (198) cpu_start: GPIO 3 and 1 are used as console UART I/O pins[0m
[0;32mI (198) cpu_start: Pro cpu start user code[0m
[0;32mI (198) cpu_start: cpu freq: 160000000 Hz[0m
[0;32mI (200) app_init: Application information:[0m
[0;32mI (204) app_init: Project name:     puf_test[0m
[0;32mI (208) app_init: App version:      8bab072-dirty[0m
[0;32mI (212) app_init: Compile time:     Aug 20 2025 08:26:37[0m
[0;32mI (218) app_init: ELF file SHA256:  7191a05b0...[0m
[0;32mI (222) app_init: ESP-IDF:          v6.0-dev-1489-g4e036983a7[0m
[0;32mI (227) efuse_init: Min chip rev:     v0.0[0m
[0;32mI (231) efuse_init: Max chip rev:     v3.99 [0m
[0;32mI (235) efuse_init: Chip rev:         v1.0[0m
[0;32mI (239) heap_init: Initializing. RAM available for dynamic allocation:[0m
[0;32mI (245) heap_init: At 3FFAE6E0 len 00001920 (6 KiB): DRAM[0m
[0;32mI (250) heap_init: At 3FFB4220 len 0002BDE0 (175 KiB): DRAM[0m
[0;32mI (256) heap_init: At 3FFE0440 len 00003AE0 (14 KiB): D/IRAM[0m
[0;32mI (261) heap_init: At 3FFE4350 len 0001BCB0 (111 KiB): D/IRAM[0m
[0;32mI (267) heap_init: At 4008ED2C len 000112D4 (68 KiB): IRAM[0m
[0;32mI (273) spi_flash: detected chip: generic[0m
[0;32mI (275) spi_flash: flash io: dio[0m
[0;33mW (278) spi_flash: Detected size(4096k) larger than the size in the binary image header(2048k). Using the size in the binary image header.[0m
[0;32mI (291) main_task: Started on CPU0[0m
[0;32mI (301) main_task: Calling app_main()[0m
This is a puf importing ... ... ...
ets Jun  8 2016 00:22:57

rst:0x5 (DEEPSLEEP_RESET),boot:0x13 (SPI_FAST_FLASH_BOOT)
configsip: 0, SPIWP:0xee
clk_drv:0x00,q_drv:0x00,d_drv:0x00,cs0_drv:0x00,hd_drv:0x00,wp_drv:0x00
mode:DIO, clock div:2
load:0x3fff0030,len:6372
load:0x40078000,len:15920
ho 0 tail 12 room 4
load:0x40080400,len:3880
entry 0x40080638
[0;32mI (29) boot: ESP-IDF v6.0-dev-1489-g4e036983a7 2nd stage bootloader[0m
[0;32mI (29) boot: compile time Aug 20 2025 08:26:44[0m
[0;32mI (29) boot: Multicore bootloader[0m
[0;32mI (32) boot: chip revision: v1.0[0m
[0;32mI (35) boot.esp32: SPI Speed      : 40MHz[0m
[0;32mI (39) boot.esp32: SPI Mode       : DIO[0m
[0;32mI (42) boot.esp32: SPI Flash Size : 2MB[0m
[0;32mI (46) boot: Enabling RNG early entropy source...[0m
[0;32mI (50) boot: Partition Table:[0m
[0;32mI (53) boot: ## Label            Usage          Type ST Offset   Length[0m
[0;32mI (59) boot:  0 nvs              WiFi data        01 02 00009000 00050000[0m
[0;32mI (66) boot:  1 phy_init         RF data          01 01 00059000 00001000[0m
[0;32mI (72) boot:  2 factory          factory app      00 00 00060000 00100000[0m
[0;32mI (79) boot: End of partition table[0m
[0;32mI (82) esp_image: segment 0: paddr=00060020 vaddr=3f400020 size=0a4b8h ( 42168) map[0m
[0;32mI (105) esp_image: segment 1: paddr=0006a4e0 vaddr=3ffb0000 size=028fch ( 10492) load[0m
[0;32mI (109) esp_image: segment 2: paddr=0006cde4 vaddr=40080000 size=03234h ( 12852) load[0m
[0;32mI (114) esp_image: segment 3: paddr=00070020 vaddr=400d0020 size=143ech ( 82924) map[0m
[0;32mI (145) esp_image: segment 4: paddr=00084414 vaddr=40083234 size=0baf8h ( 47864) load[0m
[0;32mI (165) esp_image: segment 5: paddr=0008ff14 vaddr=400c0000 size=00038h (    56) [0m
[0;32mI (165) esp_image: segment 6: paddr=0008ff54 vaddr=50000000 size=000a8h (   168) [0m
[0;32mI (176) boot: Loaded app from partition at offset 0x60000[0m
[0;32mI (176) boot: Disabling RNG early entropy source...[0m
[0;32mI (190) cpu_start: Multicore app[0m
[0;32mI (198) cpu_start: GPIO 3 and 1 are used as console UART I/O pins[0m
[0;32mI (198) cpu_start: Pro cpu start user code[0m
[0;32mI (198) cpu_start: cpu freq: 160000000 Hz[0m
[0;32mI (200) app_init: Application information:[0m
[0;32mI (204) app_init: Project name:     puf_test[0m
[0;32mI (208) app_init: App version:      8bab072-dirty[0m
[0;32mI (212) app_init: Compile time:     Aug 20 2025 08:26:37[0m
[0;32mI (218) app_init: ELF file SHA256:  7191a05b0...[0m
[0;32mI (222) app_init: ESP-IDF:          v6.0-dev-1489-g4e036983a7[0m
[0;32mI (227) efuse_init: Min chip rev:     v0.0[0m
[0;32mI (231) efuse_init: Max chip rev:     v3.99 [0m
[0;32mI (235) efuse_init: Chip rev:         v1.0[0m
[0;32mI (239) heap_init: Initializing. RAM available for dynamic allocation:[0m
[0;32mI (245) heap_init: At 3FFAE6E0 len 00001920 (6 KiB): DRAM[0m
[0;32mI (250) heap_init: At 3FFB4220 len 0002BDE0 (175 KiB): DRAM[0m
[0;32mI (256) heap_init: At 3FFE0440 len 00003AE0 (14 KiB): D/IRAM[0m
[0;32mI (261) heap_init: At 3FFE4350 len 0001BCB0 (111 KiB): D/IRAM[0m
[0;32mI (267) heap_init: At 4008ED2C len 000112D4 (68 KiB): IRAM[0m
[0;32mI (273) spi_flash: detected chip: generic[0m
[0;32mI (275) spi_flash: flash io: dio[0m
[0;33mW (278) spi_flash: Detected size(4096k) larger than the size in the binary image header(2048k). Using the size in the binary image header.[0m
[0;32mI (291) main_task: Started on CPU0[0m
[0;32mI (301) main_task: Calling app_main()[0m
This is a puf importing ... ... ...
ets Jun  8 2016 00:22:57

rst:0x5 (DEEPSLEEP_RESET),boot:0x13 (SPI_FAST_FLASH_BOOT)
configsip: 0, SPIWP:0xee
clk_drv:0x00,q_drv:0x00,d_drv:0x00,cs0_drv:0x00,hd_drv:0x00,wp_drv:0x00
mode:DIO, clock div:2
load:0x3fff0030,len:6372
load:0x40078000,len:15920
ho 0 tail 12 room 4
load:0x40080400,len:3880
entry 0x40080638
[0;32mI (29) boot: ESP-IDF v6.0-dev-1489-g4e036983a7 2nd stage bootloader[0m
[0;32mI (29) boot: compile time Aug 20 2025 08:26:44[0m
[0;32mI (29) boot: Multicore bootloader[0m
[0;32mI (32) boot: chip revision: v1.0[0m
[0;32mI (35) boot.esp32: SPI Speed      : 40MHz[0m
[0;32mI (39) boot.esp32: SPI Mode       : DIO[0m
[0;32mI (42) boot.esp32: SPI Flash Size : 2MB[0m
[0;32mI (46) boot: Enabling RNG early entropy source...[0m
[0;32mI (50) boot: Partition Table:[0m
[0;32mI (53) boot: ## Label            Usage          Type ST Offset   Length[0m
[0;32mI (59) boot:  0 nvs              WiFi data        01 02 00009000 00050000[0m
[0;32mI (66) boot:  1 phy_init         RF data          01 01 00059000 00001000[0m
[0;32mI (72) boot:  2 factory          factory app      00 00 00060000 00100000[0m
[0;32mI (79) boot: End of partition table[0m
[0;32mI (82) esp_image: segment 0: paddr=00060020 vaddr=3f400020 size=0a4b8h ( 42168) map[0m
[0;32mI (105) esp_image: segment 1: paddr=0006a4e0 vaddr=3ffb0000 size=028fch ( 10492) load[0m
[0;32mI (109) esp_image: segment 2: paddr=0006cde4 vaddr=40080000 size=03234h ( 12852) load[0m
[0;32mI (114) esp_image: segment 3: paddr=00070020 vaddr=400d0020 size=143ech ( 82924) map[0m
[0;32mI (145) esp_image: segment 4: paddr=00084414 vaddr=40083234 size=0baf8h ( 47864) load[0m
[0;32mI (165) esp_image: segment 5: paddr=0008ff14 vaddr=400c0000 size=00038h (    56) [0m
[0;32mI (165) esp_image: segment 6: paddr=0008ff54 vaddr=50000000 size=000a8h (   168) [0m
[0;32mI (176) boot: Loaded app from partition at offset 0x60000[0m
[0;32mI (176) boot: Disabling RNG early entropy source...[0m
[0;32mI (190) cpu_start: Multicore app[0m
[0;32mI (198) cpu_start: GPIO 3 and 1 are used as console UART I/O pins[0m
[0;32mI (198) cpu_start: Pro cpu start user code[0m
[0;32mI (198) cpu_start: cpu freq: 160000000 Hz[0m
[0;32mI (200) app_init: Application information:[0m
[0;32mI (204) app_init: Project name:     puf_test[0m
[0;32mI (208) app_init: App version:      8bab072-dirty[0m
[0;32mI (212) app_init: Compile time:     Aug 20 2025 08:26:37[0m
[0;32mI (218) app_init: ELF file SHA256:  7191a05b0...[0m
[0;32mI (222) app_init: ESP-IDF:          v6.0-dev-1489-g4e036983a7[0m
[0;32mI (227) efuse_init: Min chip rev:     v0.0[0m
[0;32mI (231) efuse_init: Max chip rev:     v3.99 [0m
[0;32mI (235) efuse_init: Chip rev:         v1.0[0m
[0;32mI (239) heap_init: Initializing. RAM available for dynamic allocation:[0m
[0;32mI (245) heap_init: At 3FFAE6E0 len 00001920 (6 KiB): DRAM[0m
[0;32mI (250) heap_init: At 3FFB4220 len 0002BDE0 (175 KiB): DRAM[0m
[0;32mI (256) heap_init: At 3FFE0440 len 00003AE0 (14 KiB): D/IRAM[0m
[0;32mI (261) heap_init: At 3FFE4350 len 0001BCB0 (111 KiB): D/IRAM[0m
[0;32mI (267) heap_init: At 4008ED2C len 000112D4 (68 KiB): IRAM[0m
[0;32mI (273) spi_flash: detected chip: generic[0m
[0;32mI (275) spi_flash: flash io: dio[0m
[0;33mW (278) spi_flash: Detected size(4096k) larger than the size in the binary image header(2048k). Using the size in the binary image header.[0m
[0;32mI (291) main_task: Started on CPU0[0m
[0;32mI (301) main_task: Calling app_main()[0m
This is a puf importing ... ... ...
ets Jun  8 2016 00:22:57

rst:0x5 (DEEPSLEEP_RESET),boot:0x13 (SPI_FAST_FLASH_BOOT)
configsip: 0, SPIWP:0xee
clk_drv:0x00,q_drv:0x00,d_drv:0x00,cs0_drv:0x00,hd_drv:0x00,wp_drv:0x00
mode:DIO, clock div:2
load:0x3fff0030,len:6372
load:0x40078000,len:15920
ho 0 tail 12 room 4
load:0x40080400,len:3880
entry 0x40080638
[0;32mI (29) boot: ESP-IDF v6.0-dev-1489-g4e036983a7 2nd stage bootloader[0m
[0;32mI (29) boot: compile time Aug 20 2025 08:26:44[0m
[0;32mI (29) boot: Multicore bootloader[0m
[0;32mI (32) boot: chip revision: v1.0[0m
[0;32mI (35) boot.esp32: SPI Speed      : 40MHz[0m
[0;32mI (39) boot.esp32: SPI Mode       : DIO[0m
[0;32mI (42) boot.esp32: SPI Flash Size : 2MB[0m
[0;32mI (46) boot: Enabling RNG early entropy source...[0m
[0;32mI (50) boot: Partition Table:[0m
[0;32mI (53) boot: ## Label            Usage          Type ST Offset   Length[0m
[0;32mI (59) boot:  0 nvs              WiFi data        01 02 00009000 00050000[0m
[0;32mI (66) boot:  1 phy_init         RF data          01 01 00059000 00001000[0m
[0;32mI (72) boot:  2 factory          factory app      00 00 00060000 00100000[0m
[0;32mI (79) boot: End of partition table[0m
[0;32mI (82) esp_image: segment 0: paddr=00060020 vaddr=3f400020 size=0a4b8h ( 42168) map[0m
[0;32mI (105) esp_image: segment 1: paddr=0006a4e0 vaddr=3ffb0000 size=028fch ( 10492) load[0m
[0;32mI (109) esp_image: segment 2: paddr=0006cde4 vaddr=40080000 size=03234h ( 12852) load[0m
[0;32mI (114) esp_image: segment 3: paddr=00070020 vaddr=400d0020 size=143ech ( 82924) map[0m
[0;32mI (145) esp_image: segment 4: paddr=00084414 vaddr=40083234 size=0baf8h ( 47864) load[0m
[0;32mI (165) esp_image: segment 5: paddr=0008ff14 vaddr=400c0000 size=00038h (    56) [0m
[0;32mI (165) esp_image: segment 6: paddr=0008ff54 vaddr=50000000 size=000a8h (   168) [0m
[0;32mI (176) boot: Loaded app from partition at offset 0x60000[0m
[0;32mI (176) boot: Disabling RNG early entropy source...[0m
[0;32mI (190) cpu_start: Multicore app[0m
[0;32mI (198) cpu_start: GPIO 3 and 1 are used as console UART I/O pins[0m
[0;32mI (198) cpu_start: Pro cpu start user code[0m
[0;32mI (198) cpu_start: cpu freq: 160000000 Hz[0m
[0;32mI (200) app_init: Application information:[0m
[0;32mI (204) app_init: Project name:     puf_test[0m
[0;32mI (208) app_init: App version:      8bab072-dirty[0m
[0;32mI (212) app_init: Compile time:     Aug 20 2025 08:26:37[0m
[0;32mI (218) app_init: ELF file SHA256:  7191a05b0...[0m
[0;32mI (222) app_init: ESP-IDF:          v6.0-dev-1489-g4e036983a7[0m
[0;32mI (227) efuse_init: Min chip rev:     v0.0[0m
[0;32mI (231) efuse_init: Max chip rev:     v3.99 [0m
[0;32mI (235) efuse_init: Chip rev:         v1.0[0m
[0;32mI (239) heap_init: Initializing. RAM available for dynamic allocation:[0m
[0;32mI (245) heap_init: At 3FFAE6E0 len 00001920 (6 KiB): DRAM[0m
[0;32mI (250) heap_init: At 3FFB4220 len 0002BDE0 (175 KiB): DRAM[0m
[0;32mI (256) heap_init: At 3FFE0440 len 00003AE0 (14 KiB): D/IRAM[0m
[0;32mI (261) heap_init: At 3FFE4350 len 0001BCB0 (111 KiB): D/IRAM[0m
[0;32mI (267) heap_init: At 4008ED2C len 000112D4 (68 KiB): IRAM[0m
[0;32mI (273) spi_flash: detected chip: generic[0m
[0;32mI (275) spi_flash: flash io: dio[0m
[0;33mW (278) spi_flash: Detected size(4096k) larger than the size in the binary image header(2048k). Using the size in the binary image header.[0m
[0;32mI (291) main_task: Started on CPU0[0m
[0;32mI (301) main_task: Calling app_main()[0m
This is a puf importing ... ... ...
ets Jun  8 2016 00:22:57

rst:0x5 (DEEPSLEEP_RESET),boot:0x13 (SPI_FAST_FLASH_BOOT)
configsip: 0, SPIWP:0xee
clk_drv:0x00,q_drv:0x00,d_drv:0x00,cs0_drv:0x00,hd_drv:0x00,wp_drv:0x00
mode:DIO, clock div:2
load:0x3fff0030,len:6372
load:0x40078000,len:15920
ho 0 tail 12 room 4
load:0x40080400,len:3880
entry 0x40080638
[0;32mI (29) boot: ESP-IDF v6.0-dev-1489-g4e036983a7 2nd stage bootloader[0m
[0;32mI (29) boot: compile time Aug 20 2025 08:26:44[0m
[0;32mI (29) boot: Multicore bootloader[0m
[0;32mI (32) boot: chip revision: v1.0[0m
[0;32mI (35) boot.esp32: SPI Speed      : 40MHz[0m
[0;32mI (39) boot.esp32: SPI Mode       : DIO[0m
[0;32mI (42) boot.esp32: SPI Flash Size : 2MB[0m
[0;32mI (46) boot: Enabling RNG early entropy source...[0m
[0;32mI (50) boot: Partition Table:[0m
[0;32mI (53) boot: ## Label            Usage          Type ST Offset   Length[0m
[0;32mI (59) boot:  0 nvs              WiFi data        01 02 00009000 00050000[0m
[0;32mI (66) boot:  1 phy_init         RF data          01 01 00059000 00001000[0m
[0;32mI (72) boot:  2 factory          factory app      00 00 00060000 00100000[0m
[0;32mI (79) boot: End of partition table[0m
[0;32mI (82) esp_image: segment 0: paddr=00060020 vaddr=3f400020 size=0a4b8h ( 42168) map[0m
[0;32mI (105) esp_image: segment 1: paddr=0006a4e0 vaddr=3ffb0000 size=028fch ( 10492) load[0m
[0;32mI (109) esp_image: segment 2: paddr=0006cde4 vaddr=40080000 size=03234h ( 12852) load[0m
[0;32mI (114) esp_image: segment 3: paddr=00070020 vaddr=400d0020 size=143ech ( 82924) map[0m
[0;32mI (145) esp_image: segment 4: paddr=00084414 vaddr=40083234 size=0baf8h ( 47864) load[0m
[0;32mI (165) esp_image: segment 5: paddr=0008ff14 vaddr=400c0000 size=00038h (    56) [0m
[0;32mI (165) esp_image: segment 6: paddr=0008ff54 vaddr=50000000 size=000a8h (   168) [0m
[0;32mI (176) boot: Loaded app from partition at offset 0x60000[0m
[0;32mI (176) boot: Disabling RNG early entropy source...[0m
[0;32mI (190) cpu_start: Multicore app[0m
[0;32mI (198) cpu_start: GPIO 3 and 1 are used as console UART I/O pins[0m
[0;32mI (198) cpu_start: Pro cpu start user code[0m
[0;32mI (198) cpu_start: cpu freq: 160000000 Hz[0m
[0;32mI (200) app_init: Application information:[0m
[0;32mI (204) app_init: Project name:     puf_test[0m
[0;32mI (208) app_init: App version:      8bab072-dirty[0m
[0;32mI (212) app_init: Compile time:     Aug 20 2025 08:26:37[0m
[0;32mI (218) app_init: ELF file SHA256:  7191a05b0...[0m
[0;32mI (222) app_init: ESP-IDF:          v6.0-dev-1489-g4e036983a7[0m
[0;32mI (227) efuse_init: Min chip rev:     v0.0[0m
[0;32mI (231) efuse_init: Max chip rev:     v3.99 [0m
[0;32mI (235) efuse_init: Chip rev:         v1.0[0m
[0;32mI (239) heap_init: Initializing. RAM available for dynamic allocation:[0m
[0;32mI (245) heap_init: At 3FFAE6E0 len 00001920 (6 KiB): DRAM[0m
[0;32mI (250) heap_init: At 3FFB4220 len 0002BDE0 (175 KiB): DRAM[0m
[0;32mI (256) heap_init: At 3FFE0440 len 00003AE0 (14 KiB): D/IRAM[0m
[0;32mI (261) heap_init: At 3FFE4350 len 0001BCB0 (111 KiB): D/IRAM[0m
[0;32mI (267) heap_init: At 4008ED2C len 000112D4 (68 KiB): IRAM[0m
[0;32mI (273) spi_flash: detected chip: generic[0m
[0;32mI (275) spi_flash: flash io: dio[0m
[0;33mW (278) spi_flash: Detected size(4096k) larger than the size in the binary image header(2048k). Using the size in the binary image header.[0m
[0;32mI (291) main_task: Started on CPU0[0m
[0;32mI (301) main_task: Calling app_main()[0m
This is a puf importing ... ... ...
PUF bytes: 431

PROVISIONING DONE
END puf importing ... ... ...
[0;32mI (2411) main_task: Returned from app_main()[0m
