Command: /home/alejandro/.espressif/python_env/idf6.0_py3.12_env/bin/python /home/alejandro/esp/esp-idf/tools/idf_monitor.py -p /dev/ttyUSB0 -b 115200 --toolchain-prefix xtensa-esp32-elf- --target esp32 --revision 0 /home/alejandro/esp32_projects/puf_test/build/puf_test.elf /home/alejandro/esp32_projects/puf_test/build/bootloader/bootloader.elf -m '/home/alejandro/.espressif/python_env/idf6.0_py3.12_env/bin/python' '/home/alejandro/esp/esp-idf/tools/idf.py'
OVISIONING
ets Jun  8 2016 00:22:57

rst:0x1 (POWERON_RESET),boot:0x13 (SPI_FAST_FLASH_BOOT)
configsip: 0, SPIWP:0xee
clk_drv:0x00,q_drv:0x00,d_drv:0x00,cs0_drv:0x00,hd_drv:0x00,wp_drv:0x00
mode:DIO, clock div:2
load:0x3fff0030,len:6372
load:0x40078000,len:15920
ho 0 tail 12 room 4
load:0x40080400,len:3880
entry 0x40080638
[0;32mI (29) boot: ESP-IDF v6.0-dev-1489-g4e036983a7 2nd stage bootloader[0m
[0;32mI (29) boot: compile time Aug 20 2025 08:26:44[0m
[0;32mI (29) boot: Multicore bootloader[0m
[0;32mI (32) boot: chip revision: v1.0[0m
[0;32mI (34) boot.esp32: SPI Speed      : 40MHz[0m
[0;32mI (38) boot.esp32: SPI Mode       : DIO[0m
[0;32mI (42) boot.esp32: SPI Flash Size : 2MB[0m
[0;32mI (45) boot: Enabling RNG early entropy source...[0m
[0;32mI (50) boot: Partition Table:[0m
[0;32mI (52) boot: ## Label            Usage          Type ST Offset   Length[0m
[0;32mI (59) boot:  0 nvs              WiFi data        01 02 00009000 00050000[0m
[0;32mI (65) boot:  1 phy_init         RF data          01 01 00059000 00001000[0m
[0;32mI (72) boot:  2 factory          factory app      00 00 00060000 00100000[0m
[0;32mI (78) boot: End of partition table[0m
[0;32mI (82) esp_image: segment 0: paddr=00060020 vaddr=3f400020 size=0a518h ( 42264) map[0m
[0;32mI (104) esp_image: segment 1: paddr=0006a540 vaddr=3ffb0000 size=028fch ( 10492) load[0m
[0;32mI (108) esp_image: segment 2: paddr=0006ce44 vaddr=40080000 size=031d4h ( 12756) load[0m
[0;32mI (114) esp_image: segment 3: paddr=00070020 vaddr=400d0020 size=144c8h ( 83144) map[0m
[0;32mI (145) esp_image: segment 4: paddr=000844f0 vaddr=400831d4 size=0bb58h ( 47960) load[0m
[0;32mI (164) esp_image: segment 5: paddr=00090050 vaddr=50000000 size=000a8h (   168) load[0m
[0;32mI (172) boot: Loaded app from partition at offset 0x60000[0m
[0;32mI (173) boot: Disabling RNG early entropy source...[0m
[0;32mI (185) cpu_start: Multicore app[0m
[0;32mI (193) cpu_start: GPIO 3 and 1 are used as console UART I/O pins[0m
[0;32mI (193) cpu_start: Pro cpu start user code[0m
[0;32mI (193) cpu_start: cpu freq: 160000000 Hz[0m
[0;32mI (195) app_init: Application information:[0m
[0;32mI (199) app_init: Project name:     puf_test[0m
[0;32mI (203) app_init: App version:      8bab072-dirty[0m
[0;32mI (207) app_init: Compile time:     Aug 20 2025 08:26:37[0m
[0;32mI (212) app_init: ELF file SHA256:  06e680e0b...[0m
[0;32mI (217) app_init: ESP-IDF:          v6.0-dev-1489-g4e036983a7[0m
[0;32mI (222) efuse_init: Min chip rev:     v0.0[0m
[0;32mI (226) efuse_init: Max chip rev:     v3.99 [0m
[0;32mI (230) efuse_init: Chip rev:         v1.0[0m
[0;32mI (234) heap_init: Initializing. RAM available for dynamic allocation:[0m
[0;32mI (240) heap_init: At 3FFAE6E0 len 00001920 (6 KiB): DRAM[0m
[0;32mI (245) heap_init: At 3FFB4220 len 0002BDE0 (175 KiB): DRAM[0m
[0;32mI (251) heap_init: At 3FFE0440 len 00003AE0 (14 KiB): D/IRAM[0m
[0;32mI (256) heap_init: At 3FFE4350 len 0001BCB0 (111 KiB): D/IRAM[0m
[0;32mI (261) heap_init: At 4008ED2C len 000112D4 (68 KiB): IRAM[0m
[0;32mI (268) spi_flash: detected chip: generic[0m
[0;32mI (270) spi_flash: flash io: dio[0m
[0;33mW (273) spi_flash: Detected size(4096k) larger than the size in the binary image header(2048k). Using the size in the binary image header.[0m
[0;32mI (286) main_task: Started on CPU0[0m
[0;32mI (296) main_task: Calling app_main()[0m
STARTING PROVISIONING
ets Jun  8 2016 00:22:57

rst:0x5 (DEEPSLEEP_RESET),boot:0x13 (SPI_FAST_FLASH_BOOT)
configsip: 0, SPIWP:0xee
clk_drv:0x00,q_drv:0x00,d_drv:0x00,cs0_drv:0x00,hd_drv:0x00,wp_drv:0x00
mode:DIO, clock div:2
load:0x3fff0030,len:6372
load:0x40078000,len:15920
ho 0 tail 12 room 4
load:0x40080400,len:3880
entry 0x40080638
[0;32mI (29) boot: ESP-IDF v6.0-dev-1489-g4e036983a7 2nd stage bootloader[0m
[0;32mI (29) boot: compile time Aug 20 2025 08:26:44[0m
[0;32mI (29) boot: Multicore bootloader[0m
[0;32mI (32) boot: chip revision: v1.0[0m
[0;32mI (35) boot.esp32: SPI Speed      : 40MHz[0m
[0;32mI (39) boot.esp32: SPI Mode       : DIO[0m
[0;32mI (42) boot.esp32: SPI Flash Size : 2MB[0m
[0;32mI (46) boot: Enabling RNG early entropy source...[0m
[0;32mI (50) boot: Partition Table:[0m
[0;32mI (53) boot: ## Label            Usage          Type ST Offset   Length[0m
[0;32mI (59) boot:  0 nvs              WiFi data        01 02 00009000 00050000[0m
[0;32mI (66) boot:  1 phy_init         RF data          01 01 00059000 00001000[0m
[0;32mI (72) boot:  2 factory          factory app      00 00 00060000 00100000[0m
[0;32mI (79) boot: End of partition table[0m
[0;32mI (82) esp_image: segment 0: paddr=00060020 vaddr=3f400020 size=0a518h ( 42264) map[0m
[0;32mI (105) esp_image: segment 1: paddr=0006a540 vaddr=3ffb0000 size=028fch ( 10492) load[0m
[0;32mI (109) esp_image: segment 2: paddr=0006ce44 vaddr=40080000 size=031d4h ( 12756) load[0m
[0;32mI (114) esp_image: segment 3: paddr=00070020 vaddr=400d0020 size=144c8h ( 83144) map[0m
[0;32mI (146) esp_image: segment 4: paddr=000844f0 vaddr=400831d4 size=0bb58h ( 47960) load[0m
[0;32mI (165) esp_image: segment 5: paddr=00090050 vaddr=50000000 size=000a8h (   168) [0m
[0;32mI (173) boot: Loaded app from partition at offset 0x60000[0m
[0;32mI (173) boot: Disabling RNG early entropy source...[0m
[0;32mI (185) cpu_start: Multicore app[0m
[0;32mI (193) cpu_start: GPIO 3 and 1 are used as console UART I/O pins[0m
[0;32mI (194) cpu_start: Pro cpu start user code[0m
[0;32mI (194) cpu_start: cpu freq: 160000000 Hz[0m
[0;32mI (195) app_init: Application information:[0m
[0;32mI (199) app_init: Project name:     puf_test[0m
[0;32mI (203) app_init: App version:      8bab072-dirty[0m
[0;32mI (208) app_init: Compile time:     Aug 20 2025 08:26:37[0m
[0;32mI (213) app_init: ELF file SHA256:  06e680e0b...[0m
[0;32mI (217) app_init: ESP-IDF:          v6.0-dev-1489-g4e036983a7[0m
[0;32mI (222) efuse_init: Min chip rev:     v0.0[0m
[0;32mI (226) efuse_init: Max chip rev:     v3.99 [0m
[0;32mI (230) efuse_init: Chip rev:         v1.0[0m
[0;32mI (234) heap_init: Initializing. RAM available for dynamic allocation:[0m
[0;32mI (241) heap_init: At 3FFAE6E0 len 00001920 (6 KiB): DRAM[0m
[0;32mI (246) heap_init: At 3FFB4220 len 0002BDE0 (175 KiB): DRAM[0m
[0;32mI (251) heap_init: At 3FFE0440 len 00003AE0 (14 KiB): D/IRAM[0m
[0;32mI (256) heap_init: At 3FFE4350 len 0001BCB0 (111 KiB): D/IRAM[0m
[0;32mI (262) heap_init: At 4008ED2C len 000112D4 (68 KiB): IRAM[0m
[0;32mI (268) spi_flash: detected chip: generic[0m
[0;32mI (271) spi_flash: flash io: dio[0m
[0;33mW (274) spi_flash: Detected size(4096k) larger than the size in the binary image header(2048k). Using the size in the binary image header.[0m
[0;32mI (286) main_task: Started on CPU0[0m
[0;32mI (296) main_task: Calling app_main()[0m
ets Jun  8 2016 00:22:57

rst:0x5 (DEEPSLEEP_RESET),boot:0x13 (SPI_FAST_FLASH_BOOT)
configsip: 0, SPIWP:0xee
clk_drv:0x00,q_drv:0x00,d_drv:0x00,cs0_drv:0x00,hd_drv:0x00,wp_drv:0x00
mode:DIO, clock div:2
load:0x3fff0030,len:6372
load:0x40078000,len:15920
ho 0 tail 12 room 4
load:0x40080400,len:3880
entry 0x40080638
[0;32mI (29) boot: ESP-IDF v6.0-dev-1489-g4e036983a7 2nd stage bootloader[0m
[0;32mI (29) boot: compile time Aug 20 2025 08:26:44[0m
[0;32mI (29) boot: Multicore bootloader[0m
[0;32mI (32) boot: chip revision: v1.0[0m
[0;32mI (35) boot.esp32: SPI Speed      : 40MHz[0m
[0;32mI (39) boot.esp32: SPI Mode       : DIO[0m
[0;32mI (42) boot.esp32: SPI Flash Size : 2MB[0m
[0;32mI (46) boot: Enabling RNG early entropy source...[0m
[0;32mI (50) boot: Partition Table:[0m
[0;32mI (53) boot: ## Label            Usage          Type ST Offset   Length[0m
[0;32mI (59) boot:  0 nvs              WiFi data        01 02 00009000 00050000[0m
[0;32mI (66) boot:  1 phy_init         RF data          01 01 00059000 00001000[0m
[0;32mI (72) boot:  2 factory          factory app      00 00 00060000 00100000[0m
[0;32mI (79) boot: End of partition table[0m
[0;32mI (82) esp_image: segment 0: paddr=00060020 vaddr=3f400020 size=0a518h ( 42264) map[0m
[0;32mI (105) esp_image: segment 1: paddr=0006a540 vaddr=3ffb0000 size=028fch ( 10492) load[0m
[0;32mI (109) esp_image: segment 2: paddr=0006ce44 vaddr=40080000 size=031d4h ( 12756) load[0m
[0;32mI (114) esp_image: segment 3: paddr=00070020 vaddr=400d0020 size=144c8h ( 83144) map[0m
[0;32mI (146) esp_image: segment 4: paddr=000844f0 vaddr=400831d4 size=0bb58h ( 47960) load[0m
[0;32mI (165) esp_image: segment 5: paddr=00090050 vaddr=50000000 size=000a8h (   168) [0m
[0;32mI (173) boot: Loaded app from partition at offset 0x60000[0m
[0;32mI (173) boot: Disabling RNG early entropy source...[0m
[0;32mI (185) cpu_start: Multicore app[0m
[0;32mI (193) cpu_start: GPIO 3 and 1 are used as console UART I/O pins[0m
[0;32mI (194) cpu_start: Pro cpu start user code[0m
[0;32mI (194) cpu_start: cpu freq: 160000000 Hz[0m
[0;32mI (195) app_init: Application information:[0m
[0;32mI (199) app_init: Project name:     puf_test[0m
[0;32mI (203) app_init: App version:      8bab072-dirty[0m
[0;32mI (208) app_init: Compile time:     Aug 20 2025 08:26:37[0m
[0;32mI (213) app_init: ELF file SHA256:  06e680e0b...[0m
[0;32mI (217) app_init: ESP-IDF:          v6.0-dev-1489-g4e036983a7[0m
[0;32mI (222) efuse_init: Min chip rev:     v0.0[0m
[0;32mI (226) efuse_init: Max chip rev:     v3.99 [0m
[0;32mI (230) efuse_init: Chip rev:         v1.0[0m
[0;32mI (234) heap_init: Initializing. RAM available for dynamic allocation:[0m
[0;32mI (241) heap_init: At 3FFAE6E0 len 00001920 (6 KiB): DRAM[0m
[0;32mI (246) heap_init: At 3FFB4220 len 0002BDE0 (175 KiB): DRAM[0m
[0;32mI (251) heap_init: At 3FFE0440 len 00003AE0 (14 KiB): D/IRAM[0m
[0;32mI (256) heap_init: At 3FFE4350 len 0001BCB0 (111 KiB): D/IRAM[0m
[0;32mI (262) heap_init: At 4008ED2C len 000112D4 (68 KiB): IRAM[0m
[0;32mI (268) spi_flash: detected chip: generic[0m
[0;32mI (271) spi_flash: flash io: dio[0m
[0;33mW (274) spi_flash: Detected size(4096k) larger than the size in the binary image header(2048k). Using the size in the binary image header.[0m
[0;32mI (286) main_task: Started on CPU0[0m
[0;32mI (296) main_task: Calling app_main()[0m
ets Jun  8 2016 00:22:57

rst:0x5 (DEEPSLEEP_RESET),boot:0x13 (SPI_FAST_FLASH_BOOT)
configsip: 0, SPIWP:0xee
clk_drv:0x00,q_drv:0x00,d_drv:0x00,cs0_drv:0x00,hd_drv:0x00,wp_drv:0x00
mode:DIO, clock div:2
load:0x3fff0030,len:6372
load:0x40078000,len:15920
ho 0 tail 12 room 4
load:0x40080400,len:3880
entry 0x40080638
[0;32mI (29) boot: ESP-IDF v6.0-dev-1489-g4e036983a7 2nd stage bootloader[0m
[0;32mI (29) boot: compile time Aug 20 2025 08:26:44[0m
[0;32mI (29) boot: Multicore bootloader[0m
[0;32mI (32) boot: chip revision: v1.0[0m
[0;32mI (35) boot.esp32: SPI Speed      : 40MHz[0m
[0;32mI (39) boot.esp32: SPI Mode       : DIO[0m
[0;32mI (42) boot.esp32: SPI Flash Size : 2MB[0m
[0;32mI (46) boot: Enabling RNG early entropy source...[0m
[0;32mI (50) boot: Partition Table:[0m
[0;32mI (53) boot: ## Label            Usage          Type ST Offset   Length[0m
[0;32mI (59) boot:  0 nvs              WiFi data        01 02 00009000 00050000[0m
[0;32mI (66) boot:  1 phy_init         RF data          01 01 00059000 00001000[0m
[0;32mI (72) boot:  2 factory          factory app      00 00 00060000 00100000[0m
[0;32mI (79) boot: End of partition table[0m
[0;32mI (82) esp_image: segment 0: paddr=00060020 vaddr=3f400020 size=0a518h ( 42264) map[0m
[0;32mI (105) esp_image: segment 1: paddr=0006a540 vaddr=3ffb0000 size=028fch ( 10492) load[0m
[0;32mI (109) esp_image: segment 2: paddr=0006ce44 vaddr=40080000 size=031d4h ( 12756) load[0m
[0;32mI (114) esp_image: segment 3: paddr=00070020 vaddr=400d0020 size=144c8h ( 83144) map[0m
[0;32mI (146) esp_image: segment 4: paddr=000844f0 vaddr=400831d4 size=0bb58h ( 47960) load[0m
[0;32mI (165) esp_image: segment 5: paddr=00090050 vaddr=50000000 size=000a8h (   168) [0m
[0;32mI (173) boot: Loaded app from partition at offset 0x60000[0m
[0;32mI (173) boot: Disabling RNG early entropy source...[0m
[0;32mI (185) cpu_start: Multicore app[0m
[0;32mI (193) cpu_start: GPIO 3 and 1 are used as console UART I/O pins[0m
[0;32mI (194) cpu_start: Pro cpu start user code[0m
[0;32mI (194) cpu_start: cpu freq: 160000000 Hz[0m
[0;32mI (195) app_init: Application information:[0m
[0;32mI (199) app_init: Project name:     puf_test[0m
[0;32mI (203) app_init: App version:      8bab072-dirty[0m
[0;32mI (208) app_init: Compile time:     Aug 20 2025 08:26:37[0m
[0;32mI (213) app_init: ELF file SHA256:  06e680e0b...[0m
[0;32mI (217) app_init: ESP-IDF:          v6.0-dev-1489-g4e036983a7[0m
[0;32mI (222) efuse_init: Min chip rev:     v0.0[0m
[0;32mI (226) efuse_init: Max chip rev:     v3.99 [0m
[0;32mI (230) efuse_init: Chip rev:         v1.0[0m
[0;32mI (234) heap_init: Initializing. RAM available for dynamic allocation:[0m
[0;32mI (241) heap_init: At 3FFAE6E0 len 00001920 (6 KiB): DRAM[0m
[0;32mI (246) heap_init: At 3FFB4220 len 0002BDE0 (175 KiB): DRAM[0m
[0;32mI (251) heap_init: At 3FFE0440 len 00003AE0 (14 KiB): D/IRAM[0m
[0;32mI (256) heap_init: At 3FFE4350 len 0001BCB0 (111 KiB): D/IRAM[0m
[0;32mI (262) heap_init: At 4008ED2C len 000112D4 (68 KiB): IRAM[0m
[0;32mI (268) spi_flash: detected chip: generic[0m
[0;32mI (271) spi_flash: flash io: dio[0m
[0;33mW (274) spi_flash: Detected size(4096k) larger than the size in the binary image header(2048k). Using the size in the binary image header.[0m
[0;32mI (286) main_task: Started on CPU0[0m
[0;32mI (296) main_task: Calling app_main()[0m
ets Jun  8 2016 00:22:57

rst:0x5 (DEEPSLEEP_RESET),boot:0x13 (SPI_FAST_FLASH_BOOT)
configsip: 0, SPIWP:0xee
clk_drv:0x00,q_drv:0x00,d_drv:0x00,cs0_drv:0x00,hd_drv:0x00,wp_drv:0x00
mode:DIO, clock div:2
load:0x3fff0030,len:6372
load:0x40078000,len:15920
ho 0 tail 12 room 4
load:0x40080400,len:3880
entry 0x40080638
[0;32mI (29) boot: ESP-IDF v6.0-dev-1489-g4e036983a7 2nd stage bootloader[0m
[0;32mI (29) boot: compile time Aug 20 2025 08:26:44[0m
[0;32mI (29) boot: Multicore bootloader[0m
[0;32mI (32) boot: chip revision: v1.0[0m
[0;32mI (35) boot.esp32: SPI Speed      : 40MHz[0m
[0;32mI (39) boot.esp32: SPI Mode       : DIO[0m
[0;32mI (42) boot.esp32: SPI Flash Size : 2MB[0m
[0;32mI (46) boot: Enabling RNG early entropy source...[0m
[0;32mI (50) boot: Partition Table:[0m
[0;32mI (53) boot: ## Label            Usage          Type ST Offset   Length[0m
[0;32mI (59) boot:  0 nvs              WiFi data        01 02 00009000 00050000[0m
[0;32mI (66) boot:  1 phy_init         RF data          01 01 00059000 00001000[0m
[0;32mI (72) boot:  2 factory          factory app      00 00 00060000 00100000[0m
[0;32mI (79) boot: End of partition table[0m
[0;32mI (82) esp_image: segment 0: paddr=00060020 vaddr=3f400020 size=0a518h ( 42264) map[0m
[0;32mI (105) esp_image: segment 1: paddr=0006a540 vaddr=3ffb0000 size=028fch ( 10492) load[0m
[0;32mI (109) esp_image: segment 2: paddr=0006ce44 vaddr=40080000 size=031d4h ( 12756) load[0m
[0;32mI (114) esp_image: segment 3: paddr=00070020 vaddr=400d0020 size=144c8h ( 83144) map[0m
[0;32mI (146) esp_image: segment 4: paddr=000844f0 vaddr=400831d4 size=0bb58h ( 47960) load[0m
[0;32mI (165) esp_image: segment 5: paddr=00090050 vaddr=50000000 size=000a8h (   168) [0m
[0;32mI (173) boot: Loaded app from partition at offset 0x60000[0m
[0;32mI (173) boot: Disabling RNG early entropy source...[0m
[0;32mI (185) cpu_start: Multicore app[0m
[0;32mI (193) cpu_start: GPIO 3 and 1 are used as console UART I/O pins[0m
[0;32mI (194) cpu_start: Pro cpu start user code[0m
[0;32mI (194) cpu_start: cpu freq: 160000000 Hz[0m
[0;32mI (195) app_init: Application information:[0m
[0;32mI (199) app_init: Project name:     puf_test[0m
[0;32mI (203) app_init: App version:      8bab072-dirty[0m
[0;32mI (208) app_init: Compile time:     Aug 20 2025 08:26:37[0m
[0;32mI (213) app_init: ELF file SHA256:  06e680e0b...[0m
[0;32mI (217) app_init: ESP-IDF:          v6.0-dev-1489-g4e036983a7[0m
[0;32mI (222) efuse_init: Min chip rev:     v0.0[0m
[0;32mI (226) efuse_init: Max chip rev:     v3.99 [0m
[0;32mI (230) efuse_init: Chip rev:         v1.0[0m
[0;32mI (234) heap_init: Initializing. RAM available for dynamic allocation:[0m
[0;32mI (241) heap_init: At 3FFAE6E0 len 00001920 (6 KiB): DRAM[0m
[0;32mI (246) heap_init: At 3FFB4220 len 0002BDE0 (175 KiB): DRAM[0m
[0;32mI (251) heap_init: At 3FFE0440 len 00003AE0 (14 KiB): D/IRAM[0m
[0;32mI (256) heap_init: At 3FFE4350 len 0001BCB0 (111 KiB): D/IRAM[0m
[0;32mI (262) heap_init: At 4008ED2C len 000112D4 (68 KiB): IRAM[0m
[0;32mI (268) spi_flash: detected chip: generic[0m
[0;32mI (271) spi_flash: flash io: dio[0m
[0;33mW (274) spi_flash: Detected size(4096k) larger than the size in the binary image header(2048k). Using the size in the binary image header.[0m
[0;32mI (286) main_task: Started on CPU0[0m
[0;32mI (296) main_task: Calling app_main()[0m
ets Jun  8 2016 00:22:57

rst:0x5 (DEEPSLEEP_RESET),boot:0x13 (SPI_FAST_FLASH_BOOT)
configsip: 0, SPIWP:0xee
clk_drv:0x00,q_drv:0x00,d_drv:0x00,cs0_drv:0x00,hd_drv:0x00,wp_drv:0x00
mode:DIO, clock div:2
load:0x3fff0030,len:6372
load:0x40078000,len:15920
ho 0 tail 12 room 4
load:0x40080400,len:3880
entry 0x40080638
[0;32mI (29) boot: ESP-IDF v6.0-dev-1489-g4e036983a7 2nd stage bootloader[0m
[0;32mI (29) boot: compile time Aug 20 2025 08:26:44[0m
[0;32mI (29) boot: Multicore bootloader[0m
[0;32mI (32) boot: chip revision: v1.0[0m
[0;32mI (35) boot.esp32: SPI Speed      : 40MHz[0m
[0;32mI (39) boot.esp32: SPI Mode       : DIO[0m
[0;32mI (42) boot.esp32: SPI Flash Size : 2MB[0m
[0;32mI (46) boot: Enabling RNG early entropy source...[0m
[0;32mI (50) boot: Partition Table:[0m
[0;32mI (53) boot: ## Label            Usage          Type ST Offset   Length[0m
[0;32mI (59) boot:  0 nvs              WiFi data        01 02 00009000 00050000[0m
[0;32mI (66) boot:  1 phy_init         RF data          01 01 00059000 00001000[0m
[0;32mI (72) boot:  2 factory          factory app      00 00 00060000 00100000[0m
[0;32mI (79) boot: End of partition table[0m
[0;32mI (82) esp_image: segment 0: paddr=00060020 vaddr=3f400020 size=0a518h ( 42264) map[0m
[0;32mI (105) esp_image: segment 1: paddr=0006a540 vaddr=3ffb0000 size=028fch ( 10492) load[0m
[0;32mI (109) esp_image: segment 2: paddr=0006ce44 vaddr=40080000 size=031d4h ( 12756) load[0m
[0;32mI (114) esp_image: segment 3: paddr=00070020 vaddr=400d0020 size=144c8h ( 83144) map[0m
[0;32mI (146) esp_image: segment 4: paddr=000844f0 vaddr=400831d4 size=0bb58h ( 47960) load[0m
[0;32mI (165) esp_image: segment 5: paddr=00090050 vaddr=50000000 size=000a8h (   168) [0m
[0;32mI (173) boot: Loaded app from partition at offset 0x60000[0m
[0;32mI (173) boot: Disabling RNG early entropy source...[0m
[0;32mI (185) cpu_start: Multicore app[0m
[0;32mI (193) cpu_start: GPIO 3 and 1 are used as console UART I/O pins[0m
[0;32mI (194) cpu_start: Pro cpu start user code[0m
[0;32mI (194) cpu_start: cpu freq: 160000000 Hz[0m
[0;32mI (195) app_init: Application information:[0m
[0;32mI (199) app_init: Project name:     puf_test[0m
[0;32mI (203) app_init: App version:      8bab072-dirty[0m
[0;32mI (208) app_init: Compile time:     Aug 20 2025 08:26:37[0m
[0;32mI (213) app_init: ELF file SHA256:  06e680e0b...[0m
[0;32mI (217) app_init: ESP-IDF:          v6.0-dev-1489-g4e036983a7[0m
[0;32mI (222) efuse_init: Min chip rev:     v0.0[0m
[0;32mI (226) efuse_init: Max chip rev:     v3.99 [0m
[0;32mI (230) efuse_init: Chip rev:         v1.0[0m
[0;32mI (234) heap_init: Initializing. RAM available for dynamic allocation:[0m
[0;32mI (241) heap_init: At 3FFAE6E0 len 00001920 (6 KiB): DRAM[0m
[0;32mI (246) heap_init: At 3FFB4220 len 0002BDE0 (175 KiB): DRAM[0m
[0;32mI (251) heap_init: At 3FFE0440 len 00003AE0 (14 KiB): D/IRAM[0m
[0;32mI (256) heap_init: At 3FFE4350 len 0001BCB0 (111 KiB): D/IRAM[0m
[0;32mI (262) heap_init: At 4008ED2C len 000112D4 (68 KiB): IRAM[0m
[0;32mI (268) spi_flash: detected chip: generic[0m
[0;32mI (271) spi_flash: flash io: dio[0m
[0;33mW (274) spi_flash: Detected size(4096k) larger than the size in the binary image header(2048k). Using the size in the binary image header.[0m
[0;32mI (286) main_task: Started on CPU0[0m
[0;32mI (296) main_task: Calling app_main()[0m
ets Jun  8 2016 00:22:57

rst:0x5 (DEEPSLEEP_RESET),boot:0x13 (SPI_FAST_FLASH_BOOT)
configsip: 0, SPIWP:0xee
clk_drv:0x00,q_drv:0x00,d_drv:0x00,cs0_drv:0x00,hd_drv:0x00,wp_drv:0x00
mode:DIO, clock div:2
load:0x3fff0030,len:6372
load:0x40078000,len:15920
ho 0 tail 12 room 4
load:0x40080400,len:3880
entry 0x40080638
[0;32mI (29) boot: ESP-IDF v6.0-dev-1489-g4e036983a7 2nd stage bootloader[0m
[0;32mI (29) boot: compile time Aug 20 2025 08:26:44[0m
[0;32mI (29) boot: Multicore bootloader[0m
[0;32mI (32) boot: chip revision: v1.0[0m
[0;32mI (35) boot.esp32: SPI Speed      : 40MHz[0m
[0;32mI (39) boot.esp32: SPI Mode       : DIO[0m
[0;32mI (42) boot.esp32: SPI Flash Size : 2MB[0m
[0;32mI (46) boot: Enabling RNG early entropy source...[0m
[0;32mI (50) boot: Partition Table:[0m
[0;32mI (53) boot: ## Label            Usage          Type ST Offset   Length[0m
[0;32mI (59) boot:  0 nvs              WiFi data        01 02 00009000 00050000[0m
[0;32mI (66) boot:  1 phy_init         RF data          01 01 00059000 00001000[0m
[0;32mI (72) boot:  2 factory          factory app      00 00 00060000 00100000[0m
[0;32mI (79) boot: End of partition table[0m
[0;32mI (82) esp_image: segment 0: paddr=00060020 vaddr=3f400020 size=0a518h ( 42264) map[0m
[0;32mI (105) esp_image: segment 1: paddr=0006a540 vaddr=3ffb0000 size=028fch ( 10492) load[0m
[0;32mI (109) esp_image: segment 2: paddr=0006ce44 vaddr=40080000 size=031d4h ( 12756) load[0m
[0;32mI (114) esp_image: segment 3: paddr=00070020 vaddr=400d0020 size=144c8h ( 83144) map[0m
[0;32mI (146) esp_image: segment 4: paddr=000844f0 vaddr=400831d4 size=0bb58h ( 47960) load[0m
[0;32mI (165) esp_image: segment 5: paddr=00090050 vaddr=50000000 size=000a8h (   168) [0m
[0;32mI (173) boot: Loaded app from partition at offset 0x60000[0m
[0;32mI (173) boot: Disabling RNG early entropy source...[0m
[0;32mI (185) cpu_start: Multicore app[0m
[0;32mI (193) cpu_start: GPIO 3 and 1 are used as console UART I/O pins[0m
[0;32mI (194) cpu_start: Pro cpu start user code[0m
[0;32mI (194) cpu_start: cpu freq: 160000000 Hz[0m
[0;32mI (195) app_init: Application information:[0m
[0;32mI (199) app_init: Project name:     puf_test[0m
[0;32mI (203) app_init: App version:      8bab072-dirty[0m
[0;32mI (208) app_init: Compile time:     Aug 20 2025 08:26:37[0m
[0;32mI (213) app_init: ELF file SHA256:  06e680e0b...[0m
[0;32mI (217) app_init: ESP-IDF:          v6.0-dev-1489-g4e036983a7[0m
[0;32mI (222) efuse_init: Min chip rev:     v0.0[0m
[0;32mI (226) efuse_init: Max chip rev:     v3.99 [0m
[0;32mI (230) efuse_init: Chip rev:         v1.0[0m
[0;32mI (234) heap_init: Initializing. RAM available for dynamic allocation:[0m
[0;32mI (241) heap_init: At 3FFAE6E0 len 00001920 (6 KiB): DRAM[0m
[0;32mI (246) heap_init: At 3FFB4220 len 0002BDE0 (175 KiB): DRAM[0m
[0;32mI (251) heap_init: At 3FFE0440 len 00003AE0 (14 KiB): D/IRAM[0m
[0;32mI (256) heap_init: At 3FFE4350 len 0001BCB0 (111 KiB): D/IRAM[0m
[0;32mI (262) heap_init: At 4008ED2C len 000112D4 (68 KiB): IRAM[0m
[0;32mI (268) spi_flash: detected chip: generic[0m
[0;32mI (271) spi_flash: flash io: dio[0m
[0;33mW (274) spi_flash: Detected size(4096k) larger than the size in the binary image header(2048k). Using the size in the binary image header.[0m
[0;32mI (286) main_task: Started on CPU0[0m
[0;32mI (296) main_task: Calling app_main()[0m
ets Jun  8 2016 00:22:57

rst:0x5 (DEEPSLEEP_RESET),boot:0x13 (SPI_FAST_FLASH_BOOT)
configsip: 0, SPIWP:0xee
clk_drv:0x00,q_drv:0x00,d_drv:0x00,cs0_drv:0x00,hd_drv:0x00,wp_drv:0x00
mode:DIO, clock div:2
load:0x3fff0030,len:6372
load:0x40078000,len:15920
ho 0 tail 12 room 4
load:0x40080400,len:3880
entry 0x40080638
[0;32mI (29) boot: ESP-IDF v6.0-dev-1489-g4e036983a7 2nd stage bootloader[0m
[0;32mI (29) boot: compile time Aug 20 2025 08:26:44[0m
[0;32mI (29) boot: Multicore bootloader[0m
[0;32mI (32) boot: chip revision: v1.0[0m
[0;32mI (35) boot.esp32: SPI Speed      : 40MHz[0m
[0;32mI (39) boot.esp32: SPI Mode       : DIO[0m
[0;32mI (42) boot.esp32: SPI Flash Size : 2MB[0m
[0;32mI (46) boot: Enabling RNG early entropy source...[0m
[0;32mI (50) boot: Partition Table:[0m
[0;32mI (53) boot: ## Label            Usage          Type ST Offset   Length[0m
[0;32mI (59) boot:  0 nvs              WiFi data        01 02 00009000 00050000[0m
[0;32mI (66) boot:  1 phy_init         RF data          01 01 00059000 00001000[0m
[0;32mI (72) boot:  2 factory          factory app      00 00 00060000 00100000[0m
[0;32mI (79) boot: End of partition table[0m
[0;32mI (82) esp_image: segment 0: paddr=00060020 vaddr=3f400020 size=0a518h ( 42264) map[0m
[0;32mI (105) esp_image: segment 1: paddr=0006a540 vaddr=3ffb0000 size=028fch ( 10492) load[0m
[0;32mI (109) esp_image: segment 2: paddr=0006ce44 vaddr=40080000 size=031d4h ( 12756) load[0m
[0;32mI (114) esp_image: segment 3: paddr=00070020 vaddr=400d0020 size=144c8h ( 83144) map[0m
[0;32mI (146) esp_image: segment 4: paddr=000844f0 vaddr=400831d4 size=0bb58h ( 47960) load[0m
[0;32mI (165) esp_image: segment 5: paddr=00090050 vaddr=50000000 size=000a8h (   168) [0m
[0;32mI (173) boot: Loaded app from partition at offset 0x60000[0m
[0;32mI (173) boot: Disabling RNG early entropy source...[0m
[0;32mI (185) cpu_start: Multicore app[0m
[0;32mI (193) cpu_start: GPIO 3 and 1 are used as console UART I/O pins[0m
[0;32mI (194) cpu_start: Pro cpu start user code[0m
[0;32mI (194) cpu_start: cpu freq: 160000000 Hz[0m
[0;32mI (195) app_init: Application information:[0m
[0;32mI (199) app_init: Project name:     puf_test[0m
[0;32mI (203) app_init: App version:      8bab072-dirty[0m
[0;32mI (208) app_init: Compile time:     Aug 20 2025 08:26:37[0m
[0;32mI (213) app_init: ELF file SHA256:  06e680e0b...[0m
[0;32mI (217) app_init: ESP-IDF:          v6.0-dev-1489-g4e036983a7[0m
[0;32mI (222) efuse_init: Min chip rev:     v0.0[0m
[0;32mI (226) efuse_init: Max chip rev:     v3.99 [0m
[0;32mI (230) efuse_init: Chip rev:         v1.0[0m
[0;32mI (234) heap_init: Initializing. RAM available for dynamic allocation:[0m
[0;32mI (241) heap_init: At 3FFAE6E0 len 00001920 (6 KiB): DRAM[0m
[0;32mI (246) heap_init: At 3FFB4220 len 0002BDE0 (175 KiB): DRAM[0m
[0;32mI (251) heap_init: At 3FFE0440 len 00003AE0 (14 KiB): D/IRAM[0m
[0;32mI (256) heap_init: At 3FFE4350 len 0001BCB0 (111 KiB): D/IRAM[0m
[0;32mI (262) heap_init: At 4008ED2C len 000112D4 (68 KiB): IRAM[0m
[0;32mI (268) spi_flash: detected chip: generic[0m
[0;32mI (271) spi_flash: flash io: dio[0m
[0;33mW (274) spi_flash: Detected size(4096k) larger than the size in the binary image header(2048k). Using the size in the binary image header.[0m
[0;32mI (286) main_task: Started on CPU0[0m
[0;32mI (296) main_task: Calling app_main()[0m
ets Jun  8 2016 00:22:57

rst:0x5 (DEEPSLEEP_RESET),boot:0x13 (SPI_FAST_FLASH_BOOT)
configsip: 0, SPIWP:0xee
clk_drv:0x00,q_drv:0x00,d_drv:0x00,cs0_drv:0x00,hd_drv:0x00,wp_drv:0x00
mode:DIO, clock div:2
load:0x3fff0030,len:6372
load:0x40078000,len:15920
ho 0 tail 12 room 4
load:0x40080400,len:3880
entry 0x40080638
[0;32mI (29) boot: ESP-IDF v6.0-dev-1489-g4e036983a7 2nd stage bootloader[0m
[0;32mI (29) boot: compile time Aug 20 2025 08:26:44[0m
[0;32mI (29) boot: Multicore bootloader[0m
[0;32mI (32) boot: chip revision: v1.0[0m
[0;32mI (35) boot.esp32: SPI Speed      : 40MHz[0m
[0;32mI (39) boot.esp32: SPI Mode       : DIO[0m
[0;32mI (42) boot.esp32: SPI Flash Size : 2MB[0m
[0;32mI (46) boot: Enabling RNG early entropy source...[0m
[0;32mI (50) boot: Partition Table:[0m
[0;32mI (53) boot: ## Label            Usage          Type ST Offset   Length[0m
[0;32mI (59) boot:  0 nvs              WiFi data        01 02 00009000 00050000[0m
[0;32mI (66) boot:  1 phy_init         RF data          01 01 00059000 00001000[0m
[0;32mI (72) boot:  2 factory          factory app      00 00 00060000 00100000[0m
[0;32mI (79) boot: End of partition table[0m
[0;32mI (82) esp_image: segment 0: paddr=00060020 vaddr=3f400020 size=0a518h ( 42264) map[0m
[0;32mI (105) esp_image: segment 1: paddr=0006a540 vaddr=3ffb0000 size=028fch ( 10492) load[0m
[0;32mI (109) esp_image: segment 2: paddr=0006ce44 vaddr=40080000 size=031d4h ( 12756) load[0m
[0;32mI (114) esp_image: segment 3: paddr=00070020 vaddr=400d0020 size=144c8h ( 83144) map[0m
[0;32mI (146) esp_image: segment 4: paddr=000844f0 vaddr=400831d4 size=0bb58h ( 47960) load[0m
[0;32mI (165) esp_image: segment 5: paddr=00090050 vaddr=50000000 size=000a8h (   168) [0m
[0;32mI (173) boot: Loaded app from partition at offset 0x60000[0m
[0;32mI (173) boot: Disabling RNG early entropy source...[0m
[0;32mI (185) cpu_start: Multicore app[0m
[0;32mI (193) cpu_start: GPIO 3 and 1 are used as console UART I/O pins[0m
[0;32mI (194) cpu_start: Pro cpu start user code[0m
[0;32mI (194) cpu_start: cpu freq: 160000000 Hz[0m
[0;32mI (195) app_init: Application information:[0m
[0;32mI (199) app_init: Project name:     puf_test[0m
[0;32mI (203) app_init: App version:      8bab072-dirty[0m
[0;32mI (208) app_init: Compile time:     Aug 20 2025 08:26:37[0m
[0;32mI (213) app_init: ELF file SHA256:  06e680e0b...[0m
[0;32mI (217) app_init: ESP-IDF:          v6.0-dev-1489-g4e036983a7[0m
[0;32mI (222) efuse_init: Min chip rev:     v0.0[0m
[0;32mI (226) efuse_init: Max chip rev:     v3.99 [0m
[0;32mI (230) efuse_init: Chip rev:         v1.0[0m
[0;32mI (234) heap_init: Initializing. RAM available for dynamic allocation:[0m
[0;32mI (241) heap_init: At 3FFAE6E0 len 00001920 (6 KiB): DRAM[0m
[0;32mI (246) heap_init: At 3FFB4220 len 0002BDE0 (175 KiB): DRAM[0m
[0;32mI (251) heap_init: At 3FFE0440 len 00003AE0 (14 KiB): D/IRAM[0m
[0;32mI (256) heap_init: At 3FFE4350 len 0001BCB0 (111 KiB): D/IRAM[0m
[0;32mI (262) heap_init: At 4008ED2C len 000112D4 (68 KiB): IRAM[0m
[0;32mI (268) spi_flash: detected chip: generic[0m
[0;32mI (271) spi_flash: flash io: dio[0m
[0;33mW (274) spi_flash: Detected size(4096k) larger than the size in the binary image header(2048k). Using the size in the binary image header.[0m
[0;32mI (286) main_task: Started on CPU0[0m
[0;32mI (296) main_task: Calling app_main()[0m
ets Jun  8 2016 00:22:57

rst:0x5 (DEEPSLEEP_RESET),boot:0x13 (SPI_FAST_FLASH_BOOT)
configsip: 0, SPIWP:0xee
clk_drv:0x00,q_drv:0x00,d_drv:0x00,cs0_drv:0x00,hd_drv:0x00,wp_drv:0x00
mode:DIO, clock div:2
load:0x3fff0030,len:6372
load:0x40078000,len:15920
ho 0 tail 12 room 4
load:0x40080400,len:3880
entry 0x40080638
[0;32mI (29) boot: ESP-IDF v6.0-dev-1489-g4e036983a7 2nd stage bootloader[0m
[0;32mI (29) boot: compile time Aug 20 2025 08:26:44[0m
[0;32mI (29) boot: Multicore bootloader[0m
[0;32mI (32) boot: chip revision: v1.0[0m
[0;32mI (35) boot.esp32: SPI Speed      : 40MHz[0m
[0;32mI (39) boot.esp32: SPI Mode       : DIO[0m
[0;32mI (42) boot.esp32: SPI Flash Size : 2MB[0m
[0;32mI (46) boot: Enabling RNG early entropy source...[0m
[0;32mI (50) boot: Partition Table:[0m
[0;32mI (53) boot: ## Label            Usage          Type ST Offset   Length[0m
[0;32mI (59) boot:  0 nvs              WiFi data        01 02 00009000 00050000[0m
[0;32mI (66) boot:  1 phy_init         RF data          01 01 00059000 00001000[0m
[0;32mI (72) boot:  2 factory          factory app      00 00 00060000 00100000[0m
[0;32mI (79) boot: End of partition table[0m
[0;32mI (82) esp_image: segment 0: paddr=00060020 vaddr=3f400020 size=0a518h ( 42264) map[0m
[0;32mI (105) esp_image: segment 1: paddr=0006a540 vaddr=3ffb0000 size=028fch ( 10492) load[0m
[0;32mI (109) esp_image: segment 2: paddr=0006ce44 vaddr=40080000 size=031d4h ( 12756) load[0m
[0;32mI (114) esp_image: segment 3: paddr=00070020 vaddr=400d0020 size=144c8h ( 83144) map[0m
[0;32mI (146) esp_image: segment 4: paddr=000844f0 vaddr=400831d4 size=0bb58h ( 47960) load[0m
[0;32mI (165) esp_image: segment 5: paddr=00090050 vaddr=50000000 size=000a8h (   168) [0m
[0;32mI (173) boot: Loaded app from partition at offset 0x60000[0m
[0;32mI (173) boot: Disabling RNG early entropy source...[0m
[0;32mI (185) cpu_start: Multicore app[0m
[0;32mI (193) cpu_start: GPIO 3 and 1 are used as console UART I/O pins[0m
[0;32mI (194) cpu_start: Pro cpu start user code[0m
[0;32mI (194) cpu_start: cpu freq: 160000000 Hz[0m
[0;32mI (195) app_init: Application information:[0m
[0;32mI (199) app_init: Project name:     puf_test[0m
[0;32mI (203) app_init: App version:      8bab072-dirty[0m
[0;32mI (208) app_init: Compile time:     Aug 20 2025 08:26:37[0m
[0;32mI (213) app_init: ELF file SHA256:  06e680e0b...[0m
[0;32mI (217) app_init: ESP-IDF:          v6.0-dev-1489-g4e036983a7[0m
[0;32mI (222) efuse_init: Min chip rev:     v0.0[0m
[0;32mI (226) efuse_init: Max chip rev:     v3.99 [0m
[0;32mI (230) efuse_init: Chip rev:         v1.0[0m
[0;32mI (234) heap_init: Initializing. RAM available for dynamic allocation:[0m
[0;32mI (241) heap_init: At 3FFAE6E0 len 00001920 (6 KiB): DRAM[0m
[0;32mI (246) heap_init: At 3FFB4220 len 0002BDE0 (175 KiB): DRAM[0m
[0;32mI (251) heap_init: At 3FFE0440 len 00003AE0 (14 KiB): D/IRAM[0m
[0;32mI (256) heap_init: At 3FFE4350 len 0001BCB0 (111 KiB): D/IRAM[0m
[0;32mI (262) heap_init: At 4008ED2C len 000112D4 (68 KiB): IRAM[0m
[0;32mI (268) spi_flash: detected chip: generic[0m
[0;32mI (271) spi_flash: flash io: dio[0m
[0;33mW (274) spi_flash: Detected size(4096k) larger than the size in the binary image header(2048k). Using the size in the binary image header.[0m
[0;32mI (286) main_task: Started on CPU0[0m
[0;32mI (296) main_task: Calling app_main()[0m
ets Jun  8 2016 00:22:57

rst:0x5 (DEEPSLEEP_RESET),boot:0x13 (SPI_FAST_FLASH_BOOT)
configsip: 0, SPIWP:0xee
clk_drv:0x00,q_drv:0x00,d_drv:0x00,cs0_drv:0x00,hd_drv:0x00,wp_drv:0x00
mode:DIO, clock div:2
load:0x3fff0030,len:6372
load:0x40078000,len:15920
ho 0 tail 12 room 4
load:0x40080400,len:3880
entry 0x40080638
[0;32mI (29) boot: ESP-IDF v6.0-dev-1489-g4e036983a7 2nd stage bootloader[0m
[0;32mI (29) boot: compile time Aug 20 2025 08:26:44[0m
[0;32mI (29) boot: Multicore bootloader[0m
[0;32mI (32) boot: chip revision: v1.0[0m
[0;32mI (35) boot.esp32: SPI Speed      : 40MHz[0m
[0;32mI (39) boot.esp32: SPI Mode       : DIO[0m
[0;32mI (42) boot.esp32: SPI Flash Size : 2MB[0m
[0;32mI (46) boot: Enabling RNG early entropy source...[0m
[0;32mI (50) boot: Partition Table:[0m
[0;32mI (53) boot: ## Label            Usage          Type ST Offset   Length[0m
[0;32mI (59) boot:  0 nvs              WiFi data        01 02 00009000 00050000[0m
[0;32mI (66) boot:  1 phy_init         RF data          01 01 00059000 00001000[0m
[0;32mI (72) boot:  2 factory          factory app      00 00 00060000 00100000[0m
[0;32mI (79) boot: End of partition table[0m
[0;32mI (82) esp_image: segment 0: paddr=00060020 vaddr=3f400020 size=0a518h ( 42264) map[0m
[0;32mI (105) esp_image: segment 1: paddr=0006a540 vaddr=3ffb0000 size=028fch ( 10492) load[0m
[0;32mI (109) esp_image: segment 2: paddr=0006ce44 vaddr=40080000 size=031d4h ( 12756) load[0m
[0;32mI (114) esp_image: segment 3: paddr=00070020 vaddr=400d0020 size=144c8h ( 83144) map[0m
[0;32mI (146) esp_image: segment 4: paddr=000844f0 vaddr=400831d4 size=0bb58h ( 47960) load[0m
[0;32mI (165) esp_image: segment 5: paddr=00090050 vaddr=50000000 size=000a8h (   168) [0m
[0;32mI (173) boot: Loaded app from partition at offset 0x60000[0m
[0;32mI (173) boot: Disabling RNG early entropy source...[0m
[0;32mI (185) cpu_start: Multicore app[0m
[0;32mI (193) cpu_start: GPIO 3 and 1 are used as console UART I/O pins[0m
[0;32mI (194) cpu_start: Pro cpu start user code[0m
[0;32mI (194) cpu_start: cpu freq: 160000000 Hz[0m
[0;32mI (195) app_init: Application information:[0m
[0;32mI (199) app_init: Project name:     puf_test[0m
[0;32mI (203) app_init: App version:      8bab072-dirty[0m
[0;32mI (208) app_init: Compile time:     Aug 20 2025 08:26:37[0m
[0;32mI (213) app_init: ELF file SHA256:  06e680e0b...[0m
[0;32mI (217) app_init: ESP-IDF:          v6.0-dev-1489-g4e036983a7[0m
[0;32mI (222) efuse_init: Min chip rev:     v0.0[0m
[0;32mI (226) efuse_init: Max chip rev:     v3.99 [0m
[0;32mI (230) efuse_init: Chip rev:         v1.0[0m
[0;32mI (234) heap_init: Initializing. RAM available for dynamic allocation:[0m
[0;32mI (241) heap_init: At 3FFAE6E0 len 00001920 (6 KiB): DRAM[0m
[0;32mI (246) heap_init: At 3FFB4220 len 0002BDE0 (175 KiB): DRAM[0m
[0;32mI (251) heap_init: At 3FFE0440 len 00003AE0 (14 KiB): D/IRAM[0m
[0;32mI (256) heap_init: At 3FFE4350 len 0001BCB0 (111 KiB): D/IRAM[0m
[0;32mI (262) heap_init: At 4008ED2C len 000112D4 (68 KiB): IRAM[0m
[0;32mI (268) spi_flash: detected chip: generic[0m
[0;32mI (271) spi_flash: flash io: dio[0m
[0;33mW (274) spi_flash: Detected size(4096k) larger than the size in the binary image header(2048k). Using the size in the binary image header.[0m
[0;32mI (286) main_task: Started on CPU0[0m
[0;32mI (296) main_task: Calling app_main()[0m
PUF bytes: 432
PROVISIONING DONE
[0;32mI (2446) PUF_EXAMPLE: First provisioning done â€” restarting to take effect...[0m
ets Jun  8 2016 00:22:57

rst:0xc (SW_CPU_RESET),boot:0x13 (SPI_FAST_FLASH_BOOT)
configsip: 0, SPIWP:0xee
clk_drv:0x00,q_drv:0x00,d_drv:0x00,cs0_drv:0x00,hd_drv:0x00,wp_drv:0x00
mode:DIO, clock div:2
load:0x3fff0030,len:6372
load:0x40078000,len:15920
ho 0 tail 12 room 4
load:0x40080400,len:3880
entry 0x40080638
[0;32mI (29) boot: ESP-IDF v6.0-dev-1489-g4e036983a7 2nd stage bootloader[0m
[0;32mI (29) boot: compile time Aug 20 2025 08:26:44[0m
[0;32mI (29) boot: Multicore bootloader[0m
[0;32mI (32) boot: chip revision: v1.0[0m
[0;32mI (35) boot.esp32: SPI Speed      : 40MHz[0m
[0;32mI (39) boot.esp32: SPI Mode       : DIO[0m
[0;32mI (42) boot.esp32: SPI Flash Size : 2MB[0m
[0;32mI (46) boot: Enabling RNG early entropy source...[0m
[0;32mI (50) boot: Partition Table:[0m
[0;32mI (53) boot: ## Label            Usage          Type ST Offset   Length[0m
[0;32mI (59) boot:  0 nvs              WiFi data        01 02 00009000 00050000[0m
[0;32mI (66) boot:  1 phy_init         RF data          01 01 00059000 00001000[0m
[0;32mI (72) boot:  2 factory          factory app      00 00 00060000 00100000[0m
[0;32mI (79) boot: End of partition table[0m
[0;32mI (82) esp_image: segment 0: paddr=00060020 vaddr=3f400020 size=0a518h ( 42264) map[0m
[0;32mI (104) esp_image: segment 1: paddr=0006a540 vaddr=3ffb0000 size=028fch ( 10492) load[0m
[0;32mI (109) esp_image: segment 2: paddr=0006ce44 vaddr=40080000 size=031d4h ( 12756) load[0m
[0;32mI (114) esp_image: segment 3: paddr=00070020 vaddr=400d0020 size=144c8h ( 83144) map[0m
[0;32mI (145) esp_image: segment 4: paddr=000844f0 vaddr=400831d4 size=0bb58h ( 47960) load[0m
[0;32mI (165) esp_image: segment 5: paddr=00090050 vaddr=50000000 size=000a8h (   168) load[0m
[0;32mI (173) boot: Loaded app from partition at offset 0x60000[0m
[0;32mI (173) boot: Disabling RNG early entropy source...[0m
[0;32mI (185) cpu_start: Multicore app[0m
[0;32mI (193) cpu_start: GPIO 3 and 1 are used as console UART I/O pins[0m
[0;32mI (194) cpu_start: Pro cpu start user code[0m
[0;32mI (194) cpu_start: cpu freq: 160000000 Hz[0m
[0;32mI (196) app_init: Application information:[0m
[0;32mI (199) app_init: Project name:     puf_test[0m
[0;32mI (203) app_init: App version:      8bab072-dirty[0m
[0;32mI (208) app_init: Compile time:     Aug 20 2025 08:26:37[0m
[0;32mI (213) app_init: ELF file SHA256:  06e680e0b...[0m
[0;32mI (217) app_init: ESP-IDF:          v6.0-dev-1489-g4e036983a7[0m
[0;32mI (223) efuse_init: Min chip rev:     v0.0[0m
[0;32mI (226) efuse_init: Max chip rev:     v3.99 [0m
[0;32mI (230) efuse_init: Chip rev:         v1.0[0m
[0;32mI (235) heap_init: Initializing. RAM available for dynamic allocation:[0m
[0;32mI (241) heap_init: At 3FFAE6E0 len 00001920 (6 KiB): DRAM[0m
[0;32mI (246) heap_init: At 3FFB4220 len 0002BDE0 (175 KiB): DRAM[0m
[0;32mI (251) heap_init: At 3FFE0440 len 00003AE0 (14 KiB): D/IRAM[0m
[0;32mI (256) heap_init: At 3FFE4350 len 0001BCB0 (111 KiB): D/IRAM[0m
[0;32mI (262) heap_init: At 4008ED2C len 000112D4 (68 KiB): IRAM[0m
[0;32mI (269) spi_flash: detected chip: generic[0m
[0;32mI (271) spi_flash: flash io: dio[0m
[0;33mW (274) spi_flash: Detected size(4096k) larger than the size in the binary image header(2048k). Using the size in the binary image header.[0m
[0;32mI (287) main_task: Started on CPU0[0m
[0;32mI (297) main_task: Calling app_main()[0m
STARTING PROVISIONING
ets Jun  8 2016 00:22:57

rst:0x5 (DEEPSLEEP_RESET),boot:0x13 (SPI_FAST_FLASH_BOOT)
configsip: 0, SPIWP:0xee
clk_drv:0x00,q_drv:0x00,d_drv:0x00,cs0_drv:0x00,hd_drv:0x00,wp_drv:0x00
mode:DIO, clock div:2
load:0x3fff0030,len:6372
load:0x40078000,len:15920
ho 0 tail 12 room 4
load:0x40080400,len:3880
entry 0x40080638
[0;32mI (29) boot: ESP-IDF v6.0-dev-1489-g4e036983a7 2nd stage bootloader[0m
[0;32mI (29) boot: compile time Aug 20 2025 08:26:44[0m
[0;32mI (29) boot: Multicore bootloader[0m
[0;32mI (32) boot: chip revision: v1.0[0m
[0;32mI (35) boot.esp32: SPI Speed      : 40MHz[0m
[0;32mI (39) boot.esp32: SPI Mode       : DIO[0m
[0;32mI (42) boot.esp32: SPI Flash Size : 2MB[0m
[0;32mI (46) boot: Enabling RNG early entropy source...[0m
[0;32mI (50) boot: Partition Table:[0m
[0;32mI (53) boot: ## Label            Usage          Type ST Offset   Length[0m
[0;32mI (59) boot:  0 nvs              WiFi data        01 02 00009000 00050000[0m
[0;32mI (66) boot:  1 phy_init         RF data          01 01 00059000 00001000[0m
[0;32mI (72) boot:  2 factory          factory app      00 00 00060000 00100000[0m
[0;32mI (79) boot: End of partition table[0m
[0;32mI (82) esp_image: segment 0: paddr=00060020 vaddr=3f400020 size=0a518h ( 42264) map[0m
[0;32mI (105) esp_image: segment 1: paddr=0006a540 vaddr=3ffb0000 size=028fch ( 10492) load[0m
[0;32mI (109) esp_image: segment 2: paddr=0006ce44 vaddr=40080000 size=031d4h ( 12756) load[0m
[0;32mI (114) esp_image: segment 3: paddr=00070020 vaddr=400d0020 size=144c8h ( 83144) map[0m
[0;32mI (146) esp_image: segment 4: paddr=000844f0 vaddr=400831d4 size=0bb58h ( 47960) load[0m
[0;32mI (165) esp_image: segment 5: paddr=00090050 vaddr=50000000 size=000a8h (   168) [0m
[0;32mI (173) boot: Loaded app from partition at offset 0x60000[0m
[0;32mI (173) boot: Disabling RNG early entropy source...[0m
[0;32mI (185) cpu_start: Multicore app[0m
[0;32mI (193) cpu_start: GPIO 3 and 1 are used as console UART I/O pins[0m
[0;32mI (194) cpu_start: Pro cpu start user code[0m
[0;32mI (194) cpu_start: cpu freq: 160000000 Hz[0m
[0;32mI (195) app_init: Application information:[0m
[0;32mI (199) app_init: Project name:     puf_test[0m
[0;32mI (203) app_init: App version:      8bab072-dirty[0m
[0;32mI (208) app_init: Compile time:     Aug 20 2025 08:26:37[0m
[0;32mI (213) app_init: ELF file SHA256:  06e680e0b...[0m
[0;32mI (217) app_init: ESP-IDF:          v6.0-dev-1489-g4e036983a7[0m
[0;32mI (222) efuse_init: Min chip rev:     v0.0[0m
[0;32mI (226) efuse_init: Max chip rev:     v3.99 [0m
[0;32mI (230) efuse_init: Chip rev:         v1.0[0m
[0;32mI (234) heap_init: Initializing. RAM available for dynamic allocation:[0m
[0;32mI (241) heap_init: At 3FFAE6E0 len 00001920 (6 KiB): DRAM[0m
[0;32mI (246) heap_init: At 3FFB4220 len 0002BDE0 (175 KiB): DRAM[0m
[0;32mI (251) heap_init: At 3FFE0440 len 00003AE0 (14 KiB): D/IRAM[0m
[0;32mI (256) heap_init: At 3FFE4350 len 0001BCB0 (111 KiB): D/IRAM[0m
[0;32mI (262) heap_init: At 4008ED2C len 000112D4 (68 KiB): IRAM[0m
[0;32mI (268) spi_flash: detected chip: generic[0m
[0;32mI (271) spi_flash: flash io: dio[0m
[0;33mW (274) spi_flash: Detected size(4096k) larger than the size in the binary image header(2048k). Using the size in the binary image header.[0m
[0;32mI (286) main_task: Started on CPU0[0m
[0;32mI (296) main_task: Calling app_main()[0m
ets Jun  8 2016 00:22:57

rst:0x5 (DEEPSLEEP_RESET),boot:0x13 (SPI_FAST_FLASH_BOOT)
configsip: 0, SPIWP:0xee
clk_drv:0x00,q_drv:0x00,d_drv:0x00,cs0_drv:0x00,hd_drv:0x00,wp_drv:0x00
mode:DIO, clock div:2
load:0x3fff0030,len:6372
load:0x40078000,len:15920
ho 0 tail 12 room 4
load:0x40080400,len:3880
entry 0x40080638
[0;32mI (29) boot: ESP-IDF v6.0-dev-1489-g4e036983a7 2nd stage bootloader[0m
[0;32mI (29) boot: compile time Aug 20 2025 08:26:44[0m
[0;32mI (29) boot: Multicore bootloader[0m
[0;32mI (32) boot: chip revision: v1.0[0m
[0;32mI (35) boot.esp32: SPI Speed      : 40MHz[0m
[0;32mI (39) boot.esp32: SPI Mode       : DIO[0m
[0;32mI (42) boot.esp32: SPI Flash Size : 2MB[0m
[0;32mI (46) boot: Enabling RNG early entropy source...[0m
[0;32mI (50) boot: Partition Table:[0m
[0;32mI (53) boot: ## Label            Usage          Type ST Offset   Length[0m
[0;32mI (59) boot:  0 nvs              WiFi data        01 02 00009000 00050000[0m
[0;32mI (66) boot:  1 phy_init         RF data          01 01 00059000 00001000[0m
[0;32mI (72) boot:  2 factory          factory app      00 00 00060000 00100000[0m
[0;32mI (79) boot: End of partition table[0m
[0;32mI (82) esp_image: segment 0: paddr=00060020 vaddr=3f400020 size=0a518h ( 42264) map[0m
[0;32mI (105) esp_image: segment 1: paddr=0006a540 vaddr=3ffb0000 size=028fch ( 10492) load[0m
[0;32mI (109) esp_image: segment 2: paddr=0006ce44 vaddr=40080000 size=031d4h ( 12756) load[0m
[0;32mI (114) esp_image: segment 3: paddr=00070020 vaddr=400d0020 size=144c8h ( 83144) map[0m
[0;32mI (146) esp_image: segment 4: paddr=000844f0 vaddr=400831d4 size=0bb58h ( 47960) load[0m
[0;32mI (165) esp_image: segment 5: paddr=00090050 vaddr=50000000 size=000a8h (   168) [0m
[0;32mI (173) boot: Loaded app from partition at offset 0x60000[0m
[0;32mI (173) boot: Disabling RNG early entropy source...[0m
[0;32mI (185) cpu_start: Multicore app[0m
[0;32mI (193) cpu_start: GPIO 3 and 1 are used as console UART I/O pins[0m
[0;32mI (194) cpu_start: Pro cpu start user code[0m
[0;32mI (194) cpu_start: cpu freq: 160000000 Hz[0m
[0;32mI (195) app_init: Application information:[0m
[0;32mI (199) app_init: Project name:     puf_test[0m
[0;32mI (203) app_init: App version:      8bab072-dirty[0m
[0;32mI (208) app_init: Compile time:     Aug 20 2025 08:26:37[0m
[0;32mI (213) app_init: ELF file SHA256:  06e680e0b...[0m
[0;32mI (217) app_init: ESP-IDF:          v6.0-dev-1489-g4e036983a7[0m
[0;32mI (222) efuse_init: Min chip rev:     v0.0[0m
[0;32mI (226) efuse_init: Max chip rev:     v3.99 [0m
[0;32mI (230) efuse_init: Chip rev:         v1.0[0m
[0;32mI (234) heap_init: Initializing. RAM available for dynamic allocation:[0m
[0;32mI (241) heap_init: At 3FFAE6E0 len 00001920 (6 KiB): DRAM[0m
[0;32mI (246) heap_init: At 3FFB4220 len 0002BDE0 (175 KiB): DRAM[0m
[0;32mI (251) heap_init: At 3FFE0440 len 00003AE0 (14 KiB): D/IRAM[0m
[0;32mI (256) heap_init: At 3FFE4350 len 0001BCB0 (111 KiB): D/IRAM[0m
[0;32mI (262) heap_init: At 4008ED2C len 000112D4 (68 KiB): IRAM[0m
[0;32mI (268) spi_flash: detected chip: generic[0m
[0;32mI (271) spi_flash: flash io: dio[0m
[0;33mW (274) spi_flash: Detected size(4096k) larger than the size in the binary image header(2048k). Using the size in the binary image header.[0m
[0;32mI (286) main_task: Started on CPU0[0m
[0;32mI (296) main_task: Calling app_main()[0m
ets Jun  8 2016 00:22:57

rst:0x5 (DEEPSLEEP_RESET),boot:0x13 (SPI_FAST_FLASH_BOOT)
configsip: 0, SPIWP:0xee
clk_drv:0x00,q_drv:0x00,d_drv:0x00,cs0_drv:0x00,hd_drv:0x00,wp_drv:0x00
mode:DIO, clock div:2
load:0x3fff0030,len:6372
load:0x40078000,len:15920
ho 0 tail 12 room 4
load:0x40080400,len:3880
entry 0x40080638
[0;32mI (29) boot: ESP-IDF v6.0-dev-1489-g4e036983a7 2nd stage bootloader[0m
[0;32mI (29) boot: compile time Aug 20 2025 08:26:44[0m
[0;32mI (29) boot: Multicore bootloader[0m
[0;32mI (32) boot: chip revision: v1.0[0m
[0;32mI (35) boot.esp32: SPI Speed      : 40MHz[0m
[0;32mI (39) boot.esp32: SPI Mode       : DIO[0m
[0;32mI (42) boot.esp32: SPI Flash Size : 2MB[0m
[0;32mI (46) boot: Enabling RNG early entropy source...[0m
[0;32mI (50) boot: Partition Table:[0m
[0;32mI (53) boot: ## Label            Usage          Type ST Offset   Length[0m
[0;32mI (59) boot:  0 nvs              WiFi data        01 02 00009000 00050000[0m
[0;32mI (66) boot:  1 phy_init         RF data          01 01 00059000 00001000[0m
[0;32mI (72) boot:  2 factory          factory app      00 00 00060000 00100000[0m
[0;32mI (79) boot: End of partition table[0m
[0;32mI (82) esp_image: segment 0: paddr=00060020 vaddr=3f400020 size=0a518h ( 42264) map[0m
[0;32mI (105) esp_image: segment 1: paddr=0006a540 vaddr=3ffb0000 size=028fch ( 10492) load[0m
[0;32mI (109) esp_image: segment 2: paddr=0006ce44 vaddr=40080000 size=031d4h ( 12756) load[0m
[0;32mI (114) esp_image: segment 3: paddr=00070020 vaddr=400d0020 size=144c8h ( 83144) map[0m
[0;32mI (146) esp_image: segment 4: paddr=000844f0 vaddr=400831d4 size=0bb58h ( 47960) load[0m
[0;32mI (165) esp_image: segment 5: paddr=00090050 vaddr=50000000 size=000a8h (   168) [0m
[0;32mI (173) boot: Loaded app from partition at offset 0x60000[0m
[0;32mI (173) boot: Disabling RNG early entropy source...[0m
[0;32mI (185) cpu_start: Multicore app[0m
[0;32mI (193) cpu_start: GPIO 3 and 1 are used as console UART I/O pins[0m
[0;32mI (194) cpu_start: Pro cpu start user code[0m
[0;32mI (194) cpu_start: cpu freq: 160000000 Hz[0m
[0;32mI (195) app_init: Application information:[0m
[0;32mI (199) app_init: Project name:     puf_test[0m
[0;32mI (203) app_init: App version:      8bab072-dirty[0m
[0;32mI (208) app_init: Compile time:     Aug 20 2025 08:26:37[0m
[0;32mI (213) app_init: ELF file SHA256:  06e680e0b...[0m
[0;32mI (217) app_init: ESP-IDF:          v6.0-dev-1489-g4e036983a7[0m
[0;32mI (222) efuse_init: Min chip rev:     v0.0[0m
[0;32mI (226) efuse_init: Max chip rev:     v3.99 [0m
[0;32mI (230) efuse_init: Chip rev:         v1.0[0m
[0;32mI (234) heap_init: Initializing. RAM available for dynamic allocation:[0m
[0;32mI (241) heap_init: At 3FFAE6E0 len 00001920 (6 KiB): DRAM[0m
[0;32mI (246) heap_init: At 3FFB4220 len 0002BDE0 (175 KiB): DRAM[0m
[0;32mI (251) heap_init: At 3FFE0440 len 00003AE0 (14 KiB): D/IRAM[0m
[0;32mI (256) heap_init: At 3FFE4350 len 0001BCB0 (111 KiB): D/IRAM[0m
[0;32mI (262) heap_init: At 4008ED2C len 000112D4 (68 KiB): IRAM[0m
[0;32mI (268) spi_flash: detected chip: generic[0m
[0;32mI (271) spi_flash: flash io: dio[0m
[0;33mW (274) spi_flash: Detected size(4096k) larger than the size in the binary image header(2048k). Using the size in the binary image header.[0m
[0;32mI (286) main_task: Started on CPU0[0m
[0;32mI (296) main_task: Calling app_main()[0m
ets Jun  8 2016 00:22:57

rst:0x5 (DEEPSLEEP_RESET),boot:0x13 (SPI_FAST_FLASH_BOOT)
configsip: 0, SPIWP:0xee
clk_drv:0x00,q_drv:0x00,d_drv:0x00,cs0_drv:0x00,hd_drv:0x00,wp_drv:0x00
mode:DIO, clock div:2
load:0x3fff0030,len:6372
load:0x40078000,len:15920
ho 0 tail 12 room 4
load:0x40080400,len:3880
entry 0x40080638
[0;32mI (29) boot: ESP-IDF v6.0-dev-1489-g4e036983a7 2nd stage bootloader[0m
[0;32mI (29) boot: compile time Aug 20 2025 08:26:44[0m
[0;32mI (29) boot: Multicore bootloader[0m
[0;32mI (32) boot: chip revision: v1.0[0m
[0;32mI (35) boot.esp32: SPI Speed      : 40MHz[0m
[0;32mI (39) boot.esp32: SPI Mode       : DIO[0m
[0;32mI (42) boot.esp32: SPI Flash Size : 2MB[0m
[0;32mI (46) boot: Enabling RNG early entropy source...[0m
[0;32mI (50) boot: Partition Table:[0m
[0;32mI (53) boot: ## Label            Usage          Type ST Offset   Length[0m
[0;32mI (59) boot:  0 nvs              WiFi data        01 02 00009000 00050000[0m
[0;32mI (66) boot:  1 phy_init         RF data          01 01 00059000 00001000[0m
[0;32mI (72) boot:  2 factory          factory app      00 00 00060000 00100000[0m
[0;32mI (79) boot: End of partition table[0m
[0;32mI (82) esp_image: segment 0: paddr=00060020 vaddr=3f400020 size=0a518h ( 42264) map[0m
[0;32mI (105) esp_image: segment 1: paddr=0006a540 vaddr=3ffb0000 size=028fch ( 10492) load[0m
[0;32mI (109) esp_image: segment 2: paddr=0006ce44 vaddr=40080000 size=031d4h ( 12756) load[0m
[0;32mI (114) esp_image: segment 3: paddr=00070020 vaddr=400d0020 size=144c8h ( 83144) map[0m
[0;32mI (146) esp_image: segment 4: paddr=000844f0 vaddr=400831d4 size=0bb58h ( 47960) load[0m
[0;32mI (165) esp_image: segment 5: paddr=00090050 vaddr=50000000 size=000a8h (   168) [0m
[0;32mI (173) boot: Loaded app from partition at offset 0x60000[0m
[0;32mI (173) boot: Disabling RNG early entropy source...[0m
[0;32mI (185) cpu_start: Multicore app[0m
[0;32mI (193) cpu_start: GPIO 3 and 1 are used as console UART I/O pins[0m
[0;32mI (194) cpu_start: Pro cpu start user code[0m
[0;32mI (194) cpu_start: cpu freq: 160000000 Hz[0m
[0;32mI (195) app_init: Application information:[0m
[0;32mI (199) app_init: Project name:     puf_test[0m
[0;32mI (203) app_init: App version:      8bab072-dirty[0m
[0;32mI (208) app_init: Compile time:     Aug 20 2025 08:26:37[0m
[0;32mI (213) app_init: ELF file SHA256:  06e680e0b...[0m
[0;32mI (217) app_init: ESP-IDF:          v6.0-dev-1489-g4e036983a7[0m
[0;32mI (222) efuse_init: Min chip rev:     v0.0[0m
[0;32mI (226) efuse_init: Max chip rev:     v3.99 [0m
[0;32mI (230) efuse_init: Chip rev:         v1.0[0m
[0;32mI (234) heap_init: Initializing. RAM available for dynamic allocation:[0m
[0;32mI (241) heap_init: At 3FFAE6E0 len 00001920 (6 KiB): DRAM[0m
[0;32mI (246) heap_init: At 3FFB4220 len 0002BDE0 (175 KiB): DRAM[0m
[0;32mI (251) heap_init: At 3FFE0440 len 00003AE0 (14 KiB): D/IRAM[0m
[0;32mI (256) heap_init: At 3FFE4350 len 0001BCB0 (111 KiB): D/IRAM[0m
[0;32mI (262) heap_init: At 4008ED2C len 000112D4 (68 KiB): IRAM[0m
[0;32mI (268) spi_flash: detected chip: generic[0m
[0;32mI (271) spi_flash: flash io: dio[0m
[0;33mW (274) spi_flash: Detected size(4096k) larger than the size in the binary image header(2048k). Using the size in the binary image header.[0m
[0;32mI (286) main_task: Started on CPU0[0m
[0;32mI (296) main_task: Calling app_main()[0m
ets Jun  8 2016 00:22:57

rst:0x5 (DEEPSLEEP_RESET),boot:0x13 (SPI_FAST_FLASH_BOOT)
configsip: 0, SPIWP:0xee
clk_drv:0x00,q_drv:0x00,d_drv:0x00,cs0_drv:0x00,hd_drv:0x00,wp_drv:0x00
mode:DIO, clock div:2
load:0x3fff0030,len:6372
load:0x40078000,len:15920
ho 0 tail 12 room 4
load:0x40080400,len:3880
entry 0x40080638
[0;32mI (29) boot: ESP-IDF v6.0-dev-1489-g4e036983a7 2nd stage bootloader[0m
[0;32mI (29) boot: compile time Aug 20 2025 08:26:44[0m
[0;32mI (29) boot: Multicore bootloader[0m
[0;32mI (32) boot: chip revision: v1.0[0m
[0;32mI (35) boot.esp32: SPI Speed      : 40MHz[0m
[0;32mI (39) boot.esp32: SPI Mode       : DIO[0m
[0;32mI (42) boot.esp32: SPI Flash Size : 2MB[0m
[0;32mI (46) boot: Enabling RNG early entropy source...[0m
[0;32mI (50) boot: Partition Table:[0m
[0;32mI (53) boot: ## Label            Usage          Type ST Offset   Length[0m
[0;32mI (59) boot:  0 nvs              WiFi data        01 02 00009000 00050000[0m
[0;32mI (66) boot:  1 phy_init         RF data          01 01 00059000 00001000[0m
[0;32mI (72) boot:  2 factory          factory app      00 00 00060000 00100000[0m
[0;32mI (79) boot: End of partition table[0m
[0;32mI (82) esp_image: segment 0: paddr=00060020 vaddr=3f400020 size=0a518h ( 42264) map[0m
[0;32mI (105) esp_image: segment 1: paddr=0006a540 vaddr=3ffb0000 size=028fch ( 10492) load[0m
[0;32mI (109) esp_image: segment 2: paddr=0006ce44 vaddr=40080000 size=031d4h ( 12756) load[0m
[0;32mI (114) esp_image: segment 3: paddr=00070020 vaddr=400d0020 size=144c8h ( 83144) map[0m
[0;32mI (146) esp_image: segment 4: paddr=000844f0 vaddr=400831d4 size=0bb58h ( 47960) load[0m
[0;32mI (165) esp_image: segment 5: paddr=00090050 vaddr=50000000 size=000a8h (   168) [0m
[0;32mI (173) boot: Loaded app from partition at offset 0x60000[0m
[0;32mI (173) boot: Disabling RNG early entropy source...[0m
[0;32mI (185) cpu_start: Multicore app[0m
[0;32mI (193) cpu_start: GPIO 3 and 1 are used as console UART I/O pins[0m
[0;32mI (194) cpu_start: Pro cpu start user code[0m
[0;32mI (194) cpu_start: cpu freq: 160000000 Hz[0m
[0;32mI (195) app_init: Application information:[0m
[0;32mI (199) app_init: Project name:     puf_test[0m
[0;32mI (203) app_init: App version:      8bab072-dirty[0m
[0;32mI (208) app_init: Compile time:     Aug 20 2025 08:26:37[0m
[0;32mI (213) app_init: ELF file SHA256:  06e680e0b...[0m
[0;32mI (217) app_init: ESP-IDF:          v6.0-dev-1489-g4e036983a7[0m
[0;32mI (222) efuse_init: Min chip rev:     v0.0[0m
[0;32mI (226) efuse_init: Max chip rev:     v3.99 [0m
[0;32mI (230) efuse_init: Chip rev:         v1.0[0m
[0;32mI (234) heap_init: Initializing. RAM available for dynamic allocation:[0m
[0;32mI (241) heap_init: At 3FFAE6E0 len 00001920 (6 KiB): DRAM[0m
[0;32mI (246) heap_init: At 3FFB4220 len 0002BDE0 (175 KiB): DRAM[0m
[0;32mI (251) heap_init: At 3FFE0440 len 00003AE0 (14 KiB): D/IRAM[0m
[0;32mI (256) heap_init: At 3FFE4350 len 0001BCB0 (111 KiB): D/IRAM[0m
[0;32mI (262) heap_init: At 4008ED2C len 000112D4 (68 KiB): IRAM[0m
[0;32mI (268) spi_flash: detected chip: generic[0m
[0;32mI (271) spi_flash: flash io: dio[0m
[0;33mW (274) spi_flash: Detected size(4096k) larger than the size in the binary image header(2048k). Using the size in the binary image header.[0m
[0;32mI (286) main_task: Started on CPU0[0m
[0;32mI (296) main_task: Calling app_main()[0m
ets Jun  8 2016 00:22:57

rst:0x5 (DEEPSLEEP_RESET),boot:0x13 (SPI_FAST_FLASH_BOOT)
configsip: 0, SPIWP:0xee
clk_drv:0x00,q_drv:0x00,d_drv:0x00,cs0_drv:0x00,hd_drv:0x00,wp_drv:0x00
mode:DIO, clock div:2
load:0x3fff0030,len:6372
load:0x40078000,len:15920
ho 0 tail 12 room 4
load:0x40080400,len:3880
entry 0x40080638
[0;32mI (29) boot: ESP-IDF v6.0-dev-1489-g4e036983a7 2nd stage bootloader[0m
[0;32mI (29) boot: compile time Aug 20 2025 08:26:44[0m
[0;32mI (29) boot: Multicore bootloader[0m
[0;32mI (32) boot: chip revision: v1.0[0m
[0;32mI (35) boot.esp32: SPI Speed      : 40MHz[0m
[0;32mI (39) boot.esp32: SPI Mode       : DIO[0m
[0;32mI (42) boot.esp32: SPI Flash Size : 2MB[0m
[0;32mI (46) boot: Enabling RNG early entropy source...[0m
[0;32mI (50) boot: Partition Table:[0m
[0;32mI (53) boot: ## Label            Usage          Type ST Offset   Length[0m
[0;32mI (59) boot:  0 nvs              WiFi data        01 02 00009000 00050000[0m
[0;32mI (66) boot:  1 phy_init         RF data          01 01 00059000 00001000[0m
[0;32mI (72) boot:  2 factory          factory app      00 00 00060000 00100000[0m
[0;32mI (79) boot: End of partition table[0m
[0;32mI (82) esp_image: segment 0: paddr=00060020 vaddr=3f400020 size=0a518h ( 42264) map[0m
[0;32mI (105) esp_image: segment 1: paddr=0006a540 vaddr=3ffb0000 size=028fch ( 10492) load[0m
[0;32mI (109) esp_image: segment 2: paddr=0006ce44 vaddr=40080000 size=031d4h ( 12756) load[0m
[0;32mI (114) esp_image: segment 3: paddr=00070020 vaddr=400d0020 size=144c8h ( 83144) map[0m
[0;32mI (146) esp_image: segment 4: paddr=000844f0 vaddr=400831d4 size=0bb58h ( 47960) load[0m
[0;32mI (165) esp_image: segment 5: paddr=00090050 vaddr=50000000 size=000a8h (   168) [0m
[0;32mI (173) boot: Loaded app from partition at offset 0x60000[0m
[0;32mI (173) boot: Disabling RNG early entropy source...[0m
[0;32mI (185) cpu_start: Multicore app[0m
[0;32mI (193) cpu_start: GPIO 3 and 1 are used as console UART I/O pins[0m
[0;32mI (194) cpu_start: Pro cpu start user code[0m
[0;32mI (194) cpu_start: cpu freq: 160000000 Hz[0m
[0;32mI (195) app_init: Application information:[0m
[0;32mI (199) app_init: Project name:     puf_test[0m
[0;32mI (203) app_init: App version:      8bab072-dirty[0m
[0;32mI (208) app_init: Compile time:     Aug 20 2025 08:26:37[0m
[0;32mI (213) app_init: ELF file SHA256:  06e680e0b...[0m
[0;32mI (217) app_init: ESP-IDF:          v6.0-dev-1489-g4e036983a7[0m
[0;32mI (222) efuse_init: Min chip rev:     v0.0[0m
[0;32mI (226) efuse_init: Max chip rev:     v3.99 [0m
[0;32mI (230) efuse_init: Chip rev:         v1.0[0m
[0;32mI (234) heap_init: Initializing. RAM available for dynamic allocation:[0m
[0;32mI (241) heap_init: At 3FFAE6E0 len 00001920 (6 KiB): DRAM[0m
[0;32mI (246) heap_init: At 3FFB4220 len 0002BDE0 (175 KiB): DRAM[0m
[0;32mI (251) heap_init: At 3FFE0440 len 00003AE0 (14 KiB): D/IRAM[0m
[0;32mI (256) heap_init: At 3FFE4350 len 0001BCB0 (111 KiB): D/IRAM[0m
[0;32mI (262) heap_init: At 4008ED2C len 000112D4 (68 KiB): IRAM[0m
[0;32mI (268) spi_flash: detected chip: generic[0m
[0;32mI (271) spi_flash: flash io: dio[0m
[0;33mW (274) spi_flash: Detected size(4096k) larger than the size in the binary image header(2048k). Using the size in the binary image header.[0m
[0;32mI (286) main_task: Started on CPU0[0m
[0;32mI (296) main_task: Calling app_main()[0m
ets Jun  8 2016 00:22:57

rst:0x5 (DEEPSLEEP_RESET),boot:0x13 (SPI_FAST_FLASH_BOOT)
configsip: 0, SPIWP:0xee
clk_drv:0x00,q_drv:0x00,d_drv:0x00,cs0_drv:0x00,hd_drv:0x00,wp_drv:0x00
mode:DIO, clock div:2
load:0x3fff0030,len:6372
load:0x40078000,len:15920
ho 0 tail 12 room 4
load:0x40080400,len:3880
entry 0x40080638
[0;32mI (29) boot: ESP-IDF v6.0-dev-1489-g4e036983a7 2nd stage bootloader[0m
[0;32mI (29) boot: compile time Aug 20 2025 08:26:44[0m
[0;32mI (29) boot: Multicore bootloader[0m
[0;32mI (32) boot: chip revision: v1.0[0m
[0;32mI (35) boot.esp32: SPI Speed      : 40MHz[0m
[0;32mI (39) boot.esp32: SPI Mode       : DIO[0m
[0;32mI (42) boot.esp32: SPI Flash Size : 2MB[0m
[0;32mI (46) boot: Enabling RNG early entropy source...[0m
[0;32mI (50) boot: Partition Table:[0m
[0;32mI (53) boot: ## Label            Usage          Type ST Offset   Length[0m
[0;32mI (59) boot:  0 nvs              WiFi data        01 02 00009000 00050000[0m
[0;32mI (66) boot:  1 phy_init         RF data          01 01 00059000 00001000[0m
[0;32mI (72) boot:  2 factory          factory app      00 00 00060000 00100000[0m
[0;32mI (79) boot: End of partition table[0m
[0;32mI (82) esp_image: segment 0: paddr=00060020 vaddr=3f400020 size=0a518h ( 42264) map[0m
[0;32mI (105) esp_image: segment 1: paddr=0006a540 vaddr=3ffb0000 size=028fch ( 10492) load[0m
[0;32mI (109) esp_image: segment 2: paddr=0006ce44 vaddr=40080000 size=031d4h ( 12756) load[0m
[0;32mI (114) esp_image: segment 3: paddr=00070020 vaddr=400d0020 size=144c8h ( 83144) map[0m
[0;32mI (146) esp_image: segment 4: paddr=000844f0 vaddr=400831d4 size=0bb58h ( 47960) load[0m
[0;32mI (165) esp_image: segment 5: paddr=00090050 vaddr=50000000 size=000a8h (   168) [0m
[0;32mI (173) boot: Loaded app from partition at offset 0x60000[0m
[0;32mI (173) boot: Disabling RNG early entropy source...[0m
[0;32mI (185) cpu_start: Multicore app[0m
[0;32mI (193) cpu_start: GPIO 3 and 1 are used as console UART I/O pins[0m
[0;32mI (194) cpu_start: Pro cpu start user code[0m
[0;32mI (194) cpu_start: cpu freq: 160000000 Hz[0m
[0;32mI (195) app_init: Application information:[0m
[0;32mI (199) app_init: Project name:     puf_test[0m
[0;32mI (203) app_init: App version:      8bab072-dirty[0m
[0;32mI (208) app_init: Compile time:     Aug 20 2025 08:26:37[0m
[0;32mI (213) app_init: ELF file SHA256:  06e680e0b...[0m
[0;32mI (217) app_init: ESP-IDF:          v6.0-dev-1489-g4e036983a7[0m
[0;32mI (222) efuse_init: Min chip rev:     v0.0[0m
[0;32mI (226) efuse_init: Max chip rev:     v3.99 [0m
[0;32mI (230) efuse_init: Chip rev:         v1.0[0m
[0;32mI (234) heap_init: Initializing. RAM available for dynamic allocation:[0m
[0;32mI (241) heap_init: At 3FFAE6E0 len 00001920 (6 KiB): DRAM[0m
[0;32mI (246) heap_init: At 3FFB4220 len 0002BDE0 (175 KiB): DRAM[0m
[0;32mI (251) heap_init: At 3FFE0440 len 00003AE0 (14 KiB): D/IRAM[0m
[0;32mI (256) heap_init: At 3FFE4350 len 0001BCB0 (111 KiB): D/IRAM[0m
[0;32mI (262) heap_init: At 4008ED2C len 000112D4 (68 KiB): IRAM[0m
[0;32mI (268) spi_flash: detected chip: generic[0m
[0;32mI (271) spi_flash: flash io: dio[0m
[0;33mW (274) spi_flash: Detected size(4096k) larger than the size in the binary image header(2048k). Using the size in the binary image header.[0m
[0;32mI (286) main_task: Started on CPU0[0m
[0;32mI (296) main_task: Calling app_main()[0m
ets Jun  8 2016 00:22:57

rst:0x5 (DEEPSLEEP_RESET),boot:0x13 (SPI_FAST_FLASH_BOOT)
configsip: 0, SPIWP:0xee
clk_drv:0x00,q_drv:0x00,d_drv:0x00,cs0_drv:0x00,hd_drv:0x00,wp_drv:0x00
mode:DIO, clock div:2
load:0x3fff0030,len:6372
load:0x40078000,len:15920
ho 0 tail 12 room 4
load:0x40080400,len:3880
entry 0x40080638
[0;32mI (29) boot: ESP-IDF v6.0-dev-1489-g4e036983a7 2nd stage bootloader[0m
[0;32mI (29) boot: compile time Aug 20 2025 08:26:44[0m
[0;32mI (29) boot: Multicore bootloader[0m
[0;32mI (32) boot: chip revision: v1.0[0m
[0;32mI (35) boot.esp32: SPI Speed      : 40MHz[0m
[0;32mI (39) boot.esp32: SPI Mode       : DIO[0m
[0;32mI (42) boot.esp32: SPI Flash Size : 2MB[0m
[0;32mI (46) boot: Enabling RNG early entropy source...[0m
[0;32mI (50) boot: Partition Table:[0m
[0;32mI (53) boot: ## Label            Usage          Type ST Offset   Length[0m
[0;32mI (59) boot:  0 nvs              WiFi data        01 02 00009000 00050000[0m
[0;32mI (66) boot:  1 phy_init         RF data          01 01 00059000 00001000[0m
[0;32mI (72) boot:  2 factory          factory app      00 00 00060000 00100000[0m
[0;32mI (79) boot: End of partition table[0m
[0;32mI (82) esp_image: segment 0: paddr=00060020 vaddr=3f400020 size=0a518h ( 42264) map[0m
[0;32mI (105) esp_image: segment 1: paddr=0006a540 vaddr=3ffb0000 size=028fch ( 10492) load[0m
[0;32mI (109) esp_image: segment 2: paddr=0006ce44 vaddr=40080000 size=031d4h ( 12756) load[0m
[0;32mI (114) esp_image: segment 3: paddr=00070020 vaddr=400d0020 size=144c8h ( 83144) map[0m
[0;32mI (146) esp_image: segment 4: paddr=000844f0 vaddr=400831d4 size=0bb58h ( 47960) load[0m
[0;32mI (165) esp_image: segment 5: paddr=00090050 vaddr=50000000 size=000a8h (   168) [0m
[0;32mI (173) boot: Loaded app from partition at offset 0x60000[0m
[0;32mI (173) boot: Disabling RNG early entropy source...[0m
[0;32mI (185) cpu_start: Multicore app[0m
[0;32mI (193) cpu_start: GPIO 3 and 1 are used as console UART I/O pins[0m
[0;32mI (194) cpu_start: Pro cpu start user code[0m
[0;32mI (194) cpu_start: cpu freq: 160000000 Hz[0m
[0;32mI (195) app_init: Application information:[0m
[0;32mI (199) app_init: Project name:     puf_test[0m
[0;32mI (203) app_init: App version:      8bab072-dirty[0m
[0;32mI (208) app_init: Compile time:     Aug 20 2025 08:26:37[0m
[0;32mI (213) app_init: ELF file SHA256:  06e680e0b...[0m
[0;32mI (217) app_init: ESP-IDF:          v6.0-dev-1489-g4e036983a7[0m
[0;32mI (222) efuse_init: Min chip rev:     v0.0[0m
[0;32mI (226) efuse_init: Max chip rev:     v3.99 [0m
[0;32mI (230) efuse_init: Chip rev:         v1.0[0m
[0;32mI (234) heap_init: Initializing. RAM available for dynamic allocation:[0m
[0;32mI (241) heap_init: At 3FFAE6E0 len 00001920 (6 KiB): DRAM[0m
[0;32mI (246) heap_init: At 3FFB4220 len 0002BDE0 (175 KiB): DRAM[0m
[0;32mI (251) heap_init: At 3FFE0440 len 00003AE0 (14 KiB): D/IRAM[0m
[0;32mI (256) heap_init: At 3FFE4350 len 0001BCB0 (111 KiB): D/IRAM[0m
[0;32mI (262) heap_init: At 4008ED2C len 000112D4 (68 KiB): IRAM[0m
[0;32mI (268) spi_flash: detected chip: generic[0m
[0;32mI (271) spi_flash: flash io: dio[0m
[0;33mW (274) spi_flash: Detected size(4096k) larger than the size in the binary image header(2048k). Using the size in the binary image header.[0m
[0;32mI (286) main_task: Started on CPU0[0m
[0;32mI (296) main_task: Calling app_main()[0m
ets Jun  8 2016 00:22:57

rst:0x5 (DEEPSLEEP_RESET),boot:0x13 (SPI_FAST_FLASH_BOOT)
configsip: 0, SPIWP:0xee
clk_drv:0x00,q_drv:0x00,d_drv:0x00,cs0_drv:0x00,hd_drv:0x00,wp_drv:0x00
mode:DIO, clock div:2
load:0x3fff0030,len:6372
load:0x40078000,len:15920
ho 0 tail 12 room 4
load:0x40080400,len:3880
entry 0x40080638
[0;32mI (29) boot: ESP-IDF v6.0-dev-1489-g4e036983a7 2nd stage bootloader[0m
[0;32mI (29) boot: compile time Aug 20 2025 08:26:44[0m
[0;32mI (29) boot: Multicore bootloader[0m
[0;32mI (32) boot: chip revision: v1.0[0m
[0;32mI (35) boot.esp32: SPI Speed      : 40MHz[0m
[0;32mI (39) boot.esp32: SPI Mode       : DIO[0m
[0;32mI (42) boot.esp32: SPI Flash Size : 2MB[0m
[0;32mI (46) boot: Enabling RNG early entropy source...[0m
[0;32mI (50) boot: Partition Table:[0m
[0;32mI (53) boot: ## Label            Usage          Type ST Offset   Length[0m
[0;32mI (59) boot:  0 nvs              WiFi data        01 02 00009000 00050000[0m
[0;32mI (66) boot:  1 phy_init         RF data          01 01 00059000 00001000[0m
[0;32mI (72) boot:  2 factory          factory app      00 00 00060000 00100000[0m
[0;32mI (79) boot: End of partition table[0m
[0;32mI (82) esp_image: segment 0: paddr=00060020 vaddr=3f400020 size=0a518h ( 42264) map[0m
[0;32mI (105) esp_image: segment 1: paddr=0006a540 vaddr=3ffb0000 size=028fch ( 10492) load[0m
[0;32mI (109) esp_image: segment 2: paddr=0006ce44 vaddr=40080000 size=031d4h ( 12756) load[0m
[0;32mI (114) esp_image: segment 3: paddr=00070020 vaddr=400d0020 size=144c8h ( 83144) map[0m
[0;32mI (146) esp_image: segment 4: paddr=000844f0 vaddr=400831d4 size=0bb58h ( 47960) load[0m
[0;32mI (165) esp_image: segment 5: paddr=00090050 vaddr=50000000 size=000a8h (   168) [0m
[0;32mI (173) boot: Loaded app from partition at offset 0x60000[0m
[0;32mI (173) boot: Disabling RNG early entropy source...[0m
[0;32mI (185) cpu_start: Multicore app[0m
[0;32mI (193) cpu_start: GPIO 3 and 1 are used as console UART I/O pins[0m
[0;32mI (194) cpu_start: Pro cpu start user code[0m
[0;32mI (194) cpu_start: cpu freq: 160000000 Hz[0m
[0;32mI (195) app_init: Application information:[0m
[0;32mI (199) app_init: Project name:     puf_test[0m
[0;32mI (203) app_init: App version:      8bab072-dirty[0m
[0;32mI (208) app_init: Compile time:     Aug 20 2025 08:26:37[0m
[0;32mI (213) app_init: ELF file SHA256:  06e680e0b...[0m
[0;32mI (217) app_init: ESP-IDF:          v6.0-dev-1489-g4e036983a7[0m
[0;32mI (222) efuse_init: Min chip rev:     v0.0[0m
[0;32mI (226) efuse_init: Max chip rev:     v3.99 [0m
[0;32mI (230) efuse_init: Chip rev:         v1.0[0m
[0;32mI (234) heap_init: Initializing. RAM available for dynamic allocation:[0m
[0;32mI (241) heap_init: At 3FFAE6E0 len 00001920 (6 KiB): DRAM[0m
[0;32mI (246) heap_init: At 3FFB4220 len 0002BDE0 (175 KiB): DRAM[0m
[0;32mI (251) heap_init: At 3FFE0440 len 00003AE0 (14 KiB): D/IRAM[0m
[0;32mI (256) heap_init: At 3FFE4350 len 0001BCB0 (111 KiB): D/IRAM[0m
[0;32mI (262) heap_init: At 4008ED2C len 000112D4 (68 KiB): IRAM[0m
[0;32mI (268) spi_flash: detected chip: generic[0m
[0;32mI (271) spi_flash: flash io: dio[0m
[0;33mW (274) spi_flash: Detected size(4096k) larger than the size in the binary image header(2048k). Using the size in the binary image header.[0m
[0;32mI (286) main_task: Started on CPU0[0m
[0;32mI (296) main_task: Calling app_main()[0m
ets Jun  8 2016 00:22:57

rst:0x5 (DEEPSLEEP_RESET),boot:0x13 (SPI_FAST_FLASH_BOOT)
configsip: 0, SPIWP:0xee
clk_drv:0x00,q_drv:0x00,d_drv:0x00,cs0_drv:0x00,hd_drv:0x00,wp_drv:0x00
mode:DIO, clock div:2
load:0x3fff0030,len:6372
load:0x40078000,len:15920
ho 0 tail 12 room 4
load:0x40080400,len:3880
entry 0x40080638
[0;32mI (29) boot: ESP-IDF v6.0-dev-1489-g4e036983a7 2nd stage bootloader[0m
[0;32mI (29) boot: compile time Aug 20 2025 08:26:44[0m
[0;32mI (29) boot: Multicore bootloader[0m
[0;32mI (32) boot: chip revision: v1.0[0m
[0;32mI (35) boot.esp32: SPI Speed      : 40MHz[0m
[0;32mI (39) boot.esp32: SPI Mode       : DIO[0m
[0;32mI (42) boot.esp32: SPI Flash Size : 2MB[0m
[0;32mI (46) boot: Enabling RNG early entropy source...[0m
[0;32mI (50) boot: Partition Table:[0m
[0;32mI (53) boot: ## Label            Usage          Type ST Offset   Length[0m
[0;32mI (59) boot:  0 nvs              WiFi data        01 02 00009000 00050000[0m
[0;32mI (66) boot:  1 phy_init         RF data          01 01 00059000 00001000[0m
[0;32mI (72) boot:  2 factory          factory app      00 00 00060000 00100000[0m
[0;32mI (79) boot: End of partition table[0m
[0;32mI (82) esp_image: segment 0: paddr=00060020 vaddr=3f400020 size=0a518h ( 42264) map[0m
[0;32mI (105) esp_image: segment 1: paddr=0006a540 vaddr=3ffb0000 size=028fch ( 10492) load[0m
[0;32mI (109) esp_image: segment 2: paddr=0006ce44 vaddr=40080000 size=031d4h ( 12756) load[0m
[0;32mI (114) esp_image: segment 3: paddr=00070020 vaddr=400d0020 size=144c8h ( 83144) map[0m
[0;32mI (146) esp_image: segment 4: paddr=000844f0 vaddr=400831d4 size=0bb58h ( 47960) load[0m
[0;32mI (165) esp_image: segment 5: paddr=00090050 vaddr=50000000 size=000a8h (   168) [0m
[0;32mI (173) boot: Loaded app from partition at offset 0x60000[0m
[0;32mI (173) boot: Disabling RNG early entropy source...[0m
[0;32mI (185) cpu_start: Multicore app[0m
[0;32mI (193) cpu_start: GPIO 3 and 1 are used as console UART I/O pins[0m
[0;32mI (194) cpu_start: Pro cpu start user code[0m
[0;32mI (194) cpu_start: cpu freq: 160000000 Hz[0m
[0;32mI (195) app_init: Application information:[0m
[0;32mI (199) app_init: Project name:     puf_test[0m
[0;32mI (203) app_init: App version:      8bab072-dirty[0m
[0;32mI (208) app_init: Compile time:     Aug 20 2025 08:26:37[0m
[0;32mI (213) app_init: ELF file SHA256:  06e680e0b...[0m
[0;32mI (217) app_init: ESP-IDF:          v6.0-dev-1489-g4e036983a7[0m
[0;32mI (222) efuse_init: Min chip rev:     v0.0[0m
[0;32mI (226) efuse_init: Max chip rev:     v3.99 [0m
[0;32mI (230) efuse_init: Chip rev:         v1.0[0m
[0;32mI (234) heap_init: Initializing. RAM available for dynamic allocation:[0m
[0;32mI (241) heap_init: At 3FFAE6E0 len 00001920 (6 KiB): DRAM[0m
[0;32mI (246) heap_init: At 3FFB4220 len 0002BDE0 (175 KiB): DRAM[0m
[0;32mI (251) heap_init: At 3FFE0440 len 00003AE0 (14 KiB): D/IRAM[0m
[0;32mI (256) heap_init: At 3FFE4350 len 0001BCB0 (111 KiB): D/IRAM[0m
[0;32mI (262) heap_init: At 4008ED2C len 000112D4 (68 KiB): IRAM[0m
[0;32mI (268) spi_flash: detected chip: generic[0m
[0;32mI (271) spi_flash: flash io: dio[0m
[0;33mW (274) spi_flash: Detected size(4096k) larger than the size in the binary image header(2048k). Using the size in the binary image header.[0m
[0;32mI (286) main_task: Started on CPU0[0m
[0;32mI (296) main_task: Calling app_main()[0m
PUF bytes: 432
PROVISIONING DONE
[0;33mW (2496) PUF_EXAMPLE: Cold capture required â€” deep sleeping now...[0m
ets Jun  8 2016 00:22:57

rst:0x5 (DEEPSLEEP_RESET),boot:0x13 (SPI_FAST_FLASH_BOOT)
configsip: 0, SPIWP:0xee
clk_drv:0x00,q_drv:0x00,d_drv:0x00,cs0_drv:0x00,hd_drv:0x00,wp_drv:0x00
mode:DIO, clock div:2
load:0x3fff0030,len:6372
load:0x40078000,len:15920
ho 0 tail 12 room 4
load:0x40080400,len:3880
entry 0x40080638
[0;32mI (29) boot: ESP-IDF v6.0-dev-1489-g4e036983a7 2nd stage bootloader[0m
[0;32mI (29) boot: compile time Aug 20 2025 08:26:44[0m
[0;32mI (29) boot: Multicore bootloader[0m
[0;32mI (32) boot: chip revision: v1.0[0m
[0;32mI (35) boot.esp32: SPI Speed      : 40MHz[0m
[0;32mI (39) boot.esp32: SPI Mode       : DIO[0m
[0;32mI (42) boot.esp32: SPI Flash Size : 2MB[0m
[0;32mI (46) boot: Enabling RNG early entropy source...[0m
[0;32mI (50) boot: Partition Table:[0m
[0;32mI (53) boot: ## Label            Usage          Type ST Offset   Length[0m
[0;32mI (59) boot:  0 nvs              WiFi data        01 02 00009000 00050000[0m
[0;32mI (66) boot:  1 phy_init         RF data          01 01 00059000 00001000[0m
[0;32mI (72) boot:  2 factory          factory app      00 00 00060000 00100000[0m
[0;32mI (79) boot: End of partition table[0m
[0;32mI (82) esp_image: segment 0: paddr=00060020 vaddr=3f400020 size=0a518h ( 42264) map[0m
[0;32mI (105) esp_image: segment 1: paddr=0006a540 vaddr=3ffb0000 size=028fch ( 10492) load[0m
[0;32mI (109) esp_image: segment 2: paddr=0006ce44 vaddr=40080000 size=031d4h ( 12756) load[0m
[0;32mI (114) esp_image: segment 3: paddr=00070020 vaddr=400d0020 size=144c8h ( 83144) map[0m
[0;32mI (146) esp_image: segment 4: paddr=000844f0 vaddr=400831d4 size=0bb58h ( 47960) load[0m
[0;32mI (165) esp_image: segment 5: paddr=00090050 vaddr=50000000 size=000a8h (   168) [0m
[0;32mI (173) boot: Loaded app from partition at offset 0x60000[0m
[0;32mI (173) boot: Disabling RNG early entropy source...[0m
[0;32mI (185) cpu_start: Multicore app[0m
[0;32mI (193) cpu_start: GPIO 3 and 1 are used as console UART I/O pins[0m
[0;32mI (194) cpu_start: Pro cpu start user code[0m
[0;32mI (194) cpu_start: cpu freq: 160000000 Hz[0m
[0;32mI (195) app_init: Application information:[0m
[0;32mI (199) app_init: Project name:     puf_test[0m
[0;32mI (203) app_init: App version:      8bab072-dirty[0m
[0;32mI (208) app_init: Compile time:     Aug 20 2025 08:26:37[0m
[0;32mI (213) app_init: ELF file SHA256:  06e680e0b...[0m
[0;32mI (217) app_init: ESP-IDF:          v6.0-dev-1489-g4e036983a7[0m
[0;32mI (222) efuse_init: Min chip rev:     v0.0[0m
[0;32mI (226) efuse_init: Max chip rev:     v3.99 [0m
[0;32mI (230) efuse_init: Chip rev:         v1.0[0m
[0;32mI (234) heap_init: Initializing. RAM available for dynamic allocation:[0m
[0;32mI (241) heap_init: At 3FFAE6E0 len 00001920 (6 KiB): DRAM[0m
[0;32mI (246) heap_init: At 3FFB4220 len 0002BDE0 (175 KiB): DRAM[0m
[0;32mI (251) heap_init: At 3FFE0440 len 00003AE0 (14 KiB): D/IRAM[0m
[0;32mI (256) heap_init: At 3FFE4350 len 0001BCB0 (111 KiB): D/IRAM[0m
[0;32mI (262) heap_init: At 4008ED2C len 000112D4 (68 KiB): IRAM[0m
[0;32mI (268) spi_flash: detected chip: generic[0m
[0;32mI (271) spi_flash: flash io: dio[0m
[0;33mW (274) spi_flash: Detected size(4096k) larger than the size in the binary image header(2048k). Using the size in the binary image header.[0m
[0;32mI (286) main_task: Started on CPU0[0m
[0;32mI (296) main_task: Calling app_main()[0m
STARTING PROVISIONING
ets Jun  8 2016 00:22:57

rst:0x5 (DEEPSLEEP_RESET),boot:0x13 (SPI_FAST_FLASH_BOOT)
configsip: 0, SPIWP:0xee
clk_drv:0x00,q_drv:0x00,d_drv:0x00,cs0_drv:0x00,hd_drv:0x00,wp_drv:0x00
mode:DIO, clock div:2
load:0x3fff0030,len:6372
load:0x40078000,len:15920
ho 0 tail 12 room 4
load:0x40080400,len:3880
entry 0x40080638
[0;32mI (29) boot: ESP-IDF v6.0-dev-1489-g4e036983a7 2nd stage bootloader[0m
[0;32mI (29) boot: compile time Aug 20 2025 08:26:44[0m
[0;32mI (29) boot: Multicore bootloader[0m
[0;32mI (32) boot: chip revision: v1.0[0m
[0;32mI (35) boot.esp32: SPI Speed      : 40MHz[0m
[0;32mI (39) boot.esp32: SPI Mode       : DIO[0m
[0;32mI (42) boot.esp32: SPI Flash Size : 2MB[0m
[0;32mI (46) boot: Enabling RNG early entropy source...[0m
[0;32mI (50) boot: Partition Table:[0m
[0;32mI (53) boot: ## Label            Usage          Type ST Offset   Length[0m
[0;32mI (59) boot:  0 nvs              WiFi data        01 02 00009000 00050000[0m
[0;32mI (66) boot:  1 phy_init         RF data          01 01 00059000 00001000[0m
[0;32mI (72) boot:  2 factory          factory app      00 00 00060000 00100000[0m
[0;32mI (79) boot: End of partition table[0m
[0;32mI (82) esp_image: segment 0: paddr=00060020 vaddr=3f400020 size=0a518h ( 42264) map[0m
[0;32mI (105) esp_image: segment 1: paddr=0006a540 vaddr=3ffb0000 size=028fch ( 10492) load[0m
[0;32mI (109) esp_image: segment 2: paddr=0006ce44 vaddr=40080000 size=031d4h ( 12756) load[0m
[0;32mI (114) esp_image: segment 3: paddr=00070020 vaddr=400d0020 size=144c8h ( 83144) map[0m
[0;32mI (146) esp_image: segment 4: paddr=000844f0 vaddr=400831d4 size=0bb58h ( 47960) load[0m
[0;32mI (165) esp_image: segment 5: paddr=00090050 vaddr=50000000 size=000a8h (   168) [0m
[0;32mI (173) boot: Loaded app from partition at offset 0x60000[0m
[0;32mI (173) boot: Disabling RNG early entropy source...[0m
[0;32mI (185) cpu_start: Multicore app[0m
[0;32mI (193) cpu_start: GPIO 3 and 1 are used as console UART I/O pins[0m
[0;32mI (194) cpu_start: Pro cpu start user code[0m
[0;32mI (194) cpu_start: cpu freq: 160000000 Hz[0m
[0;32mI (195) app_init: Application information:[0m
[0;32mI (199) app_init: Project name:     puf_test[0m
[0;32mI (203) app_init: App version:      8bab072-dirty[0m
[0;32mI (208) app_init: Compile time:     Aug 20 2025 08:26:37[0m
[0;32mI (213) app_init: ELF file SHA256:  06e680e0b...[0m
[0;32mI (217) app_init: ESP-IDF:          v6.0-dev-1489-g4e036983a7[0m
[0;32mI (222) efuse_init: Min chip rev:     v0.0[0m
[0;32mI (226) efuse_init: Max chip rev:     v3.99 [0m
[0;32mI (230) efuse_init: Chip rev:         v1.0[0m
[0;32mI (234) heap_init: Initializing. RAM available for dynamic allocation:[0m
[0;32mI (241) heap_init: At 3FFAE6E0 len 00001920 (6 KiB): DRAM[0m
[0;32mI (246) heap_init: At 3FFB4220 len 0002BDE0 (175 KiB): DRAM[0m
[0;32mI (251) heap_init: At 3FFE0440 len 00003AE0 (14 KiB): D/IRAM[0m
[0;32mI (256) heap_init: At 3FFE4350 len 0001BCB0 (111 KiB): D/IRAM[0m
[0;32mI (262) heap_init: At 4008ED2C len 000112D4 (68 KiB): IRAM[0m
[0;32mI (268) spi_flash: detected chip: generic[0m
[0;32mI (271) spi_flash: flash io: dio[0m
[0;33mW (274) spi_flash: Detected size(4096k) larger than the size in the binary image header(2048k). Using the size in the binary image header.[0m
[0;32mI (286) main_task: Started on CPU0[0m
[0;32mI (296) main_task: Calling app_main()[0m
ets Jun  8 2016 00:22:57

rst:0x5 (DEEPSLEEP_RESET),boot:0x13 (SPI_FAST_FLASH_BOOT)
configsip: 0, SPIWP:0xee
clk_drv:0x00,q_drv:0x00,d_drv:0x00,cs0_drv:0x00,hd_drv:0x00,wp_drv:0x00
mode:DIO, clock div:2
load:0x3fff0030,len:6372
load:0x40078000,len:15920
ho 0 tail 12 room 4
load:0x40080400,len:3880
entry 0x40080638
[0;32mI (29) boot: ESP-IDF v6.0-dev-1489-g4e036983a7 2nd stage bootloader[0m
[0;32mI (29) boot: compile time Aug 20 2025 08:26:44[0m
[0;32mI (29) boot: Multicore bootloader[0m
[0;32mI (32) boot: chip revision: v1.0[0m
[0;32mI (35) boot.esp32: SPI Speed      : 40MHz[0m
[0;32mI (39) boot.esp32: SPI Mode       : DIO[0m
[0;32mI (42) boot.esp32: SPI Flash Size : 2MB[0m
[0;32mI (46) boot: Enabling RNG early entropy source...[0m
[0;32mI (50) boot: Partition Table:[0m
[0;32mI (53) boot: ## Label            Usage          Type ST Offset   Length[0m
[0;32mI (59) boot:  0 nvs              WiFi data        01 02 00009000 00050000[0m
[0;32mI (66) boot:  1 phy_init         RF data          01 01 00059000 00001000[0m
[0;32mI (72) boot:  2 factory          factory app      00 00 00060000 00100000[0m
[0;32mI (79) boot: End of partition table[0m
[0;32mI (82) esp_image: segment 0: paddr=00060020 vaddr=3f400020 size=0a518h ( 42264) map[0m
[0;32mI (105) esp_image: segment 1: paddr=0006a540 vaddr=3ffb0000 size=028fch ( 10492) load[0m
[0;32mI (109) esp_image: segment 2: paddr=0006ce44 vaddr=40080000 size=031d4h ( 12756) load[0m
[0;32mI (114) esp_image: segment 3: paddr=00070020 vaddr=400d0020 size=144c8h ( 83144) map[0m
[0;32mI (146) esp_image: segment 4: paddr=000844f0 vaddr=400831d4 size=0bb58h ( 47960) load[0m
[0;32mI (165) esp_image: segment 5: paddr=00090050 vaddr=50000000 size=000a8h (   168) [0m
[0;32mI (173) boot: Loaded app from partition at offset 0x60000[0m
[0;32mI (173) boot: Disabling RNG early entropy source...[0m
[0;32mI (185) cpu_start: Multicore app[0m
[0;32mI (193) cpu_start: GPIO 3 and 1 are used as console UART I/O pins[0m
[0;32mI (194) cpu_start: Pro cpu start user code[0m
[0;32mI (194) cpu_start: cpu freq: 160000000 Hz[0m
[0;32mI (195) app_init: Application information:[0m
[0;32mI (199) app_init: Project name:     puf_test[0m
[0;32mI (203) app_init: App version:      8bab072-dirty[0m
[0;32mI (208) app_init: Compile time:     Aug 20 2025 08:26:37[0m
[0;32mI (213) app_init: ELF file SHA256:  06e680e0b...[0m
[0;32mI (217) app_init: ESP-IDF:          v6.0-dev-1489-g4e036983a7[0m
[0;32mI (222) efuse_init: Min chip rev:     v0.0[0m
[0;32mI (226) efuse_init: Max chip rev:     v3.99 [0m
[0;32mI (230) efuse_init: Chip rev:         v1.0[0m
[0;32mI (234) heap_init: Initializing. RAM available for dynamic allocation:[0m
[0;32mI (241) heap_init: At 3FFAE6E0 len 00001920 (6 KiB): DRAM[0m
[0;32mI (246) heap_init: At 3FFB4220 len 0002BDE0 (175 KiB): DRAM[0m
[0;32mI (251) heap_init: At 3FFE0440 len 00003AE0 (14 KiB): D/IRAM[0m
[0;32mI (256) heap_init: At 3FFE4350 len 0001BCB0 (111 KiB): D/IRAM[0m
[0;32mI (262) heap_init: At 4008ED2C len 000112D4 (68 KiB): IRAM[0m
[0;32mI (268) spi_flash: detected chip: generic[0m
[0;32mI (271) spi_flash: flash io: dio[0m
[0;33mW (274) spi_flash: Detected size(4096k) larger than the size in the binary image header(2048k). Using the size in the binary image header.[0m
[0;32mI (286) main_task: Started on CPU0[0m
[0;32mI (296) main_task: Calling app_main()[0m
ets Jun  8 2016 00:22:57

rst:0x5 (DEEPSLEEP_RESET),boot:0x13 (SPI_FAST_FLASH_BOOT)
configsip: 0, SPIWP:0xee
clk_drv:0x00,q_drv:0x00,d_drv:0x00,cs0_drv:0x00,hd_drv:0x00,wp_drv:0x00
mode:DIO, clock div:2
load:0x3fff0030,len:6372
load:0x40078000,len:15920
ho 0 tail 12 room 4
load:0x40080400,len:3880
entry 0x40080638
[0;32mI (29) boot: ESP-IDF v6.0-dev-1489-g4e036983a7 2nd stage bootloader[0m
[0;32mI (29) boot: compile time Aug 20 2025 08:26:44[0m
[0;32mI (29) boot: Multicore bootloader[0m
[0;32mI (32) boot: chip revision: v1.0[0m
[0;32mI (35) boot.esp32: SPI Speed      : 40MHz[0m
[0;32mI (39) boot.esp32: SPI Mode       : DIO[0m
[0;32mI (42) boot.esp32: SPI Flash Size : 2MB[0m
[0;32mI (46) boot: Enabling RNG early entropy source...[0m
[0;32mI (50) boot: Partition Table:[0m
[0;32mI (53) boot: ## Label            Usage          Type ST Offset   Length[0m
[0;32mI (59) boot:  0 nvs              WiFi data        01 02 00009000 00050000[0m
[0;32mI (66) boot:  1 phy_init         RF data          01 01 00059000 00001000[0m
[0;32mI (72) boot:  2 factory          factory app      00 00 00060000 00100000[0m
[0;32mI (79) boot: End of partition table[0m
[0;32mI (82) esp_image: segment 0: paddr=00060020 vaddr=3f400020 size=0a518h ( 42264) map[0m
[0;32mI (105) esp_image: segment 1: paddr=0006a540 vaddr=3ffb0000 size=028fch ( 10492) load[0m
[0;32mI (109) esp_image: segment 2: paddr=0006ce44 vaddr=40080000 size=031d4h ( 12756) load[0m
[0;32mI (114) esp_image: segment 3: paddr=00070020 vaddr=400d0020 size=144c8h ( 83144) map[0m
[0;32mI (146) esp_image: segment 4: paddr=000844f0 vaddr=400831d4 size=0bb58h ( 47960) load[0m
[0;32mI (165) esp_image: segment 5: paddr=00090050 vaddr=50000000 size=000a8h (   168) [0m
[0;32mI (173) boot: Loaded app from partition at offset 0x60000[0m
[0;32mI (173) boot: Disabling RNG early entropy source...[0m
[0;32mI (185) cpu_start: Multicore app[0m
[0;32mI (193) cpu_start: GPIO 3 and 1 are used as console UART I/O pins[0m
[0;32mI (194) cpu_start: Pro cpu start user code[0m
[0;32mI (194) cpu_start: cpu freq: 160000000 Hz[0m
[0;32mI (195) app_init: Application information:[0m
[0;32mI (199) app_init: Project name:     puf_test[0m
[0;32mI (203) app_init: App version:      8bab072-dirty[0m
[0;32mI (208) app_init: Compile time:     Aug 20 2025 08:26:37[0m
[0;32mI (213) app_init: ELF file SHA256:  06e680e0b...[0m
[0;32mI (217) app_init: ESP-IDF:          v6.0-dev-1489-g4e036983a7[0m
[0;32mI (222) efuse_init: Min chip rev:     v0.0[0m
[0;32mI (226) efuse_init: Max chip rev:     v3.99 [0m
[0;32mI (230) efuse_init: Chip rev:         v1.0[0m
[0;32mI (234) heap_init: Initializing. RAM available for dynamic allocation:[0m
[0;32mI (241) heap_init: At 3FFAE6E0 len 00001920 (6 KiB): DRAM[0m
[0;32mI (246) heap_init: At 3FFB4220 len 0002BDE0 (175 KiB): DRAM[0m
[0;32mI (251) heap_init: At 3FFE0440 len 00003AE0 (14 KiB): D/IRAM[0m
[0;32mI (256) heap_init: At 3FFE4350 len 0001BCB0 (111 KiB): D/IRAM[0m
[0;32mI (262) heap_init: At 4008ED2C len 000112D4 (68 KiB): IRAM[0m
[0;32mI (268) spi_flash: detected chip: generic[0m
[0;32mI (271) spi_flash: flash io: dio[0m
[0;33mW (274) spi_flash: Detected size(4096k) larger than the size in the binary image header(2048k). Using the size in the binary image header.[0m
[0;32mI (286) main_task: Started on CPU0[0m
[0;32mI (296) main_task: Calling app_main()[0m
ets Jun  8 2016 00:22:57

rst:0x5 (DEEPSLEEP_RESET),boot:0x13 (SPI_FAST_FLASH_BOOT)
configsip: 0, SPIWP:0xee
clk_drv:0x00,q_drv:0x00,d_drv:0x00,cs0_drv:0x00,hd_drv:0x00,wp_drv:0x00
mode:DIO, clock div:2
load:0x3fff0030,len:6372
load:0x40078000,len:15920
ho 0 tail 12 room 4
load:0x40080400,len:3880
entry 0x40080638
[0;32mI (29) boot: ESP-IDF v6.0-dev-1489-g4e036983a7 2nd stage bootloader[0m
[0;32mI (29) boot: compile time Aug 20 2025 08:26:44[0m
[0;32mI (29) boot: Multicore bootloader[0m
[0;32mI (32) boot: chip revision: v1.0[0m
[0;32mI (35) boot.esp32: SPI Speed      : 40MHz[0m
[0;32mI (39) boot.esp32: SPI Mode       : DIO[0m
[0;32mI (42) boot.esp32: SPI Flash Size : 2MB[0m
[0;32mI (46) boot: Enabling RNG early entropy source...[0m
[0;32mI (50) boot: Partition Table:[0m
[0;32mI (53) boot: ## Label            Usage          Type ST Offset   Length[0m
[0;32mI (59) boot:  0 nvs              WiFi data        01 02 00009000 00050000[0m
[0;32mI (66) boot:  1 phy_init         RF data          01 01 00059000 00001000[0m
[0;32mI (72) boot:  2 factory          factory app      00 00 00060000 00100000[0m
[0;32mI (79) boot: End of partition table[0m
[0;32mI (82) esp_image: segment 0: paddr=00060020 vaddr=3f400020 size=0a518h ( 42264) map[0m
[0;32mI (105) esp_image: segment 1: paddr=0006a540 vaddr=3ffb0000 size=028fch ( 10492) load[0m
[0;32mI (109) esp_image: segment 2: paddr=0006ce44 vaddr=40080000 size=031d4h ( 12756) load[0m
[0;32mI (114) esp_image: segment 3: paddr=00070020 vaddr=400d0020 size=144c8h ( 83144) map[0m
[0;32mI (146) esp_image: segment 4: paddr=000844f0 vaddr=400831d4 size=0bb58h ( 47960) load[0m
[0;32mI (165) esp_image: segment 5: paddr=00090050 vaddr=50000000 size=000a8h (   168) [0m
[0;32mI (173) boot: Loaded app from partition at offset 0x60000[0m
[0;32mI (173) boot: Disabling RNG early entropy source...[0m
[0;32mI (185) cpu_start: Multicore app[0m
[0;32mI (193) cpu_start: GPIO 3 and 1 are used as console UART I/O pins[0m
[0;32mI (194) cpu_start: Pro cpu start user code[0m
[0;32mI (194) cpu_start: cpu freq: 160000000 Hz[0m
[0;32mI (195) app_init: Application information:[0m
[0;32mI (199) app_init: Project name:     puf_test[0m
[0;32mI (203) app_init: App version:      8bab072-dirty[0m
[0;32mI (208) app_init: Compile time:     Aug 20 2025 08:26:37[0m
[0;32mI (213) app_init: ELF file SHA256:  06e680e0b...[0m
[0;32mI (217) app_init: ESP-IDF:          v6.0-dev-1489-g4e036983a7[0m
[0;32mI (222) efuse_init: Min chip rev:     v0.0[0m
[0;32mI (226) efuse_init: Max chip rev:     v3.99 [0m
[0;32mI (230) efuse_init: Chip rev:         v1.0[0m
[0;32mI (234) heap_init: Initializing. RAM available for dynamic allocation:[0m
[0;32mI (241) heap_init: At 3FFAE6E0 len 00001920 (6 KiB): DRAM[0m
[0;32mI (246) heap_init: At 3FFB4220 len 0002BDE0 (175 KiB): DRAM[0m
[0;32mI (251) heap_init: At 3FFE0440 len 00003AE0 (14 KiB): D/IRAM[0m
[0;32mI (256) heap_init: At 3FFE4350 len 0001BCB0 (111 KiB): D/IRAM[0m
[0;32mI (262) heap_init: At 4008ED2C len 000112D4 (68 KiB): IRAM[0m
[0;32mI (268) spi_flash: detected chip: generic[0m
[0;32mI (271) spi_flash: flash io: dio[0m
[0;33mW (274) spi_flash: Detected size(4096k) larger than the size in the binary image header(2048k). Using the size in the binary image header.[0m
[0;32mI (286) main_task: Started on CPU0[0m
[0;32mI (296) main_task: Calling app_main()[0m
ets Jun  8 2016 00:22:57

rst:0x5 (DEEPSLEEP_RESET),boot:0x13 (SPI_FAST_FLASH_BOOT)
configsip: 0, SPIWP:0xee
clk_drv:0x00,q_drv:0x00,d_drv:0x00,cs0_drv:0x00,hd_drv:0x00,wp_drv:0x00
mode:DIO, clock div:2
load:0x3fff0030,len:6372
load:0x40078000,len:15920
ho 0 tail 12 room 4
load:0x40080400,len:3880
entry 0x40080638
[0;32mI (29) boot: ESP-IDF v6.0-dev-1489-g4e036983a7 2nd stage bootloader[0m
[0;32mI (29) boot: compile time Aug 20 2025 08:26:44[0m
[0;32mI (29) boot: Multicore bootloader[0m
[0;32mI (32) boot: chip revision: v1.0[0m
[0;32mI (35) boot.esp32: SPI Speed      : 40MHz[0m
[0;32mI (39) boot.esp32: SPI Mode       : DIO[0m
[0;32mI (42) boot.esp32: SPI Flash Size : 2MB[0m
[0;32mI (46) boot: Enabling RNG early entropy source...[0m
[0;32mI (50) boot: Partition Table:[0m
[0;32mI (53) boot: ## Label            Usage          Type ST Offset   Length[0m
[0;32mI (59) boot:  0 nvs              WiFi data        01 02 00009000 00050000[0m
[0;32mI (66) boot:  1 phy_init         RF data          01 01 00059000 00001000[0m
[0;32mI (72) boot:  2 factory          factory app      00 00 00060000 00100000[0m
[0;32mI (79) boot: End of partition table[0m
[0;32mI (82) esp_image: segment 0: paddr=00060020 vaddr=3f400020 size=0a518h ( 42264) map[0m
[0;32mI (105) esp_image: segment 1: paddr=0006a540 vaddr=3ffb0000 size=028fch ( 10492) load[0m
[0;32mI (109) esp_image: segment 2: paddr=0006ce44 vaddr=40080000 size=031d4h ( 12756) load[0m
[0;32mI (114) esp_image: segment 3: paddr=00070020 vaddr=400d0020 size=144c8h ( 83144) map[0m
[0;32mI (146) esp_image: segment 4: paddr=000844f0 vaddr=400831d4 size=0bb58h ( 47960) load[0m
[0;32mI (165) esp_image: segment 5: paddr=00090050 vaddr=50000000 size=000a8h (   168) [0m
[0;32mI (173) boot: Loaded app from partition at offset 0x60000[0m
[0;32mI (173) boot: Disabling RNG early entropy source...[0m
[0;32mI (185) cpu_start: Multicore app[0m
[0;32mI (193) cpu_start: GPIO 3 and 1 are used as console UART I/O pins[0m
[0;32mI (194) cpu_start: Pro cpu start user code[0m
[0;32mI (194) cpu_start: cpu freq: 160000000 Hz[0m
[0;32mI (195) app_init: Application information:[0m
[0;32mI (199) app_init: Project name:     puf_test[0m
[0;32mI (203) app_init: App version:      8bab072-dirty[0m
[0;32mI (208) app_init: Compile time:     Aug 20 2025 08:26:37[0m
[0;32mI (213) app_init: ELF file SHA256:  06e680e0b...[0m
[0;32mI (217) app_init: ESP-IDF:          v6.0-dev-1489-g4e036983a7[0m
[0;32mI (222) efuse_init: Min chip rev:     v0.0[0m
[0;32mI (226) efuse_init: Max chip rev:     v3.99 [0m
[0;32mI (230) efuse_init: Chip rev:         v1.0[0m
[0;32mI (234) heap_init: Initializing. RAM available for dynamic allocation:[0m
[0;32mI (241) heap_init: At 3FFAE6E0 len 00001920 (6 KiB): DRAM[0m
[0;32mI (246) heap_init: At 3FFB4220 len 0002BDE0 (175 KiB): DRAM[0m
[0;32mI (251) heap_init: At 3FFE0440 len 00003AE0 (14 KiB): D/IRAM[0m
[0;32mI (256) heap_init: At 3FFE4350 len 0001BCB0 (111 KiB): D/IRAM[0m
[0;32mI (262) heap_init: At 4008ED2C len 000112D4 (68 KiB): IRAM[0m
[0;32mI (268) spi_flash: detected chip: generic[0m
[0;32mI (271) spi_flash: flash io: dio[0m
[0;33mW (274) spi_flash: Detected size(4096k) larger than the size in the binary image header(2048k). Using the size in the binary image header.[0m
[0;32mI (286) main_task: Started on CPU0[0m
[0;32mI (296) main_task: Calling app_main()[0m
ets Jun  8 2016 00:22:57

rst:0x5 (DEEPSLEEP_RESET),boot:0x13 (SPI_FAST_FLASH_BOOT)
configsip: 0, SPIWP:0xee
clk_drv:0x00,q_drv:0x00,d_drv:0x00,cs0_drv:0x00,hd_drv:0x00,wp_drv:0x00
mode:DIO, clock div:2
load:0x3fff0030,len:6372
load:0x40078000,len:15920
ho 0 tail 12 room 4
load:0x40080400,len:3880
entry 0x40080638
[0;32mI (29) boot: ESP-IDF v6.0-dev-1489-g4e036983a7 2nd stage bootloader[0m
[0;32mI (29) boot: compile time Aug 20 2025 08:26:44[0m
[0;32mI (29) boot: Multicore bootloader[0m
[0;32mI (32) boot: chip revision: v1.0[0m
[0;32mI (35) boot.esp32: SPI Speed      : 40MHz[0m
[0;32mI (39) boot.esp32: SPI Mode       : DIO[0m
[0;32mI (42) boot.esp32: SPI Flash Size : 2MB[0m
[0;32mI (46) boot: Enabling RNG early entropy source...[0m
[0;32mI (50) boot: Partition Table:[0m
[0;32mI (53) boot: ## Label            Usage          Type ST Offset   Length[0m
[0;32mI (59) boot:  0 nvs              WiFi data        01 02 00009000 00050000[0m
[0;32mI (66) boot:  1 phy_init         RF data          01 01 00059000 00001000[0m
[0;32mI (72) boot:  2 factory          factory app      00 00 00060000 00100000[0m
[0;32mI (79) boot: End of partition table[0m
[0;32mI (82) esp_image: segment 0: paddr=00060020 vaddr=3f400020 size=0a518h ( 42264) map[0m
[0;32mI (105) esp_image: segment 1: paddr=0006a540 vaddr=3ffb0000 size=028fch ( 10492) load[0m
