Command: /home/alejandro/.espressif/python_env/idf6.0_py3.12_env/bin/python /home/alejandro/esp/esp-idf/tools/idf_monitor.py -p /dev/ttyUSB0 -b 115200 --toolchain-prefix xtensa-esp32-elf- --target esp32 --revision 0 /home/alejandro/esp32_projects/puf_test/build/puf_test.elf /home/alejandro/esp32_projects/puf_test/build/bootloader/bootloader.elf -m '/home/alejandro/.espressif/python_env/idf6.0_py3.12_env/bin/python' '/home/alejandro/esp/esp-idf/tools/idf.py'
i_flash: Detected size(4096k) larger than the size in the binary image header(2048k). Using theets Jun  8 2016 00:22:57

rst:0x1 (POWERON_RESET),boot:0x13 (SPI_FAST_FLASH_BOOT)
configsip: 0, SPIWP:0xee
clk_drv:0x00,q_drv:0x00,d_drv:0x00,cs0_drv:0x00,hd_drv:0x00,wp_drv:0x00
mode:DIO, clock div:2
load:0x3fff0030,len:6372
load:0x40078000,len:15920
ho 0 tail 12 room 4
load:0x40080400,len:3880
entry 0x40080638
[0;32mI (29) boot: ESP-IDF v6.0-dev-1489-g4e036983a7 2nd stage bootloader[0m
[0;32mI (29) boot: compile time Aug 20 2025 08:26:44[0m
[0;32mI (29) boot: Multicore bootloader[0m
[0;32mI (32) boot: chip revision: v1.0[0m
[0;32mI (34) boot.esp32: SPI Speed      : 40MHz[0m
[0;32mI (38) boot.esp32: SPI Mode       : DIO[0m
[0;32mI (42) boot.esp32: SPI Flash Size : 2MB[0m
[0;32mI (45) boot: Enabling RNG early entropy source...[0m
[0;32mI (50) boot: Partition Table:[0m
[0;32mI (52) boot: ## Label            Usage          Type ST Offset   Length[0m
[0;32mI (59) boot:  0 nvs              WiFi data        01 02 00009000 00050000[0m
[0;32mI (65) boot:  1 phy_init         RF data          01 01 00059000 00001000[0m
[0;32mI (72) boot:  2 factory          factory app      00 00 00060000 00100000[0m
[0;32mI (78) boot: End of partition table[0m
[0;32mI (82) esp_image: segment 0: paddr=00060020 vaddr=3f400020 size=0a3d8h ( 41944) map[0m
[0;32mI (104) esp_image: segment 1: paddr=0006a400 vaddr=3ffb0000 size=028fch ( 10492) load[0m
[0;32mI (108) esp_image: segment 2: paddr=0006cd04 vaddr=40080000 size=03314h ( 13076) load[0m
[0;32mI (114) esp_image: segment 3: paddr=00070020 vaddr=400d0020 size=14368h ( 82792) map[0m
[0;32mI (145) esp_image: segment 4: paddr=00084390 vaddr=40083314 size=0ba18h ( 47640) load[0m
[0;32mI (164) esp_image: segment 5: paddr=0008fdb0 vaddr=400c0000 size=00038h (    56) load[0m
[0;32mI (164) esp_image: segment 6: paddr=0008fdf0 vaddr=50000000 size=000a8h (   168) load[0m
[0;32mI (176) boot: Loaded app from partition at offset 0x60000[0m
[0;32mI (176) boot: Disabling RNG early entropy source...[0m
[0;32mI (190) cpu_start: Multicore app[0m
[0;32mI (198) cpu_start: GPIO 3 and 1 are used as console UART I/O pins[0m
[0;32mI (198) cpu_start: Pro cpu start user code[0m
[0;32mI (198) cpu_start: cpu freq: 160000000 Hz[0m
[0;32mI (200) app_init: Application information:[0m
[0;32mI (204) app_init: Project name:     puf_test[0m
[0;32mI (208) app_init: App version:      8bab072-dirty[0m
[0;32mI (212) app_init: Compile time:     Aug 20 2025 08:26:37[0m
[0;32mI (217) app_init: ELF file SHA256:  00c6070fb...[0m
[0;32mI (222) app_init: ESP-IDF:          v6.0-dev-1489-g4e036983a7[0m
[0;32mI (227) efuse_init: Min chip rev:     v0.0[0m
[0;32mI (231) efuse_init: Max chip rev:     v3.99 [0m
[0;32mI (235) efuse_init: Chip rev:         v1.0[0m
[0;32mI (239) heap_init: Initializing. RAM available for dynamic allocation:[0m
[0;32mI (245) heap_init: At 3FFAE6E0 len 00001920 (6 KiB): DRAM[0m
[0;32mI (250) heap_init: At 3FFB4220 len 0002BDE0 (175 KiB): DRAM[0m
[0;32mI (255) heap_init: At 3FFE0440 len 00003AE0 (14 KiB): D/IRAM[0m
[0;32mI (261) heap_init: At 3FFE4350 len 0001BCB0 (111 KiB): D/IRAM[0m
[0;32mI (266) heap_init: At 4008ED2C len 000112D4 (68 KiB): IRAM[0m
[0;32mI (273) spi_flash: detected chip: generic[0m
[0;32mI (275) spi_flash: flash io: dio[0m
[0;33mW (278) spi_flash: Detected size(4096k) larger than the size in the binary image header(2048k). Using the size in the binary image header.[0m
[0;32mI (291) main_task: Started on CPU0[0m
[0;32mI (301) main_task: Calling app_main()[0m
This is a puf importing ... ... ...STARTING PROVISIONING

assert failed: esp_sleep_pd_config sleep_modes.c:2462 (refs >= 0)


Backtrace: 0x40086835:0x3ffb52c0 0x400867fd:0x3ffb52e0 0x4008c8d1:0x3ffb5300 0x400e35dd:0x3ffb5420 0x400d69e4:0x3ffb5440 0x400d6a1a:0x3ffb5470 0x400d67f4:0x3ffb54a0 0x400d6852:0x3ffb54d0 0x400d64bc:0x3ffb54f0 0x400e3c72:0x3ffb5510 0x40087211:0x3ffb5540




ELF file SHA256: 00c6070fb

Rebooting...
ets Jun  8 2016 00:22:57

rst:0xc (SW_CPU_RESET),boot:0x13 (SPI_FAST_FLASH_BOOT)
configsip: 0, SPIWP:0xee
clk_drv:0x00,q_drv:0x00,d_drv:0x00,cs0_drv:0x00,hd_drv:0x00,wp_drv:0x00
mode:DIO, clock div:2
load:0x3fff0030,len:6372
load:0x40078000,len:15920
ho 0 tail 12 room 4
load:0x40080400,len:3880
entry 0x40080638
[0;32mI (29) boot: ESP-IDF v6.0-dev-1489-g4e036983a7 2nd stage bootloader[0m
[0;32mI (29) boot: compile time Aug 20 2025 08:26:44[0m
[0;32mI (29) boot: Multicore bootloader[0m
[0;32mI (32) boot: chip revision: v1.0[0m
[0;32mI (35) boot.esp32: SPI Speed      : 40MHz[0m
[0;32mI (39) boot.esp32: SPI Mode       : DIO[0m
[0;32mI (42) boot.esp32: SPI Flash Size : 2MB[0m
[0;32mI (46) boot: Enabling RNG early entropy source...[0m
[0;32mI (50) boot: Partition Table:[0m
[0;32mI (53) boot: ## Label            Usage          Type ST Offset   Length[0m
[0;32mI (59) boot:  0 nvs              WiFi data        01 02 00009000 00050000[0m
[0;32mI (66) boot:  1 phy_init         RF data          01 01 00059000 00001000[0m
[0;32mI (72) boot:  2 factory          factory app      00 00 00060000 00100000[0m
[0;32mI (79) boot: End of partition table[0m
[0;32mI (82) esp_image: segment 0: paddr=00060020 vaddr=3f400020 size=0a3d8h ( 41944) map[0m
[0;32mI (104) esp_image: segment 1: paddr=0006a400 vaddr=3ffb0000 size=028fch ( 10492) load[0m
[0;32mI (109) esp_image: segment 2: paddr=0006cd04 vaddr=40080000 size=03314h ( 13076) load[0m
[0;32mI (114) esp_image: segment 3: paddr=00070020 vaddr=400d0020 size=14368h ( 82792) map[0m
[0;32mI (145) esp_image: segment 4: paddr=00084390 vaddr=40083314 size=0ba18h ( 47640) load[0m
[0;32mI (164) esp_image: segment 5: paddr=0008fdb0 vaddr=400c0000 size=00038h (    56) load[0m
[0;32mI (165) esp_image: segment 6: paddr=0008fdf0 vaddr=50000000 size=000a8h (   168) load[0m
[0;32mI (176) boot: Loaded app from partition at offset 0x60000[0m
[0;32mI (176) boot: Disabling RNG early entropy source...[0m
[0;32mI (190) cpu_start: Multicore app[0m
[0;32mI (198) cpu_start: GPIO 3 and 1 are used as console UART I/O pins[0m
[0;32mI (199) cpu_start: Pro cpu start user code[0m
[0;32mI (199) cpu_start: cpu freq: 160000000 Hz[0m
[0;32mI (200) app_init: Application information:[0m
[0;32mI (204) app_init: Project name:     puf_test[0m
[0;32mI (208) app_init: App version:      8bab072-dirty[0m
[0;32mI (213) app_init: Compile time:     Aug 20 2025 08:26:37[0m
[0;32mI (218) app_init: ELF file SHA256:  00c6070fb...[0m
[0;32mI (222) app_init: ESP-IDF:          v6.0-dev-1489-g4e036983a7[0m
[0;32mI (228) efuse_init: Min chip rev:     v0.0[0m
[0;32mI (231) efuse_init: Max chip rev:     v3.99 [0m
[0;32mI (235) efuse_init: Chip rev:         v1.0[0m
[0;32mI (239) heap_init: Initializing. RAM available for dynamic allocation:[0m
[0;32mI (246) heap_init: At 3FFAE6E0 len 00001920 (6 KiB): DRAM[0m
[0;32mI (251) heap_init: At 3FFB4220 len 0002BDE0 (175 KiB): DRAM[0m
[0;32mI (256) heap_init: At 3FFE0440 len 00003AE0 (14 KiB): D/IRAM[0m
[0;32mI (261) heap_init: At 3FFE4350 len 0001BCB0 (111 KiB): D/IRAM[0m
[0;32mI (267) heap_init: At 4008ED2C len 000112D4 (68 KiB): IRAM[0m
[0;32mI (273) spi_flash: detected chip: generic[0m
[0;32mI (276) spi_flash: flash io: dio[0m
[0;33mW (279) spi_flash: Detected size(4096k) larger than the size in the binary image header(2048k). Using the size in the binary image header.[0m
[0;32mI (291) main_task: Started on CPU0[0m
[0;32mI (301) main_task: Calling app_main()[0m
This is a puf importing ... ... ...STARTING PROVISIONING

assert failed: esp_sleep_pd_config sleep_modes.c:2462 (refs >= 0)


Backtrace: 0x40086835:0x3ffb52c0 0x400867fd:0x3ffb52e0 0x4008c8d1:0x3ffb5300 0x400e35dd:0x3ffb5420 0x400d69e4:0x3ffb5440 0x400d6a1a:0x3ffb5470 0x400d67f4:0x3ffb54a0 0x400d6852:0x3ffb54d0 0x400d64bc:0x3ffb54f0 0x400e3c72:0x3ffb5510 0x40087211:0x3ffb5540




ELF file SHA256: 00c6070fb

Rebooting...
ets Jun  8 2016 00:22:57

rst:0xc (SW_CPU_RESET),boot:0x13 (SPI_FAST_FLASH_BOOT)
configsip: 0, SPIWP:0xee
clk_drv:0x00,q_drv:0x00,d_drv:0x00,cs0_drv:0x00,hd_drv:0x00,wp_drv:0x00
mode:DIO, clock div:2
load:0x3fff0030,len:6372
load:0x40078000,len:15920
ho 0 tail 12 room 4
load:0x40080400,len:3880
entry 0x40080638
[0;32mI (29) boot: ESP-IDF v6.0-dev-1489-g4e036983a7 2nd stage bootloader[0m
[0;32mI (29) boot: compile time Aug 20 2025 08:26:44[0m
[0;32mI (29) boot: Multicore bootloader[0m
[0;32mI (32) boot: chip revision: v1.0[0m
[0;32mI (35) boot.esp32: SPI Speed      : 40MHz[0m
[0;32mI (39) boot.esp32: SPI Mode       : DIO[0m
[0;32mI (42) boot.esp32: SPI Flash Size : 2MB[0m
[0;32mI (46) boot: Enabling RNG early entropy source...[0m
[0;32mI (50) boot: Partition Table:[0m
[0;32mI (53) boot: ## Label            Usage          Type ST Offset   Length[0m
[0;32mI (59) boot:  0 nvs              WiFi data        01 02 00009000 00050000[0m
[0;32mI (66) boot:  1 phy_init         RF data          01 01 00059000 00001000[0m
[0;32mI (72) boot:  2 factory          factory app      00 00 00060000 00100000[0m
[0;32mI (79) boot: End of partition table[0m
[0;32mI (82) esp_image: segment 0: paddr=00060020 vaddr=3f400020 size=0a3d8h ( 41944) map[0m
[0;32mI (104) esp_image: segment 1: paddr=0006a400 vaddr=3ffb0000 size=028fch ( 10492) load[0m
[0;32mI (109) esp_image: segment 2: paddr=0006cd04 vaddr=40080000 size=03314h ( 13076) load[0m
[0;32mI (114) esp_image: segment 3: paddr=00070020 vaddr=400d0020 size=14368h ( 82792) map[0m
[0;32mI (145) esp_image: segment 4: paddr=00084390 vaddr=40083314 size=0ba18h ( 47640) load[0m
[0;32mI (164) esp_image: segment 5: paddr=0008fdb0 vaddr=400c0000 size=00038h (    56) load[0m
[0;32mI (165) esp_image: segment 6: paddr=0008fdf0 vaddr=50000000 size=000a8h (   168) load[0m
[0;32mI (176) boot: Loaded app from partition at offset 0x60000[0m
[0;32mI (176) boot: Disabling RNG early entropy source...[0m
[0;32mI (190) cpu_start: Multicore app[0m
[0;32mI (198) cpu_start: GPIO 3 and 1 are used as console UART I/O pins[0m
[0;32mI (199) cpu_start: Pro cpu start user code[0m
[0;32mI (199) cpu_start: cpu freq: 160000000 Hz[0m
[0;32mI (200) app_init: Application information:[0m
[0;32mI (204) app_init: Project name:     puf_test[0m
[0;32mI (208) app_init: App version:      8bab072-dirty[0m
[0;32mI (213) app_init: Compile time:     Aug 20 2025 08:26:37[0m
[0;32mI (218) app_init: ELF file SHA256:  00c6070fb...[0m
[0;32mI (222) app_init: ESP-IDF:          v6.0-dev-1489-g4e036983a7[0m
[0;32mI (228) efuse_init: Min chip rev:     v0.0[0m
[0;32mI (231) efuse_init: Max chip rev:     v3.99 [0m
[0;32mI (235) efuse_init: Chip rev:         v1.0[0m
[0;32mI (239) heap_init: Initializing. RAM available for dynamic allocation:[0m
[0;32mI (246) heap_init: At 3FFAE6E0 len 00001920 (6 KiB): DRAM[0m
[0;32mI (251) heap_init: At 3FFB4220 len 0002BDE0 (175 KiB): DRAM[0m
[0;32mI (256) heap_init: At 3FFE0440 len 00003AE0 (14 KiB): D/IRAM[0m
[0;32mI (261) heap_init: At 3FFE4350 len 0001BCB0 (111 KiB): D/IRAM[0m
[0;32mI (267) heap_init: At 4008ED2C len 000112D4 (68 KiB): IRAM[0m
[0;32mI (273) spi_flash: detected chip: generic[0m
[0;32mI (276) spi_flash: flash io: dio[0m
[0;33mW (279) spi_flash: Detected size(4096k) larger than the size in the binary image header(2048k). Using the size in the binary image header.[0m
[0;32mI (291) main_task: Started on CPU0[0m
[0;32mI (301) main_task: Calling app_main()[0m
This is a puf importing ... ... ...STARTING PROVISIONING

assert failed: esp_sleep_pd_config sleep_modes.c:2462 (refs >= 0)


Backtrace: 0x40086835:0x3ffb52c0 0x400867fd:0x3ffb52e0 0x4008c8d1:0x3ffb5300 0x400e35dd:0x3ffb5420 0x400d69e4:0x3ffb5440 0x400d6a1a:0x3ffb5470 0x400d67f4:0x3ffb54a0 0x400d6852:0x3ffb54d0 0x400d64bc:0x3ffb54f0 0x400e3c72:0x3ffb5510 0x40087211:0x3ffb5540




ELF file SHA256: 00c6070fb

Rebooting...
ets Jun  8 2016 00:22:57

rst:0xc (SW_CPU_RESET),boot:0x13 (SPI_FAST_FLASH_BOOT)
configsip: 0, SPIWP:0xee
clk_drv:0x00,q_drv:0x00,d_drv:0x00,cs0_drv:0x00,hd_drv:0x00,wp_drv:0x00
mode:DIO, clock div:2
load:0x3fff0030,len:6372
load:0x40078000,len:15920
ho 0 tail 12 room 4
load:0x40080400,len:3880
entry 0x40080638
[0;32mI (29) boot: ESP-IDF v6.0-dev-1489-g4e036983a7 2nd stage bootloader[0m
[0;32mI (29) boot: compile time Aug 20 2025 08:26:44[0m
[0;32mI (29) boot: Multicore bootloader[0m
[0;32mI (32) boot: chip revision: v1.0[0m
[0;32mI (35) boot.esp32: SPI Speed      : 40MHz[0m
[0;32mI (39) boot.esp32: SPI Mode       : DIO[0m
[0;32mI (42) boot.esp32: SPI Flash Size : 2MB[0m
[0;32mI (46) boot: Enabling RNG early entropy source...[0m
[0;32mI (50) boot: Partition Table:[0m
[0;32mI (53) boot: ## Label            Usage          Type ST Offset   Length[0m
[0;32mI (59) boot:  0 nvs              WiFi data        01 02 00009000 00050000[0m
[0;32mI (66) boot:  1 phy_init         RF data          01 01 00059000 00001000[0m
[0;32mI (72) boot:  2 factory          factory app      00 00 00060000 00100000[0m
[0;32mI (79) boot: End of partition table[0m
[0;32mI (82) esp_image: segment 0: paddr=00060020 vaddr=3f400020 size=0a3d8h ( 41944) map[0m
[0;32mI (104) esp_image: segment 1: paddr=0006a400 vaddr=3ffb0000 size=028fch ( 10492) load[0m
[0;32mI (109) esp_image: segment 2: paddr=0006cd04 vaddr=40080000 size=03314h ( 13076) load[0m
[0;32mI (114) esp_image: segment 3: paddr=00070020 vaddr=400d0020 size=14368h ( 82792) map[0m
[0;32mI (145) esp_image: segment 4: paddr=00084390 vaddr=40083314 size=0ba18h ( 47640) load[0m
[0;32mI (164) esp_image: segment 5: paddr=0008fdb0 vaddr=400c0000 size=00038h (    56) load[0m
[0;32mI (165) esp_image: segment 6: paddr=0008fdf0 vaddr=50000000 size=000a8h (   168) load[0m
[0;32mI (176) boot: Loaded app from partition at offset 0x60000[0m
[0;32mI (176) boot: Disabling RNG early entropy source...[0m
[0;32mI (190) cpu_start: Multicore app[0m
[0;32mI (198) cpu_start: GPIO 3 and 1 are used as console UART I/O pins[0m
[0;32mI (199) cpu_start: Pro cpu start user code[0m
[0;32mI (199) cpu_start: cpu freq: 160000000 Hz[0m
[0;32mI (200) app_init: Application information:[0m
[0;32mI (204) app_init: Project name:     puf_test[0m
[0;32mI (208) app_init: App version:      8bab072-dirty[0m
[0;32mI (213) app_init: Compile time:     Aug 20 2025 08:26:37[0m
[0;32mI (218) app_init: ELF file SHA256:  00c6070fb...[0m
[0;32mI (222) app_init: ESP-IDF:          v6.0-dev-1489-g4e036983a7[0m
[0;32mI (228) efuse_init: Min chip rev:     v0.0[0m
[0;32mI (231) efuse_init: Max chip rev:     v3.99 [0m
[0;32mI (235) efuse_init: Chip rev:         v1.0[0m
[0;32mI (239) heap_init: Initializing. RAM available for dynamic allocation:[0m
[0;32mI (246) heap_init: At 3FFAE6E0 len 00001920 (6 KiB): DRAM[0m
[0;32mI (251) heap_init: At 3FFB4220 len 0002BDE0 (175 KiB): DRAM[0m
[0;32mI (256) heap_init: At 3FFE0440 len 00003AE0 (14 KiB): D/IRAM[0m
[0;32mI (261) heap_init: At 3FFE4350 len 0001BCB0 (111 KiB): D/IRAM[0m
[0;32mI (267) heap_init: At 4008ED2C len 000112D4 (68 KiB): IRAM[0m
[0;32mI (273) spi_flash: detected chip: generic[0m
[0;32mI (276) spi_flash: flash io: dio[0m
[0;33mW (279) spi_flash: Detected size(4096k) larger than the size in the binary image header(2048k). Using the size in the binary image header.[0m
[0;32mI (291) main_task: Started on CPU0[0m
[0;32mI (301) main_task: Calling app_main()[0m
This is a puf importing ... ... ...STARTING PROVISIONING

assert failed: esp_sleep_pd_config sleep_modes.c:2462 (refs >= 0)


Backtrace: 0x40086835:0x3ffb52c0 0x400867fd:0x3ffb52e0 0x4008c8d1:0x3ffb5300 0x400e35dd:0x3ffb5420 0x400d69e4:0x3ffb5440 0x400d6a1a:0x3ffb5470 0x400d67f4:0x3ffb54a0 0x400d6852:0x3ffb54d0 0x400d64bc:0x3ffb54f0 0x400e3c72:0x3ffb5510 0x40087211:0x3ffb5540




ELF file SHA256: 00c6070fb

Rebooting...
ets Jun  8 2016 00:22:57

rst:0xc (SW_CPU_RESET),boot:0x13 (SPI_FAST_FLASH_BOOT)
configsip: 0, SPIWP:0xee
clk_drv:0x00,q_drv:0x00,d_drv:0x00,cs0_drv:0x00,hd_drv:0x00,wp_drv:0x00
mode:DIO, clock div:2
load:0x3fff0030,len:6372
load:0x40078000,len:15920
ho 0 tail 12 room 4
load:0x40080400,len:3880
entry 0x40080638
[0;32mI (29) boot: ESP-IDF v6.0-dev-1489-g4e036983a7 2nd stage bootloader[0m
[0;32mI (29) boot: compile time Aug 20 2025 08:26:44[0m
[0;32mI (29) boot: Multicore bootloader[0m
[0;32mI (32) boot: chip revision: v1.0[0m
[0;32mI (35) boot.esp32: SPI Speed      : 40MHz[0m
[0;32mI (39) boot.esp32: SPI Mode       : DIO[0m
[0;32mI (42) boot.esp32: SPI Flash Size : 2MB[0m
[0;32mI (46) boot: Enabling RNG early entropy source...[0m
[0;32mI (50) boot: Partition Table:[0m
[0;32mI (53) boot: ## Label            Usage          Type ST Offset   Length[0m
[0;32mI (59) boot:  0 nvs              WiFi data        01 02 00009000 00050000[0m
[0;32mI (66) boot:  1 phy_init         RF data          01 01 00059000 00001000[0m
[0;32mI (72) boot:  2 factory          factory app      00 00 00060000 00100000[0m
[0;32mI (79) boot: End of partition table[0m
[0;32mI (82) esp_image: segment 0: paddr=00060020 vaddr=3f400020 size=0a3d8h ( 41944) map[0m
[0;32mI (104) esp_image: segment 1: paddr=0006a400 vaddr=3ffb0000 size=028fch ( 10492) load[0m
[0;32mI (109) esp_image: segment 2: paddr=0006cd04 vaddr=40080000 size=03314h ( 13076) load[0m
[0;32mI (114) esp_image: segment 3: paddr=00070020 vaddr=400d0020 size=14368h ( 82792) map[0m
[0;32mI (145) esp_image: segment 4: paddr=00084390 vaddr=40083314 size=0ba18h ( 47640) load[0m
[0;32mI (164) esp_image: segment 5: paddr=0008fdb0 vaddr=400c0000 size=00038h (    56) load[0m
[0;32mI (165) esp_image: segment 6: paddr=0008fdf0 vaddr=50000000 size=000a8h (   168) load[0m
[0;32mI (176) boot: Loaded app from partition at offset 0x60000[0m
[0;32mI (176) boot: Disabling RNG early entropy source...[0m
[0;32mI (190) cpu_start: Multicore app[0m
[0;32mI (198) cpu_start: GPIO 3 and 1 are used as console UART I/O pins[0m
[0;32mI (199) cpu_start: Pro cpu start user code[0m
[0;32mI (199) cpu_start: cpu freq: 160000000 Hz[0m
[0;32mI (200) app_init: Application information:[0m
[0;32mI (204) app_init: Project name:     puf_test[0m
[0;32mI (208) app_init: App version:      8bab072-dirty[0m
[0;32mI (213) app_init: Compile time:     Aug 20 2025 08:26:37[0m
[0;32mI (218) app_init: ELF file SHA256:  00c6070fb...[0m
[0;32mI (222) app_init: ESP-IDF:          v6.0-dev-1489-g4e036983a7[0m
[0;32mI (228) efuse_init: Min chip rev:     v0.0[0m
[0;32mI (231) efuse_init: Max chip rev:     v3.99 [0m
[0;32mI (235) efuse_init: Chip rev:         v1.0[0m
[0;32mI (239) heap_init: Initializing. RAM available for dynamic allocation:[0m
[0;32mI (246) heap_init: At 3FFAE6E0 len 00001920 (6 KiB): DRAM[0m
[0;32mI (251) heap_init: At 3FFB4220 len 0002BDE0 (175 KiB): DRAM[0m
[0;32mI (256) heap_init: At 3FFE0440 len 00003AE0 (14 KiB): D/IRAM[0m
[0;32mI (261) heap_init: At 3FFE4350 len 0001BCB0 (111 KiB): D/IRAM[0m
[0;32mI (267) heap_init: At 4008ED2C len 000112D4 (68 KiB): IRAM[0m
[0;32mI (273) spi_flash: detected chip: generic[0m
[0;32mI (276) spi_flash: flash io: dio[0m
[0;33mW (279) spi_flash: Detected size(4096k) larger than the size in the binary image header(2048k). Using the size in the binary image header.[0m
[0;32mI (291) main_task: Started on CPU0[0m
[0;32mI (301) main_task: Calling app_main()[0m
This is a puf importing ... ... ...STARTING PROVISIONING

assert failed: esp_sleep_pd_config sleep_modes.c:2462 (refs >= 0)


Backtrace: 0x40086835:0x3ffb52c0 0x400867fd:0x3ffb52e0 0x4008c8d1:0x3ffb5300 0x400e35dd:0x3ffb5420 0x400d69e4:0x3ffb5440 0x400d6a1a:0x3ffb5470 0x400d67f4:0x3ffb54a0 0x400d6852:0x3ffb54d0 0x400d64bc:0x3ffb54f0 0x400e3c72:0x3ffb5510 0x40087211:0x3ffb5540




ELF file SHA256: 00c6070fb

Rebooting...
ets Jun  8 2016 00:22:57

rst:0xc (SW_CPU_RESET),boot:0x13 (SPI_FAST_FLASH_BOOT)
configsip: 0, SPIWP:0xee
clk_drv:0x00,q_drv:0x00,d_drv:0x00,cs0_drv:0x00,hd_drv:0x00,wp_drv:0x00
mode:DIO, clock div:2
load:0x3fff0030,len:6372
load:0x40078000,len:15920
ho 0 tail 12 room 4
load:0x40080400,len:3880
entry 0x40080638
[0;32mI (29) boot: ESP-IDF v6.0-dev-1489-g4e036983a7 2nd stage bootloader[0m
[0;32mI (29) boot: compile time Aug 20 2025 08:26:44[0m
[0;32mI (29) boot: Multicore bootloader[0m
[0;32mI (32) boot: chip revision: v1.0[0m
[0;32mI (35) boot.esp32: SPI Speed      : 40MHz[0m
[0;32mI (39) boot.esp32: SPI Mode       : DIO[0m
[0;32mI (42) boot.esp32: SPI Flash Size : 2MB[0m
[0;32mI (46) boot: Enabling RNG early entropy source...[0m
[0;32mI (50) boot: Partition Table:[0m
[0;32mI (53) boot: ## Label            Usage          Type ST Offset   Length[0m
[0;32mI (59) boot:  0 nvs              WiFi data        01 02 00009000 00050000[0m
[0;32mI (66) boot:  1 phy_init         RF data          01 01 00059000 00001000[0m
[0;32mI (72) boot:  2 factory          factory app      00 00 00060000 00100000[0m
[0;32mI (79) boot: End of partition table[0m
[0;32mI (82) esp_image: segment 0: paddr=00060020 vaddr=3f400020 size=0a3d8h ( 41944) map[0m
[0;32mI (104) esp_image: segment 1: paddr=0006a400 vaddr=3ffb0000 size=028fch ( 10492) load[0m
[0;32mI (109) esp_image: segment 2: paddr=0006cd04 vaddr=40080000 size=03314h ( 13076) load[0m
[0;32mI (114) esp_image: segment 3: paddr=00070020 vaddr=400d0020 size=14368h ( 82792) map[0m
[0;32mI (145) esp_image: segment 4: paddr=00084390 vaddr=40083314 size=0ba18h ( 47640) load[0m
[0;32mI (164) esp_image: segment 5: paddr=0008fdb0 vaddr=400c0000 size=00038h (    56) load[0m
[0;32mI (165) esp_image: segment 6: paddr=0008fdf0 vaddr=50000000 size=000a8h (   168) load[0m
[0;32mI (176) boot: Loaded app from partition at offset 0x60000[0m
[0;32mI (176) boot: Disabling RNG early entropy source...[0m
[0;32mI (190) cpu_start: Multicore app[0m
[0;32mI (198) cpu_start: GPIO 3 and 1 are used as console UART I/O pins[0m
[0;32mI (199) cpu_start: Pro cpu start user code[0m
[0;32mI (199) cpu_start: cpu freq: 160000000 Hz[0m
[0;32mI (200) app_init: Application information:[0m
[0;32mI (204) app_init: Project name:     puf_test[0m
[0;32mI (208) app_init: App version:      8bab072-dirty[0m
[0;32mI (213) app_init: Compile time:     Aug 20 2025 08:26:37[0m
[0;32mI (218) app_init: ELF file SHA256:  00c6070fb...[0m
[0;32mI (222) app_init: ESP-IDF:          v6.0-dev-1489-g4e036983a7[0m
[0;32mI (228) efuse_init: Min chip rev:     v0.0[0m
[0;32mI (231) efuse_init: Max chip rev:     v3.99 [0m
[0;32mI (235) efuse_init: Chip rev:         v1.0[0m
[0;32mI (239) heap_init: Initializing. RAM available for dynamic allocation:[0m
[0;32mI (246) heap_init: At 3FFAE6E0 len 00001920 (6 KiB): DRAM[0m
[0;32mI (251) heap_init: At 3FFB4220 len 0002BDE0 (175 KiB): DRAM[0m
[0;32mI (256) heap_init: At 3FFE0440 len 00003AE0 (14 KiB): D/IRAM[0m
[0;32mI (261) heap_init: At 3FFE4350 len 0001BCB0 (111 KiB): D/IRAM[0m
[0;32mI (267) heap_init: At 4008ED2C len 000112D4 (68 KiB): IRAM[0m
[0;32mI (273) spi_flash: detected chip: generic[0m
[0;32mI (276) spi_flash: flash io: dio[0m
[0;33mW (279) spi_flash: Detected size(4096k) larger than the size in the binary image header(2048k). Using the size in the binary image header.[0m
[0;32mI (291) main_task: Started on CPU0[0m
[0;32mI (301) main_task: Calling app_main()[0m
This is a puf importing ... ... ...STARTING PROVISIONING

assert failed: esp_sleep_pd_config sleep_modes.c:2462 (refs >= 0)


Backtrace: 0x40086835:0x3ffb52c0 0x400867fd:0x3ffb52e0 0x4008c8d1:0x3ffb5300 0x400e35dd:0x3ffb5420 0x400d69e4:0x3ffb5440 0x400d6a1a:0x3ffb5470 0x400d67f4:0x3ffb54a0 0x400d6852:0x3ffb54d0 0x400d64bc:0x3ffb54f0 0x400e3c72:0x3ffb5510 0x40087211:0x3ffb5540




ELF file SHA256: 00c6070fb

Rebooting...
ets Jun  8 2016 00:22:57

rst:0xc (SW_CPU_RESET),boot:0x13 (SPI_FAST_FLASH_BOOT)
configsip: 0, SPIWP:0xee
clk_drv:0x00,q_drv:0x00,d_drv:0x00,cs0_drv:0x00,hd_drv:0x00,wp_drv:0x00
mode:DIO, clock div:2
load:0x3fff0030,len:6372
load:0x40078000,len:15920
ho 0 tail 12 room 4
load:0x40080400,len:3880
entry 0x40080638
[0;32mI (29) boot: ESP-IDF v6.0-dev-1489-g4e036983a7 2nd stage bootloader[0m
[0;32mI (29) boot: compile time Aug 20 2025 08:26:44[0m
[0;32mI (29) boot: Multicore bootloader[0m
[0;32mI (32) boot: chip revision: v1.0[0m
[0;32mI (35) boot.esp32: SPI Speed      : 40MHz[0m
[0;32mI (39) boot.esp32: SPI Mode       : DIO[0m
[0;32mI (42) boot.esp32: SPI Flash Size : 2MB[0m
[0;32mI (46) boot: Enabling RNG early entropy source...[0m
[0;32mI (50) boot: Partition Table:[0m
[0;32mI (53) boot: ## Label            Usage          Type ST Offset   Length[0m
[0;32mI (59) boot:  0 nvs              WiFi data        01 02 00009000 00050000[0m
[0;32mI (66) boot:  1 phy_init         RF data          01 01 00059000 00001000[0m
[0;32mI (72) boot:  2 factory          factory app      00 00 00060000 00100000[0m
[0;32mI (79) boot: End of partition table[0m
[0;32mI (82) esp_image: segment 0: paddr=00060020 vaddr=3f400020 size=0a3d8h ( 41944) map[0m
[0;32mI (104) esp_image: segment 1: paddr=0006a400 vaddr=3ffb0000 size=028fch ( 10492) load[0m
[0;32mI (109) esp_image: segment 2: paddr=0006cd04 vaddr=40080000 size=03314h ( 13076) load[0m
[0;32mI (114) esp_image: segment 3: paddr=00070020 vaddr=400d0020 size=14368h ( 82792) map[0m
[0;32mI (145) esp_image: segment 4: paddr=00084390 vaddr=40083314 size=0ba18h ( 47640) load[0m
[0;32mI (164) esp_image: segment 5: paddr=0008fdb0 vaddr=400c0000 size=00038h (    56) load[0m
[0;32mI (165) esp_image: segment 6: paddr=0008fdf0 vaddr=50000000 size=000a8h (   168) load[0m
[0;32mI (176) boot: Loaded app from partition at offset 0x60000[0m
[0;32mI (176) boot: Disabling RNG early entropy source...[0m
[0;32mI (190) cpu_start: Multicore app[0m
[0;32mI (198) cpu_start: GPIO 3 and 1 are used as console UART I/O pins[0m
[0;32mI (199) cpu_start: Pro cpu start user code[0m
[0;32mI (199) cpu_start: cpu freq: 160000000 Hz[0m
[0;32mI (200) app_init: Application information:[0m
[0;32mI (204) app_init: Project name:     puf_test[0m
[0;32mI (208) app_init: App version:      8bab072-dirty[0m
[0;32mI (213) app_init: Compile time:     Aug 20 2025 08:26:37[0m
[0;32mI (218) app_init: ELF file SHA256:  00c6070fb...[0m
[0;32mI (222) app_init: ESP-IDF:          v6.0-dev-1489-g4e036983a7[0m
[0;32mI (228) efuse_init: Min chip rev:     v0.0[0m
[0;32mI (231) efuse_init: Max chip rev:     v3.99 [0m
[0;32mI (235) efuse_init: Chip rev:         v1.0[0m
[0;32mI (239) heap_init: Initializing. RAM available for dynamic allocation:[0m
[0;32mI (246) heap_init: At 3FFAE6E0 len 00001920 (6 KiB): DRAM[0m
[0;32mI (251) heap_init: At 3FFB4220 len 0002BDE0 (175 KiB): DRAM[0m
[0;32mI (256) heap_init: At 3FFE0440 len 00003AE0 (14 KiB): D/IRAM[0m
[0;32mI (261) heap_init: At 3FFE4350 len 0001BCB0 (111 KiB): D/IRAM[0m
[0;32mI (267) heap_init: At 4008ED2C len 000112D4 (68 KiB): IRAM[0m
[0;32mI (273) spi_flash: detected chip: generic[0m
[0;32mI (276) spi_flash: flash io: dio[0m
[0;33mW (279) spi_flash: Detected size(4096k) larger than the size in the binary image header(2048k). Using the size in the binary image header.[0m
[0;32mI (291) main_task: Started on CPU0[0m
[0;32mI (301) main_task: Calling app_main()[0m
This is a puf importing ... ... ...STARTING PROVISIONING

assert failed: esp_sleep_pd_config sleep_modes.c:2462 (refs >= 0)


Backtrace: 0x40086835:0x3ffb52c0 0x400867fd:0x3ffb52e0 0x4008c8d1:0x3ffb5300 0x400e35dd:0x3ffb5420 0x400d69e4:0x3ffb5440 0x400d6a1a:0x3ffb5470 0x400d67f4:0x3ffb54a0 0x400d6852:0x3ffb54d0 0x400d64bc:0x3ffb54f0 0x400e3c72:0x3ffb5510 0x40087211:0x3ffb5540




ELF file SHA256: 00c6070fb

Rebooting...
ets Jun  8 2016 00:22:57

rst:0xc (SW_CPU_RESET),boot:0x13 (SPI_FAST_FLASH_BOOT)
configsip: 0, SPIWP:0xee
clk_drv:0x00,q_drv:0x00,d_drv:0x00,cs0_drv:0x00,hd_drv:0x00,wp_drv:0x00
mode:DIO, clock div:2
load:0x3fff0030,len:6372
load:0x40078000,len:15920
ho 0 tail 12 room 4
load:0x40080400,len:3880
entry 0x40080638
[0;32mI (29) boot: ESP-IDF v6.0-dev-1489-g4e036983a7 2nd stage bootloader[0m
[0;32mI (29) boot: compile time Aug 20 2025 08:26:44[0m
[0;32mI (29) boot: Multicore bootloader[0m
[0;32mI (32) boot: chip revision: v1.0[0m
[0;32mI (35) boot.esp32: SPI Speed      : 40MHz[0m
[0;32mI (39) boot.esp32: SPI Mode       : DIO[0m
[0;32mI (42) boot.esp32: SPI Flash Size : 2MB[0m
[0;32mI (46) boot: Enabling RNG early entropy source...[0m
[0;32mI (50) boot: Partition Table:[0m
[0;32mI (53) boot: ## Label            Usage          Type ST Offset   Length[0m
[0;32mI (59) boot:  0 nvs              WiFi data        01 02 00009000 00050000[0m
[0;32mI (66) boot:  1 phy_init         RF data          01 01 00059000 00001000[0m
[0;32mI (72) boot:  2 factory          factory app      00 00 00060000 00100000[0m
[0;32mI (79) boot: End of partition table[0m
[0;32mI (82) esp_image: segment 0: paddr=00060020 vaddr=3f400020 size=0a3d8h ( 41944) map[0m
[0;32mI (104) esp_image: segment 1: paddr=0006a400 vaddr=3ffb0000 size=028fch ( 10492) load[0m
[0;32mI (109) esp_image: segment 2: paddr=0006cd04 vaddr=40080000 size=03314h ( 13076) load[0m
[0;32mI (114) esp_image: segment 3: paddr=00070020 vaddr=400d0020 size=14368h ( 82792) map[0m
[0;32mI (145) esp_image: segment 4: paddr=00084390 vaddr=40083314 size=0ba18h ( 47640) load[0m
[0;32mI (164) esp_image: segment 5: paddr=0008fdb0 vaddr=400c0000 size=00038h (    56) load[0m
[0;32mI (165) esp_image: segment 6: paddr=0008fdf0 vaddr=50000000 size=000a8h (   168) load[0m
[0;32mI (176) boot: Loaded app from partition at offset 0x60000[0m
[0;32mI (176) boot: Disabling RNG early entropy source...[0m
[0;32mI (190) cpu_start: Multicore app[0m
[0;32mI (198) cpu_start: GPIO 3 and 1 are used as console UART I/O pins[0m
[0;32mI (199) cpu_start: Pro cpu start user code[0m
[0;32mI (199) cpu_start: cpu freq: 160000000 Hz[0m
[0;32mI (200) app_init: Application information:[0m
[0;32mI (204) app_init: Project name:     puf_test[0m
[0;32mI (208) app_init: App version:      8bab072-dirty[0m
[0;32mI (213) app_init: Compile time:     Aug 20 2025 08:26:37[0m
[0;32mI (218) app_init: ELF file SHA256:  00c6070fb...[0m
[0;32mI (222) app_init: ESP-IDF:          v6.0-dev-1489-g4e036983a7[0m
[0;32mI (228) efuse_init: Min chip rev:     v0.0[0m
[0;32mI (231) efuse_init: Max chip rev:     v3.99 [0m
[0;32mI (235) efuse_init: Chip rev:         v1.0[0m
[0;32mI (239) heap_init: Initializing. RAM available for dynamic allocation:[0m
[0;32mI (246) heap_init: At 3FFAE6E0 len 00001920 (6 KiB): DRAM[0m
[0;32mI (251) heap_init: At 3FFB4220 len 0002BDE0 (175 KiB): DRAM[0m
[0;32mI (256) heap_init: At 3FFE0440 len 00003AE0 (14 KiB): D/IRAM[0m
[0;32mI (261) heap_init: At 3FFE4350 len 0001BCB0 (111 KiB): D/IRAM[0m
[0;32mI (267) heap_init: At 4008ED2C len 000112D4 (68 KiB): IRAM[0m
[0;32mI (273) spi_flash: detected chip: generic[0m
[0;32mI (276) spi_flash: flash io: dio[0m
[0;33mW (279) spi_flash: Detected size(4096k) larger than the size in the binary image header(2048k). Using the size in the binary image header.[0m
[0;32mI (291) main_task: Started on CPU0[0m
[0;32mI (301) main_task: Calling app_main()[0m
This is a puf importing ... ... ...STARTING PROVISIONING

assert failed: esp_sleep_pd_config sleep_modes.c:2462 (refs >= 0)


Backtrace: 0x40086835:0x3ffb52c0 0x400867fd:0x3ffb52e0 0x4008c8d1:0x3ffb5300 0x400e35dd:0x3ffb5420 0x400d69e4:0x3ffb5440 0x400d6a1a:0x3ffb5470 0x400d67f4:0x3ffb54a0 0x400d6852:0x3ffb54d0 0x400d64bc:0x3ffb54f0 0x400e3c72:0x3ffb5510 0x40087211:0x3ffb5540




ELF file SHA256: 00c6070fb

Rebooting...
ets Jun  8 2016 00:22:57

rst:0xc (SW_CPU_RESET),boot:0x13 (SPI_FAST_FLASH_BOOT)
configsip: 0, SPIWP:0xee
clk_drv:0x00,q_drv:0x00,d_drv:0x00,cs0_drv:0x00,hd_drv:0x00,wp_drv:0x00
mode:DIO, clock div:2
load:0x3fff0030,len:6372
load:0x40078000,len:15920
ho 0 tail 12 room 4
load:0x40080400,len:3880
entry 0x40080638
[0;32mI (29) boot: ESP-IDF v6.0-dev-1489-g4e036983a7 2nd stage bootloader[0m
[0;32mI (29) boot: compile time Aug 20 2025 08:26:44[0m
[0;32mI (29) boot: Multicore bootloader[0m
[0;32mI (32) boot: chip revision: v1.0[0m
[0;32mI (35) boot.esp32: SPI Speed      : 40MHz[0m
[0;32mI (39) boot.esp32: SPI Mode       : DIO[0m
[0;32mI (42) boot.esp32: SPI Flash Size : 2MB[0m
[0;32mI (46) boot: Enabling RNG early entropy source...[0m
[0;32mI (50) boot: Partition Table:[0m
[0;32mI (53) boot: ## Label            Usage          Type ST Offset   Length[0m
[0;32mI (59) boot:  0 nvs              WiFi data        01 02 00009000 00050000[0m
[0;32mI (66) boot:  1 phy_init         RF data          01 01 00059000 00001000[0m
[0;32mI (72) boot:  2 factory          factory app      00 00 00060000 00100000[0m
[0;32mI (79) boot: End of partition table[0m
[0;32mI (82) esp_image: segment 0: paddr=00060020 vaddr=3f400020 size=0a3d8h ( 41944) map[0m
[0;32mI (104) esp_image: segment 1: paddr=0006a400 vaddr=3ffb0000 size=028fch ( 10492) load[0m
[0;32mI (109) esp_image: segment 2: paddr=0006cd04 vaddr=40080000 size=03314h ( 13076) load[0m
[0;32mI (114) esp_image: segment 3: paddr=00070020 vaddr=400d0020 size=14368h ( 82792) map[0m
[0;32mI (145) esp_image: segment 4: paddr=00084390 vaddr=40083314 size=0ba18h ( 47640) load[0m
[0;32mI (164) esp_image: segment 5: paddr=0008fdb0 vaddr=400c0000 size=00038h (    56) load[0m
[0;32mI (165) esp_image: segment 6: paddr=0008fdf0 vaddr=50000000 size=000a8h (   168) load[0m
[0;32mI (176) boot: Loaded app from partition at offset 0x60000[0m
[0;32mI (176) boot: Disabling RNG early entropy source...[0m
[0;32mI (190) cpu_start: Multicore app[0m
[0;32mI (198) cpu_start: GPIO 3 and 1 are used as console UART I/O pins[0m
[0;32mI (199) cpu_start: Pro cpu start user code[0m
[0;32mI (199) cpu_start: cpu freq: 160000000 Hz[0m
[0;32mI (200) app_init: Application information:[0m
[0;32mI (204) app_init: Project name:     puf_test[0m
[0;32mI (208) app_init: App version:      8bab072-dirty[0m
[0;32mI (213) app_init: Compile time:     Aug 20 2025 08:26:37[0m
[0;32mI (218) app_init: ELF file SHA256:  00c6070fb...[0m
[0;32mI (222) app_init: ESP-IDF:          v6.0-dev-1489-g4e036983a7[0m
[0;32mI (228) efuse_init: Min chip rev:     v0.0[0m
[0;32mI (231) efuse_init: Max chip rev:     v3.99 [0m
[0;32mI (235) efuse_init: Chip rev:         v1.0[0m
[0;32mI (239) heap_init: Initializing. RAM available for dynamic allocation:[0m
[0;32mI (246) heap_init: At 3FFAE6E0 len 00001920 (6 KiB): DRAM[0m
[0;32mI (251) heap_init: At 3FFB4220 len 0002BDE0 (175 KiB): DRAM[0m
[0;32mI (256) heap_init: At 3FFE0440 len 00003AE0 (14 KiB): D/IRAM[0m
[0;32mI (261) heap_init: At 3FFE4350 len 0001BCB0 (111 KiB): D/IRAM[0m
[0;32mI (267) heap_init: At 4008ED2C len 000112D4 (68 KiB): IRAM[0m
[0;32mI (273) spi_flash: detected chip: generic[0m
[0;32mI (276) spi_flash: flash io: dio[0m
[0;33mW (279) spi_flash: Detected size(4096k) larger than the size in the binary image header(2048k). Using the size in the binary image header.[0m
[0;32mI (291) main_task: Started on CPU0[0m
[0;32mI (301) main_task: Calling app_main()[0m
This is a puf importing ... ... ...STARTING PROVISIONING

assert failed: esp_sleep_pd_config sleep_modes.c:2462 (refs >= 0)


Backtrace: 0x40086835:0x3ffb52c0 0x400867fd:0x3ffb52e0 0x4008c8d1:0x3ffb5300 0x400e35dd:0x3ffb5420 0x400d69e4:0x3ffb5440 0x400d6a1a:0x3ffb5470 0x400d67f4:0x3ffb54a0 0x400d6852:0x3ffb54d0 0x400d64bc:0x3ffb54f0 0x400e3c72:0x3ffb5510 0x40087211:0x3ffb5540




ELF file SHA256: 00c6070fb

Rebooting...
ets Jun  8 2016 00:22:57

rst:0xc (SW_CPU_RESET),boot:0x13 (SPI_FAST_FLASH_BOOT)
configsip: 0, SPIWP:0xee
clk_drv:0x00,q_drv:0x00,d_drv:0x00,cs0_drv:0x00,hd_drv:0x00,wp_drv:0x00
mode:DIO, clock div:2
load:0x3fff0030,len:6372
load:0x40078000,len:15920
ho 0 tail 12 room 4
load:0x40080400,len:3880
entry 0x40080638
[0;32mI (29) boot: ESP-IDF v6.0-dev-1489-g4e036983a7 2nd stage bootloader[0m
[0;32mI (29) boot: compile time Aug 20 2025 08:26:44[0m
[0;32mI (29) boot: Multicore bootloader[0m
[0;32mI (32) boot: chip revision: v1.0[0m
[0;32mI (35) boot.esp32: SPI Speed      : 40MHz[0m
[0;32mI (39) boot.esp32: SPI Mode       : DIO[0m
[0;32mI (42) boot.esp32: SPI Flash Size : 2MB[0m
[0;32mI (46) boot: Enabling RNG early entropy source...[0m
[0;32mI (50) boot: Partition Table:[0m
[0;32mI (53) boot: ## Label            Usage          Type ST Offset   Length[0m
[0;32mI (59) boot:  0 nvs              WiFi data        01 02 00009000 00050000[0m
[0;32mI (66) boot:  1 phy_init         RF data          01 01 00059000 00001000[0m
[0;32mI (72) boot:  2 factory          factory app      00 00 00060000 00100000[0m
[0;32mI (79) boot: End of partition table[0m
[0;32mI (82) esp_image: segment 0: paddr=00060020 vaddr=3f400020 size=0a3d8h ( 41944) map[0m
[0;32mI (104) esp_image: segment 1: paddr=0006a400 vaddr=3ffb0000 size=028fch ( 10492) load[0m
[0;32mI (109) esp_image: segment 2: paddr=0006cd04 vaddr=40080000 size=03314h ( 13076) load[0m
[0;32mI (114) esp_image: segment 3: paddr=00070020 vaddr=400d0020 size=14368h ( 82792) map[0m
[0;32mI (145) esp_image: segment 4: paddr=00084390 vaddr=40083314 size=0ba18h ( 47640) load[0m
[0;32mI (164) esp_image: segment 5: paddr=0008fdb0 vaddr=400c0000 size=00038h (    56) load[0m
[0;32mI (165) esp_image: segment 6: paddr=0008fdf0 vaddr=50000000 size=000a8h (   168) load[0m
[0;32mI (176) boot: Loaded app from partition at offset 0x60000[0m
[0;32mI (176) boot: Disabling RNG early entropy source...[0m
[0;32mI (190) cpu_start: Multicore app[0m
[0;32mI (198) cpu_start: GPIO 3 and 1 are used as console UART I/O pins[0m
[0;32mI (199) cpu_start: Pro cpu start user code[0m
[0;32mI (199) cpu_start: cpu freq: 160000000 Hz[0m
[0;32mI (200) app_init: Application information:[0m
[0;32mI (204) app_init: Project name:     puf_test[0m
[0;32mI (208) app_init: App version:      8bab072-dirty[0m
[0;32mI (213) app_init: Compile time:     Aug 20 2025 08:26:37[0m
[0;32mI (218) app_init: ELF file SHA256:  00c6070fb...[0m
[0;32mI (222) app_init: ESP-IDF:          v6.0-dev-1489-g4e036983a7[0m
[0;32mI (228) efuse_init: Min chip rev:     v0.0[0m
[0;32mI (231) efuse_init: Max chip rev:     v3.99 [0m
[0;32mI (235) efuse_init: Chip rev:         v1.0[0m
[0;32mI (239) heap_init: Initializing. RAM available for dynamic allocation:[0m
[0;32mI (246) heap_init: At 3FFAE6E0 len 00001920 (6 KiB): DRAM[0m
[0;32mI (251) heap_init: At 3FFB4220 len 0002BDE0 (175 KiB): DRAM[0m
[0;32mI (256) heap_init: At 3FFE0440 len 00003AE0 (14 KiB): D/IRAM[0m
[0;32mI (261) heap_init: At 3FFE4350 len 0001BCB0 (111 KiB): D/IRAM[0m
[0;32mI (267) heap_init: At 4008ED2C len 000112D4 (68 KiB): IRAM[0m
[0;32mI (273) spi_flash: detected chip: generic[0m
[0;32mI (276) spi_flash: flash io: dio[0m
[0;33mW (279) spi_flash: Detected size(4096k) larger than the size in the binary image header(2048k). Using the size in the binary image header.[0m
[0;32mI (291) main_task: Started on CPU0[0m
[0;32mI (301) main_task: Calling app_main()[0m
This is a puf importing ... ... ...STARTING PROVISIONING

assert failed: esp_sleep_pd_config sleep_modes.c:2462 (refs >= 0)


Backtrace: 0x40086835:0x3ffb52c0 0x400867fd:0x3ffb52e0 0x4008c8d1:0x3ffb5300 0x400e35dd:0x3ffb5420 0x400d69e4:0x3ffb5440 0x400d6a1a:0x3ffb5470 0x400d67f4:0x3ffb54a0 0x400d6852:0x3ffb54d0 0x400d64bc:0x3ffb54f0 0x400e3c72:0x3ffb5510 0x40087211:0x3ffb5540




ELF file SHA256: 00c6070fb

Rebooting...
ets Jun  8 2016 00:22:57

rst:0xc (SW_CPU_RESET),boot:0x13 (SPI_FAST_FLASH_BOOT)
configsip: 0, SPIWP:0xee
clk_drv:0x00,q_drv:0x00,d_drv:0x00,cs0_drv:0x00,hd_drv:0x00,wp_drv:0x00
mode:DIO, clock div:2
load:0x3fff0030,len:6372
load:0x40078000,len:15920
ho 0 tail 12 room 4
load:0x40080400,len:3880
entry 0x40080638
[0;32mI (29) boot: ESP-IDF v6.0-dev-1489-g4e036983a7 2nd stage bootloader[0m
[0;32mI (29) boot: compile time Aug 20 2025 08:26:44[0m
[0;32mI (29) boot: Multicore bootloader[0m
[0;32mI (32) boot: chip revision: v1.0[0m
[0;32mI (35) boot.esp32: SPI Speed      : 40MHz[0m
[0;32mI (39) boot.esp32: SPI Mode       : DIO[0m
[0;32mI (42) boot.esp32: SPI Flash Size : 2MB[0m
[0;32mI (46) boot: Enabling RNG early entropy source...[0m
[0;32mI (50) boot: Partition Table:[0m
[0;32mI (53) boot: ## Label            Usage          Type ST Offset   Length[0m
[0;32mI (59) boot:  0 nvs              WiFi data        01 02 00009000 00050000[0m
[0;32mI (66) boot:  1 phy_init         RF data          01 01 00059000 00001000[0m
[0;32mI (72) boot:  2 factory          factory app      00 00 00060000 00100000[0m
[0;32mI (79) boot: End of partition table[0m
[0;32mI (82) esp_image: segment 0: paddr=00060020 vaddr=3f400020 size=0a3d8h ( 41944) map[0m
[0;32mI (104) esp_image: segment 1: paddr=0006a400 vaddr=3ffb0000 size=028fch ( 10492) load[0m
[0;32mI (109) esp_image: segment 2: paddr=0006cd04 vaddr=40080000 size=03314h ( 13076) load[0m
[0;32mI (114) esp_image: segment 3: paddr=00070020 vaddr=400d0020 size=14368h ( 82792) map[0m
[0;32mI (145) esp_image: segment 4: paddr=00084390 vaddr=40083314 size=0ba18h ( 47640) load[0m
[0;32mI (164) esp_image: segment 5: paddr=0008fdb0 vaddr=400c0000 size=00038h (    56) load[0m
[0;32mI (165) esp_image: segment 6: paddr=0008fdf0 vaddr=50000000 size=000a8h (   168) load[0m
[0;32mI (176) boot: Loaded app from partition at offset 0x60000[0m
[0;32mI (176) boot: Disabling RNG early entropy source...[0m
[0;32mI (190) cpu_start: Multicore app[0m
[0;32mI (198) cpu_start: GPIO 3 and 1 are used as console UART I/O pins[0m
[0;32mI (199) cpu_start: Pro cpu start user code[0m
[0;32mI (199) cpu_start: cpu freq: 160000000 Hz[0m
[0;32mI (200) app_init: Application information:[0m
[0;32mI (204) app_init: Project name:     puf_test[0m
[0;32mI (208) app_init: App version:      8bab072-dirty[0m
[0;32mI (213) app_init: Compile time:     Aug 20 2025 08:26:37[0m
[0;32mI (218) app_init: ELF file SHA256:  00c6070fb...[0m
[0;32mI (222) app_init: ESP-IDF:          v6.0-dev-1489-g4e036983a7[0m
[0;32mI (228) efuse_init: Min chip rev:     v0.0[0m
[0;32mI (231) efuse_init: Max chip rev:     v3.99 [0m
[0;32mI (235) efuse_init: Chip rev:         v1.0[0m
[0;32mI (239) heap_init: Initializing. RAM available for dynamic allocation:[0m
[0;32mI (246) heap_init: At 3FFAE6E0 len 00001920 (6 KiB): DRAM[0m
[0;32mI (251) heap_init: At 3FFB4220 len 0002BDE0 (175 KiB): DRAM[0m
[0;32mI (256) heap_init: At 3FFE0440 len 00003AE0 (14 KiB): D/IRAM[0m
[0;32mI (261) heap_init: At 3FFE4350 len 0001BCB0 (111 KiB): D/IRAM[0m
[0;32mI (267) heap_init: At 4008ED2C len 000112D4 (68 KiB): IRAM[0m
[0;32mI (273) spi_flash: detected chip: generic[0m
[0;32mI (276) spi_flash: flash io: dio[0m
[0;33mW (279) spi_flash: Detected size(4096k) larger than the size in the binary image header(2048k). Using the size in the binary image header.[0m
[0;32mI (291) main_task: Started on CPU0[0m
[0;32mI (301) main_task: Calling app_main()[0m
This is a puf importing ... ... ...STARTING PROVISIONING

assert failed: esp_sleep_pd_config sleep_modes.c:2462 (refs >= 0)


Backtrace: 0x40086835:0x3ffb52c0 0x400867fd:0x3ffb52e0 0x4008c8d1:0x3ffb5300 0x400e35dd:0x3ffb5420 0x400d69e4:0x3ffb5440 0x400d6a1a:0x3ffb5470 0x400d67f4:0x3ffb54a0 0x400d6852:0x3ffb54d0 0x400d64bc:0x3ffb54f0 0x400e3c72:0x3ffb5510 0x40087211:0x3ffb5540




ELF file SHA256: 00c6070fb

Rebooting...
ets Jun  8 2016 00:22:57

rst:0xc (SW_CPU_RESET),boot:0x13 (SPI_FAST_FLASH_BOOT)
configsip: 0, SPIWP:0xee
clk_drv:0x00,q_drv:0x00,d_drv:0x00,cs0_drv:0x00,hd_drv:0x00,wp_drv:0x00
mode:DIO, clock div:2
load:0x3fff0030,len:6372
load:0x40078000,len:15920
ho 0 tail 12 room 4
load:0x40080400,len:3880
entry 0x40080638
[0;32mI (29) boot: ESP-IDF v6.0-dev-1489-g4e036983a7 2nd stage bootloader[0m
[0;32mI (29) boot: compile time Aug 20 2025 08:26:44[0m
[0;32mI (29) boot: Multicore bootloader[0m
[0;32mI (32) boot: chip revision: v1.0[0m
[0;32mI (35) boot.esp32: SPI Speed      : 40MHz[0m
[0;32mI (39) boot.esp32: SPI Mode       : DIO[0m
[0;32mI (42) boot.esp32: SPI Flash Size : 2MB[0m
[0;32mI (46) boot: Enabling RNG early entropy source...[0m
[0;32mI (50) boot: Partition Table:[0m
[0;32mI (53) boot: ## Label            Usage          Type ST Offset   Length[0m
[0;32mI (59) boot:  0 nvs              WiFi data        01 02 00009000 00050000[0m
[0;32mI (66) boot:  1 phy_init         RF data          01 01 00059000 00001000[0m
[0;32mI (72) boot:  2 factory          factory app      00 00 00060000 00100000[0m
[0;32mI (79) boot: End of partition table[0m
[0;32mI (82) esp_image: segment 0: paddr=00060020 vaddr=3f400020 size=0a3d8h ( 41944) map[0m
[0;32mI (104) esp_image: segment 1: paddr=0006a400 vaddr=3ffb0000 size=028fch ( 10492) load[0m
[0;32mI (109) esp_image: segment 2: paddr=0006cd04 vaddr=40080000 size=03314h ( 13076) load[0m
[0;32mI (114) esp_image: segment 3: paddr=00070020 vaddr=400d0020 size=14368h ( 82792) map[0m
[0;32mI (145) esp_image: segment 4: paddr=00084390 vaddr=40083314 size=0ba18h ( 47640) load[0m
[0;32mI (164) esp_image: segment 5: paddr=0008fdb0 vaddr=400c0000 size=00038h (    56) load[0m
[0;32mI (165) esp_image: segment 6: paddr=0008fdf0 vaddr=50000000 size=000a8h (   168) load[0m
[0;32mI (176) boot: Loaded app from partition at offset 0x60000[0m
[0;32mI (176) boot: Disabling RNG early entropy source...[0m
[0;32mI (190) cpu_start: Multicore app[0m
[0;32mI (198) cpu_start: GPIO 3 and 1 are used as console UART I/O pins[0m
[0;32mI (199) cpu_start: Pro cpu start user code[0m
[0;32mI (199) cpu_start: cpu freq: 160000000 Hz[0m
[0;32mI (200) app_init: Application information:[0m
[0;32mI (204) app_init: Project name:     puf_test[0m
[0;32mI (208) app_init: App version:      8bab072-dirty[0m
[0;32mI (213) app_init: Compile time:     Aug 20 2025 08:26:37[0m
[0;32mI (218) app_init: ELF file SHA256:  00c6070fb...[0m
[0;32mI (222) app_init: ESP-IDF:          v6.0-dev-1489-g4e036983a7[0m
[0;32mI (228) efuse_init: Min chip rev:     v0.0[0m
[0;32mI (231) efuse_init: Max chip rev:     v3.99 [0m
[0;32mI (235) efuse_init: Chip rev:         v1.0[0m
[0;32mI (239) heap_init: Initializing. RAM available for dynamic allocation:[0m
[0;32mI (246) heap_init: At 3FFAE6E0 len 00001920 (6 KiB): DRAM[0m
[0;32mI (251) heap_init: At 3FFB4220 len 0002BDE0 (175 KiB): DRAM[0m
[0;32mI (256) heap_init: At 3FFE0440 len 00003AE0 (14 KiB): D/IRAM[0m
[0;32mI (261) heap_init: At 3FFE4350 len 0001BCB0 (111 KiB): D/IRAM[0m
[0;32mI (267) heap_init: At 4008ED2C len 000112D4 (68 KiB): IRAM[0m
[0;32mI (273) spi_flash: detected chip: generic[0m
[0;32mI (276) spi_flash: flash io: dio[0m
[0;33mW (279) spi_flash: Detected size(4096k) larger than the size in the binary image header(2048k). Using the size in the binary image header.[0m
[0;32mI (291) main_task: Started on CPU0[0m
[0;32mI (301) main_task: Calling app_main()[0m
This is a puf importing ... ... ...STARTING PROVISIONING

assert failed: esp_sleep_pd_config sleep_modes.c:2462 (refs >= 0)


Backtrace: 0x40086835:0x3ffb52c0 0x400867fd:0x3ffb52e0 0x4008c8d1:0x3ffb5300 0x400e35dd:0x3ffb5420 0x400d69e4:0x3ffb5440 0x400d6a1a:0x3ffb5470 0x400d67f4:0x3ffb54a0 0x400d6852:0x3ffb54d0 0x400d64bc:0x3ffb54f0 0x400e3c72:0x3ffb5510 0x40087211:0x3ffb5540




ELF file SHA256: 00c6070fb

Rebooting...
ets Jun  8 2016 00:22:57

rst:0xc (SW_CPU_RESET),boot:0x13 (SPI_FAST_FLASH_BOOT)
configsip: 0, SPIWP:0xee
clk_drv:0x00,q_drv:0x00,d_drv:0x00,cs0_drv:0x00,hd_drv:0x00,wp_drv:0x00
mode:DIO, clock div:2
load:0x3fff0030,len:6372
load:0x40078000,len:15920
ho 0 tail 12 room 4
load:0x40080400,len:3880
entry 0x40080638
[0;32mI (29) boot: ESP-IDF v6.0-dev-1489-g4e036983a7 2nd stage bootloader[0m
[0;32mI (29) boot: compile time Aug 20 2025 08:26:44[0m
[0;32mI (29) boot: Multicore bootloader[0m
[0;32mI (32) boot: chip revision: v1.0[0m
[0;32mI (35) boot.esp32: SPI Speed      : 40MHz[0m
[0;32mI (39) boot.esp32: SPI Mode       : DIO[0m
[0;32mI (42) boot.esp32: SPI Flash Size : 2MB[0m
[0;32mI (46) boot: Enabling RNG early entropy source...[0m
[0;32mI (50) boot: Partition Table:[0m
[0;32mI (53) boot: ## Label            Usage          Type ST Offset   Length[0m
[0;32mI (59) boot:  0 nvs              WiFi data        01 02 00009000 00050000[0m
[0;32mI (66) boot:  1 phy_init         RF data          01 01 00059000 00001000[0m
[0;32mI (72) boot:  2 factory          factory app      00 00 00060000 00100000[0m
[0;32mI (79) boot: End of partition table[0m
[0;32mI (82) esp_image: segment 0: paddr=00060020 vaddr=3f400020 size=0a3d8h ( 41944) map[0m
[0;32mI (104) esp_image: segment 1: paddr=0006a400 vaddr=3ffb0000 size=028fch ( 10492) load[0m
[0;32mI (109) esp_image: segment 2: paddr=0006cd04 vaddr=40080000 size=03314h ( 13076) load[0m
[0;32mI (114) esp_image: segment 3: paddr=00070020 vaddr=400d0020 size=14368h ( 82792) map[0m
[0;32mI (145) esp_image: segment 4: paddr=00084390 vaddr=40083314 size=0ba18h ( 47640) load[0m
[0;32mI (164) esp_image: segment 5: paddr=0008fdb0 vaddr=400c0000 size=00038h (    56) load[0m
[0;32mI (165) esp_image: segment 6: paddr=0008fdf0 vaddr=50000000 size=000a8h (   168) load[0m
[0;32mI (176) boot: Loaded app from partition at offset 0x60000[0m
[0;32mI (176) boot: Disabling RNG early entropy source...[0m
[0;32mI (190) cpu_start: Multicore app[0m
[0;32mI (198) cpu_start: GPIO 3 and 1 are used as console UART I/O pins[0m
[0;32mI (199) cpu_start: Pro cpu start user code[0m
[0;32mI (199) cpu_start: cpu freq: 160000000 Hz[0m
[0;32mI (200) app_init: Application information:[0m
[0;32mI (204) app_init: Project name:     puf_test[0m
[0;32mI (208) app_init: App version:      8bab072-dirty[0m
[0;32mI (213) app_init: Compile time:     Aug 20 2025 08:26:37[0m
[0;32mI (218) app_init: ELF file SHA256:  00c6070fb...[0m
[0;32mI (222) app_init: ESP-IDF:          v6.0-dev-1489-g4e036983a7[0m
[0;32mI (228) efuse_init: Min chip rev:     v0.0[0m
[0;32mI (231) efuse_init: Max chip rev:     v3.99 [0m
[0;32mI (235) efuse_init: Chip rev:         v1.0[0m
[0;32mI (239) heap_init: Initializing. RAM available for dynamic allocation:[0m
[0;32mI (246) heap_init: At 3FFAE6E0 len 00001920 (6 KiB): DRAM[0m
[0;32mI (251) heap_init: At 3FFB4220 len 0002BDE0 (175 KiB): DRAM[0m
[0;32mI (256) heap_init: At 3FFE0440 len 00003AE0 (14 KiB): D/IRAM[0m
[0;32mI (261) heap_init: At 3FFE4350 len 0001BCB0 (111 KiB): D/IRAM[0m
[0;32mI (267) heap_init: At 4008ED2C len 000112D4 (68 KiB): IRAM[0m
[0;32mI (273) spi_flash: detected chip: generic[0m
[0;32mI (276) spi_flash: flash io: dio[0m
[0;33mW (279) spi_flash: Detected size(4096k) larger than the size in the binary image header(2048k). Using the size in the binary image header.[0m
[0;32mI (291) main_task: Started on CPU0[0m
[0;32mI (301) main_task: Calling app_main()[0m
This is a puf importing ... ... ...STARTING PROVISIONING

assert failed: esp_sleep_pd_config sleep_modes.c:2462 (refs >= 0)


Backtrace: 0x40086835:0x3ffb52c0 0x400867fd:0x3ffb52e0 0x4008c8d1:0x3ffb5300 0x400e35dd:0x3ffb5420 0x400d69e4:0x3ffb5440 0x400d6a1a:0x3ffb5470 0x400d67f4:0x3ffb54a0 0x400d6852:0x3ffb54d0 0x400d64bc:0x3ffb54f0 0x400e3c72:0x3ffb5510 0x40087211:0x3ffb5540




ELF file SHA256: 00c6070fb

Rebooting...
ets Jun  8 2016 00:22:57

rst:0xc (SW_CPU_RESET),boot:0x13 (SPI_FAST_FLASH_BOOT)
configsip: 0, SPIWP:0xee
clk_drv:0x00,q_drv:0x00,d_drv:0x00,cs0_drv:0x00,hd_drv:0x00,wp_drv:0x00
mode:DIO, clock div:2
load:0x3fff0030,len:6372
load:0x40078000,len:15920
ho 0 tail 12 room 4
load:0x40080400,len:3880
entry 0x40080638
[0;32mI (29) boot: ESP-IDF v6.0-dev-1489-g4e036983a7 2nd stage bootloader[0m
[0;32mI (29) boot: compile time Aug 20 2025 08:26:44[0m
[0;32mI (29) boot: Multicore bootloader[0m
[0;32mI (32) boot: chip revision: v1.0[0m
[0;32mI (35) boot.esp32: SPI Speed      : 40MHz[0m
[0;32mI (39) boot.esp32: SPI Mode       : DIO[0m
[0;32mI (42) boot.esp32: SPI Flash Size : 2MB[0m
[0;32mI (46) boot: Enabling RNG early entropy source...[0m
[0;32mI (50) boot: Partition Table:[0m
[0;32mI (53) boot: ## Label            Usage          Type ST Offset   Length[0m
[0;32mI (59) boot:  0 nvs              WiFi data        01 02 00009000 00050000[0m
[0;32mI (66) boot:  1 phy_init         RF data          01 01 00059000 00001000[0m
[0;32mI (72) boot:  2 factory          factory app      00 00 00060000 00100000[0m
[0;32mI (79) boot: End of partition table[0m
[0;32mI (82) esp_image: segment 0: paddr=00060020 vaddr=3f400020 size=0a3d8h ( 41944) map[0m
[0;32mI (104) esp_image: segment 1: paddr=0006a400 vaddr=3ffb0000 size=028fch ( 10492) load[0m
[0;32mI (109) esp_image: segment 2: paddr=0006cd04 vaddr=40080000 size=03314h ( 13076) load[0m
[0;32mI (114) esp_image: segment 3: paddr=00070020 vaddr=400d0020 size=14368h ( 82792) map[0m
[0;32mI (145) esp_image: segment 4: paddr=00084390 vaddr=40083314 size=0ba18h ( 47640) load[0m
[0;32mI (164) esp_image: segment 5: paddr=0008fdb0 vaddr=400c0000 size=00038h (    56) load[0m
[0;32mI (165) esp_image: segment 6: paddr=0008fdf0 vaddr=50000000 size=000a8h (   168) load[0m
[0;32mI (176) boot: Loaded app from partition at offset 0x60000[0m
[0;32mI (176) boot: Disabling RNG early entropy source...[0m
[0;32mI (190) cpu_start: Multicore app[0m
[0;32mI (198) cpu_start: GPIO 3 and 1 are used as console UART I/O pins[0m
[0;32mI (199) cpu_start: Pro cpu start user code[0m
[0;32mI (199) cpu_start: cpu freq: 160000000 Hz[0m
[0;32mI (200) app_init: Application information:[0m
[0;32mI (204) app_init: Project name:     puf_test[0m
[0;32mI (208) app_init: App version:      8bab072-dirty[0m
[0;32mI (213) app_init: Compile time:     Aug 20 2025 08:26:37[0m
[0;32mI (218) app_init: ELF file SHA256:  00c6070fb...[0m
[0;32mI (222) app_init: ESP-IDF:          v6.0-dev-1489-g4e036983a7[0m
[0;32mI (228) efuse_init: Min chip rev:     v0.0[0m
[0;32mI (231) efuse_init: Max chip rev:     v3.99 [0m
[0;32mI (235) efuse_init: Chip rev:         v1.0[0m
[0;32mI (239) heap_init: Initializing. RAM available for dynamic allocation:[0m
[0;32mI (246) heap_init: At 3FFAE6E0 len 00001920 (6 KiB): DRAM[0m
[0;32mI (251) heap_init: At 3FFB4220 len 0002BDE0 (175 KiB): DRAM[0m
[0;32mI (256) heap_init: At 3FFE0440 len 00003AE0 (14 KiB): D/IRAM[0m
[0;32mI (261) heap_init: At 3FFE4350 len 0001BCB0 (111 KiB): D/IRAM[0m
[0;32mI (267) heap_init: At 4008ED2C len 000112D4 (68 KiB): IRAM[0m
[0;32mI (273) spi_flash: detected chip: generic[0m
[0;32mI (276) spi_flash: flash io: dio[0m
[0;33mW (279) spi_flash: Detected size(4096k) larger than the size in the binary image header(2048k). Using the size in the binary image header.[0m
[0;32mI (291) main_task: Started on CPU0[0m
[0;32mI (301) main_task: Calling app_main()[0m
This is a puf importing ... ... ...STARTING PROVISIONING

assert failed: esp_sleep_pd_config sleep_modes.c:2462 (refs >= 0)


Backtrace: 0x40086835:0x3ffb52c0 0x400867fd:0x3ffb52e0 0x4008c8d1:0x3ffb5300 0x400e35dd:0x3ffb5420 0x400d69e4:0x3ffb5440 0x400d6a1a:0x3ffb5470 0x400d67f4:0x3ffb54a0 0x400d6852:0x3ffb54d0 0x400d64bc:0x3ffb54f0 0x400e3c72:0x3ffb5510 0x40087211:0x3ffb5540




ELF file SHA256: 00c6070fb

Rebooting...
ets Jun  8 2016 00:22:57

rst:0xc (SW_CPU_RESET),boot:0x13 (SPI_FAST_FLASH_BOOT)
configsip: 0, SPIWP:0xee
clk_drv:0x00,q_drv:0x00,d_drv:0x00,cs0_drv:0x00,hd_drv:0x00,wp_drv:0x00
mode:DIO, clock div:2
load:0x3fff0030,len:6372
load:0x40078000,len:15920
ho 0 tail 12 room 4
load:0x40080400,len:3880
entry 0x40080638
[0;32mI (29) boot: ESP-IDF v6.0-dev-1489-g4e036983a7 2nd stage bootloader[0m
[0;32mI (29) boot: compile time Aug 20 2025 08:26:44[0m
[0;32mI (29) boot: Multicore bootloader[0m
[0;32mI (32) boot: chip revision: v1.0[0m
[0;32mI (35) boot.esp32: SPI Speed      : 40MHz[0m
[0;32mI (39) boot.esp32: SPI Mode       : DIO[0m
[0;32mI (42) boot.esp32: SPI Flash Size : 2MB[0m
[0;32mI (46) boot: Enabling RNG early entropy source...[0m
[0;32mI (50) boot: Partition Table:[0m
[0;32mI (53) boot: ## Label            Usage          Type ST Offset   Length[0m
[0;32mI (59) boot:  0 nvs              WiFi data        01 02 00009000 00050000[0m
[0;32mI (66) boot:  1 phy_init         RF data          01 01 00059000 00001000[0m
[0;32mI (72) boot:  2 factory          factory app      00 00 00060000 00100000[0m
[0;32mI (79) boot: End of partition table[0m
[0;32mI (82) esp_image: segment 0: paddr=00060020 vaddr=3f400020 size=0a3d8h ( 41944) map[0m
[0;32mI (104) esp_image: segment 1: paddr=0006a400 vaddr=3ffb0000 size=028fch ( 10492) load[0m
[0;32mI (109) esp_image: segment 2: paddr=0006cd04 vaddr=40080000 size=03314h ( 13076) load[0m
[0;32mI (114) esp_image: segment 3: paddr=00070020 vaddr=400d0020 size=14368h ( 82792) map[0m
[0;32mI (145) esp_image: segment 4: paddr=00084390 vaddr=40083314 size=0ba18h ( 47640) load[0m
[0;32mI (164) esp_image: segment 5: paddr=0008fdb0 vaddr=400c0000 size=00038h (    56) load[0m
[0;32mI (165) esp_image: segment 6: paddr=0008fdf0 vaddr=50000000 size=000a8h (   168) load[0m
[0;32mI (176) boot: Loaded app from partition at offset 0x60000[0m
[0;32mI (176) boot: Disabling RNG early entropy source...[0m
[0;32mI (190) cpu_start: Multicore app[0m
[0;32mI (198) cpu_start: GPIO 3 and 1 are used as console UART I/O pins[0m
[0;32mI (199) cpu_start: Pro cpu start user code[0m
[0;32mI (199) cpu_start: cpu freq: 160000000 Hz[0m
[0;32mI (200) app_init: Application information:[0m
[0;32mI (204) app_init: Project name:     puf_test[0m
[0;32mI (208) app_init: App version:      8bab072-dirty[0m
[0;32mI (213) app_init: Compile time:     Aug 20 2025 08:26:37[0m
[0;32mI (218) app_init: ELF file SHA256:  00c6070fb...[0m
[0;32mI (222) app_init: ESP-IDF:          v6.0-dev-1489-g4e036983a7[0m
[0;32mI (228) efuse_init: Min chip rev:     v0.0[0m
[0;32mI (231) efuse_init: Max chip rev:     v3.99 [0m
[0;32mI (235) efuse_init: Chip rev:         v1.0[0m
[0;32mI (239) heap_init: Initializing. RAM available for dynamic allocation:[0m
[0;32mI (246) heap_init: At 3FFAE6E0 len 00001920 (6 KiB): DRAM[0m
[0;32mI (251) heap_init: At 3FFB4220 len 0002BDE0 (175 KiB): DRAM[0m
[0;32mI (256) heap_init: At 3FFE0440 len 00003AE0 (14 KiB): D/IRAM[0m
[0;32mI (261) heap_init: At 3FFE4350 len 0001BCB0 (111 KiB): D/IRAM[0m
[0;32mI (267) heap_init: At 4008ED2C len 000112D4 (68 KiB): IRAM[0m
[0;32mI (273) spi_flash: detected chip: generic[0m
[0;32mI (276) spi_flash: flash io: dio[0m
[0;33mW (279) spi_flash: Detected size(4096k) larger than the size in the binary image header(2048k). Using the size in the binary image header.[0m
[0;32mI (291) main_task: Started on CPU0[0m
[0;32mI (301) main_task: Calling app_main()[0m
This is a puf importing ... ... ...STARTING PROVISIONING

assert failed: esp_sleep_pd_config sleep_modes.c:2462 (refs >= 0)


Backtrace: 0x40086835:0x3ffb52c0 0x400867fd:0x3ffb52e0 0x4008c8d1:0x3ffb5300 0x400e35dd:0x3ffb5420 0x400d69e4:0x3ffb5440 0x400d6a1a:0x3ffb5470 0x400d67f4:0x3ffb54a0 0x400d6852:0x3ffb54d0 0x400d64bc:0x3ffb54f0 0x400e3c72:0x3ffb5510 0x40087211:0x3ffb5540




ELF file SHA256: 00c6070fb

Rebooting...
ets Jun  8 2016 00:22:57

rst:0xc (SW_CPU_RESET),boot:0x13 (SPI_FAST_FLASH_BOOT)
configsip: 0, SPIWP:0xee
clk_drv:0x00,q_drv:0x00,d_drv:0x00,cs0_drv:0x00,hd_drv:0x00,wp_drv:0x00
mode:DIO, clock div:2
load:0x3fff0030,len:6372
load:0x40078000,len:15920
ho 0 tail 12 room 4
load:0x40080400,len:3880
entry 0x40080638
[0;32mI (29) boot: ESP-IDF v6.0-dev-1489-g4e036983a7 2nd stage bootloader[0m
[0;32mI (29) boot: compile time Aug 20 2025 08:26:44[0m
[0;32mI (29) boot: Multicore bootloader[0m
[0;32mI (32) boot: chip revision: v1.0[0m
[0;32mI (35) boot.esp32: SPI Speed      : 40MHz[0m
[0;32mI (39) boot.esp32: SPI Mode       : DIO[0m
[0;32mI (42) boot.esp32: SPI Flash Size : 2MB[0m
[0;32mI (46) boot: Enabling RNG early entropy source...[0m
[0;32mI (50) boot: Partition Table:[0m
[0;32mI (53) boot: ## Label            Usage          Type ST Offset   Length[0m
[0;32mI (59) boot:  0 nvs              WiFi data        01 02 00009000 00050000[0m
[0;32mI (66) boot:  1 phy_init         RF data          01 01 00059000 00001000[0m
[0;32mI (72) boot:  2 factory          factory app      00 00 00060000 00100000[0m
[0;32mI (79) boot: End of partition table[0m
[0;32mI (82) esp_image: segment 0: paddr=00060020 vaddr=3f400020 size=0a3d8h ( 41944) map[0m
[0;32mI (104) esp_image: segment 1: paddr=0006a400 vaddr=3ffb0000 size=028fch ( 10492) load[0m
[0;32mI (109) esp_image: segment 2: paddr=0006cd04 vaddr=40080000 size=03314h ( 13076) load[0m
[0;32mI (114) esp_image: segment 3: paddr=00070020 vaddr=400d0020 size=14368h ( 82792) map[0m
[0;32mI (145) esp_image: segment 4: paddr=00084390 vaddr=40083314 size=0ba18h ( 47640) load[0m
[0;32mI (164) esp_image: segment 5: paddr=0008fdb0 vaddr=400c0000 size=00038h (    56) load[0m
[0;32mI (165) esp_image: segment 6: paddr=0008fdf0 vaddr=50000000 size=000a8h (   168) load[0m
[0;32mI (176) boot: Loaded app from partition at offset 0x60000[0m
[0;32mI (176) boot: Disabling RNG early entropy source...[0m
[0;32mI (190) cpu_start: Multicore app[0m
[0;32mI (198) cpu_start: GPIO 3 and 1 are used as console UART I/O pins[0m
[0;32mI (199) cpu_start: Pro cpu start user code[0m
[0;32mI (199) cpu_start: cpu freq: 160000000 Hz[0m
[0;32mI (200) app_init: Application information:[0m
[0;32mI (204) app_init: Project name:     puf_test[0m
[0;32mI (208) app_init: App version:      8bab072-dirty[0m
[0;32mI (213) app_init: Compile time:     Aug 20 2025 08:26:37[0m
[0;32mI (218) app_init: ELF file SHA256:  00c6070fb...[0m
[0;32mI (222) app_init: ESP-IDF:          v6.0-dev-1489-g4e036983a7[0m
[0;32mI (228) efuse_init: Min chip rev:     v0.0[0m
[0;32mI (231) efuse_init: Max chip rev:     v3.99 [0m
[0;32mI (235) efuse_init: Chip rev:         v1.0[0m
[0;32mI (239) heap_init: Initializing. RAM available for dynamic allocation:[0m
[0;32mI (246) heap_init: At 3FFAE6E0 len 00001920 (6 KiB): DRAM[0m
[0;32mI (251) heap_init: At 3FFB4220 len 0002BDE0 (175 KiB): DRAM[0m
[0;32mI (256) heap_init: At 3FFE0440 len 00003AE0 (14 KiB): D/IRAM[0m
[0;32mI (261) heap_init: At 3FFE4350 len 0001BCB0 (111 KiB): D/IRAM[0m
[0;32mI (267) heap_init: At 4008ED2C len 000112D4 (68 KiB): IRAM[0m
[0;32mI (273) spi_flash: detected chip: generic[0m
[0;32mI (276) spi_flash: flash io: dio[0m
[0;33mW (279) spi_flash: Detected size(4096k) larger than the size in the binary image header(2048k). Using the size in the binary image header.[0m
[0;32mI (291) main_task: Started on CPU0[0m
[0;32mI (301) main_task: Calling app_main()[0m
This is a puf importing ... ... ...STARTING PROVISIONING

assert failed: esp_sleep_pd_config sleep_modes.c:2462 (refs >= 0)


Backtrace: 0x40086835:0x3ffb52c0 0x400867fd:0x3ffb52e0 0x4008c8d1:0x3ffb5300 0x400e35dd:0x3ffb5420 0x400d69e4:0x3ffb5440 0x400d6a1a:0x3ffb5470 0x400d67f4:0x3ffb54a0 0x400d6852:0x3ffb54d0 0x400d64bc:0x3ffb54f0 0x400e3c72:0x3ffb5510 0x40087211:0x3ffb5540




ELF file SHA256: 00c6070fb

Rebooting...
ets Jun  8 2016 00:22:57

rst:0xc (SW_CPU_RESET),boot:0x13 (SPI_FAST_FLASH_BOOT)
configsip: 0, SPIWP:0xee
clk_drv:0x00,q_drv:0x00,d_drv:0x00,cs0_drv:0x00,hd_drv:0x00,wp_drv:0x00
mode:DIO, clock div:2
load:0x3fff0030,len:6372
load:0x40078000,len:15920
ho 0 tail 12 room 4
load:0x40080400,len:3880
entry 0x40080638
[0;32mI (29) boot: ESP-IDF v6.0-dev-1489-g4e036983a7 2nd stage bootloader[0m
[0;32mI (29) boot: compile time Aug 20 2025 08:26:44[0m
[0;32mI (29) boot: Multicore bootloader[0m
[0;32mI (32) boot: chip revision: v1.0[0m
[0;32mI (35) boot.esp32: SPI Speed      : 40MHz[0m
[0;32mI (39) boot.esp32: SPI Mode       : DIO[0m
[0;32mI (42) boot.esp32: SPI Flash Size : 2MB[0m
[0;32mI (46) boot: Enabling RNG early entropy source...[0m
[0;32mI (50) boot: Partition Table:[0m
[0;32mI (53) boot: ## Label            Usage          Type ST Offset   Length[0m
[0;32mI (59) boot:  0 nvs              WiFi data        01 02 00009000 00050000[0m
[0;32mI (66) boot:  1 phy_init         RF data          01 01 00059000 00001000[0m
[0;32mI (72) boot:  2 factory          factory app      00 00 00060000 00100000[0m
[0;32mI (79) boot: End of partition table[0m
[0;32mI (82) esp_image: segment 0: paddr=00060020 vaddr=3f400020 size=0a3d8h ( 41944) map[0m
[0;32mI (104) esp_image: segment 1: paddr=0006a400 vaddr=3ffb0000 size=028fch ( 10492) load[0m
[0;32mI (109) esp_image: segment 2: paddr=0006cd04 vaddr=40080000 size=03314h ( 13076) load[0m
[0;32mI (114) esp_image: segment 3: paddr=00070020 vaddr=400d0020 size=14368h ( 82792) map[0m
[0;32mI (145) esp_image: segment 4: paddr=00084390 vaddr=40083314 size=0ba18h ( 47640) load[0m
[0;32mI (164) esp_image: segment 5: paddr=0008fdb0 vaddr=400c0000 size=00038h (    56) load[0m
[0;32mI (165) esp_image: segment 6: paddr=0008fdf0 vaddr=50000000 size=000a8h (   168) load[0m
[0;32mI (176) boot: Loaded app from partition at offset 0x60000[0m
[0;32mI (176) boot: Disabling RNG early entropy source...[0m
[0;32mI (190) cpu_start: Multicore app[0m
[0;32mI (198) cpu_start: GPIO 3 and 1 are used as console UART I/O pins[0m
[0;32mI (199) cpu_start: Pro cpu start user code[0m
[0;32mI (199) cpu_start: cpu freq: 160000000 Hz[0m
[0;32mI (200) app_init: Application information:[0m
[0;32mI (204) app_init: Project name:     puf_test[0m
[0;32mI (208) app_init: App version:      8bab072-dirty[0m
[0;32mI (213) app_init: Compile time:     Aug 20 2025 08:26:37[0m
[0;32mI (218) app_init: ELF file SHA256:  00c6070fb...[0m
[0;32mI (222) app_init: ESP-IDF:          v6.0-dev-1489-g4e036983a7[0m
[0;32mI (228) efuse_init: Min chip rev:     v0.0[0m
[0;32mI (231) efuse_init: Max chip rev:     v3.99 [0m
[0;32mI (235) efuse_init: Chip rev:         v1.0[0m
[0;32mI (239) heap_init: Initializing. RAM available for dynamic allocation:[0m
[0;32mI (246) heap_init: At 3FFAE6E0 len 00001920 (6 KiB): DRAM[0m
[0;32mI (251) heap_init: At 3FFB4220 len 0002BDE0 (175 KiB): DRAM[0m
[0;32mI (256) heap_init: At 3FFE0440 len 00003AE0 (14 KiB): D/IRAM[0m
[0;32mI (261) heap_init: At 3FFE4350 len 0001BCB0 (111 KiB): D/IRAM[0m
[0;32mI (267) heap_init: At 4008ED2C len 000112D4 (68 KiB): IRAM[0m
[0;32mI (273) spi_flash: detected chip: generic[0m
[0;32mI (276) spi_flash: flash io: dio[0m
[0;33mW (279) spi_flash: Detected size(4096k) larger than the size in the binary image header(2048k). Using the size in the binary image header.[0m
[0;32mI (291) main_task: Started on CPU0[0m
[0;32mI (301) main_task: Calling app_main()[0m
This is a puf importing ... ... ...STARTING PROVISIONING

assert failed: esp_sleep_pd_config sleep_modes.c:2462 (refs >= 0)


Backtrace: 0x40086835:0x3ffb52c0 0x400867fd:0x3ffb52e0 0x4008c8d1:0x3ffb5300 0x400e35dd:0x3ffb5420 0x400d69e4:0x3ffb5440 0x400d6a1a:0x3ffb5470 0x400d67f4:0x3ffb54a0 0x400d6852:0x3ffb54d0 0x400d64bc:0x3ffb54f0 0x400e3c72:0x3ffb5510 0x40087211:0x3ffb5540




ELF file SHA256: 00c6070fb

Rebooting...
ets Jun  8 2016 00:22:57

rst:0xc (SW_CPU_RESET),boot:0x13 (SPI_FAST_FLASH_BOOT)
configsip: 0, SPIWP:0xee
clk_drv:0x00,q_drv:0x00,d_drv:0x00,cs0_drv:0x00,hd_drv:0x00,wp_drv:0x00
mode:DIO, clock div:2
load:0x3fff0030,len:6372
load:0x40078000,len:15920
ho 0 tail 12 room 4
load:0x40080400,len:3880
entry 0x40080638
[0;32mI (29) boot: ESP-IDF v6.0-dev-1489-g4e036983a7 2nd stage bootloader[0m
[0;32mI (29) boot: compile time Aug 20 2025 08:26:44[0m
[0;32mI (29) boot: Multicore bootloader[0m
[0;32mI (32) boot: chip revision: v1.0[0m
[0;32mI (35) boot.esp32: SPI Speed      : 40MHz[0m
[0;32mI (39) boot.esp32: SPI Mode       : DIO[0m
[0;32mI (42) boot.esp32: SPI Flash Size : 2MB[0m
[0;32mI (46) boot: Enabling RNG early entropy source...[0m
[0;32mI (50) boot: Partition Table:[0m
[0;32mI (53) boot: ## Label            Usage          Type ST Offset   Length[0m
[0;32mI (59) boot:  0 nvs              WiFi data        01 02 00009000 00050000[0m
[0;32mI (66) boot:  1 phy_init         RF data          01 01 00059000 00001000[0m
[0;32mI (72) boot:  2 factory          factory app      00 00 00060000 00100000[0m
[0;32mI (79) boot: End of partition table[0m
[0;32mI (82) esp_image: segment 0: paddr=00060020 vaddr=3f400020 size=0a3d8h ( 41944) map[0m
[0;32mI (104) esp_image: segment 1: paddr=0006a400 vaddr=3ffb0000 size=028fch ( 10492) load[0m
[0;32mI (109) esp_image: segment 2: paddr=0006cd04 vaddr=40080000 size=03314h ( 13076) load[0m
[0;32mI (114) esp_image: segment 3: paddr=00070020 vaddr=400d0020 size=14368h ( 82792) map[0m
[0;32mI (145) esp_image: segment 4: paddr=00084390 vaddr=40083314 size=0ba18h ( 47640) load[0m
[0;32mI (164) esp_image: segment 5: paddr=0008fdb0 vaddr=400c0000 size=00038h (    56) load[0m
[0;32mI (165) esp_image: segment 6: paddr=0008fdf0 vaddr=50000000 size=000a8h (   168) load[0m
[0;32mI (176) boot: Loaded app from partition at offset 0x60000[0m
[0;32mI (176) boot: Disabling RNG early entropy source...[0m
[0;32mI (190) cpu_start: Multicore app[0m
[0;32mI (198) cpu_start: GPIO 3 and 1 are used as console UART I/O pins[0m
[0;32mI (199) cpu_start: Pro cpu start user code[0m
[0;32mI (199) cpu_start: cpu freq: 160000000 Hz[0m
[0;32mI (200) app_init: Application information:[0m
[0;32mI (204) app_init: Project name:     puf_test[0m
[0;32mI (208) app_init: App version:      8bab072-dirty[0m
[0;32mI (213) app_init: Compile time:     Aug 20 2025 08:26:37[0m
[0;32mI (218) app_init: ELF file SHA256:  00c6070fb...[0m
[0;32mI (222) app_init: ESP-IDF:          v6.0-dev-1489-g4e036983a7[0m
[0;32mI (228) efuse_init: Min chip rev:     v0.0[0m
[0;32mI (231) efuse_init: Max chip rev:     v3.99 [0m
[0;32mI (235) efuse_init: Chip rev:         v1.0[0m
[0;32mI (239) heap_init: Initializing. RAM available for dynamic allocation:[0m
[0;32mI (246) heap_init: At 3FFAE6E0 len 00001920 (6 KiB): DRAM[0m
[0;32mI (251) heap_init: At 3FFB4220 len 0002BDE0 (175 KiB): DRAM[0m
[0;32mI (256) heap_init: At 3FFE0440 len 00003AE0 (14 KiB): D/IRAM[0m
[0;32mI (261) heap_init: At 3FFE4350 len 0001BCB0 (111 KiB): D/IRAM[0m
[0;32mI (267) heap_init: At 4008ED2C len 000112D4 (68 KiB): IRAM[0m
[0;32mI (273) spi_flash: detected chip: generic[0m
[0;32mI (276) spi_flash: flash io: dio[0m
[0;33mW (279) spi_flash: Detected size(4096k) larger than the size in the binary image header(2048k). Using the size in the binary image header.[0m
[0;32mI (291) main_task: Started on CPU0[0m
[0;32mI (301) main_task: Calling app_main()[0m
This is a puf importing ... ... ...STARTING PROVISIONING

assert failed: esp_sleep_pd_config sleep_modes.c:2462 (refs >= 0)


Backtrace: 0x40086835:0x3ffb52c0 0x400867fd:0x3ffb52e0 0x4008c8d1:0x3ffb5300 0x400e35dd:0x3ffb5420 0x400d69e4:0x3ffb5440 0x400d6a1a:0x3ffb5470 0x400d67f4:0x3ffb54a0 0x400d6852:0x3ffb54d0 0x400d64bc:0x3ffb54f0 0x400e3c72:0x3ffb5510 0x40087211:0x3ffb5540




ELF file SHA256: 00c6070fb

Rebooting...
ets Jun  8 2016 00:22:57

rst:0xc (SW_CPU_RESET),boot:0x13 (SPI_FAST_FLASH_BOOT)
configsip: 0, SPIWP:0xee
clk_drv:0x00,q_drv:0x00,d_drv:0x00,cs0_drv:0x00,hd_drv:0x00,wp_drv:0x00
mode:DIO, clock div:2
load:0x3fff0030,len:6372
load:0x40078000,len:15920
ho 0 tail 12 room 4
load:0x40080400,len:3880
entry 0x40080638
[0;32mI (29) boot: ESP-IDF v6.0-dev-1489-g4e036983a7 2nd stage bootloader[0m
[0;32mI (29) boot: compile time Aug 20 2025 08:26:44[0m
[0;32mI (29) boot: Multicore bootloader[0m
[0;32mI (32) boot: chip revision: v1.0[0m
[0;32mI (35) boot.esp32: SPI Speed      : 40MHz[0m
[0;32mI (39) boot.esp32: SPI Mode       : DIO[0m
[0;32mI (42) boot.esp32: SPI Flash Size : 2MB[0m
[0;32mI (46) boot: Enabling RNG early entropy source...[0m
[0;32mI (50) boot: Partition Table:[0m
[0;32mI (53) boot: ## Label            Usage          Type ST Offset   Length[0m
[0;32mI (59) boot:  0 nvs              WiFi data        01 02 00009000 00050000[0m
[0;32mI (66) boot:  1 phy_init         RF data          01 01 00059000 00001000[0m
[0;32mI (72) boot:  2 factory          factory app      00 00 00060000 00100000[0m
[0;32mI (79) boot: End of partition table[0m
[0;32mI (82) esp_image: segment 0: paddr=00060020 vaddr=3f400020 size=0a3d8h ( 41944) map[0m
[0;32mI (104) esp_image: segment 1: paddr=0006a400 vaddr=3ffb0000 size=028fch ( 10492) load[0m
[0;32mI (109) esp_image: segment 2: paddr=0006cd04 vaddr=40080000 size=03314h ( 13076) load[0m
[0;32mI (114) esp_image: segment 3: paddr=00070020 vaddr=400d0020 size=14368h ( 82792) map[0m
[0;32mI (145) esp_image: segment 4: paddr=00084390 vaddr=40083314 size=0ba18h ( 47640) load[0m
[0;32mI (164) esp_image: segment 5: paddr=0008fdb0 vaddr=400c0000 size=00038h (    56) load[0m
[0;32mI (165) esp_image: segment 6: paddr=0008fdf0 vaddr=50000000 size=000a8h (   168) load[0m
[0;32mI (176) boot: Loaded app from partition at offset 0x60000[0m
[0;32mI (176) boot: Disabling RNG early entropy source...[0m
[0;32mI (190) cpu_start: Multicore app[0m
[0;32mI (198) cpu_start: GPIO 3 and 1 are used as console UART I/O pins[0m
[0;32mI (199) cpu_start: Pro cpu start user code[0m
[0;32mI (199) cpu_start: cpu freq: 160000000 Hz[0m
[0;32mI (200) app_init: Application information:[0m
[0;32mI (204) app_init: Project name:     puf_test[0m
[0;32mI (208) app_init: App version:      8bab072-dirty[0m
[0;32mI (213) app_init: Compile time:     Aug 20 2025 08:26:37[0m
[0;32mI (218) app_init: ELF file SHA256:  00c6070fb...[0m
[0;32mI (222) app_init: ESP-IDF:          v6.0-dev-1489-g4e036983a7[0m
[0;32mI (228) efuse_init: Min chip rev:     v0.0[0m
[0;32mI (231) efuse_init: Max chip rev:     v3.99 [0m
[0;32mI (235) efuse_init: Chip rev:         v1.0[0m
[0;32mI (239) heap_init: Initializing. RAM available for dynamic allocation:[0m
[0;32mI (246) heap_init: At 3FFAE6E0 len 00001920 (6 KiB): DRAM[0m
[0;32mI (251) heap_init: At 3FFB4220 len 0002BDE0 (175 KiB): DRAM[0m
[0;32mI (256) heap_init: At 3FFE0440 len 00003AE0 (14 KiB): D/IRAM[0m
[0;32mI (261) heap_init: At 3FFE4350 len 0001BCB0 (111 KiB): D/IRAM[0m
[0;32mI (267) heap_init: At 4008ED2C len 000112D4 (68 KiB): IRAM[0m
[0;32mI (273) spi_flash: detected chip: generic[0m
[0;32mI (276) spi_flash: flash io: dio[0m
[0;33mW (279) spi_flash: Detected size(4096k) larger than the size in the binary image header(2048k). Using the size in the binary image header.[0m
[0;32mI (291) main_task: Started on CPU0[0m
[0;32mI (301) main_task: Calling app_main()[0m
This is a puf importing ... ... ...STARTING PROVISIONING

assert failed: esp_sleep_pd_config sleep_modes.c:2462 (refs >= 0)


Backtrace: 0x40086835:0x3ffb52c0 0x400867fd:0x3ffb52e0 0x4008c8d1:0x3ffb5300 0x400e35dd:0x3ffb5420 0x400d69e4:0x3ffb5440 0x400d6a1a:0x3ffb5470 0x400d67f4:0x3ffb54a0 0x400d6852:0x3ffb54d0 0x400d64bc:0x3ffb54f0 0x400e3c72:0x3ffb5510 0x40087211:0x3ffb5540




ELF file SHA256: 00c6070fb

Rebooting...
ets Jun  8 2016 00:22:57

rst:0xc (SW_CPU_RESET),boot:0x13 (SPI_FAST_FLASH_BOOT)
configsip: 0, SPIWP:0xee
clk_drv:0x00,q_drv:0x00,d_drv:0x00,cs0_drv:0x00,hd_drv:0x00,wp_drv:0x00
mode:DIO, clock div:2
load:0x3fff0030,len:6372
load:0x40078000,len:15920
ho 0 tail 12 room 4
load:0x40080400,len:3880
entry 0x40080638
[0;32mI (29) boot: ESP-IDF v6.0-dev-1489-g4e036983a7 2nd stage bootloader[0m
[0;32mI (29) boot: compile time Aug 20 2025 08:26:44[0m
[0;32mI (29) boot: Multicore bootloader[0m
[0;32mI (32) boot: chip revision: v1.0[0m
[0;32mI (35) boot.esp32: SPI Speed      : 40MHz[0m
[0;32mI (39) boot.esp32: SPI Mode       : DIO[0m
[0;32mI (42) boot.esp32: SPI Flash Size : 2MB[0m
[0;32mI (46) boot: Enabling RNG early entropy source...[0m
[0;32mI (50) boot: Partition Table:[0m
[0;32mI (53) boot: ## Label            Usage          Type ST Offset   Length[0m
[0;32mI (59) boot:  0 nvs              WiFi data        01 02 00009000 00050000[0m
[0;32mI (66) boot:  1 phy_init         RF data          01 01 00059000 00001000[0m
[0;32mI (72) boot:  2 factory          factory app      00 00 00060000 00100000[0m
[0;32mI (79) boot: End of partition table[0m
[0;32mI (82) esp_image: segment 0: paddr=00060020 vaddr=3f400020 size=0a3d8h ( 41944) map[0m
[0;32mI (104) esp_image: segment 1: paddr=0006a400 vaddr=3ffb0000 size=028fch ( 10492) load[0m
[0;32mI (109) esp_image: segment 2: paddr=0006cd04 vaddr=40080000 size=03314h ( 13076) load[0m
[0;32mI (114) esp_image: segment 3: paddr=00070020 vaddr=400d0020 size=14368h ( 82792) map[0m
[0;32mI (145) esp_image: segment 4: paddr=00084390 vaddr=40083314 size=0ba18h ( 47640) load[0m
[0;32mI (164) esp_image: segment 5: paddr=0008fdb0 vaddr=400c0000 size=00038h (    56) load[0m
[0;32mI (165) esp_image: segment 6: paddr=0008fdf0 vaddr=50000000 size=000a8h (   168) load[0m
[0;32mI (176) boot: Loaded app from partition at offset 0x60000[0m
[0;32mI (176) boot: Disabling RNG early entropy source...[0m
[0;32mI (190) cpu_start: Multicore app[0m
[0;32mI (198) cpu_start: GPIO 3 and 1 are used as console UART I/O pins[0m
[0;32mI (199) cpu_start: Pro cpu start user code[0m
[0;32mI (199) cpu_start: cpu freq: 160000000 Hz[0m
[0;32mI (200) app_init: Application information:[0m
[0;32mI (204) app_init: Project name:     puf_test[0m
[0;32mI (208) app_init: App version:      8bab072-dirty[0m
[0;32mI (213) app_init: Compile time:     Aug 20 2025 08:26:37[0m
[0;32mI (218) app_init: ELF file SHA256:  00c6070fb...[0m
[0;32mI (222) app_init: ESP-IDF:          v6.0-dev-1489-g4e036983a7[0m
[0;32mI (228) efuse_init: Min chip rev:     v0.0[0m
[0;32mI (231) efuse_init: Max chip rev:     v3.99 [0m
[0;32mI (235) efuse_init: Chip rev:         v1.0[0m
[0;32mI (239) heap_init: Initializing. RAM available for dynamic allocation:[0m
[0;32mI (246) heap_init: At 3FFAE6E0 len 00001920 (6 KiB): DRAM[0m
[0;32mI (251) heap_init: At 3FFB4220 len 0002BDE0 (175 KiB): DRAM[0m
[0;32mI (256) heap_init: At 3FFE0440 len 00003AE0 (14 KiB): D/IRAM[0m
[0;32mI (261) heap_init: At 3FFE4350 len 0001BCB0 (111 KiB): D/IRAM[0m
[0;32mI (267) heap_init: At 4008ED2C len 000112D4 (68 KiB): IRAM[0m
[0;32mI (273) spi_flash: detected chip: generic[0m
[0;32mI (276) spi_flash: flash io: dio[0m
[0;33mW (279) spi_flash: Detected size(4096k) larger than the size in the binary image header(2048k). Using the size in the binary image header.[0m
[0;32mI (291) main_task: Started on CPU0[0m
[0;32mI (301) main_task: Calling app_main()[0m
This is a puf importing ... ... ...STARTING PROVISIONING

assert failed: esp_sleep_pd_config sleep_modes.c:2462 (refs >= 0)


Backtrace: 0x40086835:0x3ffb52c0 0x400867fd:0x3ffb52e0 0x4008c8d1:0x3ffb5300 0x400e35dd:0x3ffb5420 0x400d69e4:0x3ffb5440 0x400d6a1a:0x3ffb5470 0x400d67f4:0x3ffb54a0 0x400d6852:0x3ffb54d0 0x400d64bc:0x3ffb54f0 0x400e3c72:0x3ffb5510 0x40087211:0x3ffb5540




ELF file SHA256: 00c6070fb

Rebooting...
ets Jun  8 2016 00:22:57

rst:0xc (SW_CPU_RESET),boot:0x13 (SPI_FAST_FLASH_BOOT)
configsip: 0, SPIWP:0xee
clk_drv:0x00,q_drv:0x00,d_drv:0x00,cs0_drv:0x00,hd_drv:0x00,wp_drv:0x00
mode:DIO, clock div:2
load:0x3fff0030,len:6372
load:0x40078000,len:15920
ho 0 tail 12 room 4
load:0x40080400,len:3880
entry 0x40080638
[0;32mI (29) boot: ESP-IDF v6.0-dev-1489-g4e036983a7 2nd stage bootloader[0m
[0;32mI (29) boot: compile time Aug 20 2025 08:26:44[0m
[0;32mI (29) boot: Multicore bootloader[0m
[0;32mI (32) boot: chip revision: v1.0[0m
[0;32mI (35) boot.esp32: SPI Speed      : 40MHz[0m
[0;32mI (39) boot.esp32: SPI Mode       : DIO[0m
[0;32mI (42) boot.esp32: SPI Flash Size : 2MB[0m
[0;32mI (46) boot: Enabling RNG early entropy source...[0m
[0;32mI (50) boot: Partition Table:[0m
[0;32mI (53) boot: ## Label            Usage          Type ST Offset   Length[0m
[0;32mI (59) boot:  0 nvs              WiFi data        01 02 00009000 00050000[0m
[0;32mI (66) boot:  1 phy_init         RF data          01 01 00059000 00001000[0m
[0;32mI (72) boot:  2 factory          factory app      00 00 00060000 00100000[0m
[0;32mI (79) boot: End of partition table[0m
[0;32mI (82) esp_image: segment 0: paddr=00060020 vaddr=3f400020 size=0a3d8h ( 41944) map[0m
[0;32mI (104) esp_image: segment 1: paddr=0006a400 vaddr=3ffb0000 size=028fch ( 10492) load[0m
[0;32mI (109) esp_image: segment 2: paddr=0006cd04 vaddr=40080000 size=03314h ( 13076) load[0m
[0;32mI (114) esp_image: segment 3: paddr=00070020 vaddr=400d0020 size=14368h ( 82792) map[0m
[0;32mI (145) esp_image: segment 4: paddr=00084390 vaddr=40083314 size=0ba18h ( 47640) load[0m
[0;32mI (164) esp_image: segment 5: paddr=0008fdb0 vaddr=400c0000 size=00038h (    56) load[0m
[0;32mI (165) esp_image: segment 6: paddr=0008fdf0 vaddr=50000000 size=000a8h (   168) load[0m
[0;32mI (176) boot: Loaded app from partition at offset 0x60000[0m
[0;32mI (176) boot: Disabling RNG early entropy source...[0m
[0;32mI (190) cpu_start: Multicore app[0m
[0;32mI (198) cpu_start: GPIO 3 and 1 are used as console UART I/O pins[0m
[0;32mI (199) cpu_start: Pro cpu start user code[0m
[0;32mI (199) cpu_start: cpu freq: 160000000 Hz[0m
[0;32mI (200) app_init: Application information:[0m
[0;32mI (204) app_init: Project name:     puf_test[0m
[0;32mI (208) app_init: App version:      8bab072-dirty[0m
[0;32mI (213) app_init: Compile time:     Aug 20 2025 08:26:37[0m
[0;32mI (218) app_init: ELF file SHA256:  00c6070fb...[0m
[0;32mI (222) app_init: ESP-IDF:          v6.0-dev-1489-g4e036983a7[0m
[0;32mI (228) efuse_init: Min chip rev:     v0.0[0m
[0;32mI (231) efuse_init: Max chip rev:     v3.99 [0m
[0;32mI (235) efuse_init: Chip rev:         v1.0[0m
[0;32mI (239) heap_init: Initializing. RAM available for dynamic allocation:[0m
[0;32mI (246) heap_init: At 3FFAE6E0 len 00001920 (6 KiB): DRAM[0m
[0;32mI (251) heap_init: At 3FFB4220 len 0002BDE0 (175 KiB): DRAM[0m
[0;32mI (256) heap_init: At 3FFE0440 len 00003AE0 (14 KiB): D/IRAM[0m
[0;32mI (261) heap_init: At 3FFE4350 len 0001BCB0 (111 KiB): D/IRAM[0m
[0;32mI (267) heap_init: At 4008ED2C len 000112D4 (68 KiB): IRAM[0m
[0;32mI (273) spi_flash: detected chip: generic[0m
[0;32mI (276) spi_flash: flash io: dio[0m
[0;33mW (279) spi_flash: Detected size(4096k) larger than the size in the binary image header(2048k). Using the size in the binary image header.[0m
[0;32mI (291) main_task: Started on CPU0[0m
[0;32mI (301) main_task: Calling app_main()[0m
This is a puf importing ... ... ...STARTING PROVISIONING

assert failed: esp_sleep_pd_config sleep_modes.c:2462 (refs >= 0)


Backtrace: 0x40086835:0x3ffb52c0 0x400867fd:0x3ffb52e0 0x4008c8d1:0x3ffb5300 0x400e35dd:0x3ffb5420 0x400d69e4:0x3ffb5440 0x400d6a1a:0x3ffb5470 0x400d67f4:0x3ffb54a0 0x400d6852:0x3ffb54d0 0x400d64bc:0x3ffb54f0 0x400e3c72:0x3ffb5510 0x40087211:0x3ffb5540




ELF file SHA256: 00c6070fb

Rebooting...
ets Jun  8 2016 00:22:57

rst:0xc (SW_CPU_RESET),boot:0x13 (SPI_FAST_FLASH_BOOT)
configsip: 0, SPIWP:0xee
clk_drv:0x00,q_drv:0x00,d_drv:0x00,cs0_drv:0x00,hd_drv:0x00,wp_drv:0x00
mode:DIO, clock div:2
load:0x3fff0030,len:6372
load:0x40078000,len:15920
ho 0 tail 12 room 4
load:0x40080400,len:3880
entry 0x40080638
[0;32mI (29) boot: ESP-IDF v6.0-dev-1489-g4e036983a7 2nd stage bootloader[0m
[0;32mI (29) boot: compile time Aug 20 2025 08:26:44[0m
[0;32mI (29) boot: Multicore bootloader[0m
[0;32mI (32) boot: chip revision: v1.0[0m
[0;32mI (35) boot.esp32: SPI Speed      : 40MHz[0m
[0;32mI (39) boot.esp32: SPI Mode       : DIO[0m
[0;32mI (42) boot.esp32: SPI Flash Size : 2MB[0m
[0;32mI (46) boot: Enabling RNG early entropy source...[0m
[0;32mI (50) boot: Partition Table:[0m
[0;32mI (53) boot: ## Label            Usage          Type ST Offset   Length[0m
[0;32mI (59) boot:  0 nvs              WiFi data        01 02 00009000 00050000[0m
[0;32mI (66) boot:  1 phy_init         RF data          01 01 00059000 00001000[0m
[0;32mI (72) boot:  2 factory          factory app      00 00 00060000 00100000[0m
[0;32mI (79) boot: End of partition table[0m
[0;32mI (82) esp_image: segment 0: paddr=00060020 vaddr=3f400020 size=0a3d8h ( 41944) map[0m
[0;32mI (104) esp_image: segment 1: paddr=0006a400 vaddr=3ffb0000 size=028fch ( 10492) load[0m
[0;32mI (109) esp_image: segment 2: paddr=0006cd04 vaddr=40080000 size=03314h ( 13076) load[0m
[0;32mI (114) esp_image: segment 3: paddr=00070020 vaddr=400d0020 size=14368h ( 82792) map[0m
[0;32mI (145) esp_image: segment 4: paddr=00084390 vaddr=40083314 size=0ba18h ( 47640) load[0m
[0;32mI (164) esp_image: segment 5: paddr=0008fdb0 vaddr=400c0000 size=00038h (    56) load[0m
[0;32mI (165) esp_image: segment 6: paddr=0008fdf0 vaddr=50000000 size=000a8h (   168) load[0m
[0;32mI (176) boot: Loaded app from partition at offset 0x60000[0m
[0;32mI (176) boot: Disabling RNG early entropy source...[0m
[0;32mI (190) cpu_start: Multicore app[0m
[0;32mI (198) cpu_start: GPIO 3 and 1 are used as console UART I/O pins[0m
[0;32mI (199) cpu_start: Pro cpu start user code[0m
[0;32mI (199) cpu_start: cpu freq: 160000000 Hz[0m
[0;32mI (200) app_init: Application information:[0m
[0;32mI (204) app_init: Project name:     puf_test[0m
[0;32mI (208) app_init: App version:      8bab072-dirty[0m
[0;32mI (213) app_init: Compile time:     Aug 20 2025 08:26:37[0m
[0;32mI (218) app_init: ELF file SHA256:  00c6070fb...[0m
[0;32mI (222) app_init: ESP-IDF:          v6.0-dev-1489-g4e036983a7[0m
[0;32mI (228) efuse_init: Min chip rev:     v0.0[0m
[0;32mI (231) efuse_init: Max chip rev:     v3.99 [0m
[0;32mI (235) efuse_init: Chip rev:         v1.0[0m
[0;32mI (239) heap_init: Initializing. RAM available for dynamic allocation:[0m
[0;32mI (246) heap_init: At 3FFAE6E0 len 00001920 (6 KiB): DRAM[0m
[0;32mI (251) heap_init: At 3FFB4220 len 0002BDE0 (175 KiB): DRAM[0m
[0;32mI (256) heap_init: At 3FFE0440 len 00003AE0 (14 KiB): D/IRAM[0m
[0;32mI (261) heap_init: At 3FFE4350 len 0001BCB0 (111 KiB): D/IRAM[0m
[0;32mI (267) heap_init: At 4008ED2C len 000112D4 (68 KiB): IRAM[0m
[0;32mI (273) spi_flash: detected chip: generic[0m
[0;32mI (276) spi_flash: flash io: dio[0m
[0;33mW (279) spi_flash: Detected size(4096k) larger than the size in the binary image header(2048k). Using the size in the binary image header.[0m
[0;32mI (291) main_task: Started on CPU0[0m
[0;32mI (301) main_task: Calling app_main()[0m
This is a puf importing ... ... ...STARTING PROVISIONING

assert failed: esp_sleep_pd_config sleep_modes.c:2462 (refs >= 0)


Backtrace: 0x40086835:0x3ffb52c0 0x400867fd:0x3ffb52e0 0x4008c8d1:0x3ffb5300 0x400e35dd:0x3ffb5420 0x400d69e4:0x3ffb5440 0x400d6a1a:0x3ffb5470 0x400d67f4:0x3ffb54a0 0x400d6852:0x3ffb54d0 0x400d64bc:0x3ffb54f0 0x400e3c72:0x3ffb5510 0x40087211:0x3ffb5540




ELF file SHA256: 00c6070fb

Rebooting...
ets Jun  8 2016 00:22:57

rst:0xc (SW_CPU_RESET),boot:0x13 (SPI_FAST_FLASH_BOOT)
configsip: 0, SPIWP:0xee
clk_drv:0x00,q_drv:0x00,d_drv:0x00,cs0_drv:0x00,hd_drv:0x00,wp_drv:0x00
mode:DIO, clock div:2
load:0x3fff0030,len:6372
load:0x40078000,len:15920
ho 0 tail 12 room 4
load:0x40080400,len:3880
entry 0x40080638
[0;32mI (29) boot: ESP-IDF v6.0-dev-1489-g4e036983a7 2nd stage bootloader[0m
[0;32mI (29) boot: compile time Aug 20 2025 08:26:44[0m
[0;32mI (29) boot: Multicore bootloader[0m
[0;32mI (32) boot: chip revision: v1.0[0m
[0;32mI (35) boot.esp32: SPI Speed      : 40MHz[0m
[0;32mI (39) boot.esp32: SPI Mode       : DIO[0m
[0;32mI (42) boot.esp32: SPI Flash Size : 2MB[0m
[0;32mI (46) boot: Enabling RNG early entropy source...[0m
[0;32mI (50) boot: Partition Table:[0m
[0;32mI (53) boot: ## Label            Usage          Type ST Offset   Length[0m
[0;32mI (59) boot:  0 nvs              WiFi data        01 02 00009000 00050000[0m
[0;32mI (66) boot:  1 phy_init         RF data          01 01 00059000 00001000[0m
[0;32mI (72) boot:  2 factory          factory app      00 00 00060000 00100000[0m
[0;32mI (79) boot: End of partition table[0m
[0;32mI (82) esp_image: segment 0: paddr=00060020 vaddr=3f400020 size=0a3d8h ( 41944) map[0m
[0;32mI (104) esp_image: segment 1: paddr=0006a400 vaddr=3ffb0000 size=028fch ( 10492) load[0m
[0;32mI (109) esp_image: segment 2: paddr=0006cd04 vaddr=40080000 size=03314h ( 13076) load[0m
[0;32mI (114) esp_image: segment 3: paddr=00070020 vaddr=400d0020 size=14368h ( 82792) map[0m
[0;32mI (145) esp_image: segment 4: paddr=00084390 vaddr=40083314 size=0ba18h ( 47640) load[0m
[0;32mI (164) esp_image: segment 5: paddr=0008fdb0 vaddr=400c0000 size=00038h (    56) load[0m
[0;32mI (165) esp_image: segment 6: paddr=0008fdf0 vaddr=50000000 size=000a8h (   168) load[0m
[0;32mI (176) boot: Loaded app from partition at offset 0x60000[0m
[0;32mI (176) boot: Disabling RNG early entropy source...[0m
[0;32mI (190) cpu_start: Multicore app[0m
[0;32mI (198) cpu_start: GPIO 3 and 1 are used as console UART I/O pins[0m
[0;32mI (199) cpu_start: Pro cpu start user code[0m
[0;32mI (199) cpu_start: cpu freq: 160000000 Hz[0m
[0;32mI (200) app_init: Application information:[0m
[0;32mI (204) app_init: Project name:     puf_test[0m
[0;32mI (208) app_init: App version:      8bab072-dirty[0m
[0;32mI (213) app_init: Compile time:     Aug 20 2025 08:26:37[0m
[0;32mI (218) app_init: ELF file SHA256:  00c6070fb...[0m
[0;32mI (222) app_init: ESP-IDF:          v6.0-dev-1489-g4e036983a7[0m
[0;32mI (228) efuse_init: Min chip rev:     v0.0[0m
[0;32mI (231) efuse_init: Max chip rev:     v3.99 [0m
[0;32mI (235) efuse_init: Chip rev:         v1.0[0m
[0;32mI (239) heap_init: Initializing. RAM available for dynamic allocation:[0m
[0;32mI (246) heap_init: At 3FFAE6E0 len 00001920 (6 KiB): DRAM[0m
[0;32mI (251) heap_init: At 3FFB4220 len 0002BDE0 (175 KiB): DRAM[0m
[0;32mI (256) heap_init: At 3FFE0440 len 00003AE0 (14 KiB): D/IRAM[0m
[0;32mI (261) heap_init: At 3FFE4350 len 0001BCB0 (111 KiB): D/IRAM[0m
[0;32mI (267) heap_init: At 4008ED2C len 000112D4 (68 KiB): IRAM[0m
[0;32mI (273) spi_flash: detected chip: generic[0m
[0;32mI (276) spi_flash: flash io: dio[0m
[0;33mW (279) spi_flash: Detected size(4096k) larger than the size in the binary image header(2048k). Using the size in the binary image header.[0m
[0;32mI (291) main_task: Started on CPU0[0m
[0;32mI (301) main_task: Calling app_main()[0m
This is a puf importing ... ... ...STARTING PROVISIONING

assert failed: esp_sleep_pd_config sleep_modes.c:2462 (refs >= 0)


Backtrace: 0x40086835:0x3ffb52c0 0x400867fd:0x3ffb52e0 0x4008c8d1:0x3ffb5300 0x400e35dd:0x3ffb5420 0x400d69e4:0x3ffb5440 0x400d6a1a:0x3ffb5470 0x400d67f4:0x3ffb54a0 0x400d6852:0x3ffb54d0 0x400d64bc:0x3ffb54f0 0x400e3c72:0x3ffb5510 0x40087211:0x3ffb5540




ELF file SHA256: 00c6070fb

Rebooting...
ets Jun  8 2016 00:22:57

rst:0xc (SW_CPU_RESET),boot:0x13 (SPI_FAST_FLASH_BOOT)
configsip: 0, SPIWP:0xee
clk_drv:0x00,q_drv:0x00,d_drv:0x00,cs0_drv:0x00,hd_drv:0x00,wp_drv:0x00
mode:DIO, clock div:2
load:0x3fff0030,len:6372
load:0x40078000,len:15920
ho 0 tail 12 room 4
load:0x40080400,len:3880
entry 0x40080638
[0;32mI (29) boot: ESP-IDF v6.0-dev-1489-g4e036983a7 2nd stage bootloader[0m
[0;32mI (29) boot: compile time Aug 20 2025 08:26:44[0m
[0;32mI (29) boot: Multicore bootloader[0m
[0;32mI (32) boot: chip revision: v1.0[0m
[0;32mI (35) boot.esp32: SPI Speed      : 40MHz[0m
[0;32mI (39) boot.esp32: SPI Mode       : DIO[0m
[0;32mI (42) boot.esp32: SPI Flash Size : 2MB[0m
[0;32mI (46) boot: Enabling RNG early entropy source...[0m
[0;32mI (50) boot: Partition Table:[0m
[0;32mI (53) boot: ## Label            Usage          Type ST Offset   Length[0m
[0;32mI (59) boot:  0 nvs              WiFi data        01 02 00009000 00050000[0m
[0;32mI (66) boot:  1 phy_init         RF data          01 01 00059000 00001000[0m
[0;32mI (72) boot:  2 factory          factory app      00 00 00060000 00100000[0m
[0;32mI (79) boot: End of partition table[0m
[0;32mI (82) esp_image: segment 0: paddr=00060020 vaddr=3f400020 size=0a3d8h ( 41944) map[0m
[0;32mI (104) esp_image: segment 1: paddr=0006a400 vaddr=3ffb0000 size=028fch ( 10492) load[0m
[0;32mI (109) esp_image: segment 2: paddr=0006cd04 vaddr=40080000 size=03314h ( 13076) load[0m
[0;32mI (114) esp_image: segment 3: paddr=00070020 vaddr=400d0020 size=14368h ( 82792) map[0m
[0;32mI (145) esp_image: segment 4: paddr=00084390 vaddr=40083314 size=0ba18h ( 47640) load[0m
[0;32mI (164) esp_image: segment 5: paddr=0008fdb0 vaddr=400c0000 size=00038h (    56) load[0m
[0;32mI (165) esp_image: segment 6: paddr=0008fdf0 vaddr=50000000 size=000a8h (   168) load[0m
[0;32mI (176) boot: Loaded app from partition at offset 0x60000[0m
[0;32mI (176) boot: Disabling RNG early entropy source...[0m
[0;32mI (190) cpu_start: Multicore app[0m
[0;32mI (198) cpu_start: GPIO 3 and 1 are used as console UART I/O pins[0m
[0;32mI (199) cpu_start: Pro cpu start user code[0m
[0;32mI (199) cpu_start: cpu freq: 160000000 Hz[0m
[0;32mI (200) app_init: Application information:[0m
[0;32mI (204) app_init: Project name:     puf_test[0m
[0;32mI (208) app_init: App version:      8bab072-dirty[0m
[0;32mI (213) app_init: Compile time:     Aug 20 2025 08:26:37[0m
[0;32mI (218) app_init: ELF file SHA256:  00c6070fb...[0m
[0;32mI (222) app_init: ESP-IDF:          v6.0-dev-1489-g4e036983a7[0m
[0;32mI (228) efuse_init: Min chip rev:     v0.0[0m
[0;32mI (231) efuse_init: Max chip rev:     v3.99 [0m
[0;32mI (235) efuse_init: Chip rev:         v1.0[0m
[0;32mI (239) heap_init: Initializing. RAM available for dynamic allocation:[0m
[0;32mI (246) heap_init: At 3FFAE6E0 len 00001920 (6 KiB): DRAM[0m
[0;32mI (251) heap_init: At 3FFB4220 len 0002BDE0 (175 KiB): DRAM[0m
[0;32mI (256) heap_init: At 3FFE0440 len 00003AE0 (14 KiB): D/IRAM[0m
[0;32mI (261) heap_init: At 3FFE4350 len 0001BCB0 (111 KiB): D/IRAM[0m
[0;32mI (267) heap_init: At 4008ED2C len 000112D4 (68 KiB): IRAM[0m
[0;32mI (273) spi_flash: detected chip: generic[0m
[0;32mI (276) spi_flash: flash io: dio[0m
[0;33mW (279) spi_flash: Detected size(4096k) larger than the size in the binary image header(2048k). Using the size in the binary image header.[0m
[0;32mI (291) main_task: Started on CPU0[0m
[0;32mI (301) main_task: Calling app_main()[0m
This is a puf importing ... ... ...STARTING PROVISIONING

assert failed: esp_sleep_pd_config sleep_modes.c:2462 (refs >= 0)


Backtrace: 0x40086835:0x3ffb52c0 0x400867fd:0x3ffb52e0 0x4008c8d1:0x3ffb5300 0x400e35dd:0x3ffb5420 0x400d69e4:0x3ffb5440 0x400d6a1a:0x3ffb5470 0x400d67f4:0x3ffb54a0 0x400d6852:0x3ffb54d0 0x400d64bc:0x3ffb54f0 0x400e3c72:0x3ffb5510 0x40087211:0x3ffb5540




ELF file SHA256: 00c6070fb

Rebooting...
ets Jun  8 2016 00:22:57

rst:0xc (SW_CPU_RESET),boot:0x13 (SPI_FAST_FLASH_BOOT)
configsip: 0, SPIWP:0xee
clk_drv:0x00,q_drv:0x00,d_drv:0x00,cs0_drv:0x00,hd_drv:0x00,wp_drv:0x00
mode:DIO, clock div:2
load:0x3fff0030,len:6372
load:0x40078000,len:15920
ho 0 tail 12 room 4
load:0x40080400,len:3880
entry 0x40080638
[0;32mI (29) boot: ESP-IDF v6.0-dev-1489-g4e036983a7 2nd stage bootloader[0m
[0;32mI (29) boot: compile time Aug 20 2025 08:26:44[0m
[0;32mI (29) boot: Multicore bootloader[0m
[0;32mI (32) boot: chip revision: v1.0[0m
[0;32mI (35) boot.esp32: SPI Speed      : 40MHz[0m
[0;32mI (39) boot.esp32: SPI Mode       : DIO[0m
[0;32mI (42) boot.esp32: SPI Flash Size : 2MB[0m
[0;32mI (46) boot: Enabling RNG early entropy source...[0m
[0;32mI (50) boot: Partition Table:[0m
[0;32mI (53) boot: ## Label            Usage          Type ST Offset   Length[0m
[0;32mI (59) boot:  0 nvs              WiFi data        01 02 00009000 00050000[0m
[0;32mI (66) boot:  1 phy_init         RF data          01 01 00059000 00001000[0m
[0;32mI (72) boot:  2 factory          factory app      00 00 00060000 00100000[0m
[0;32mI (79) boot: End of partition table[0m
[0;32mI (82) esp_image: segment 0: paddr=00060020 vaddr=3f400020 size=0a3d8h ( 41944) map[0m
[0;32mI (104) esp_image: segment 1: paddr=0006a400 vaddr=3ffb0000 size=028fch ( 10492) load[0m
[0;32mI (109) esp_image: segment 2: paddr=0006cd04 vaddr=40080000 size=03314h ( 13076) load[0m
[0;32mI (114) esp_image: segment 3: paddr=00070020 vaddr=400d0020 size=14368h ( 82792) map[0m
[0;32mI (145) esp_image: segment 4: paddr=00084390 vaddr=40083314 size=0ba18h ( 47640) load[0m
[0;32mI (164) esp_image: segment 5: paddr=0008fdb0 vaddr=400c0000 size=00038h (    56) load[0m
[0;32mI (165) esp_image: segment 6: paddr=0008fdf0 vaddr=50000000 size=000a8h (   168) load[0m
[0;32mI (176) boot: Loaded app from partition at offset 0x60000[0m
[0;32mI (176) boot: Disabling RNG early entropy source...[0m
[0;32mI (190) cpu_start: Multicore app[0m
[0;32mI (198) cpu_start: GPIO 3 and 1 are used as console UART I/O pins[0m
[0;32mI (199) cpu_start: Pro cpu start user code[0m
[0;32mI (199) cpu_start: cpu freq: 160000000 Hz[0m
[0;32mI (200) app_init: Application information:[0m
[0;32mI (204) app_init: Project name:     puf_test[0m
[0;32mI (208) app_init: App version:      8bab072-dirty[0m
[0;32mI (213) app_init: Compile time:     Aug 20 2025 08:26:37[0m
[0;32mI (218) app_init: ELF file SHA256:  00c6070fb...[0m
[0;32mI (222) app_init: ESP-IDF:          v6.0-dev-1489-g4e036983a7[0m
[0;32mI (228) efuse_init: Min chip rev:     v0.0[0m
[0;32mI (231) efuse_init: Max chip rev:     v3.99 [0m
